07-17 12:01:39.605 W/JobScheduler( 2493): Job didn't exist in JobStore: af3e4c {androidx.work.systemjobscheduler} #u0a310/22 @androidx.work.systemjobscheduler@com.google.android.ext.services/androidx.work.impl.background.systemjob.SystemJobService
--------- switch to main
07-17 12:01:39.605 D/WM-GreedyScheduler( 5247): Cancelling work ID d525517b-51df-467c-b41a-b09ed47b345b
07-17 12:01:39.605 D/WM-SystemJobService( 5247): onStopJob for WorkGenerationalId(workSpecId=d525517b-51df-467c-b41a-b09ed47b345b, generation=0)
07-17 12:01:39.605 D/WM-BrdcstRcvrCnstrntTrc( 5247): BatteryNotLowTracker: unregistering receiver
07-17 12:01:39.606 D/WM-BrdcstRcvrCnstrntTrc( 5247): StorageNotLowTracker: unregistering receiver
07-17 12:01:39.606 D/WM-NetworkStateTracker( 5247): Unregistering network callback
07-17 12:01:39.606 D/ConnectivityManager( 5247): StackLog: [android.net.ConnectivityManager.unregisterNetworkCallback(ConnectivityManager.java:5571)] [androidx.work.impl.constraints.trackers.NetworkStateTracker24.stopTracking(go/retraceme ba548aca2b4bb0b84f364b180c9ab7c819276468bc6d9bc4faf66ae6e82c3eb4:24)] [androidx.work.impl.constraints.controllers.BaseConstraintController$track$1$1.invoke(go/retraceme ba548aca2b4bb0b84f364b180c9ab7c819276468bc6d9bc4faf66ae6e82c3eb4:32)] [kotlinx.coroutines.channels.ProduceKt.awaitClose(go/retraceme ba548aca2b4bb0b84f364b180c9ab7c819276468bc6d9bc4faf66ae6e82c3eb4:120)] [kotlinx.coroutines.channels.ProduceKt$awaitClose$1.invokeSuspend(go/retraceme ba548aca2b4bb0b84f364b180c9ab7c819276468bc6d9bc4faf66ae6e82c3eb4:11)] [kotlin.coroutines.jvm.internal.BaseContinuationImpl.resumeWith(go/retraceme ba548aca2b4bb0b84f364b180c9ab7c819276468bc6d9bc4faf66ae6e82c3eb4:8)] [kotlinx.coroutines.DispatchedTask.run(go/retraceme ba548aca2b4bb0b84f364b180c9ab7c819276468bc6d9bc4faf66ae6e82c3eb4:107)] [androidx.work.impl.utils.SerialExecutorImpl$Task.run(go/retraceme ba548aca2b4bb0b84f364b180c9ab7c819276468bc6d9bc4faf66ae6e82c3eb4:3)] [java.util.concurrent.ThreadPoolExecutor.runWorker(ThreadPoolExecutor.java:1156)] [java.util.concurrent.ThreadPoolExecutor$Worker.run(ThreadPoolExecutor.java:651)] [java.lang.Thread.run(Thread.java:1119)]
07-17 12:01:39.607 D/ConnectivityService( 2493):  Removing from current network [388 WIFI], leaving 207 requests.
07-17 12:01:39.607 D/PackageManager( 2493): setEnabledSetting : userId = 0 packageName = com.google.android.ext.services cmp = androidx.work.impl.background.systemalarm.RescheduleReceiver newState = 2 callingPackage = com.google.android.ext.services
07-17 12:01:39.608 D/WM-PackageManagerHelper( 5247): androidx.work.impl.background.systemalarm.RescheduleReceiver disabled
07-17 12:01:39.608 I/LayerHistory( 2123): com.gleidsonlm.threatevents/com.gleidsonlm.threatevents.MainActivity$_17435#73140 Max (can't resolve refresh rate)
07-17 12:01:39.608 I/LayerHistory( 2123): NavigationBar0$_4565#98 Max (can't resolve refresh rate)
07-17 12:01:39.608 I/LayerHistory( 2123): StatusBar$_4565#105 Max (can't resolve refresh rate)
07-17 12:01:39.608 I/SurfaceFlinger( 2123): Idle - choose 24.00 Hz
07-17 12:01:39.608 I/HWComposer( 2123): [4630947059332006275] ActiveConfigToHWC, ID : 8
07-17 12:01:39.609 I/SDM     ( 2027): HWDeviceDRM::SetDisplaySwitchMode: [DispConfigs] check hs_mode 3
07-17 12:01:39.609 W/SDM     ( 2027): HWDeviceDRM::GetSupportedBitClkRate: Requested rate not supported: 951080000
07-17 12:01:39.609 W/SDM     ( 2027): HWDeviceDRM::GetSupportedBitClkRate: Requested rate not supported: 951080000
07-17 12:01:39.609 I/SDM     ( 2027): HWDeviceDRM::SetDisplaySwitchMode: [DispConfigs] Set mode index:9 1080x2340x24xcmdPHS, hs_mode(3), found_mode(1)
07-17 12:01:39.609 I/SDM     ( 2027): HWDeviceDRM::UpdateMixerAttributes: Mixer WxH 1080x2340-1 for Peripheral
07-17 12:01:39.609 I/SDM     ( 2027): HWCDisplay::SubmitDisplayConfig: Active configuration changed from config 0 to 8
--------- switch to system
07-17 12:01:39.612 D/DisplayManagerService( 2493): Drop pending events for gone uid 10155
--------- switch to main
07-17 12:01:39.616 I/VSyncReactor( 2123): Current= 120, Period= 24, hwcPeriod= 24
--------- switch to system
07-17 12:01:39.616 I/RescueParty( 2493): Starting to observe: [com.google.android.as, com.google.android.as.oss], updated namespace: device_personalization_services
07-17 12:01:39.618 I/PackageWatchdog( 2493): Syncing state, reason: observing new packages
--------- switch to main
07-17 12:01:39.621 E/ANDR-PERF-MPCTL( 2043): ANDR-PERF-MPCTL: internal_perf_lock_acq_verification() 385: Perflock Submit request limit reached.
--------- switch to system
07-17 12:01:39.624 D/PackageWatchdog( 2493): rescue-party-observer added the following packages to monitor [com.google.android.as, com.google.android.as.oss]
07-17 12:01:39.624 I/PackageWatchdog( 2493): Syncing state, reason: updated observers
07-17 12:01:39.624 I/PackageWatchdog( 2493): Not pruning observers, elapsed time: 0ms
07-17 12:01:39.624 I/PackageWatchdog( 2493): Saving observer state to file
07-17 12:01:39.627 I/RescueParty( 2493): Starting to observe: [android, com.android.systemui], updated namespace: app_compat
07-17 12:01:39.627 I/PackageWatchdog( 2493): Syncing health check requests for packages: {}
07-17 12:01:39.628 I/ExplicitHealthCheckController( 2493): Service not ready to get health check supported packages. Binding...
07-17 12:01:39.628 I/PackageWatchdog( 2493): Syncing state, reason: observing new packages
07-17 12:01:39.628 D/PackageWatchdog( 2493): rescue-party-observer added the following packages to monitor [android, com.android.systemui]
07-17 12:01:39.628 I/PackageWatchdog( 2493): Syncing state, reason: updated observers
07-17 12:01:39.628 I/PackageWatchdog( 2493): Not pruning observers, elapsed time: 0ms
07-17 12:01:39.628 I/PackageWatchdog( 2493): Saving observer state to file
07-17 12:01:39.630 I/ExplicitHealthCheckController( 2493): Explicit health check service is bound
07-17 12:01:39.632 I/PackageWatchdog( 2493): Syncing health check requests for packages: {}
07-17 12:01:39.632 I/ExplicitHealthCheckController( 2493): Service not ready to get health check supported packages. Binding...
07-17 12:01:39.632 I/ExplicitHealthCheckController( 2493): Not binding to service, service already connecting
07-17 12:01:39.632 I/ExplicitHealthCheckController( 2493): Explicit health check service is connected ComponentInfo{com.google.android.ext.services/android.ext.services.watchdog.ExplicitHealthCheckServiceImpl}
07-17 12:01:39.632 I/ExplicitHealthCheckController( 2493): Service initialized, syncing requests
07-17 12:01:39.632 I/PackageWatchdog( 2493): Syncing health check requests for packages: {}
07-17 12:01:39.632 D/ExplicitHealthCheckController( 2493): Getting health check supported packages
07-17 12:01:39.635 I/ExplicitHealthCheckController( 2493): Explicit health check supported packages [PackageConfig{com.google.android.networkstack, 86400000}]
07-17 12:01:39.635 D/PackageWatchdog( 2493): Received supported packages [PackageConfig{com.google.android.networkstack, 86400000}]
07-17 12:01:39.635 D/ExplicitHealthCheckController( 2493): Getting health check requested packages
07-17 12:01:39.640 I/ExplicitHealthCheckController( 2493): Explicit health check requested packages []
07-17 12:01:39.640 I/ExplicitHealthCheckController( 2493): No more health check requests, unbinding...
07-17 12:01:39.641 I/ExplicitHealthCheckController( 2493): Explicit health check service is unbound
07-17 12:01:39.658 I/RescueParty( 2493): Starting to observe: [com.google.android.providers.media.module, com.google.android.photopicker], updated namespace: mediaprovider
07-17 12:01:39.659 I/PackageWatchdog( 2493): Syncing state, reason: observing new packages
07-17 12:01:39.660 D/PackageWatchdog( 2493): rescue-party-observer added the following packages to monitor [com.google.android.providers.media.module, com.google.android.photopicker]
07-17 12:01:39.661 I/PackageWatchdog( 2493): Syncing state, reason: updated observers
07-17 12:01:39.661 I/PackageWatchdog( 2493): Syncing health check requests for packages: {}
07-17 12:01:39.661 I/ExplicitHealthCheckController( 2493): Service not ready to get health check supported packages. Binding...
07-17 12:01:39.661 I/PackageWatchdog( 2493): Saving observer state to file
07-17 12:01:39.663 I/ExplicitHealthCheckController( 2493): Explicit health check service is bound
--------- switch to main
07-17 12:01:39.664 I/MediaProvider( 7218): Changed PhotoPickerGetContentActivity component state to STATE_ENABLED ( 1 )
07-17 12:01:39.665 D/PackageManager( 2493): setEnabledSetting : userId = 0 packageName = com.google.android.providers.media.module cmp = com.android.providers.media.photopicker.PhotoPickerGetContentActivity newState = 1 callingPackage = com.google.android.providers.media.module
--------- switch to system
07-17 12:01:39.665 I/RescueParty( 2493): Starting to observe: [android], updated namespace: credential_manager
--------- switch to main
07-17 12:01:39.665 D/PickerSyncLockManager( 7218): Trying to acquire lock com.android.providers.media.photopicker.sync.CloseableReentrantLock@78e782c[Unlocked]. Lock Name = CLOUD_PROVIDER_LOCK. Threads that may be waiting to acquire this lock = []
07-17 12:01:39.666 D/ApplicationPolicy( 2493): getApplicationStateEnabled : pkg = com.google.android.providers.media.module userId : 0
07-17 12:01:39.666 D/ApplicationPolicy( 2493): getApplicationComponentState : pkg = com.google.android.providers.media.module userId : 0
07-17 12:01:39.666 D/CloseableReentrantLock( 7218): Successfully acquired lock com.android.providers.media.photopicker.sync.CloseableReentrantLock@78e782c[Locked by thread fg]. Lock Name = CLOUD_PROVIDER_LOCK. Threads that may be waiting to acquire this lock = []
07-17 12:01:39.667 I/MediaProvider( 7218): Changed PhotoPickerActivity component state to STATE_ENABLED ( 1 )
07-17 12:01:39.667 D/CloseableReentrantLock( 7218): Successfully released lock com.android.providers.media.photopicker.sync.CloseableReentrantLock@78e782c[Unlocked]. Lock Name = CLOUD_PROVIDER_LOCK. Threads that may be waiting to acquire this lock = []
07-17 12:01:39.667 D/PackageManager( 2493): setEnabledSetting : userId = 0 packageName = com.google.android.providers.media.module cmp = com.android.providers.media.photopicker.PhotoPickerActivity newState = 1 callingPackage = com.google.android.providers.media.module
07-17 12:01:39.667 D/ApplicationPolicy( 2493): getApplicationStateEnabled : pkg = com.google.android.providers.media.module userId : 0
07-17 12:01:39.668 D/ApplicationPolicy( 2493): getApplicationComponentState : pkg = com.google.android.providers.media.module userId : 0
07-17 12:01:39.668 I/MediaProvider( 7218): Changed PhotoPickerUserSelectActivity component state to STATE_ENABLED ( 1 )
07-17 12:01:39.668 D/PackageManager( 2493): setEnabledSetting : userId = 0 packageName = com.google.android.providers.media.module cmp = com.android.providers.media.photopicker.PhotoPickerUserSelectActivity newState = 1 callingPackage = com.google.android.providers.media.module
07-17 12:01:39.668 D/ApplicationPolicy( 2493): getApplicationStateEnabled : pkg = com.google.android.providers.media.module userId : 0
07-17 12:01:39.669 D/ApplicationPolicy( 2493): getApplicationComponentState : pkg = com.google.android.providers.media.module userId : 0
--------- switch to system
07-17 12:01:39.669 I/PackageWatchdog( 2493): Syncing health check requests for packages: {}
07-17 12:01:39.669 I/ExplicitHealthCheckController( 2493): Service not ready to get health check supported packages. Binding...
07-17 12:01:39.669 I/ExplicitHealthCheckController( 2493): Not binding to service, service already connecting
07-17 12:01:39.669 I/PackageWatchdog( 2493): Syncing state, reason: observing new packages
07-17 12:01:39.669 D/PackageWatchdog( 2493): rescue-party-observer added the following packages to monitor [android]
--------- switch to main
07-17 12:01:39.669 D/PhotopickerDeviceConfigReceiver(17582): onReceive: will evaluate Photopicker components with new DeviceConfig.
--------- switch to system
07-17 12:01:39.669 I/PackageWatchdog( 2493): Syncing state, reason: updated observers
07-17 12:01:39.669 I/PackageWatchdog( 2493): Not pruning observers, elapsed time: 0ms
07-17 12:01:39.669 I/PackageWatchdog( 2493): Saving observer state to file
--------- switch to main
07-17 12:01:39.670 I/SyncWorkManager( 7218): Scheduling periodic proactive syncs
--------- switch to system
07-17 12:01:39.670 I/PackageWatchdog( 2493): Syncing health check requests for packages: {}
07-17 12:01:39.670 I/ExplicitHealthCheckController( 2493): Service not ready to get health check supported packages. Binding...
07-17 12:01:39.670 I/ExplicitHealthCheckController( 2493): Not binding to service, service already connecting
07-17 12:01:39.670 I/PackageWatchdog( 2493): Syncing health check requests for packages: {}
07-17 12:01:39.670 I/ExplicitHealthCheckController( 2493): Service not ready to get health check supported packages. Binding...
07-17 12:01:39.670 I/ExplicitHealthCheckController( 2493): Not binding to service, service already connecting
--------- switch to main
07-17 12:01:39.671 I/SyncWorkManager( 7218): Scheduling periodic picker album data resets
07-17 12:01:39.671 D/PhotopickerDeviceConfigReceiver(17582): Setting true state for com.android.photopicker.MainActivity
--------- switch to system
07-17 12:01:39.671 I/ExplicitHealthCheckController( 2493): Explicit health check service is connected ComponentInfo{com.google.android.ext.services/android.ext.services.watchdog.ExplicitHealthCheckServiceImpl}
--------- switch to main
07-17 12:01:39.671 D/PackageManager( 2493): setEnabledSetting : userId = 0 packageName = com.google.android.photopicker cmp = com.android.photopicker.MainActivity newState = 1 callingPackage = com.google.android.photopicker
--------- switch to system
07-17 12:01:39.672 I/ExplicitHealthCheckController( 2493): Service initialized, syncing requests
--------- switch to main
07-17 12:01:39.672 D/ApplicationPolicy( 2493): getApplicationStateEnabled : pkg = com.google.android.photopicker userId : 0
07-17 12:01:39.672 D/ApplicationPolicy( 2493): getApplicationComponentState : pkg = com.google.android.photopicker userId : 0
07-17 12:01:39.673 D/PhotopickerDeviceConfigReceiver(17582): Setting true state for com.android.photopicker.PhotopickerGetContentActivity
07-17 12:01:39.673 D/PackageManager( 2493): setEnabledSetting : userId = 0 packageName = com.google.android.photopicker cmp = com.android.photopicker.PhotopickerGetContentActivity newState = 1 callingPackage = com.google.android.photopicker
07-17 12:01:39.673 D/ApplicationPolicy( 2493): getApplicationStateEnabled : pkg = com.google.android.photopicker userId : 0
--------- switch to system
07-17 12:01:39.673 I/RescueParty( 2493): Starting to observe: [android], updated namespace: remote_key_provisioning_native
--------- switch to main
07-17 12:01:39.673 D/ApplicationPolicy( 2493): getApplicationComponentState : pkg = com.google.android.photopicker userId : 0
07-17 12:01:39.674 D/PackageManager( 2493): setEnabledSetting : userId = 0 packageName = com.google.android.providers.media.module cmp = com.android.providers.media.photopicker.PhotoPickerSettingsActivity newState = 1 callingPackage = com.google.android.providers.media.module
07-17 12:01:39.674 D/PhotopickerDeviceConfigReceiver(17582): Setting true state for com.android.photopicker.PhotopickerUserSelectActivity
07-17 12:01:39.674 D/ApplicationPolicy( 2493): getApplicationStateEnabled : pkg = com.google.android.providers.media.module userId : 0
07-17 12:01:39.674 D/PackageManager( 2493): setEnabledSetting : userId = 0 packageName = com.google.android.photopicker cmp = com.android.photopicker.PhotopickerUserSelectActivity newState = 1 callingPackage = com.google.android.photopicker
--------- switch to system
07-17 12:01:39.674 I/PackageWatchdog( 2493): Syncing state, reason: observing new packages
07-17 12:01:39.674 D/PackageWatchdog( 2493): rescue-party-observer added the following packages to monitor [android]
--------- switch to main
07-17 12:01:39.674 D/ApplicationPolicy( 2493): getApplicationComponentState : pkg = com.google.android.providers.media.module userId : 0
--------- switch to system
07-17 12:01:39.674 I/PackageWatchdog( 2493): Syncing state, reason: updated observers
07-17 12:01:39.674 I/PackageWatchdog( 2493): Not pruning observers, elapsed time: 0ms
07-17 12:01:39.674 I/PackageWatchdog( 2493): Syncing health check requests for packages: {}
07-17 12:01:39.675 D/ExplicitHealthCheckController( 2493): Getting health check supported packages
--------- switch to main
07-17 12:01:39.675 I/MediaApplication( 7218): PhotoPickerSettingsActivity is now enabled
07-17 12:01:39.675 I/TranscodeHelper( 7218): Empty transcode compat stale
--------- switch to system
07-17 12:01:39.675 I/PackageWatchdog( 2493): Saving observer state to file
--------- switch to main
07-17 12:01:39.675 D/ApplicationPolicy( 2493): getApplicationStateEnabled : pkg = com.google.android.photopicker userId : 0
07-17 12:01:39.675 I/TranscodeHelper( 7218): Parsed 0 packages from resource
07-17 12:01:39.675 I/TranscodeHelper( 7218): Parsed 8 packages from device config
07-17 12:01:39.675 D/ApplicationPolicy( 2493): getApplicationComponentState : pkg = com.google.android.photopicker userId : 0
07-17 12:01:39.675 D/PickerSyncLockManager( 7218): Trying to acquire lock com.android.providers.media.photopicker.sync.CloseableReentrantLock@78e782c[Unlocked]. Lock Name = CLOUD_PROVIDER_LOCK. Threads that may be waiting to acquire this lock = []
07-17 12:01:39.675 D/CloseableReentrantLock( 7218): Successfully acquired lock com.android.providers.media.photopicker.sync.CloseableReentrantLock@78e782c[Locked by thread com.android.providers.media.internal.modules.utils.BackgroundThread]. Lock Name = CLOUD_PROVIDER_LOCK. Threads that may be waiting to acquire this lock = []
07-17 12:01:39.676 D/CloudProviderUtils( 7218): Available CloudMediaProvider-s: [CloudProviderInfo{authority='com.google.android.apps.photos.cloudpicker', pkg='com.google.android.apps.photos', uid=10327}]
07-17 12:01:39.676 I/PickerSyncController( 7218): Only 1 cloud provider found, hence com.google.android.apps.photos.cloudpicker is the default
07-17 12:01:39.676 D/PickerSyncLockManager( 7218): Trying to acquire lock com.android.providers.media.photopicker.sync.CloseableReentrantLock@78e782c[Locked by thread com.android.providers.media.internal.modules.utils.BackgroundThread]. Lock Name = CLOUD_PROVIDER_LOCK. Threads that may be waiting to acquire this lock = []
07-17 12:01:39.676 D/CloseableReentrantLock( 7218): Successfully acquired lock com.android.providers.media.photopicker.sync.CloseableReentrantLock@78e782c[Locked by thread com.android.providers.media.internal.modules.utils.BackgroundThread]. Lock Name = CLOUD_PROVIDER_LOCK. Threads that may be waiting to acquire this lock = []
07-17 12:01:39.676 D/CloseableReentrantLock( 7218): Successfully released lock com.android.providers.media.photopicker.sync.CloseableReentrantLock@78e782c[Locked by thread com.android.providers.media.internal.modules.utils.BackgroundThread]. Lock Name = CLOUD_PROVIDER_LOCK. Threads that may be waiting to acquire this lock = []
07-17 12:01:39.676 D/PickerSyncController( 7218): Initialized cloud provider to: com.google.android.apps.photos.cloudpicker
07-17 12:01:39.676 D/CloseableReentrantLock( 7218): Successfully released lock com.android.providers.media.photopicker.sync.CloseableReentrantLock@78e782c[Unlocked]. Lock Name = CLOUD_PROVIDER_LOCK. Threads that may be waiting to acquire this lock = []
--------- switch to system
07-17 12:01:39.676 I/ExplicitHealthCheckController( 2493): Explicit health check supported packages [PackageConfig{com.google.android.networkstack, 86400000}]
07-17 12:01:39.677 I/RescueParty( 2493): Starting to observe: [android, com.android.phone], updated namespace: telephony
07-17 12:01:39.680 D/PackageWatchdog( 2493): Received supported packages [PackageConfig{com.google.android.networkstack, 86400000}]
07-17 12:01:39.680 I/PackageWatchdog( 2493): Syncing health check requests for packages: {}
07-17 12:01:39.680 D/ExplicitHealthCheckController( 2493): Getting health check supported packages
07-17 12:01:39.680 I/PackageWatchdog( 2493): Syncing state, reason: observing new packages
07-17 12:01:39.680 D/PackageWatchdog( 2493): rescue-party-observer added the following packages to monitor [android, com.android.phone]
07-17 12:01:39.681 I/PackageWatchdog( 2493): Syncing state, reason: updated observers
07-17 12:01:39.681 I/PackageWatchdog( 2493): Not pruning observers, elapsed time: 0ms
--------- switch to main
07-17 12:01:39.681 I/lmkd    (  920): 9(delay), 0(swap), 0(freelimit), 0(reentrymode) memory pressure events were skipped after a kill!
--------- switch to system
07-17 12:01:39.682 I/ExplicitHealthCheckController( 2493): Explicit health check supported packages [PackageConfig{com.google.android.networkstack, 86400000}]
07-17 12:01:39.682 I/PackageWatchdog( 2493): Saving observer state to file
07-17 12:01:39.682 D/PackageWatchdog( 2493): Received supported packages [PackageConfig{com.google.android.networkstack, 86400000}]
07-17 12:01:39.682 D/ExplicitHealthCheckController( 2493): Getting health check requested packages
07-17 12:01:39.683 D/ExplicitHealthCheckController( 2493): Getting health check requested packages
07-17 12:01:39.683 I/PackageWatchdog( 2493): Syncing health check requests for packages: {}
07-17 12:01:39.683 D/ExplicitHealthCheckController( 2493): Getting health check supported packages
07-17 12:01:39.685 I/ExplicitHealthCheckController( 2493): Explicit health check requested packages []
07-17 12:01:39.685 I/ExplicitHealthCheckController( 2493): No more health check requests, unbinding...
07-17 12:01:39.685 I/PackageWatchdog( 2493): Syncing health check requests for packages: {}
07-17 12:01:39.685 I/ExplicitHealthCheckController( 2493): Explicit health check requested packages []
07-17 12:01:39.685 I/ExplicitHealthCheckController( 2493): Explicit health check service is unbound
07-17 12:01:39.685 I/ExplicitHealthCheckController( 2493): Service not ready to get health check supported packages. Binding...
07-17 12:01:39.686 I/ExplicitHealthCheckController( 2493): Explicit health check supported packages [PackageConfig{com.google.android.networkstack, 86400000}]
07-17 12:01:39.686 D/PackageWatchdog( 2493): Received supported packages [PackageConfig{com.google.android.networkstack, 86400000}]
07-17 12:01:39.687 I/ExplicitHealthCheckController( 2493): Explicit health check service is bound
07-17 12:01:39.687 I/ExplicitHealthCheckController( 2493): No more health check requests, unbinding...
07-17 12:01:39.687 I/ExplicitHealthCheckController( 2493): Explicit health check service is unbound
07-17 12:01:39.687 I/ExplicitHealthCheckController( 2493): Service not ready to get health check requested packages. Binding...
07-17 12:01:39.687 I/ExplicitHealthCheckController( 2493): Not binding to service, service already connecting
07-17 12:01:39.690 I/ExplicitHealthCheckController( 2493): Explicit health check service is connected ComponentInfo{com.google.android.ext.services/android.ext.services.watchdog.ExplicitHealthCheckServiceImpl}
07-17 12:01:39.690 I/ExplicitHealthCheckController( 2493): Service initialized, syncing requests
07-17 12:01:39.690 I/PackageWatchdog( 2493): Syncing health check requests for packages: {}
07-17 12:01:39.690 D/ExplicitHealthCheckController( 2493): Getting health check supported packages
07-17 12:01:39.690 I/ExplicitHealthCheckController( 2493): Explicit health check supported packages [PackageConfig{com.google.android.networkstack, 86400000}]
07-17 12:01:39.690 D/PackageWatchdog( 2493): Received supported packages [PackageConfig{com.google.android.networkstack, 86400000}]
07-17 12:01:39.691 D/ExplicitHealthCheckController( 2493): Getting health check requested packages
07-17 12:01:39.691 I/ExplicitHealthCheckController( 2493): Explicit health check requested packages []
07-17 12:01:39.691 I/ExplicitHealthCheckController( 2493): No more health check requests, unbinding...
07-17 12:01:39.692 I/ExplicitHealthCheckController( 2493): Explicit health check service is unbound
--------- switch to main
07-17 12:01:39.693 D/SecSettingsStateHistoryHelper( 2493): Not support history file
--------- switch to system
07-17 12:01:39.694 I/RescueParty( 2493): Starting to observe: [android], updated namespace: app_standby
07-17 12:01:39.694 I/PackageWatchdog( 2493): Syncing state, reason: observing new packages
07-17 12:01:39.694 D/PackageWatchdog( 2493): rescue-party-observer added the following packages to monitor [android]
07-17 12:01:39.694 I/PackageWatchdog( 2493): Syncing state, reason: updated observers
07-17 12:01:39.695 I/PackageWatchdog( 2493): Saving observer state to file
07-17 12:01:39.695 I/PackageWatchdog( 2493): Syncing health check requests for packages: {}
07-17 12:01:39.695 I/ExplicitHealthCheckController( 2493): Service not ready to get health check supported packages. Binding...
07-17 12:01:39.696 I/ExplicitHealthCheckController( 2493): Explicit health check service is bound
07-17 12:01:39.698 I/PackageWatchdog( 2493): Syncing health check requests for packages: {}
07-17 12:01:39.698 I/ExplicitHealthCheckController( 2493): Service not ready to get health check supported packages. Binding...
07-17 12:01:39.698 I/ExplicitHealthCheckController( 2493): Not binding to service, service already connecting
07-17 12:01:39.700 I/ExplicitHealthCheckController( 2493): Explicit health check service is connected ComponentInfo{com.google.android.ext.services/android.ext.services.watchdog.ExplicitHealthCheckServiceImpl}
07-17 12:01:39.700 I/ExplicitHealthCheckController( 2493): Service initialized, syncing requests
07-17 12:01:39.701 I/PackageWatchdog( 2493): Syncing health check requests for packages: {}
07-17 12:01:39.701 D/ExplicitHealthCheckController( 2493): Getting health check supported packages
07-17 12:01:39.701 I/ExplicitHealthCheckController( 2493): Explicit health check supported packages [PackageConfig{com.google.android.networkstack, 86400000}]
07-17 12:01:39.701 D/PackageWatchdog( 2493): Received supported packages [PackageConfig{com.google.android.networkstack, 86400000}]
07-17 12:01:39.701 D/ExplicitHealthCheckController( 2493): Getting health check requested packages
07-17 12:01:39.702 I/ExplicitHealthCheckController( 2493): Explicit health check requested packages []
07-17 12:01:39.702 I/ExplicitHealthCheckController( 2493): No more health check requests, unbinding...
07-17 12:01:39.703 I/ExplicitHealthCheckController( 2493): Explicit health check service is unbound
07-17 12:01:39.708 I/RescueParty( 2493): Starting to observe: [android], updated namespace: configuration
07-17 12:01:39.709 I/PackageWatchdog( 2493): Syncing state, reason: observing new packages
07-17 12:01:39.709 D/PackageWatchdog( 2493): rescue-party-observer added the following packages to monitor [android]
07-17 12:01:39.709 I/PackageWatchdog( 2493): Syncing state, reason: updated observers
07-17 12:01:39.709 I/PackageWatchdog( 2493): Not pruning observers, elapsed time: 0ms
07-17 12:01:39.709 I/PackageWatchdog( 2493): Saving observer state to file
07-17 12:01:39.709 I/PackageWatchdog( 2493): Syncing health check requests for packages: {}
07-17 12:01:39.709 I/ExplicitHealthCheckController( 2493): Service not ready to get health check supported packages. Binding...
07-17 12:01:39.711 I/ExplicitHealthCheckController( 2493): Explicit health check service is bound
07-17 12:01:39.712 I/RescueParty( 2493): Starting to observe: [android], updated namespace: companion
07-17 12:01:39.716 I/PackageWatchdog( 2493): Syncing health check requests for packages: {}
07-17 12:01:39.717 I/ExplicitHealthCheckController( 2493): Service not ready to get health check supported packages. Binding...
07-17 12:01:39.717 I/ExplicitHealthCheckController( 2493): Not binding to service, service already connecting
07-17 12:01:39.717 I/ExplicitHealthCheckController( 2493): Explicit health check service is connected ComponentInfo{com.google.android.ext.services/android.ext.services.watchdog.ExplicitHealthCheckServiceImpl}
07-17 12:01:39.717 I/PackageWatchdog( 2493): Syncing state, reason: observing new packages
07-17 12:01:39.717 I/ExplicitHealthCheckController( 2493): Service initialized, syncing requests
07-17 12:01:39.718 D/PackageWatchdog( 2493): rescue-party-observer added the following packages to monitor [android]
07-17 12:01:39.718 I/PackageWatchdog( 2493): Syncing state, reason: updated observers
07-17 12:01:39.718 I/PackageWatchdog( 2493): Not pruning observers, elapsed time: 0ms
07-17 12:01:39.719 I/PackageWatchdog( 2493): Syncing health check requests for packages: {}
07-17 12:01:39.719 D/ExplicitHealthCheckController( 2493): Getting health check supported packages
07-17 12:01:39.719 I/RescueParty( 2493): Starting to observe: [android], updated namespace: package_manager_service
07-17 12:01:39.719 I/PackageWatchdog( 2493): Saving observer state to file
07-17 12:01:39.720 I/ExplicitHealthCheckController( 2493): Explicit health check supported packages [PackageConfig{com.google.android.networkstack, 86400000}]
07-17 12:01:39.725 I/RescueParty( 2493): Starting to observe: [android, com.google.android.permissioncontroller, com.google.android.dialer, com.google.android.gms, com.android.settings, com.google.android.projection.gearhead, com.android.systemui], updated namespace: privacy
07-17 12:01:39.727 D/PackageWatchdog( 2493): Received supported packages [PackageConfig{com.google.android.networkstack, 86400000}]
07-17 12:01:39.727 D/ExplicitHealthCheckController( 2493): Getting health check requested packages
07-17 12:01:39.727 I/PackageWatchdog( 2493): Syncing state, reason: observing new packages
07-17 12:01:39.728 D/PackageWatchdog( 2493): rescue-party-observer added the following packages to monitor [android]
07-17 12:01:39.728 I/PackageWatchdog( 2493): Syncing state, reason: updated observers
07-17 12:01:39.728 I/PackageWatchdog( 2493): Not pruning observers, elapsed time: 0ms
07-17 12:01:39.728 I/PackageWatchdog( 2493): Syncing state, reason: observing new packages
07-17 12:01:39.728 I/PackageWatchdog( 2493): Not pruning observers, elapsed time: 0ms
07-17 12:01:39.728 D/PackageWatchdog( 2493): rescue-party-observer added the following packages to monitor [android, com.google.android.permissioncontroller, com.google.android.dialer, com.google.android.gms, com.android.settings, com.google.android.projection.gearhead, com.android.systemui]
07-17 12:01:39.728 I/PackageWatchdog( 2493): Syncing state, reason: updated observers
07-17 12:01:39.728 I/PackageWatchdog( 2493): Not pruning observers, elapsed time: 0ms
07-17 12:01:39.728 I/PackageWatchdog( 2493): Saving observer state to file
07-17 12:01:39.728 I/PackageWatchdog( 2493): Syncing health check requests for packages: {}
07-17 12:01:39.728 D/ExplicitHealthCheckController( 2493): Getting health check supported packages
07-17 12:01:39.729 D/CompatChangeReporter( 2493): Compat change id reported: 262645982; UID 10186; state: ENABLED
07-17 12:01:39.730 I/RescueParty( 2493): Starting to observe: [com.google.android.ext.services, android, com.android.intentresolver, com.android.systemui], updated namespace: systemui
07-17 12:01:39.732 I/ExplicitHealthCheckController( 2493): Explicit health check requested packages []
07-17 12:01:39.732 I/ExplicitHealthCheckController( 2493): No more health check requests, unbinding...
07-17 12:01:39.732 D/TspStateManager( 2493): updateCustomValue customSetting=
07-17 12:01:39.732 I/ExplicitHealthCheckController( 2493): Explicit health check supported packages [PackageConfig{com.google.android.networkstack, 86400000}]
07-17 12:01:39.733 I/RescueParty( 2493): Starting to observe: [android], updated namespace: media
07-17 12:01:39.735 I/ExplicitHealthCheckController( 2493): Explicit health check service is unbound
07-17 12:01:39.735 I/PackageWatchdog( 2493): Syncing state, reason: observing new packages
07-17 12:01:39.735 D/PackageWatchdog( 2493): rescue-party-observer added the following packages to monitor [com.google.android.ext.services, android, com.android.intentresolver, com.android.systemui]
--------- switch to main
07-17 12:01:39.736 I/HYPER-HAL( 1995): [RequestManager.cpp]releaseLocked(): Released ID : 4879126
07-17 12:01:39.738 I/PlatformConfigurator(32561): updateFromConfigurations using legacy put method [CONTEXT service_id=204 ]
--------- switch to system
07-17 12:01:39.741 I/PackageWatchdog( 2493): Syncing health check requests for packages: {}
07-17 12:01:39.741 D/PackageWatchdog( 2493): Received supported packages [PackageConfig{com.google.android.networkstack, 86400000}]
07-17 12:01:39.741 I/ExplicitHealthCheckController( 2493): Service not ready to get health check supported packages. Binding...
07-17 12:01:39.741 I/PackageWatchdog( 2493): Syncing state, reason: updated observers
07-17 12:01:39.741 I/PackageWatchdog( 2493): Syncing state, reason: observing new packages
07-17 12:01:39.741 I/PackageWatchdog( 2493): Not pruning observers, elapsed time: 0ms
07-17 12:01:39.741 D/PackageWatchdog( 2493): rescue-party-observer added the following packages to monitor [android]
07-17 12:01:39.741 I/PackageWatchdog( 2493): Syncing state, reason: updated observers
07-17 12:01:39.741 I/PackageWatchdog( 2493): Not pruning observers, elapsed time: 0ms
07-17 12:01:39.741 I/PackageWatchdog( 2493): Saving observer state to file
--------- switch to main
07-17 12:01:39.743 I/GestureNavigationSettingsInteractor( 4565): onNavigationSettingsChanged buttonForcedVisible false -> false
07-17 12:01:39.743 D/Navbar.Store( 4565): handleEvent(0) OnNavBarStyleChanged(currentUserSetupComplete=true) [Module] NavBarStoreImpl
07-17 12:01:39.743 D/Navbar.Store( 4565): [Band]SETUPWIZARD_PACK_SET_NAVBAR_STYLE
07-17 12:01:39.743 D/Navbar.Store( 4565): [Band] (afterAction) SETUPWIZARD_PACK_SET_NAVBAR_STYLE
07-17 12:01:39.743 D/Navbar.Store( 4565): apply(0) NavBarStoreAction$UpdateNavBarNormalStyle
07-17 12:01:39.744 D/NavBarStateManager( 4565): NavBarStates(0) supportLargeCoverScreenNavBar: false
07-17 12:01:39.744 D/NavBarStateManager( 4565): NavBarStates(0) canShowKeyboardButtonForRotation(0): true
--------- switch to system
07-17 12:01:39.744 E/SettingsToPropertiesMapper( 2493): key=persist.device_config.configuration.AdbWritableFlags__adb_writable_flags_list value=adservices/disable_sdk_sandbox,adservices/enforce_broadcast_receiver_restrictions,adservices/fledge_ad_selection_enforce_foreground_status_custom_audience,adservices/fledge_custom_audience_max_count,adservices/fledge_custom_audience_max_num_ads,adservices/fledge_custom_audience_max_owner_count,adservices/fledge_custom_audience_per_app_max_count,adservices/fledge_js_isolate_enforce_max_heap_size,adservices/fledge_js_isolate_max_heap_size_bytes,adservices/sdk_request_permits_per_second,adservices/sdksandbox_customized_sdk_context_enabled,configuration/namespace_to_package_mapping,constrain_display_apis/always_constrain_display_apis,constrain_display_apis/never_constrain_display_apis,constrain_display_apis/never_constrain_display_apis_all_packages,device_policy_manager/disable_resources_updatability,flipendo/default_savings_mode_launch,flipendo/essential_apps,flipendo/flipendo_enabled_launch,flipendo/grayscale_enabled_launch,flipendo/lever_ble_scanning_enabled_launch,flipendo/lever_hotspot_enabled_launch,flipendo/lever_work_profile_enabled_launch,flipendo/resuspend_delay_minutes,namespace/key,namespace1/key1,namespace1/key2,namespace2/key1,namespace2/key2,package_manager_service/incfs_default_timeouts,package_manager_service/known_digesters_list,privacy/location_access_check_periodic_interval_millis,rollback/enable_rollback_timeout,rollback/watchdog_explicit_health_check_enabled,rollback/watchdog_request_timeout_millis,rollback/watchdog_trigger_failure_count,rollback/watchdog_trigger_failure_duration_millis,rollback_boot/rollback_lifetime_in_millis,systemui/nas_generate_actions,systemui/nas_generate_replies,systemui/nas_max_messages_to_extract,systemui/nas_max_suggestions,testspace/another,testspace/flagname,textclassifier/config_updater_model_enabled,textclassifier/key,textclassifier/key2,textclassifier/manifest_url_annotator_en,textclassifier/manifest_url_annotator_ru,textclassifier/model_download_backoff_delay_in_millis,textclassifier/model_download_manager_enabled,textclassifier/multi_language_support_enabled,textclassifier/testing_locale_list_override,textclassifier/textclassifier_service_package_override,window_manager/enable_default_rescind_bal_privileges_from_pending_intent_sender,wrong/nas_generate_replies, exceeds system property max length.
07-17 12:01:39.744 E/SettingsToPropertiesMapper( 2493): key=persist.device_config.aconfig_flags.configuration.AdbWritableFlags__adb_writable_flags_list value=adservices/disable_sdk_sandbox,adservices/enforce_broadcast_receiver_restrictions,adservices/fledge_ad_selection_enforce_foreground_status_custom_audience,adservices/fledge_custom_audience_max_count,adservices/fledge_custom_audience_max_num_ads,adservices/fledge_custom_audience_max_owner_count,adservices/fledge_custom_audience_per_app_max_count,adservices/fledge_js_isolate_enforce_max_heap_size,adservices/fledge_js_isolate_max_heap_size_bytes,adservices/sdk_request_permits_per_second,adservices/sdksandbox_customized_sdk_context_enabled,configuration/namespace_to_package_mapping,constrain_display_apis/always_constrain_display_apis,constrain_display_apis/never_constrain_display_apis,constrain_display_apis/never_constrain_display_apis_all_packages,device_policy_manager/disable_resources_updatability,flipendo/default_savings_mode_launch,flipendo/essential_apps,flipendo/flipendo_enabled_launch,flipendo/grayscale_enabled_launch,flipendo/lever_ble_scanning_enabled_launch,flipendo/lever_hotspot_enabled_launch,flipendo/lever_work_profile_enabled_launch,flipendo/resuspend_delay_minutes,namespace/key,namespace1/key1,namespace1/key2,namespace2/key1,namespace2/key2,package_manager_service/incfs_default_timeouts,package_manager_service/known_digesters_list,privacy/location_access_check_periodic_interval_millis,rollback/enable_rollback_timeout,rollback/watchdog_explicit_health_check_enabled,rollback/watchdog_request_timeout_millis,rollback/watchdog_trigger_failure_count,rollback/watchdog_trigger_failure_duration_millis,rollback_boot/rollback_lifetime_in_millis,systemui/nas_generate_actions,systemui/nas_generate_replies,systemui/nas_max_messages_to_extract,systemui/nas_max_suggestions,testspace/another,testspace/flagname,textclassifier/config_updater_model_enabled,textclassifier/key,textclassifier/key2,textclassifier/manifest_url_annotator_en,textclassifier/manifest_url_annotator_ru,textclassifier/model_download_backoff_delay_in_millis,textclassifier/model_download_manager_enabled,textclassifier/multi_language_support_enabled,textclassifier/testing_locale_list_override,textclassifier/textclassifier_service_package_override,window_manager/enable_default_rescind_bal_privileges_from_pending_intent_sender,wrong/nas_generate_replies, exceeds system property max length.
07-17 12:01:39.744 D/CompatChangeReporter( 2493): Compat change id reported: 262645982; UID 10346; state: ENABLED
07-17 12:01:39.749 I/ExplicitHealthCheckController( 2493): Explicit health check service is bound
07-17 12:01:39.749 I/ExplicitHealthCheckController( 2493): Service not ready to get health check requested packages. Binding...
07-17 12:01:39.749 I/ExplicitHealthCheckController( 2493): Not binding to service, service already connecting
07-17 12:01:39.749 I/PackageWatchdog( 2493): Syncing health check requests for packages: {}
07-17 12:01:39.749 I/ExplicitHealthCheckController( 2493): Service not ready to get health check supported packages. Binding...
07-17 12:01:39.750 I/ExplicitHealthCheckController( 2493): Not binding to service, service already connecting
07-17 12:01:39.750 D/CompatChangeReporter( 2493): Compat change id reported: 262645982; UID 10053; state: ENABLED
07-17 12:01:39.751 I/ExplicitHealthCheckController( 2493): Explicit health check service is connected ComponentInfo{com.google.android.ext.services/android.ext.services.watchdog.ExplicitHealthCheckServiceImpl}
07-17 12:01:39.752 I/ExplicitHealthCheckController( 2493): Service initialized, syncing requests
07-17 12:01:39.752 I/PackageWatchdog( 2493): Syncing health check requests for packages: {}
07-17 12:01:39.752 D/ExplicitHealthCheckController( 2493): Getting health check supported packages
--------- switch to main
07-17 12:01:39.752 D/NavBarStateManager( 4565): NavBarStates(0) supportLargeCoverScreenNavBar: false
07-17 12:01:39.752 D/NavBarStateManager( 4565): NavBarStates(0) canShowKeyboardButtonForRotation(0): true
--------- switch to system
07-17 12:01:39.753 I/ExplicitHealthCheckController( 2493): Explicit health check supported packages [PackageConfig{com.google.android.networkstack, 86400000}]
07-17 12:01:39.753 D/PackageWatchdog( 2493): Received supported packages [PackageConfig{com.google.android.networkstack, 86400000}]
--------- switch to main
07-17 12:01:39.753 D/NavBarStateManager( 4565): NavBarStates(0) supportLargeCoverScreenNavBar: false
07-17 12:01:39.753 D/NavBarStateManager( 4565): NavBarStates(0) canShowKeyboardButtonForRotation(1): false
--------- switch to system
07-17 12:01:39.753 D/ExplicitHealthCheckController( 2493): Getting health check requested packages
07-17 12:01:39.754 I/ExplicitHealthCheckController( 2493): Explicit health check requested packages []
--------- switch to main
07-17 12:01:39.754 D/NavBarStateManager( 4565): NavBarStates(0) supportLargeCoverScreenNavBar: false
07-17 12:01:39.754 D/NavBarStateManager( 4565): NavBarStates(0) canShowKeyboardButtonForRotation(2): true
--------- switch to system
07-17 12:01:39.754 I/ExplicitHealthCheckController( 2493): No more health check requests, unbinding...
--------- switch to main
07-17 12:01:39.755 D/NavBarStateManager( 4565): NavBarStates(0) supportLargeCoverScreenNavBar: false
07-17 12:01:39.755 D/NavBarStateManager( 4565): NavBarStates(0) canShowKeyboardButtonForRotation(3): false
--------- switch to system
07-17 12:01:39.755 I/ExplicitHealthCheckController( 2493): Explicit health check service is unbound
--------- switch to main
07-17 12:01:39.756 D/Navbar.Store( 4565): handleEvent(0) OnUpdateRemoteViewContainer(rotation=0, leftContainer=android.widget.LinearLayout{3499e0 I.E...... ......ID 83,0-234,144 #7f0a0624 app:id/left_remoteview}, rightContainer=android.widget.LinearLayout{dbff35e I.E...... ......I. 846,0-997,144 #7f0a09df app:id/right_remoteview}, contextualButtonVisible=false, darkIntensity=0.0, displayId=0) [Module] SamsungNavigationBarView
07-17 12:01:39.756 D/Navbar.Store( 4565): [Band]REMOTE_VIEW_PACK_SET_REMOTEVIEW_CONTAINER
07-17 12:01:39.756 D/Navbar.Store( 4565): apply(0) NavBarStoreAction$UpdateRemoteViewContainer
07-17 12:01:39.756 D/Navbar.Store( 4565): apply(0) NavBarStoreAction$UpdateRemoteViewDarkIntensity
07-17 12:01:39.756 D/NavBarView( 4565): disableBack=true (useAltBack=false, handlingGestures=true, disabledFlagBack=false, isBottomGesture=false, isImeRenderingNavButtons=false)
--------- switch to system
07-17 12:01:39.757 D/CompatChangeReporter( 2493): Compat change id reported: 262645982; UID 10369; state: ENABLED
--------- switch to main
07-17 12:01:39.758 D/Navbar.Store( 4565): handleEvent(0) OnSetGestureHintVisibility(recentVisible=true, homeVisible=true, backVisible=true) [Module] SamsungNavigationBarView
07-17 12:01:39.758 D/Navbar.Store( 4565): [Band]GESTURE_PACK_SET_HINT_VISIBILITY
07-17 12:01:39.758 D/Navbar.Store( 4565): [Band] (afterAction) GESTURE_PACK_SET_HINT_VISIBILITY
07-17 12:01:39.758 D/Navbar.Store( 4565): apply(0) NavBarStoreAction$UpdateGestureHintVisibility
07-17 12:01:39.758 D/NavBarStateManager( 4565): NavBarStates(0) canShowGestureHint: true
07-17 12:01:39.758 D/Navbar.Store( 4565): handleEvent(0) OnUpdateSysUiStateFlag(noArguments=true) [Module] SamsungNavigationBarView
07-17 12:01:39.758 D/Navbar.Store( 4565): [Band]GESTURE_PACK_UPDATE_SYSTEMUI_STATE_FLAG
07-17 12:01:39.758 D/Navbar.Store( 4565): [Band] (afterAction) GESTURE_PACK_UPDATE_SYSTEMUI_STATE_FLAG
07-17 12:01:39.758 D/NavBarStateManager( 4565): NavBarStates(0) isGameMode: false
07-17 12:01:39.758 D/Navbar.Store( 4565): apply(0) NavBarStoreAction$UpdateSysUiFlags
07-17 12:01:39.758 D/Navbar.Store( 4565): set 274877906944 : false
07-17 12:01:39.758 D/Navbar.Store( 4565): set 17179869184 : false
07-17 12:01:39.759 D/AiAgentEffect( 4565): onPrivacyItemsChanged privacyItems.size = 0
07-17 12:01:39.759 D/AiAgentEffect( 4565): onPrivacyItemsChanged privacyItems isEmpty or found item is null
07-17 12:01:39.759 D/AiAgentEffect( 4565): displayEffect animState = HIDING
--------- switch to system
07-17 12:01:39.762 D/CompatChangeReporter( 2493): Compat change id reported: 218533173; UID 10130; state: ENABLED
07-17 12:01:39.763 D/CompatChangeReporter( 2493): Compat change id reported: 262645982; UID 10106; state: ENABLED
07-17 12:01:39.767 D/CompatChangeReporter( 2493): Compat change id reported: 262645982; UID 10342; state: ENABLED
07-17 12:01:39.769 D/CompatChangeReporter( 2493): Compat change id reported: 262645982; UID 10320; state: ENABLED
07-17 12:01:39.775 D/CompatChangeReporter( 2493): Compat change id reported: 262645982; UID 10064; state: ENABLED
07-17 12:01:39.780 D/CompatChangeReporter( 2493): Compat change id reported: 262645982; UID 10148; state: ENABLED
--------- switch to main
07-17 12:01:39.783 I/BLASTBufferQueue_Java( 4565): update, w= 1080 h= 144 mName = VRI[NavigationBar0]@23e7c55 mNativeObject= 0xb4000070a100b600 sc.mNativeObject= 0xb40000706a8a5340 format= -3 caller= android.view.ViewRootImpl.updateBlastSurfaceIfNeeded:3386 android.view.ViewRootImpl.relayoutWindow:11361 android.view.ViewRootImpl.performTraversals:4544 android.view.ViewRootImpl.doTraversal:3708 android.view.ViewRootImpl$TraversalRunnable.run:12542 android.view.Choreographer$CallbackRecord.run:1751 
07-17 12:01:39.783 I/VRI[NavigationBar0]@23e7c55( 4565): Relayout returned: old=(0,2196,1080,2340) new=(0,2196,1080,2340) relayoutAsync=true req=(1080,144)0 dur=1 res=0x0 s={true 0xb4000071aae15000} ch=false seqId=186
07-17 12:01:39.783 I/VRI[NavigationBar0]@23e7c55( 4565): registerCallbackForPendingTransactions
07-17 12:01:39.783 D/NavBarStateManager( 4565): NavBarStates(0) canUseNavBarBackgroundFrame: true
07-17 12:01:39.784 I/VRI[NavigationBar0]@23e7c55( 4565): mWNT: t=0xb4000071e2174f00 mBlastBufferQueue=0xb4000070a100b600 fn= 132370 HdrRenderState mRenderHdrSdrRatio=1.0 caller= android.view.ViewRootImpl$9.onFrameDraw:6276 android.view.ViewRootImpl$3.onFrameDraw:2440 android.view.ThreadedRenderer$1.onFrameDraw:761 
07-17 12:01:39.785 W/View    ( 4565): requestLayout() improperly called by com.android.systemui.qs.SecQSGradationDrawableView{6a13b37 V.E...... ......ID 0,0-1080,354 #7f0a0977 app:id/qs_gradation_view} during layout: running second layout pass
07-17 12:01:39.785 W/View    ( 4565): requestLayout() improperly called by android.widget.FrameLayout{63b28a4 V.E...... ......ID 0,153-1080,2295 #7f0a0975 app:id/qs_frame} during layout: running second layout pass
07-17 12:01:39.786 V/WindowManager( 2493): Relayout Window{4905f65 u0 NavigationBar0}: viewVisibility=0 req=1080x144 ty=2019 d0
07-17 12:01:39.787 D/AiAgentEffect( 4565): hiding isVisibleView = false, isStartAnimating = false, isAnimating = false, isShowRunning = null
07-17 12:01:39.788 E/ANDR-PERF-MPCTL( 2043): ANDR-PERF-MPCTL: internal_perf_lock_acq_verification() 385: Perflock Submit request limit reached.
07-17 12:01:39.791 I/VSyncReactor( 2123): Current= 24, Period= 120, hwcPeriod= 24
--------- switch to system
07-17 12:01:39.796 D/CompatChangeReporter( 2493): Compat change id reported: 262645982; UID 10298; state: ENABLED
07-17 12:01:39.796 I/RescueParty( 2493): Starting to observe: [android, com.google.android.permissioncontroller, com.android.settings], updated namespace: app_hibernation
07-17 12:01:39.797 D/AppHibernationService( 2493): App hibernation changed to enabled=true
07-17 12:01:39.798 I/PackageWatchdog( 2493): Syncing state, reason: observing new packages
07-17 12:01:39.798 D/PackageWatchdog( 2493): rescue-party-observer added the following packages to monitor [android, com.google.android.permissioncontroller, com.android.settings]
07-17 12:01:39.798 D/CompatChangeReporter( 2493): Compat change id reported: 262645982; UID 10332; state: ENABLED
07-17 12:01:39.799 I/PackageWatchdog( 2493): Syncing state, reason: updated observers
--------- switch to main
07-17 12:01:39.799 V/WindowManager( 2493): Relayout hash=4905f65, pid=0, syncId=-1: mAttrs={(0,0)(fillx144) gr=BOTTOM CENTER_VERTICAL sim={adjust=pan} layoutInDisplayCutoutMode=always ty=NAVIGATION_BAR fmt=TRANSLUCENT
07-17 12:01:39.799 V/WindowManager( 2493):   fl=20840028
07-17 12:01:39.799 V/WindowManager( 2493):   pfl=31001000
07-17 12:01:39.799 V/WindowManager( 2493):   bhv=1
07-17 12:01:39.799 V/WindowManager( 2493):   providedInsets:
07-17 12:01:39.799 V/WindowManager( 2493):     InsetsFrameProvider: {id=#169d0001, index=0, type=navigationBars, source=FRAME, flags=[SUPPRESS_SCRIM], insetsSize=Insets{left=0, top=0, right=0, bottom=45}, insetsSizeOverrides=[TypedInsetsSize: {windowType=INPUT_METHOD, insetsSize=null}]}
07-17 12:01:39.799 V/WindowManager( 2493):     InsetsFrameProvider: {id=#169d0006, index=0, type=tappableElement, source=FRAME, flags=[], insetsSize=Insets{left=0, top=0, right=0, bottom=0}}
07-17 12:01:39.799 V/WindowManager( 2493):     InsetsFrameProvider: {id=#169d0005, index=0, type=mandatorySystemGestures, source=FRAME, flags=[], insetsSize=Insets{left=0, top=0, right=0, bottom=96}}
