--------- beginning of main
07-17 12:01:36.847 I/HYPER-HAL( 1995): [RequestManager.cpp]releaseLocked(): Released ID : 4879126
07-17 12:01:36.871 W/LocationManagerService( 2493): onFreezeStateChanged, uid[10372]=true
07-17 12:01:36.915 D/InetDiagMessage( 2493): Destroyed 0 sockets, proto=IPPROTO_TCP, family=AF_INET, states=14
07-17 12:01:36.916 D/InetDiagMessage( 2493): Destroyed 0 sockets, proto=IPPROTO_TCP, family=AF_INET6, states=14
07-17 12:01:36.916 D/InetDiagMessage( 2493): Destroyed live tcp sockets for uids={10372} in 1ms
07-17 12:01:36.916 D/InetDiagMessage( 2493): Destroyed 0 sockets, proto=IPPROTO_TCP, family=AF_INET, states=14
07-17 12:01:36.916 D/InetDiagMessage( 2493): Destroyed 0 sockets, proto=IPPROTO_TCP, family=AF_INET6, states=14
07-17 12:01:36.916 D/InetDiagMessage( 2493): Destroyed live tcp sockets for uids={20372} in 1ms
07-17 12:01:36.988 I/sensors-hal( 1990): handle_sns_client_event:190, auto_rotation_debug_2 mode,255, type,1,0 acc,-0.014,0.000,9.739, ar,0, ver,12, pedo,1,e,0,i,3
--------- beginning of system
07-17 12:01:37.069 D/io_stats( 1059): !@   8,0 r 38390765 947497151 w 16616924 278227196 d 1580560 344288792 f 400271 1341526 iot 21688760 0 th 0 0 0 pt 0 inp 0 0 294585.658
07-17 12:01:37.070 D/io_stats( 1059): !@ Read_top(KB): nder.app_zygote(17396) 118120 gle.android.gms(2281) 19336 .gms.persistent(32561) 6152
07-17 12:01:37.070 D/io_stats( 1059): !@ Write_top(KB): kworker/u16:11(7893) 14212 kworker/u16:1(2925) 3592 .gms.persistent(32561) 2864
07-17 12:01:37.346 D/ActivityManager( 2493): FCA:Reclamation for pid: 1557
--------- switch to main
07-17 12:01:37.479 D/SemWifiSwitchForIndividualAppsService( 2493): isSkipNetworkCondition - result:2
07-17 12:01:37.558 I/SemWifiServiceDetector( 2493): NSD results: [0, 1, 2, 0, 0, 0, 2, 0, 0] Traff. type 1 Thr 0
--------- switch to system
07-17 12:01:37.693 D/PowerManagerService( 2493): UserActivityStateListenerState: 0
--------- switch to main
07-17 12:01:37.717 D/InputReader( 2493): Btn_touch(3): value=1 when=294586.305836
07-17 12:01:37.717 I/InputReader( 2493): Touch event's action is 0x0 (id=6, t=0) [pCnt=1, s=0.31151 ] when=294586.305836
--------- switch to system
07-17 12:01:37.719 D/PowerManagerService( 2493): [api] userActivity : other (uid: 1000 pid: 2493) <- onInputEvent() in com.android.server.accessibility.AccessibilityInputFilter:335 displayId=0 eventTime=294586305
--------- switch to main
07-17 12:01:37.719 D/InputDispatcher( 2493): Inject motion (0/0): action=0x0, time=294586305836000, f=0x0, d=0 dsdx=1.000000 dtdx=0.000000
07-17 12:01:37.719 I/InputDispatcher( 2493): Delivering touch to (4565): action: 0x4, f=0x800, d=0, '4905f65', t=1 
07-17 12:01:37.720 I/InputDispatcher( 2493): Delivering touch to (17778): action: 0x4, f=0x800, d=0, 'd3c7c69', t=1 
07-17 12:01:37.720 I/InputDispatcher( 2493): Delivering touch to (5152): action: 0x0, f=0x800, d=0, '88897ff', t=1 
--------- switch to system
07-17 12:01:37.720 D/PowerManagerService( 2493): [api] userActivityFromNative : touch displayId=0 eventTime=294586305
--------- switch to main
07-17 12:01:37.720 I/GestureDetector( 2493): obtain mCurrentDownEvent. id: 968959696 caller: com.android.server.wm.SystemGesturesPointerEventListener.onPointerEvent:17 com.android.server.wm.PointerEventDispatcher.onInputEvent:51 android.view.InputEventReceiver.dispatchInputEvent:385 
07-17 12:01:37.721 I/VRI[LauncherActivity]@acb92cf( 5152): ViewPostIme pointer 0
07-17 12:01:37.721 I/HoneySpace.IconHoney( 5152): call activeLaunch 6409
07-17 12:01:37.721 I/GestureDetector( 2493): obtain mCurrentDownEvent. id: 968959696 caller: com.android.server.wm.SystemPerformancePointerEventListener.onPointerEvent:13 com.android.server.wm.PointerEventDispatcher.onInputEvent:51 android.view.InputEventReceiver.dispatchInputEvent:385 
--------- switch to system
07-17 12:01:37.722 D/PowerManagerService( 2493): UserActivityStateListenerState: 1
--------- switch to main
07-17 12:01:37.722 E/ANDR-PERF-MPCTL( 2043): ANDR-PERF-MPCTL: internal_perf_lock_acq_verification() 385: Perflock Submit request limit reached.
07-17 12:01:37.722 I/SemDvfsHyPerManager( 7337): acquire hyper - TATouchBoost/7337@28, type = -999
07-17 12:01:37.723 I/SemDvfsHyPerManager( 7337): acquire hyper - TA_TOUCH_SHARE/7337@29, type = -999
07-17 12:01:37.724 I/SurfaceFlinger( 2123): Touch Boost - choose 120.00 Hz
07-17 12:01:37.724 I/HWComposer( 2123): [4630947059332006275] ActiveConfigToHWC, ID : 0
07-17 12:01:37.725 D/SurfaceFlinger( 2123): GPIS:: requestGPISForClientComposition
07-17 12:01:37.726 I/SDM     ( 2027): HWDeviceDRM::SetDisplaySwitchMode: [DispConfigs] check hs_mode 3
--------- switch to system
07-17 12:01:37.726 I/Pageboost( 2493): start alp : com.gleidsonlm.threatevents
--------- switch to main
07-17 12:01:37.726 W/SDM     ( 2027): HWDeviceDRM::GetSupportedBitClkRate: Requested rate not supported: 951080000
07-17 12:01:37.726 I/HYPER-HAL( 1995): [RequestManager.cpp]acquire(): Acquired ID : 27125323  [7337 / 28]    HINT :      list : [TABoost / 1] [TIMEOUT / 1500] 
07-17 12:01:37.726 I/SDM     ( 2027): HWDeviceDRM::SetDisplaySwitchMode: [DispConfigs] Set mode index:0 1080x2340x120xcmdHS, hs_mode(3), found_mode(0)
07-17 12:01:37.726 I/SDM     ( 2027): HWDeviceDRM::UpdateMixerAttributes: Mixer WxH 1080x2340-1 for Peripheral
--------- switch to system
07-17 12:01:37.726 I/Pageboost( 2493): alp for : com.gleidsonlm.threatevents , 0
--------- switch to main
07-17 12:01:37.726 I/HoneySpace.AppscreenContainerView( 5152): findActiveTouchController ev = 0
07-17 12:01:37.726 I/SDM     ( 2027): HWCDisplay::SubmitDisplayConfig: Active configuration changed from config 8 to 0
07-17 12:01:37.727 I/HoneySpace.AppscreenHomeTouchController( 5152): onControllerInterceptTouchEvent ev = 0
07-17 12:01:37.727 I/HoneySpace.AppscreenHomeTouchController( 5152): canIntercept = true
07-17 12:01:37.727 I/HYPER-HAL( 1995): [RequestManager.cpp]acquire(): Acquired ID : 27132690  [7337 / 29]    HINT : TA_TOUCH_SHARE    list : [TIMEOUT / 1500] 
07-17 12:01:37.727 I/HoneySpace.ApplistFastRecyclerView( 5152): dispatchTouchEvent() event.action=0
07-17 12:01:37.727 I/HoneySpace.ApplistFastRecyclerView( 5152): processDownMotionEvent, index = 0, id = 0
07-17 12:01:37.727 I/HoneySpace.ApplistFastRecyclerView( 5152): initTouchPoint, index = 0, id = 0
07-17 12:01:37.727 I/HoneySpace.IconView( 5152): start dim animation : Threat-Events
--------- switch to system
07-17 12:01:37.727 W/ContextImpl( 2493): Calling a method in the system process without a qualified user: android.app.ContextImpl.startActivity:1189 com.android.server.am.ActivityManagerService.doActiveLaunch:99 android.app.IActivityManager$Stub.onTransact:4999 com.android.server.am.ActivityManagerService.onTransact:466 android.os.Binder.execTransactInternal:1541 
07-17 12:01:37.728 D/ActivityTaskManager( 2493): startActivityAsUser: callingPid=2493, callingUid=1000, caller=com.android.server.wm.ActivityTaskManagerService.startActivity:120 android.app.Instrumentation.execStartActivity:2000 android.app.ContextImpl.startActivity:1207 com.android.server.am.ActivityManagerService.doActiveLaunch:99 android.app.IActivityManager$Stub.onTransact:4999 com.android.server.am.ActivityManagerService.onTransact:466 android.os.Binder.execTransactInternal:1541 
--------- switch to main
07-17 12:01:37.728 I/GestureDetector( 2493): obtain mCurrentMotionEventRaw. action: 2 id: 451507331
07-17 12:01:37.728 I/GestureDetector( 2493): obtain mCurrentMotionEventRaw. action: 2 id: 451507331
--------- switch to system
07-17 12:01:37.728 E/ActivityTaskManager( 2493): Checking for the Active launch isPkgEverLaunched :false, isPkgStopped : true, isPkgSuspended : false
--------- switch to main
07-17 12:01:37.728 E/pageboostd( 5394): alp start : app comgleidsonlmthreatevents
--------- switch to system
07-17 12:01:37.728 D/ActivityTaskManager( 2493): request preloading for newly launching app
--------- switch to main
07-17 12:01:37.729 E/ANDR-PERF-MPCTL( 2043): ANDR-PERF-MPCTL: internal_perf_lock_acq_verification() 385: Perflock Submit request limit reached.
--------- switch to system
07-17 12:01:37.729 I/ActivityManager( 2493): No activity to handle assist action.
07-17 12:01:37.729 I/ActivityManager( 2493): android.util.AndroidRuntimeException: Activity could not be started for Intent { act=android.intent.action.MAIN cat=[android.intent.category.LAUNCHER] flg=0x10000000 pkg=com.gleidsonlm.threatevents cmp=com.gleidsonlm.threatevents/.MainActivity }
07-17 12:01:37.729 I/ActivityManager( 2493): 	at android.app.Instrumentation.checkStartActivityResult(Instrumentation.java:2470)
07-17 12:01:37.729 I/ActivityManager( 2493): 	at android.app.Instrumentation.execStartActivity(Instrumentation.java:2005)
07-17 12:01:37.729 I/ActivityManager( 2493): 	at android.app.ContextImpl.startActivity(ContextImpl.java:1207)
07-17 12:01:37.729 I/ActivityManager( 2493): 	at com.android.server.am.ActivityManagerService.doActiveLaunch(qb/96996599 4207cc64f8273a078ed00bb37ec66a12d547258ca33788ccc3647eb1c250b266:99)
07-17 12:01:37.729 I/ActivityManager( 2493): 	at android.app.IActivityManager$Stub.onTransact(IActivityManager.java:4999)
07-17 12:01:37.729 I/ActivityManager( 2493): 	at com.android.server.am.ActivityManagerService.onTransact(qb/96996599 4207cc64f8273a078ed00bb37ec66a12d547258ca33788ccc3647eb1c250b266:466)
07-17 12:01:37.729 I/ActivityManager( 2493): 	at android.os.Binder.execTransactInternal(Binder.java:1541)
07-17 12:01:37.729 I/ActivityManager( 2493): 	at android.os.Binder.execTransact(Binder.java:1480)
07-17 12:01:37.729 D/ActivityManager( 2493): starting Active launch
--------- switch to main
07-17 12:01:37.730 I/HoneySpace.GestureInputHandler( 5152): inputConsumers = [com.honeyspace.gesture.inputconsumer.InputConsumer$Companion$NO_OP$1@4745339]
07-17 12:01:37.730 I/HoneySpace.InputSession( 5152): inputConsumers = NO_OP
07-17 12:01:37.730 I/HoneySpace.InputSession( 5152): open
07-17 12:01:37.732 D/NativeSemDvfsManager( 2123): acquire:: timeout = 2000 mIsAcquired = 1  mTagName : SurfaceFlinger 
07-17 12:01:37.732 E/NativeCustomFrequencyManager( 2123): [NativeCFMS] BpCustomFrequencyManager::acquire()
07-17 12:01:37.733 I/HYPER-HAL( 1995): [RequestManager.cpp]acquire(): Acquired ID : 4879126  [2123 / 1000]    HINT : SF_GPU_MINLOCK    list : [TIMEOUT / 2000] 
07-17 12:01:37.738 I/VSyncReactor( 2123): Current= 24, Period= 120, hwcPeriod= 120
--------- switch to system
07-17 12:01:37.742 D/ShellStartingWindow( 4565): preload Icon com.gleidsonlm.threatevents
--------- switch to main
07-17 12:01:37.744 E/pageboostd( 5394): comgleidsonlmthreatevents, amt 548244 scnt 2 fcnt 0
07-17 12:01:37.744 E/pageboostd( 5394): comgleidsonlmthreatevents, amt 0 scnt 0 fcnt 0
07-17 12:01:37.745 E/pageboostd( 5394): alp end : app comgleidsonlmthreatevents data_amount 548244
07-17 12:01:37.746 I/HoneySpace.AppscreenContainerView( 5152): findActiveTouchController ev = 2
07-17 12:01:37.746 I/HoneySpace.AppscreenHomeTouchController( 5152): onControllerInterceptTouchEvent ev = 2
07-17 12:01:37.746 I/HoneySpace.ApplistFastRecyclerView( 5152): updateIsBeingDraggedOnTouchDown touchSlop:36, diff:0, moved:false, useLongTouchSlop:true
07-17 12:01:37.755 I/HoneySpace.AppscreenContainerView( 5152): findActiveTouchController ev = 2
07-17 12:01:37.755 I/HoneySpace.AppscreenHomeTouchController( 5152): onControllerInterceptTouchEvent ev = 2
07-17 12:01:37.755 I/HoneySpace.ApplistFastRecyclerView( 5152): updateIsBeingDraggedOnTouchDown touchSlop:36, diff:0, moved:false, useLongTouchSlop:true
07-17 12:01:37.755 W/Layer   ( 2123): gatherBufferInfo: Received unknown dataspace from gralloc
07-17 12:01:37.763 I/HoneySpace.AppscreenContainerView( 5152): findActiveTouchController ev = 2
07-17 12:01:37.763 I/HoneySpace.AppscreenHomeTouchController( 5152): onControllerInterceptTouchEvent ev = 2
07-17 12:01:37.763 I/HoneySpace.ApplistFastRecyclerView( 5152): updateIsBeingDraggedOnTouchDown touchSlop:36, diff:1, moved:false, useLongTouchSlop:true
07-17 12:01:37.771 I/HoneySpace.AppscreenContainerView( 5152): findActiveTouchController ev = 2
07-17 12:01:37.771 I/HoneySpace.AppscreenHomeTouchController( 5152): onControllerInterceptTouchEvent ev = 2
07-17 12:01:37.771 I/HoneySpace.ApplistFastRecyclerView( 5152): updateIsBeingDraggedOnTouchDown touchSlop:36, diff:1, moved:false, useLongTouchSlop:true
07-17 12:01:37.780 I/HoneySpace.AppscreenContainerView( 5152): findActiveTouchController ev = 2
07-17 12:01:37.780 I/HoneySpace.AppscreenHomeTouchController( 5152): onControllerInterceptTouchEvent ev = 2
07-17 12:01:37.780 I/HoneySpace.ApplistFastRecyclerView( 5152): updateIsBeingDraggedOnTouchDown touchSlop:36, diff:2, moved:false, useLongTouchSlop:true
07-17 12:01:37.786 I/VRI[LauncherActivity]@acb92cf( 5152): call setFrameRateCategory for touch hint category=no preference, reason=boost timeout, vri=VRI[LauncherActivity]@acb92cf
07-17 12:01:37.786 D/ApfFilter( 4714): (wlan0): Ignoring RA RA fe80::6283:e7ff:fe54:5223 -> ff02::1 30s 2804:29b8:509e:2ebb::/64 172800s/172800s DNS 10s 2804:29b8:1000:1::17 2804:29b8:1000:1::18  which matches RA fe80::6283:e7ff:fe54:5223 -> ff02::1 30s 2804:29b8:509e:2ebb::/64 172800s/172800s DNS 10s 2804:29b8:1000:1::17 2804:29b8:1000:1::18 
07-17 12:01:37.787 I/EPDG -- SIM1 [EpdgIntfCont]( 4800): Not Mobile Interface. Ignoring Event
07-17 12:01:37.787 I/EPDG -- SIM0 [EpdgIntfCont]( 4800): Not Mobile Interface. Ignoring Event
07-17 12:01:37.787 I/EPDG -- SIM1 [EpdgIntfCont]( 4800): Not Mobile Interface. Ignoring Event
07-17 12:01:37.787 I/EPDG -- SIM0 [EpdgIntfCont]( 4800): Not Mobile Interface. Ignoring Event
07-17 12:01:37.788 I/SurfaceFlinger( 2123): [com.sec.android.app.launcher/com.sec.android.app.launcher.activities.LauncherActivity$_5152#73100] setFrameRateCategory: NoPreference
07-17 12:01:37.788 I/HoneySpace.AppscreenContainerView( 5152): findActiveTouchController ev = 2
07-17 12:01:37.788 I/HoneySpace.AppscreenHomeTouchController( 5152): onControllerInterceptTouchEvent ev = 2
07-17 12:01:37.788 I/HoneySpace.ApplistFastRecyclerView( 5152): updateIsBeingDraggedOnTouchDown touchSlop:36, diff:3, moved:false, useLongTouchSlop:true
07-17 12:01:37.788 I/VRI[LauncherActivity]@acb92cf( 5152): call setFrameRateCategory for touch hint category=high hint, reason=touch, vri=VRI[LauncherActivity]@acb92cf
07-17 12:01:37.796 I/SurfaceFlinger( 2123): [com.sec.android.app.launcher/com.sec.android.app.launcher.activities.LauncherActivity$_5152#73100] setFrameRateCategory: HighHint
07-17 12:01:37.796 I/HoneySpace.AppscreenContainerView( 5152): findActiveTouchController ev = 2
07-17 12:01:37.796 I/HoneySpace.AppscreenHomeTouchController( 5152): onControllerInterceptTouchEvent ev = 2
07-17 12:01:37.797 I/HoneySpace.ApplistFastRecyclerView( 5152): updateIsBeingDraggedOnTouchDown touchSlop:36, diff:3, moved:false, useLongTouchSlop:true
07-17 12:01:37.805 I/HoneySpace.AppscreenContainerView( 5152): findActiveTouchController ev = 2
07-17 12:01:37.805 I/HoneySpace.AppscreenHomeTouchController( 5152): onControllerInterceptTouchEvent ev = 2
07-17 12:01:37.805 I/HoneySpace.ApplistFastRecyclerView( 5152): updateIsBeingDraggedOnTouchDown touchSlop:36, diff:4, moved:false, useLongTouchSlop:true
07-17 12:01:37.808 D/InputReader( 2493): Btn_touch(3): value=0 when=294586.396361
07-17 12:01:37.808 I/InputReader( 2493): Touch event's action is 0x1 (id=6, t=0) [pCnt=1, s=] when=294586.396361
07-17 12:01:37.808 D/InputDispatcher( 2493): Inject motion (0/0): action=0x1, time=294586396361000, f=0x0, d=0 dsdx=1.000000 dtdx=0.000000
07-17 12:01:37.808 I/InputDispatcher( 2493): Delivering touch to (5152): action: 0x1, f=0x800, d=0, '88897ff', t=1 
07-17 12:01:37.809 I/HoneySpace.AppscreenContainerView( 5152): findActiveTouchController ev = 2
07-17 12:01:37.809 I/HoneySpace.AppscreenHomeTouchController( 5152): onControllerInterceptTouchEvent ev = 2
07-17 12:01:37.809 I/HoneySpace.ApplistFastRecyclerView( 5152): updateIsBeingDraggedOnTouchDown touchSlop:36, diff:4, moved:false, useLongTouchSlop:true
07-17 12:01:37.809 I/VRI[LauncherActivity]@acb92cf( 5152): ViewPostIme pointer 1
07-17 12:01:37.809 I/HoneySpace.AppscreenContainerView( 5152): findActiveTouchController ev = 1
07-17 12:01:37.809 I/HoneySpace.AppscreenHomeTouchController( 5152): onControllerInterceptTouchEvent ev = 1
07-17 12:01:37.809 I/HoneySpace.ApplistFastRecyclerView( 5152): resetTouchState
07-17 12:01:37.813 I/HoneySpace.AppScreenClickAction( 5152): onAppClick() id: 6409, isNewDex: false
07-17 12:01:37.813 I/HoneySpace.DvfsManager( 5152): acquireAppLaunch
07-17 12:01:37.813 I/SemDvfsHyPerManager( 5152): acquire hyper - APP_LAUNCH/5152@2, type = -999
07-17 12:01:37.814 I/HYPER-HAL( 1995): [RequestManager.cpp]acquire(): Acquired ID : 13284437  [5152 / 2]    HINT : APP_LAUNCH    list : 
07-17 12:01:37.814 E/ANDR-PERF-MPCTL( 2043): ANDR-PERF-MPCTL: internal_perf_lock_acq_verification() 385: Perflock Submit request limit reached.
07-17 12:01:37.815 E/ANDR-PERF-MPCTL( 2043): ANDR-PERF-MPCTL: internal_perf_lock_acq_verification() 385: Perflock Submit request limit reached.
07-17 12:01:37.815 I/HoneySpace.ShellTransitionManager( 5152): startShellTransition com.honeyspace.sdk.transition.ShellTransition$Info@70cc2f3, forceStart: false
07-17 12:01:37.815 E/ANDR-PERF-MPCTL( 2043): ANDR-PERF-MPCTL: internal_perf_lock_acq_verification() 385: Perflock Submit request limit reached.
07-17 12:01:37.816 E/ANDR-PERF-MPCTL( 2043): ANDR-PERF-MPCTL: internal_perf_lock_acq_verification() 385: Perflock Submit request limit reached.
07-17 12:01:37.816 I/SemDvfsHyPerManager( 7337): acquire hyper - APP_START_SHORT/7337@21, type = -999
07-17 12:01:37.816 E/ANDR-PERF-MPCTL( 2043): ANDR-PERF-MPCTL: internal_perf_lock_acq_verification() 385: Perflock Submit request limit reached.
07-17 12:01:37.816 I/HoneySpace.ShellAnimationRunner( 5152): setDelegate, delegate-com.honeyspace.transition.delegate.AppLaunchAnimationDelegate@ec73bb0, strong-false
07-17 12:01:37.819 I/HoneySpace.ShellTransitionManager( 5152): open start
07-17 12:01:37.819 E/ANDR-PERF-MPCTL( 2043): ANDR-PERF-MPCTL: internal_perf_lock_acq_verification() 385: Perflock Submit request limit reached.
07-17 12:01:37.820 E/ANDR-PERF-MPCTL( 2043): ANDR-PERF-MPCTL: internal_perf_lock_acq_verification() 385: Perflock Submit request limit reached.
07-17 12:01:37.820 I/HoneySpace.Launcher( 5152): startActivityForResult request : -1
07-17 12:01:37.820 I/HYPER-HAL( 1995): [RequestManager.cpp]acquire(): Acquired ID : 27073782  [7337 / 21]    HINT : APP_START    list : [TIMEOUT / 1500] 
--------- switch to system
07-17 12:01:37.822 D/ActivityTaskManager( 2493): startActivityAsUser: callingPid=5152, callingUid=10151, caller=com.android.server.wm.ActivityTaskManagerService.startActivity:120 android.app.IActivityTaskManager$Stub.onTransact:1356 com.android.server.wm.ActivityTaskManagerService.onTransact:1 android.os.Binder.execTransactInternal:1536 android.os.Binder.execTransact:1480 <bottom of call stack> <bottom of call stack> 
07-17 12:01:37.822 I/Pageboost( 2493): onAppLaunch : com.gleidsonlm.threatevents
07-17 12:01:37.822 I/Pageboost( 2493): Record App IO : com.gleidsonlm.threatevents pid 0
07-17 12:01:37.822 D/ActivityTaskManager( 2493): TaskLaunchParamsModifier:task=null activity=null display-from-option=0 display-id=0 task-display-area-windowing-mode=1 suggested-display-area=DefaultTaskDisplayArea_d0@143688765
07-17 12:01:37.823 D/CompatChangeReporter( 2493): Compat change id reported: 151861875; UID 10397; state: ENABLED
07-17 12:01:37.823 W/OptProp ( 2493): Cannot read opt property android.window.PROPERTY_COMPAT_ALLOW_ORIENTATION_OVERRIDE
--------- switch to main
07-17 12:01:37.824 V/GrammaticalInflectionUtils( 2493): AttributionSource: AttributionSource { uid = 10397, packageName = null, attributionTag = null, token = android.os.Binder@7bee0b5, deviceId = 0, next = null } does not have READ_SYSTEM_GRAMMATICAL_GENDER permission.
--------- switch to system
07-17 12:01:37.824 W/OptProp ( 2493): Cannot read opt property android.window.PROPERTY_COMPAT_ALLOW_RESIZEABLE_ACTIVITY_OVERRIDES
07-17 12:01:37.824 W/OptProp ( 2493): Cannot read opt property android.window.PROPERTY_COMPAT_ALLOW_MIN_ASPECT_RATIO_OVERRIDE
07-17 12:01:37.825 D/WindowManager( 2493): Transition is created, t=TransitionRecord{dcfe240 id=-1 type=OPEN flags=0x0}, caller=com.android.server.wm.Transition.<init>:170 com.android.server.wm.ActivityStarter.startActivityUnchecked:330 com.android.server.wm.ActivityStarter.executeRequest:3361 com.android.server.wm.ActivityStarter.execute:1122 com.android.server.wm.ActivityTaskManagerService.startActivityAsUser:88 
07-17 12:01:37.825 D/BLASTSyncEngine( 2493): SyncGroup is created, id=5532, name=Transition-OPEN, caller=com.android.server.wm.BLASTSyncEngine$SyncGroup.<init>:51 com.android.server.wm.TransitionController.moveToCollecting:78 com.android.server.wm.ActivityStarter.startActivityUnchecked:333 com.android.server.wm.ActivityStarter.executeRequest:3361 com.android.server.wm.ActivityStarter.execute:1122 com.android.server.wm.ActivityTaskManagerService.startActivityAsUser:88 com.android.server.wm.ActivityTaskManagerService.startActivity:120 
07-17 12:01:37.825 W/BLASTSyncEngine( 2493): setSyncMethod, id=5532, method=0, caller=com.android.server.wm.TransitionController.moveToCollecting:90 com.android.server.wm.ActivityStarter.startActivityUnchecked:333 com.android.server.wm.ActivityStarter.executeRequest:3361 
07-17 12:01:37.825 V/WindowManager( 2493): Start collecting in Transition: TransitionRecord{dcfe240 id=5532 type=OPEN flags=0x0}, caller=com.android.server.wm.ActivityStarter.startActivityUnchecked:333 com.android.server.wm.ActivityStarter.executeRequest:3361 com.android.server.wm.ActivityStarter.execute:1122 com.android.server.wm.ActivityTaskManagerService.startActivityAsUser:88 com.android.server.wm.ActivityTaskManagerService.startActivity:120 
07-17 12:01:37.825 V/WindowManager( 2493): Collecting in transition 5532: ActivityRecord{5f30579 u0 com.gleidsonlm.threatevents/.MainActivity, caller=com.android.server.wm.TransitionController.collect:7 com.android.server.wm.ActivityStarter.startActivityUnchecked:626 com.android.server.wm.ActivityStarter.executeRequest:3361 com.android.server.wm.ActivityStarter.execute:1122 com.android.server.wm.ActivityTaskManagerService.startActivityAsUser:88 
07-17 12:01:37.825 D/ActivityTaskManager( 2493): TaskLaunchParamsModifier:task=null activity=ActivityRecord{5f30579 u0 com.gleidsonlm.threatevents/.MainActivity t-1} display-from-option=0 display-id=0 task-display-area-windowing-mode=1 suggested-display-area=DefaultTaskDisplayArea_d0@143688765
07-17 12:01:37.825 D/ActivityTaskManager( 2493): TaskLaunchParamsModifier:task=null activity=ActivityRecord{5f30579 u0 com.gleidsonlm.threatevents/.MainActivity t-1} display-from-option=0 display-id=0 task-display-area-windowing-mode=1 suggested-display-area=DefaultTaskDisplayArea_d0@143688765 inherit-from-source=fullscreen non-freeform-task-display-area display-area=DefaultTaskDisplayArea_d0@143688765 activity-requested-portrait freeform-size-mismatch=Rect(81, 603 - 999, 1773)
--------- switch to main
07-17 12:01:37.825 I/SemDvfsHyPerManager( 2493): acquire hyper - AMS_APP_SWITCH/2493@23, type = -999
07-17 12:01:37.825 I/HYPER-HAL( 1995): [RequestManager.cpp]acquire(): Acquired ID : 3166409  [2493 / 23]    HINT : AMS_APP_SWITCH    list : 
--------- switch to system
07-17 12:01:37.826 D/ActivityManagerPerformance( 2493): AMP_acquire() APP_SWITCH
--------- switch to main
07-17 12:01:37.826 I/SurfaceFlinger( 2123): id=73128 createSurf, flag=24004, Task=1348#73128
--------- switch to system
07-17 12:01:37.826 D/FreecessController( 2493): restrictJobsByOlaf: restrict=true, uid=10397
--------- switch to main
07-17 12:01:37.826 E/ANDR-PERF-MPCTL( 2043): ANDR-PERF-MPCTL: internal_perf_lock_acq_verification() 385: Perflock Submit request limit reached.
--------- switch to system
07-17 12:01:37.826 D/OlafRestriction( 2493):  olaf state update: state=true
07-17 12:01:37.826 D/OlafRestriction( 2493):  trigger onRestrictionStateChanged.
07-17 12:01:37.826 D/ActivityTaskManager( 2493): TaskLaunchParamsModifier:task=Task{e661f1f #1348 type=standard A=10397:com.gleidsonlm.threatevents} activity=ActivityRecord{5f30579 u0 com.gleidsonlm.threatevents/.MainActivity t-1} display-from-option=0 display-id=0 task-display-area-windowing-mode=1 suggested-display-area=DefaultTaskDisplayArea_d0@143688765 inherit-from-source=fullscreen non-freeform-task-display-area display-area=DefaultTaskDisplayArea_d0@143688765 activity-requested-portrait freeform-size-mismatch=Rect(81, 603 - 999, 1773)
--------- switch to main
07-17 12:01:37.826 E/ANDR-PERF-MPCTL( 2043): ANDR-PERF-MPCTL: internal_perf_lock_acq_verification() 385: Perflock Submit request limit reached.
--------- switch to system
07-17 12:01:37.826 V/WindowManager( 2493): Collecting in transition 5532: Task{e661f1f #1348 type=standard A=10397:com.gleidsonlm.threatevents}, caller=com.android.server.wm.Transition.collectExistenceChange:42 com.android.server.wm.ActivityStarter.setNewTask:43 com.android.server.wm.ActivityStarter.startActivityInner:281 com.android.server.wm.ActivityStarter.startActivityUnchecked:639 com.android.server.wm.ActivityStarter.executeRequest:3361 
--------- switch to main
07-17 12:01:37.827 I/SurfaceFlinger( 2123): id=73129 createSurf, flag=84004, ActivityRecord{5f30579 u0 com.gleidsonlm.threatevents/.MainActivity t1348}#73129
07-17 12:01:37.827 E/ANDR-PERF-MPCTL( 2043): ANDR-PERF-MPCTL: internal_perf_lock_acq_verification() 385: Perflock Submit request limit reached.
07-17 12:01:37.827 E/ANDR-PERF-MPCTL( 2043): ANDR-PERF-MPCTL: internal_perf_lock_acq_verification() 385: Perflock Submit request limit reached.
07-17 12:01:37.827 E/ANDR-PERF-MPCTL( 2043): ANDR-PERF-MPCTL: internal_perf_lock_acq_verification() 385: Perflock Submit request limit reached.
07-17 12:01:37.827 I/SemDvfsHyPerManager( 7337): acquire hyper - APP_START_SHORT/7337@21, type = -999
--------- switch to system
07-17 12:01:37.827 D/ActivityTaskManager( 2493): scheduleTopResumedActivityChanged, onTop=false, r=ActivityRecord{a146a38 u0 com.sec.android.app.launcher/.activities.LauncherActivity t1097}, caller=com.android.server.wm.ActivityTaskSupervisor.scheduleTopResumedActivityStateLossIfNeeded:11 com.android.server.wm.ActivityTaskSupervisor.updateTopResumedActivityIfNeeded:19 com.android.server.wm.TaskDisplayArea.positionChildAt:270 com.android.server.wm.Task.moveToFront:443 com.android.server.wm.ActivityStarter.startActivityInner:304 com.android.server.wm.ActivityStarter.startActivityUnchecked:639 
--------- switch to main
07-17 12:01:37.827 E/ANDR-PERF-MPCTL( 2043): ANDR-PERF-MPCTL: internal_perf_lock_acq_verification() 385: Perflock Submit request limit reached.
07-17 12:01:37.828 I/HYPER-HAL( 1995): [RequestManager.cpp]acquire(): Acquired ID : 27073782  [7337 / 21]    HINT : APP_START    list : [TIMEOUT / 1500] 
--------- switch to system
07-17 12:01:37.828 V/WindowManager( 2493): Checking theme of starting window: 0x7f110222
07-17 12:01:37.828 V/WindowManager( 2493): Translucent=false Floating=false ShowWallpaper=false Disable=false
07-17 12:01:37.828 D/ActivityTaskManager( 2493): addStartingWindow: type=2 typeParameter=8b
07-17 12:01:37.828 V/WindowManager( 2493): Creating SplashScreenStartingData
07-17 12:01:37.828 V/WindowManager( 2493): Add starting ActivityRecord{5f30579 u0 com.gleidsonlm.threatevents/.MainActivity t1348}: startingData=SplashScreenStartingData{a158035 waitForSyncTransactionCommit=false removeAfterTransaction= 0}
07-17 12:01:37.829 V/WindowManager( 2493): Added starting ActivityRecord{5f30579 u0 com.gleidsonlm.threatevents/.MainActivity t1348}: startingWindow=null startingView=com.android.server.wm.StartingSurfaceController$StartingSurface@635ecca
07-17 12:01:37.829 V/WindowManager( 2493): Collecting in transition 5532: ActivityRecord{5f30579 u0 com.gleidsonlm.threatevents/.MainActivity t1348}, caller=com.android.server.wm.Transition.collectExistenceChange:42 com.android.server.wm.ActivityStarter.handleStartResult:523 com.android.server.wm.ActivityStarter.startActivityUnchecked:653 com.android.server.wm.ActivityStarter.executeRequest:3361 com.android.server.wm.ActivityStarter.execute:1122 
07-17 12:01:37.829 V/WindowManager( 2493): Requesting StartTransition: TransitionRecord{dcfe240 id=5532 type=OPEN flags=0x0}, caller=com.android.server.wm.ActivityStarter.handleStartResult:677 com.android.server.wm.ActivityStarter.startActivityUnchecked:653 com.android.server.wm.ActivityStarter.executeRequest:3361 com.android.server.wm.ActivityStarter.execute:1122 com.android.server.wm.ActivityTaskManagerService.startActivityAsUser:88 
07-17 12:01:37.830 D/CompatChangeReporter( 2493): Compat change id reported: 309578419; UID 10397; state: ENABLED
07-17 12:01:37.830 I/Pageboost( 2493): stop alp
07-17 12:01:37.830 I/ActivityTaskManager( 2493): START u0 {act=android.intent.action.MAIN cat=[android.intent.category.LAUNCHER] flg=0x10200000 cmp=com.gleidsonlm.threatevents/.MainActivity bnds=[539,1107][788,1398]} with LAUNCH_SINGLE_TASK from uid 10151 (BAL_ALLOW_VISIBLE_WINDOW) result code=0
--------- switch to main
07-17 12:01:37.830 I/SemDvfsHyPerManager( 2493): acquire hyper - AMS_APP_LAUNCH/2493@20, type = -999
--------- switch to system
07-17 12:01:37.830 D/ShellStartingWindow( 4565): use preloaded icon
--------- switch to main
07-17 12:01:37.830 I/HYPER-HAL( 1995): [RequestManager.cpp]acquire(): Acquired ID : 3158861  [2493 / 20]    HINT : AMS_APP_LAUNCH    list : 
07-17 12:01:37.831 E/ANDR-PERF-MPCTL( 2043): ANDR-PERF-MPCTL: internal_perf_lock_acq_verification() 385: Perflock Submit request limit reached.
--------- switch to system
07-17 12:01:37.831 V/WindowManagerShell( 4565): Transition requested (#5532): android.os.BinderProxy@685bc62 TransitionRequestInfo { type = OPEN, triggerTask = TaskInfo{userId=0 taskId=1348 displayId=0 isRunning=true baseIntent=Intent { act=android.intent.action.MAIN cat=[android.intent.category.LAUNCHER] flg=0x10200000 cmp=com.gleidsonlm.threatevents/.MainActivity } baseActivity=ComponentInfo{com.gleidsonlm.threatevents/com.gleidsonlm.threatevents.MainActivity} topActivity=ComponentInfo{com.gleidsonlm.threatevents/com.gleidsonlm.threatevents.MainActivity} origActivity=null realActivity=ComponentInfo{com.gleidsonlm.threatevents/com.gleidsonlm.threatevents.MainActivity} numActivities=1 lastActiveTime=759462248 supportsMultiWindow=true resizeMode=1 isResizeable=true minWidth=-1 minHeight=-1 maxWidth=-1 maxHeight=-1 defaultMinSize=220 token=WCT{android.window.IWindowContainerToken$Stub$Proxy@c2341f3} topActivityType=1 pictureInPictureParams=null shouldDockBigOverlays=false launchIntoPipHostTaskId=-1 lastParentTaskIdBeforePip=-1 displayCutoutSafeInsets=Rect(0, 81 - 0, 0) topActivityInfo=ActivityInfo{e0d4eb0 com.gleidsonlm.threatevents.MainActivity} launchCookies=[android.os.BinderProxy@5c45129] positionInParent=Point(0, 0) parentTaskId=-1 isFocused=false isVisible=false isVisibleRequested=false isSleeping=false topActivityInSizeCompat=false locusId=null displayAreaFeatureId=1 isTopActivityTransparent=false isTopActivityStyleFloating=false appCompatTaskInfo=AppCompatTaskInfo { topActivityInSizeCompat=false eligibleForLetterboxEducation= false isLetterboxEducationEnabled= false isLetterboxDoubleTapEnabled= false eligibleForUserAspectRatioButton= false topActivityBoundsLetterboxed= false isFromLetterboxDoubleTap= false topActivityLetterboxVerticalPosition= -1 topActivityLetterboxHorizontalPosition= -1 topActivityLetterboxWidth=1080 topActivityLetterboxHeight=2340 topActivityLetterboxAppWidth=1080 topActivityLetterboxAppHeight=2340 isUserFullscreenOverrideEnabled=false isSystemFullscreenOverrideEnabled=false hasMinAspectRatioOverride=false cameraCompatTaskInfo=CameraCompatTaskInfo { freeformCameraCompatMode=inactive} topActivityBounds=null topActivityInDisplayCompat=false} originallySupportedMultiWindow=true hasWallpaper=false rootAffinity=10397:com.gleidsonlm.threatevents isTopTaskInStage=false topActivityUiMode=33 CoverLauncherWidgetTask=false isAllowedSeamlessRotation=false isTopTransparentActivity=false snappingGuideBounds=Rect(81, 603 - 999, 1773) isAliasManaged=false hasConfigChanged=false isAiKeyRemoveAppTask=false}, pipTask = null, remoteTransition = RemoteTransition { remoteTransition = android.window.IRemoteTransition$Stub$Proxy@8260a4f, appThread = android.app.IApplicationThread$Stub$Proxy@770a5dc, debugName = QuickstepLaunchflags =NONE }, displayChange = null, flags = 0, debugId = 5532 }
07-17 12:01:37.831 V/WindowManagerShell( 4565): RemoteTransition directly requested for (#5532) android.os.BinderProxy@685bc62: RemoteTransition { remoteTransition = android.window.IRemoteTransition$Stub$Proxy@8260a4f, appThread = android.app.IApplicationThread$Stub$Proxy@770a5dc, debugName = QuickstepLaunchflags =NONE }
--------- switch to main
07-17 12:01:37.831 D/CentralSurfaces( 4565): animateCollapsePanels(): flags: 0, force: false
07-17 12:01:37.831 E/ANDR-PERF-MPCTL( 2043): ANDR-PERF-MPCTL: internal_perf_lock_acq_verification() 385: Perflock Submit request limit reached.
07-17 12:01:37.831 E/ANDR-PERF-MPCTL( 2043): ANDR-PERF-MPCTL: internal_perf_lock_acq_verification() 385: Perflock Submit request limit reached.
07-17 12:01:37.832 I/HoneySpace.SALoggingUtils( 5152): SA Logging screenID: 201 eventId: 1001 detail: {PackageName=com.gleidsonlm.threatevents, det=3} value: -1
07-17 12:01:37.832 V/GrammaticalInflectionUtils( 2493): AttributionSource: AttributionSource { uid = 10397, packageName = null, attributionTag = null, token = android.os.Binder@7bee0b5, deviceId = 0, next = null } does not have READ_SYSTEM_GRAMMATICAL_GENDER permission.
07-17 12:01:37.832 E/ANDR-PERF-MPCTL( 2043): ANDR-PERF-MPCTL: internal_perf_lock_acq_verification() 385: Perflock Submit request limit reached.
--------- switch to system
07-17 12:01:37.832 V/WindowManager( 2493): Starting Transition 5532, caller=com.android.server.wm.WindowOrganizerController.startTransition:37 com.android.server.wm.WindowOrganizerController.startTransition:1 android.window.IWindowOrganizerController$Stub.onTransact:271 
--------- switch to main
07-17 12:01:37.833 I/ViewRootImpl( 4565): dVRR is disabled
07-17 12:01:37.833 E/ANDR-PERF-MPCTL( 2043): ANDR-PERF-MPCTL: internal_perf_lock_acq_verification() 385: Perflock Submit request limit reached.
07-17 12:01:37.833 I/HoneySpace.SuggestedAppsRepositoryImpl( 5152): sendSuggestedAppsLaunchTarget: ComponentInfo{com.gleidsonlm.threatevents/com.gleidsonlm.threatevents.MainActivity}
07-17 12:01:37.833 I/SemDvfsHyPerManager( 7337): acquire hyper - APP_START/7337@23, type = -999
07-17 12:01:37.833 I/HoneySpace.GestureInputHandler( 5152): reset
07-17 12:01:37.833 I/HoneySpace.InputSession( 5152): close
07-17 12:01:37.833 I/HYPER-HAL( 1995): [RequestManager.cpp]acquire(): Acquired ID : 27088503  [7337 / 23]    HINT : APP_START    list : 
07-17 12:01:37.834 D/NativeCustomFrequencyManager( 4565): [NativeCFMS] BpCustomFrequencyManager::BpCustomFrequencyManager()
07-17 12:01:37.835 I/HoneySpace.Launcher( 5152): !@Boot_EBS_D: Launcher.onPause()
07-17 12:01:37.835 I/HoneySpace.Launcher( 5152): updateLauncherShowing true -> false
07-17 12:01:37.835 I/HoneySpace.SPayHandler( 5152): updateSpayHandler launcher activity is paused false
--------- switch to system
07-17 12:01:37.837 V/WindowManager( 2493): Collecting in transition 5532: ActivityRecord{5f30579 u0 com.gleidsonlm.threatevents/.MainActivity t1348}, caller=com.android.server.wm.TransitionController.collect:7 com.android.server.wm.ActivityRecord.setVisibility:189 com.android.server.wm.EnsureActivitiesVisibleHelper.process:450 com.android.server.wm.TaskFragment.updateActivityVisibilities:12 com.android.server.wm.Task$$ExternalSyntheticLambda3.accept:399 
--------- switch to main
07-17 12:01:37.837 I/HoneySpace.RecentTasks( 5152): onRecentTasksChanged
--------- switch to system
07-17 12:01:37.837 V/WindowManager( 2493): Collecting in transition 5532: ActivityRecord{a146a38 u0 com.sec.android.app.launcher/.activities.LauncherActivity t1097}, caller=com.android.server.wm.TransitionController.collect:7 com.android.server.wm.ActivityRecord.setVisibility:189 com.android.server.wm.ActivityRecord.makeInvisible:39 com.android.server.wm.EnsureActivitiesVisibleHelper.process:637 com.android.server.wm.TaskFragment.updateActivityVisibilities:12 
07-17 12:01:37.837 D/WindowManager( 2493): prepareSync <SYNC_STATE_WAITING_FOR_DRAW>, mPrepareSyncSeqId=0, win=Window{d3c7c69 u0 (1-1)-Window{2ab0a39 alpha=1.0 fl=}}
07-17 12:01:37.837 D/WindowManager( 2493): prepareSync <SYNC_STATE_WAITING_FOR_DRAW>, mPrepareSyncSeqId=0, win=Window{88897ff u0 com.sec.android.app.launcher/com.sec.android.app.launcher.activities.LauncherActivity}
07-17 12:01:37.837 V/WindowManager( 2493): Collecting in transition 5532: WallpaperWindowToken{ee0eada token=android.os.Binder@d818dfc}_<lock>, caller=com.android.server.wm.Transition.collect:275 com.android.server.wm.TransitionController.collect:7 com.android.server.wm.ActivityRecord.setVisibility:189 com.android.server.wm.ActivityRecord.makeInvisible:39 com.android.server.wm.EnsureActivitiesVisibleHelper.process:637 
07-17 12:01:37.837 V/WindowManager( 2493): Collecting in transition 5532: WallpaperWindowToken{2a8d76f token=android.os.Binder@80e8a4e}_<system>, caller=com.android.server.wm.Transition.collect:300 com.android.server.wm.TransitionController.collect:7 com.android.server.wm.ActivityRecord.setVisibility:189 com.android.server.wm.ActivityRecord.makeInvisible:39 com.android.server.wm.EnsureActivitiesVisibleHelper.process:637 
--------- switch to main
07-17 12:01:37.838 I/HoneySpace.TopTaskSource( 5152): onTaskMovedToFront : taskId = 1348, displayId = 0
07-17 12:01:37.838 I/SurfaceFlinger( 2123): [Task=1348#73128] attach to parent LayerHierarchy{RequestedLayerState{DefaultTaskDisplayArea_d0#11 parentId=10} 50 children}
07-17 12:01:37.838 I/SurfaceFlinger( 2123): [ActivityRecord{5f30579 u0 com.gleidsonlm.threatevents/.MainActivity t1348}#73129] attach to parent LayerHierarchy{RequestedLayerState{Task=1348#73128 parentId=11} 1 children}
07-17 12:01:37.839 W/Layer   ( 2123): gatherBufferInfo: Received unknown dataspace from gralloc
07-17 12:01:37.840 I/HoneySpace.TopTaskUseCase( 5152): topTaskId 1348, DisplayId : 0
07-17 12:01:37.840 I/Zygote  ( 1909): Entering forkRepeatedly native zygote loop
07-17 12:01:37.840 D/InputTransport( 2493): Input channel constructed: '42cc0d2', fd=1030
07-17 12:01:37.840 D/InputTransport( 2493): Input channel constructed: '42cc0d2', fd=1062
07-17 12:01:37.840 D/InputTransport( 2493): Input channel constructed: '42cc0d2', fd=1311
--------- switch to system
07-17 12:01:37.840 D/WindowManager( 2493): prepareSync <SYNC_STATE_WAITING_FOR_DRAW>, mPrepareSyncSeqId=0, win=Window{42cc0d2 u0 Splash Screen com.gleidsonlm.threatevents}
--------- switch to main
07-17 12:01:37.840 I/SurfaceFlinger( 2123): id=73130 createSurf, flag=84004, 42cc0d2 Splash Screen com.gleidsonlm.threatevents#73130
--------- switch to system
07-17 12:01:37.842 D/RestrictionPolicy( 2493): isScreenCaptureEnabled : ret=true userId=0
07-17 12:01:37.842 V/WindowManager( 2493): addWindow: ActivityRecord{5f30579 u0 com.gleidsonlm.threatevents/.MainActivity t1348} startingWindow=Window{42cc0d2 u0 Splash Screen com.gleidsonlm.threatevents}
--------- switch to main
07-17 12:01:37.842 I/CameraService( 2482): onUidStateChanged: uid=10047, procState is changed. (0 -> 1)
--------- switch to system
07-17 12:01:37.842 V/WindowManager( 2493): rotationForOrientation(orient=SCREEN_ORIENTATION_PORTRAIT (1), last=ROTATION_0 (0)); user=ROTATION_0 (0) 
07-17 12:01:37.842 D/WindowManager( 2493): rotationForOrientation, orientationSource=ActivityRecord{5f30579 u0 com.gleidsonlm.threatevents/.MainActivity t1348}
07-17 12:01:37.842 V/WindowManager( 2493): Computed rotation=ROTATION_0 (0) for display id=0 based on lastOrientation=SCREEN_ORIENTATION_PORTRAIT (1) and oldRotation=ROTATION_0 (0), caller=com.android.server.wm.DisplayRotation.updateOrientation:25 com.android.server.wm.DisplayContent.updateOrientation:65 com.android.server.wm.DisplayContent.updateOrientation:1 com.android.server.wm.WindowManagerService.addWindow:221 com.android.server.wm.Session.addToDisplayAsUser:24 android.view.IWindowSession$Stub.onTransact:749 
--------- switch to main
07-17 12:01:37.842 D/InputTransport( 2493): Input channel destroyed: '42cc0d2', fd=1311
--------- switch to system
07-17 12:01:37.842 D/SGM:FgCheckThread( 2493): notePauseComponent(), received pkgName: com.sec.android.app.launcher, userId: 0
--------- switch to main
07-17 12:01:37.842 D/InputTransport( 4565): Input channel constructed: '42cc0d2', fd=731
--------- switch to system
07-17 12:01:37.842 D/SGM:FgCheckThread( 2493): notePauseComponent(), received pkgName: com.sec.android.app.launcher, userId: 0
07-17 12:01:37.842 D/SGM:FgCheckThread( 2493): notifyFocusInOut(). of pkg: com.sec.android.app.launcher, type: 20, isSecGameFamily: false, userId: 0
--------- switch to main
07-17 12:01:37.843 I/HoneySpace.HistoryViewModel@225099942@OneUI( 5152): Illegal access. Unknown type. skip load history items
--------- switch to system
07-17 12:01:37.843 D/SGM:GameManager( 2493): identifyGamePackage. com.sec.android.app.launcher, mCurrentUserId: 0, callerUserId: 0, callingMethodInfo: com.samsung.android.game.SemGameManager.isGamePackage(SemGameManager.java:105)
07-17 12:01:37.843 D/SGM:SemGameManager( 2493): isGamePackage(), pkgName=com.sec.android.app.launcher, ret=false
07-17 12:01:37.843 D/SGM:FgCheckThread( 2493):   notifyFocusInOut(). unexpected type. 20
--------- switch to main
07-17 12:01:37.843 I/InsetsController( 4565): onStateChanged: host=Splash Screen com.gleidsonlm.threatevents, from=android.view.ViewRootImpl.setView:1999, state=InsetsState: {mDisplayFrame=Rect(0, 0 - 1080, 2340), mDisplayCutout=DisplayCutout{insets=Rect(0, 81 - 0, 0) waterfall=Insets{left=0, top=0, right=0, bottom=0} boundingRect={Bounds=[Rect(0, 0 - 0, 0), Rect(512, 0 - 568, 81), Rect(0, 0 - 0, 0), Rect(0, 0 - 0, 0)]} cutoutPathParserInfo={CutoutPathParserInfo{displayWidth=1080 displayHeight=2340 physicalDisplayWidth=1080 physicalDisplayHeight=2340 density={3.0} cutoutSpec={M 0,0 H -9.333333333333333‬ V 27 H 9.333333333333333‬ V 0 H 0 Z @dp} rotation={0} scale={1.0} physicalPixelDisplaySizeRatio={1.0}}} sideOverrides={}}, mRoundedCorners=RoundedCorners{[RoundedCorner{position=TopLeft, radius=108, center=Point(108, 108)}, RoundedCorner{position=TopRight, radius=108, center=Point(972, 108)}, RoundedCorner{position=BottomRight, radius=108, center=Point(972, 2232)}, RoundedCorner{position=BottomLeft, radius=108, center=Point(108, 2232)}]}  mRoundedCornerFrame=Rect(0, 0 - 1080, 2340), mPrivacyIndicatorBounds=PrivacyIndicatorBounds {static bounds=Rect(948, 0 - 1080, 81) rotation=0}, mDisplayShape=DisplayShape{ spec=-311912193 displayWidth=1080 displayHeight=2340 physicalPixelDisplaySizeRatio=1.0 rotation=0 offsetX=0 offsetY=0 scale=1.0}, mSources= { InsetsSource: {85320000 mType=statusBars mFrame=[0,0][1080,81] mVisible=true mFlags= mSideHint=TOP mBoundingRects=null}, InsetsSource: {85320005 mType=mandatorySystemGestures mFrame=[0,0][1080,117] mVisible=true mFlags= mSideHint=TOP mBoundingRects=null}, InsetsSource: {85320006 mType=tappableElement mFrame=[0,0][1080,81] mVisible=true mFlags= mSideHint=TOP mBoundingRects=null}, InsetsSource: {3 mType=ime mFrame=[0,0][0,0] mVisible=false mFlags= mSideHint=NONE mBoundingRects=null}, InsetsSource: {27 mType=displayCutout mFrame=[0,0][1080,81] mVisible=true mFlags= mSideHint=TOP mBoundingRects=null}, InsetsSource: {169d0001 mType=navigationBars mFrame=[0,2295][1080,2340] mVisible=true mFlags=SUPPRESS_SCRIM mSideHint=BOTTOM mBoundingRects=null}, InsetsSource: {169d0004 mType=systemGestures mFrame=[0,0][90,2340] mVisible=true mFlags= mSideHint=LEFT mBoundingRects=null}, InsetsSource: {169d0005 mType=mandatorySystemGestures mFrame=[0,2244][1080,2340] mVisible=true mFlags= mSideHint=BOTTOM mBoundingRects=null}, InsetsSource: {169d0006 mType=tappableElement mFrame=[0,0][0,0] mVisible=true mFlags= mSideHint=NONE mBoundingRects=null}, InsetsSource: {169d0024 mType=systemGestures mFrame=[990,0][1080,2340] mVisible=true mFlags= mSideHint=RIGHT mBoundingRects=null} }
07-17 12:01:37.843 I/VRI[threatevents]@1a7d6e5( 4565): synced displayState. AttachInfo displayState=2
--------- switch to system
07-17 12:01:37.843 I/CocktailBarManagerServiceContainer( 2493): handleMessage: entry what = 6
--------- switch to main
07-17 12:01:37.843 D/SemWifiTransportLayerMonitor.TcpMonitorHandler( 2493): MSG_SAVE_PACKAGE_INFO
07-17 12:01:37.843 D/SemWifiTransportLayerFileManager( 2493): saveWifiPackageInfoToFile
07-17 12:01:37.843 D/SemWifiTransportLayerFileManager( 2493): writeWifiPackageInfoList
07-17 12:01:37.844 I/VRI[threatevents]@1a7d6e5( 4565): setView = android.widget.FrameLayout@25043c8 IsHRR=false TM=true
07-17 12:01:37.844 D/HWUI    ( 4565): HWUI - treat SMPTE_170M as sRGB
--------- switch to system
07-17 12:01:37.845 W/ProcessStats( 2493): Tracking association SourceState{12e0b8f system/1000 BFgs #851511} whose proc state 4 is better than process ProcessState{7baae1c com.grammarly.android.keyboard/10356 pkg=com.grammarly.android.keyboard} proc state 5 (14 skipped)
--------- switch to main
07-17 12:01:37.845 V/WindowManager( 2493): Relayout Window{42cc0d2 u0 Splash Screen com.gleidsonlm.threatevents}: viewVisibility=0 req=1080x2340 ty=3 d0
07-17 12:01:37.845 I/SurfaceFlinger( 2123): id=73131 createSurf, flag=44004, Splash Screen com.gleidsonlm.threatevents$_4565#73131
--------- switch to system
07-17 12:01:37.846 D/WindowManager( 2493): makeSurface duration=1 name=Splash Screen com.gleidsonlm.threatevents$_4565
07-17 12:01:37.846 D/WindowManager( 2493): Changing focus from Window{88897ff u0 com.sec.android.app.launcher/com.sec.android.app.launcher.activities.LauncherActivity} to null displayId=0 Callers=com.android.server.wm.WindowManagerService.relayoutWindowInner:142 com.android.server.wm.WindowManagerService.relayoutWindow:6 com.android.server.wm.Session.relayout:27 android.view.IWindowSession$Stub.onTransact:861 
--------- switch to main
07-17 12:01:37.846 I/SurfaceFlinger( 2123): [42cc0d2 Splash Screen com.gleidsonlm.threatevents#73130] attach to parent LayerHierarchy{RequestedLayerState{ActivityRecord{5f30579 u0 com.gleidsonlm.threatevents/.MainActivity t1348}#73129 parentId=73128} 1 children}
07-17 12:01:37.846 I/SurfaceFlinger( 2123): [Splash Screen com.gleidsonlm.threatevents$_4565#73131] attach to parent LayerHierarchy{RequestedLayerState{42cc0d2 Splash Screen com.gleidsonlm.threatevents#73130 parentId=73129} 1 children}
--------- switch to system
07-17 12:01:37.847 V/SystemKeyManager( 2493): updateFocusedWindow() is called, 
07-17 12:01:37.847 I/SystemKeyManager( 2493): isSystemKeyEventRequested() : focusedWindow is empty.
07-17 12:01:37.847 I/SystemKeyManager( 2493): isSystemKeyEventRequested() : focusedWindow is empty.
--------- switch to main
07-17 12:01:37.847 I/BpBinder( 2123): onLastStrongRef automatically unlinking death recipients: 
07-17 12:01:37.848 V/WindowManager( 2493): Relayout hash=42cc0d2, pid=4565, syncId=-1: mAttrs={(0,0)(fillxfill) sim={adjust=pan} layoutInDisplayCutoutMode=always ty=APPLICATION_STARTING fmt=TRANSLUCENT wanim=0x1030301
07-17 12:01:37.848 V/WindowManager( 2493):   fl=81030118
07-17 12:01:37.848 V/WindowManager( 2493):   pfl=10000810
07-17 12:01:37.848 V/WindowManager( 2493):   apr=18
07-17 12:01:37.848 V/WindowManager( 2493):   bhv=1
07-17 12:01:37.848 V/WindowManager( 2493):   fitSides=0
07-17 12:01:37.848 V/WindowManager( 2493):   frameRateBoostOnTouch=true
07-17 12:01:37.848 V/WindowManager( 2493):   dvrrWindowFrameRateHint=true naviIconColor=0}
07-17 12:01:37.849 I/BufferQueueProducer( 4565): [](id:11d500000de0,api:0,p:-1,c:4565) setDequeueTimeout:2077252342
07-17 12:01:37.849 I/BLASTBufferQueue_Java( 4565): new BLASTBufferQueue, mName= VRI[threatevents]@1a7d6e5 mNativeObject= 0xb40000706a77c700 sc.mNativeObject= 0xb400007072e32a80 caller= android.view.ViewRootImpl.updateBlastSurfaceIfNeeded:3397 android.view.ViewRootImpl.relayoutWindow:11361 android.view.ViewRootImpl.performTraversals:4544 android.view.ViewRootImpl.doTraversal:3708 android.view.ViewRootImpl$TraversalRunnable.run:12542 android.view.Choreographer$CallbackRecord.run:1751 android.view.Choreographer$CallbackRecord.run:1760 android.view.Choreographer.doCallbacks:1216 android.view.Choreographer.doFrame:1142 android.view.Choreographer$FrameDisplayEventReceiver.run:1707 
07-17 12:01:37.849 I/BLASTBufferQueue_Java( 4565): update, w= 1080 h= 2340 mName = VRI[threatevents]@1a7d6e5 mNativeObject= 0xb40000706a77c700 sc.mNativeObject= 0xb400007072e32a80 format= -3 caller= android.graphics.BLASTBufferQueue.<init>:88 android.view.ViewRootImpl.updateBlastSurfaceIfNeeded:3397 android.view.ViewRootImpl.relayoutWindow:11361 android.view.ViewRootImpl.performTraversals:4544 android.view.ViewRootImpl.doTraversal:3708 android.view.ViewRootImpl$TraversalRunnable.run:12542 
07-17 12:01:37.849 W/libc    ( 4565): Access denied finding property "vendor.display.enable_optimal_refresh_rate"
07-17 12:01:37.849 W/libc    ( 4565): Access denied finding property "vendor.gpp.create_frc_extension"
07-17 12:01:37.849 I/VRI[threatevents]@1a7d6e5( 4565): Relayout returned: old=(0,0,1080,2340) new=(0,0,1080,2340) relayoutAsync=false req=(1080,2340)0 dur=3 res=0x3 s={true 0xb400007049f48000} ch=true seqId=0
07-17 12:01:37.850 I/VRI[threatevents]@1a7d6e5( 4565): performConfigurationChange setNightDimText nightDimLevel=38
07-17 12:01:37.850 D/VRI[threatevents]@1a7d6e5( 4565): mThreadedRenderer.initialize() mSurface={isValid=true 0xb400007049f48000} hwInitialized=true
