07-17 11:09:12.443 W/system_server( 2493): ApkAssets: Deleting an ApkAssets object '<empty> and /data/app/~~l9C27FhO3PYFOmDeigi8Uw==/com.instagram.android-wzpT3Tu32tXxBBKsuvIl2w==/split_config.xxhdpi.apk' with 1 weak references
07-17 11:09:12.443 W/system_server( 2493): ApkAssets: Deleting an ApkAssets object '<empty> and /data/app/~~l9C27FhO3PYFOmDeigi8Uw==/com.instagram.android-wzpT3Tu32tXxBBKsuvIl2w==/split_executorch.apk' with 1 weak references
07-17 11:09:12.443 W/system_server( 2493): ApkAssets: Deleting an ApkAssets object '<empty> and /data/app/~~l9C27FhO3PYFOmDeigi8Uw==/com.instagram.android-wzpT3Tu32tXxBBKsuvIl2w==/split_heliumcore.apk' with 1 weak references
07-17 11:09:12.443 W/system_server( 2493): ApkAssets: Deleting an ApkAssets object '<empty> and /data/app/~~l9C27FhO3PYFOmDeigi8Uw==/com.instagram.android-wzpT3Tu32tXxBBKsuvIl2w==/split_heliumiab.apk' with 1 weak references
07-17 11:09:12.443 W/system_server( 2493): ApkAssets: Deleting an ApkAssets object '<empty> and /data/app/~~l9C27FhO3PYFOmDeigi8Uw==/com.instagram.android-wzpT3Tu32tXxBBKsuvIl2w==/split_pytorch.apk' with 1 weak references
07-17 11:09:12.443 W/system_server( 2493): ApkAssets: Deleting an ApkAssets object '<empty> and /data/app/~~l9C27FhO3PYFOmDeigi8Uw==/com.instagram.android-wzpT3Tu32tXxBBKsuvIl2w==/split_s_audio_stream_processor_configurable_audio.apk' with 1 weak references
07-17 11:09:12.443 W/system_server( 2493): ApkAssets: Deleting an ApkAssets object '<empty> and /data/app/~~l9C27FhO3PYFOmDeigi8Uw==/com.instagram.android-wzpT3Tu32tXxBBKsuvIl2w==/split_s_executorch_pytorch.apk' with 1 weak references
07-17 11:09:12.443 W/system_server( 2493): ApkAssets: Deleting an ApkAssets object '<empty> and /data/app/~~l9C27FhO3PYFOmDeigi8Uw==/com.instagram.android-wzpT3Tu32tXxBBKsuvIl2w==/split_spm.apk' with 1 weak references
07-17 11:09:12.443 W/system_server( 2493): ApkAssets: Deleting an ApkAssets object '<empty> and /data/app/~~rqZp3vf50mMNPEf-_QxweA==/com.microsoft.office.officehubrow-HKu3cg2NE9qofFhpiYKhjg==/base.apk' with 1 weak references
07-17 11:09:12.443 W/system_server( 2493): ApkAssets: Deleting an ApkAssets object '<empty> and /data/app/~~rqZp3vf50mMNPEf-_QxweA==/com.microsoft.office.officehubrow-HKu3cg2NE9qofFhpiYKhjg==/split_config.en.apk' with 1 weak references
07-17 11:09:12.443 W/system_server( 2493): ApkAssets: Deleting an ApkAssets object '<empty> and /data/app/~~rqZp3vf50mMNPEf-_QxweA==/com.microsoft.office.officehubrow-HKu3cg2NE9qofFhpiYKhjg==/split_config.es.apk' with 1 weak references
07-17 11:09:12.443 W/system_server( 2493): ApkAssets: Deleting an ApkAssets object '<empty> and /data/app/~~a8-xoeBdHTNknuVfLOYvoQ==/com.google.android.googlequicksearchbox-rhGxPU4AM5FEXY_VFxQVMg==/base.apk' with 1 weak references
07-17 11:09:12.444 W/system_server( 2493): ApkAssets: Deleting an ApkAssets object '<empty> and /data/app/~~rqZp3vf50mMNPEf-_QxweA==/com.microsoft.office.officehubrow-HKu3cg2NE9qofFhpiYKhjg==/split_config.pt.apk' with 1 weak references
07-17 11:09:12.444 W/system_server( 2493): ApkAssets: Deleting an ApkAssets object '<empty> and /data/app/~~rqZp3vf50mMNPEf-_QxweA==/com.microsoft.office.officehubrow-HKu3cg2NE9qofFhpiYKhjg==/split_config.xxhdpi.apk' with 1 weak references
07-17 11:09:12.444 W/system_server( 2493): ApkAssets: Deleting an ApkAssets object '<empty> and /data/app/~~rqZp3vf50mMNPEf-_QxweA==/com.microsoft.office.officehubrow-HKu3cg2NE9qofFhpiYKhjg==/split_lenssampledoc.apk' with 1 weak references
07-17 11:09:12.444 W/system_server( 2493): ApkAssets: Deleting an ApkAssets object '<empty> and /data/app/~~rqZp3vf50mMNPEf-_QxweA==/com.microsoft.office.officehubrow-HKu3cg2NE9qofFhpiYKhjg==/split_mainassetpack.apk' with 1 weak references
07-17 11:09:12.444 W/system_server( 2493): ApkAssets: Deleting an ApkAssets object '<empty> and /data/app/~~a8-xoeBdHTNknuVfLOYvoQ==/com.google.android.googlequicksearchbox-rhGxPU4AM5FEXY_VFxQVMg==/split_config.xxhdpi.apk' with 1 weak references
07-17 11:09:12.444 W/system_server( 2493): ApkAssets: Deleting an ApkAssets object '<empty> and /data/app/~~a8-xoeBdHTNknuVfLOYvoQ==/com.google.android.googlequicksearchbox-rhGxPU4AM5FEXY_VFxQVMg==/split_lens_ondevice_engine_feature_module.apk' with 1 weak references
07-17 11:09:12.444 W/system_server( 2493): ApkAssets: Deleting an ApkAssets object '<empty> and /data/app/~~a8-xoeBdHTNknuVfLOYvoQ==/com.google.android.googlequicksearchbox-rhGxPU4AM5FEXY_VFxQVMg==/split_lens_ondevice_engine_play_ml_module.apk' with 1 weak references
07-17 11:09:12.444 W/system_server( 2493): ApkAssets: Deleting an ApkAssets object '<empty> and /data/app/~~a8-xoeBdHTNknuVfLOYvoQ==/com.google.android.googlequicksearchbox-rhGxPU4AM5FEXY_VFxQVMg==/split_tclib_native_feature_module.apk' with 1 weak references
07-17 11:09:12.444 W/system_server( 2493): ApkAssets: Deleting an ApkAssets object '<empty> and /data/app/~~gSXG-YmImZas6QPg4OUaEg==/com.twitter.android-pWHO2XsqEevMh1rWqrstAg==/base.apk' with 1 weak references
07-17 11:09:12.444 W/system_server( 2493): ApkAssets: Deleting an ApkAssets object '<empty> and /data/app/~~gSXG-YmImZas6QPg4OUaEg==/com.twitter.android-pWHO2XsqEevMh1rWqrstAg==/split_config.arm64_v8a.apk' with 1 weak references
07-17 11:09:12.444 W/system_server( 2493): ApkAssets: Deleting an ApkAssets object '<empty> and /data/app/~~gSXG-YmImZas6QPg4OUaEg==/com.twitter.android-pWHO2XsqEevMh1rWqrstAg==/split_config.en.apk' with 1 weak references
07-17 11:09:12.444 W/system_server( 2493): ApkAssets: Deleting an ApkAssets object '<empty> and /data/app/~~gSXG-YmImZas6QPg4OUaEg==/com.twitter.android-pWHO2XsqEevMh1rWqrstAg==/split_config.es.apk' with 1 weak references
07-17 11:09:12.444 W/system_server( 2493): ApkAssets: Deleting an ApkAssets object '<empty> and /data/app/~~gSXG-YmImZas6QPg4OUaEg==/com.twitter.android-pWHO2XsqEevMh1rWqrstAg==/split_config.pt.apk' with 1 weak references
07-17 11:09:12.444 W/system_server( 2493): ApkAssets: Deleting an ApkAssets object '<empty> and /data/app/~~gSXG-YmImZas6QPg4OUaEg==/com.twitter.android-pWHO2XsqEevMh1rWqrstAg==/split_config.xxhdpi.apk' with 1 weak references
07-17 11:09:12.444 W/system_server( 2493): ApkAssets: Deleting an ApkAssets object '<empty> and /product/app/GoogleCalendarSyncAdapter/GoogleCalendarSyncAdapter.apk' with 1 weak references
07-17 11:09:12.444 W/system_server( 2493): ApkAssets: Deleting an ApkAssets object '<empty> and /data/app/~~l4aWhZUTM684pn_OpxiiFw==/com.samsung.android.app.reminder-MiUgAM-3WvRL5UBnv1kSBA==/base.apk' with 1 weak references
07-17 11:09:12.445 W/system_server( 2493): ApkAssets: Deleting an ApkAssets object '<empty> and /data/app/~~DtcgUPSHCAMNyFS_wuDwqA==/com.samsung.android.scloud-aqKJk3tPQxjIOg2hzP4MBA==/base.apk' with 1 weak references
07-17 11:09:12.445 W/system_server( 2493): ApkAssets: Deleting an ApkAssets object '<empty> and /data/app/~~CuOgcI_I9bRRXfD6mRO06A==/com.google.android.calendar-x8BfIxiPXGpnwn9J1G57Lw==/base.apk' with 1 weak references
07-17 11:09:12.445 W/system_server( 2493): ApkAssets: Deleting an ApkAssets object '<empty> and /data/app/~~CuOgcI_I9bRRXfD6mRO06A==/com.google.android.calendar-x8BfIxiPXGpnwn9J1G57Lw==/split_config.arm64_v8a.apk' with 1 weak references
07-17 11:09:12.445 W/system_server( 2493): ApkAssets: Deleting an ApkAssets object '<empty> and /data/app/~~CuOgcI_I9bRRXfD6mRO06A==/com.google.android.calendar-x8BfIxiPXGpnwn9J1G57Lw==/split_config.en.apk' with 1 weak references
07-17 11:09:12.445 W/system_server( 2493): ApkAssets: Deleting an ApkAssets object '<empty> and /data/app/~~CuOgcI_I9bRRXfD6mRO06A==/com.google.android.calendar-x8BfIxiPXGpnwn9J1G57Lw==/split_config.es.apk' with 1 weak references
07-17 11:09:12.445 W/system_server( 2493): ApkAssets: Deleting an ApkAssets object '<empty> and /data/app/~~CuOgcI_I9bRRXfD6mRO06A==/com.google.android.calendar-x8BfIxiPXGpnwn9J1G57Lw==/split_config.pt.apk' with 1 weak references
07-17 11:09:12.445 W/system_server( 2493): ApkAssets: Deleting an ApkAssets object '<empty> and /data/app/~~CuOgcI_I9bRRXfD6mRO06A==/com.google.android.calendar-x8BfIxiPXGpnwn9J1G57Lw==/split_config.xxhdpi.apk' with 1 weak references
07-17 11:09:12.448 I/Routine@Core[4.8.02.21]: InstanceCleaner(25663): clean() - listToDelete is Empty !
07-17 11:09:12.448 I/Routine@Core[4.8.02.21]: InstanceCleaner(25663): clean() - end
07-17 11:09:12.448 I/artd    (29694): GetBestInfo: odex next to the dex file (/data/app/~~GNhufwb5DI-fGY-DW0935w==/com.google.android.dialer-oLbS_OUBva2mWlE-RL1ncA==/oat/arm64/base.odex) is kOatUpToDate with filter 'speed-profile' executable 'false'
07-17 11:09:12.454 I/Routine@Core[4.8.02.21]: Pref(25663): putSharedPrefsData: key=pref_metaloader_status, data.size=9
07-17 11:09:12.455 I/artd    (29694): GetBestInfo: odex next to the dex file (/data/app/~~31Ol00RDNq6UmDtCUbtpAw==/com.samsung.android.kmxservice-B2etSnP013vuZlIeGEQGsQ==/oat/arm64/base.odex) is kOatCannotOpen: In oat file '/data/app/~~31Ol00RDNq6UmDtCUbtpAw==/com.samsung.android.kmxservice-B2etSnP013vuZlIeGEQGsQ==/oat/arm64/base.odex': invalid oat header: Invalid oat version, expected 0x32353900, got 0x32353100.
07-17 11:09:12.455 W/Finsky  ( 4573): [2] STU: Failed to get storage stats for package 'com.google.android.mediaprovider' (1601: Error getting stats: android.content.pm.PackageManager.NameNotFoundException)
07-17 11:09:12.455 W/Finsky  ( 4573): [2] STU: Failed to get storage stats for package 'com.samsung.android.camera.qciq' (1601: Error getting stats: android.content.pm.PackageManager.NameNotFoundException)
07-17 11:09:12.455 I/artd    (29694): GetBestInfo: vdex next to the dex file (/data/app/~~31Ol00RDNq6UmDtCUbtpAw==/com.samsung.android.kmxservice-B2etSnP013vuZlIeGEQGsQ==/oat/arm64/base.vdex) is kOatUpToDate with filter 'verify' executable 'false'
07-17 11:09:12.462 I/Routine@Core[4.8.02.21]: Pref(25663): putSharedPrefsData: key=routine_meta_data_loading_statue, data.size=8
07-17 11:09:12.462 W/Finsky  ( 4573): [2] STU: Failed to get storage stats for package 'com.android.virt' (1601: Error getting stats: android.content.pm.PackageManager.NameNotFoundException)
07-17 11:09:12.463 W/Finsky  ( 4573): [2] STU: Failed to get storage stats for package 'com.android.btservices' (1601: Error getting stats: android.content.pm.PackageManager.NameNotFoundException)
07-17 11:09:12.463 W/Finsky  ( 4573): [2] STU: Failed to get storage stats for package 'com.google.android.resolv' (1601: Error getting stats: android.content.pm.PackageManager.NameNotFoundException)
07-17 11:09:12.464 I/artd    (29694): GetBestInfo: odex next to the dex file (/data/app/~~edox2eKYhJym56Doql8seA==/com.google.android.apps.bard-wqYdi90w3qMyh8vTYsUQpA==/oat/arm64/base.odex) is kOatCannotOpen: In oat file '/data/app/~~edox2eKYhJym56Doql8seA==/com.google.android.apps.bard-wqYdi90w3qMyh8vTYsUQpA==/oat/arm64/base.odex': invalid oat header: Invalid oat version, expected 0x32353900, got 0x32353100.
07-17 11:09:12.465 I/AccountReloadObserver(10789): [C] received action: android.intent.action.PACKAGE_ADDED, dat: package:com.gleidsonlm.threatevents
07-17 11:09:12.465 I/artd    (29694): GetBestInfo: vdex next to the dex file (/data/app/~~edox2eKYhJym56Doql8seA==/com.google.android.apps.bard-wqYdi90w3qMyh8vTYsUQpA==/oat/arm64/base.vdex) is kOatUpToDate with filter 'verify' executable 'false'
07-17 11:09:12.465 I/AccountReloadObserver(10789): [C] request reload: 3
07-17 11:09:12.465 I/AccountReloadObserver(10789): [C] received action: android.intent.action.PACKAGE_CHANGED, dat: package:com.gleidsonlm.threatevents
07-17 11:09:12.465 I/AccountTypeModel(10789): [C] account reload start: 3
07-17 11:09:12.465 I/AccountReloadObserver(10789): [C] request reload: 3
07-17 11:09:12.465 D/SecContentProvider( 2493): query(), uri = 30 selection = isLocalContactStorageAllowed
--------- switch to system
07-17 11:09:12.465 D/SecContentProvider( 2493): called from com.samsung.android.app.contacts
--------- switch to main
07-17 11:09:12.465 D/RestrictionPolicy( 2493): isLocalContactStorageAllowed
07-17 11:09:12.465 D/RestrictionPolicy( 2493): isLocalContactStorageAllowed(0) : true
07-17 11:09:12.466 W/WearableService(13820): onGetService: Wear is not available on this device.
07-17 11:09:12.467 I/Routine@Core[4.8.02.21]: DatabaseJobIntentService(25663): Stop no more task
07-17 11:09:12.468 I/Routine@Core[4.8.02.21]: RoutineService(25663): onDestroy
07-17 11:09:12.468 I/Routine@Core[4.8.02.21]: MetadataLoaderJobService(25663): onDestroy
07-17 11:09:12.470 I/Routine@Core[4.8.02.21]: MetadataSyncHistory(25663): isMetaDataSyncedWithVersion: latest=41ff201f2fe09e9dede9808f7133caa2f03620cb, currentVersion=41ff201f2fe09e9dede9808f7133caa2f03620cb
07-17 11:09:12.470 D/SemWifiSwitchForIndividualAppsService( 2493): isSkipNetworkCondition - result:2
07-17 11:09:12.471 I/AccountTypeLoader(10789): [C] add secure accounts (Knox:false, table:false)
07-17 11:09:12.472 E/Routine@Core[4.8.02.21]: WearNodeHelper(25663): getConnectedNearlyNodes: ExecutionException - java.util.concurrent.ExecutionException: com.google.android.gms.common.api.ApiException: 17: API: Wearable.API is not available on this device. Connection failed with: ConnectionResult{statusCode=API_UNAVAILABLE, resolution=null, message=null}
07-17 11:09:12.473 W/Finsky  ( 4573): [2] STU: Failed to get storage stats for package 'com.google.android.configinfrastructure' (1601: Error getting stats: android.content.pm.PackageManager.NameNotFoundException)
07-17 11:09:12.473 W/Finsky  ( 4573): [2] STU: Failed to get storage stats for package 'com.google.android.media' (1601: Error getting stats: android.content.pm.PackageManager.NameNotFoundException)
07-17 11:09:12.475 I/artd    (29694): GetBestInfo: odex next to the dex file (/data/app/~~d_4W6HXhpkG_gNosyi0bHw==/com.google.android.apps.maps-2srn4sj2ieNy8Ae94QuTOg==/oat/arm64/base.odex) is kOatUpToDate with filter 'speed-profile' executable 'false'
07-17 11:09:12.478 I/AccountTypeLoader(10789): [C] add readonly account (readonly:false, table:false, att:false)
07-17 11:09:12.478 I/TelephonyDataSource(10789): [C] isMultiSimModel multiSimConfig : dsds
07-17 11:09:12.478 I/SimModel(10789): [C] isMultiSimModel : true
07-17 11:09:12.478 I/AccountTypeLoader(10789): [C] add sim1 account(support:true, multi:true)
07-17 11:09:12.478 I/EsimUtil(10789): [C] simslot : SIM_SLOT_1, esim :false
07-17 11:09:12.478 I/CmcSettingManager(10789): cmc activation : 0
07-17 11:09:12.478 I/TelephonyDataSource(10789): [C] isMultiSimModel multiSimConfig : dsds
07-17 11:09:12.478 I/SimModel(10789): [C] isMultiSimModel : true
07-17 11:09:12.480 I/SimModel(10789): [C] CompleteActiveSubscriptionInfoList : 1
07-17 11:09:12.481 I/SimDataSource(10789): [C] getSimIconIndex() iccTypeSlot : 0,2
07-17 11:09:12.481 I/SimDataSource(10789): [C] getSimIconIndex() [0] nIndex : 14
07-17 11:09:12.481 I/SimDataSource(10789): [C] getSimIcon(0) simIcon: 2131232328, iconIdx: 14
07-17 11:09:12.482 I/artd    (29694): GetBestInfo: odex next to the dex file (/data/app/~~DQG6DWJiL2hLEZoUHfpJuQ==/com.cloudflare.onedotonedotonedotone-KyRPKziDOPuJM6paMswT_Q==/oat/arm64/base.odex) is kOatUpToDate with filter 'speed-profile' executable 'false'
07-17 11:09:12.482 D/SecContentProvider2( 2493): query(), uri = 18 selection = isCopyContactToSimAllowed
07-17 11:09:12.482 D/SecContentProvider2( 2493): isCopyContactToSimAllowed = true
07-17 11:09:12.483 E/ANDR-PERF-MPCTL( 2043): ANDR-PERF-MPCTL: internal_perf_lock_acq_verification() 385: Perflock Submit request limit reached.
07-17 11:09:12.484 I/LayerHistory( 2123): com.sec.android.app.launcher/com.sec.android.app.launcher.activities.LauncherActivity$_5152#72376 Max (can't resolve refresh rate)
07-17 11:09:12.484 I/LayerHistory( 2123): StatusBar$_4565#105 Max (can't resolve refresh rate)
07-17 11:09:12.484 I/SurfaceFlinger( 2123): Idle - choose 24.00 Hz
07-17 11:09:12.484 I/HWComposer( 2123): [4630947059332006275] ActiveConfigToHWC, ID : 8
07-17 11:09:12.484 D/SurfaceFlinger( 2123): GPIS:: requestGPISForClientComposition
07-17 11:09:12.484 I/SDM     ( 2027): HWDeviceDRM::SetDisplaySwitchMode: [DispConfigs] check hs_mode 3
07-17 11:09:12.484 W/SDM     ( 2027): HWDeviceDRM::GetSupportedBitClkRate: Requested rate not supported: 951080000
07-17 11:09:12.484 W/SDM     ( 2027): HWDeviceDRM::GetSupportedBitClkRate: Requested rate not supported: 951080000
07-17 11:09:12.484 I/SDM     ( 2027): HWDeviceDRM::SetDisplaySwitchMode: [DispConfigs] Set mode index:9 1080x2340x24xcmdPHS, hs_mode(3), found_mode(1)
07-17 11:09:12.484 I/SDM     ( 2027): HWDeviceDRM::UpdateMixerAttributes: Mixer WxH 1080x2340-1 for Peripheral
07-17 11:09:12.485 I/SDM     ( 2027): HWCDisplay::SubmitDisplayConfig: Active configuration changed from config 0 to 8
07-17 11:09:12.486 I/SimModel(10789): [C] CompleteActiveSubscriptionInfoList : 1
07-17 11:09:12.486 I/AccountTypeLoader(10789): [C] add sim2 account(support:true, opportunistic:false)
07-17 11:09:12.486 I/EsimUtil(10789): [C] simslot : SIM_SLOT_2, slotswitch : tsds2, esimState : false
07-17 11:09:12.486 I/CmcSettingManager(10789): cmc activation : 0
07-17 11:09:12.486 I/TelephonyDataSource(10789): [C] isMultiSimModel multiSimConfig : dsds
07-17 11:09:12.486 I/SimModel(10789): [C] isMultiSimModel : true
07-17 11:09:12.486 I/artd    (29694): GetBestInfo: odex next to the dex file (/data/app/~~rTbswYJqEIXH3GTrV-oFRA==/com.google.android.apps.messaging-K0DycuIL9cOkcQEK4RsQ1w==/oat/arm64/base.odex) is kOatUpToDate with filter 'speed-profile' executable 'false'
07-17 11:09:12.488 I/SimModel(10789): [C] CompleteActiveSubscriptionInfoList : 1
07-17 11:09:12.488 I/SimDataSource(10789): [C] getSimIconIndex() iccTypeSlot : 0,2
07-17 11:09:12.488 I/SimDataSource(10789): [C] getSimIconIndex() [1] nIndex : 0
07-17 11:09:12.488 I/SimDataSource(10789): [C] getSimIcon(1) simIcon: 2131232327, iconIdx: 0
07-17 11:09:12.489 D/SecContentProvider2( 2493): query(), uri = 18 selection = isCopyContactToSimAllowed
07-17 11:09:12.489 I/VSyncReactor( 2123): Current= 120, Period= 24, hwcPeriod= 24
07-17 11:09:12.489 W/WearableService(13820): onGetService: Wear is not available on this device.
07-17 11:09:12.489 D/SecContentProvider2( 2493): isCopyContactToSimAllowed = true
07-17 11:09:12.490 I/AccountTypeLoader(10789): [C] add syncable account types
07-17 11:09:12.492 I/artd    (29694): GetBestInfo: odex next to the dex file (/data/app/~~a8-xoeBdHTNknuVfLOYvoQ==/com.google.android.googlequicksearchbox-rhGxPU4AM5FEXY_VFxQVMg==/oat/arm64/base.odex) is kOatUpToDate with filter 'speed-profile' executable 'false'
07-17 11:09:12.493 E/Routine@Core[4.8.02.21]: WearNodeManagerImpl(25663): getNodeId: exception - com.google.android.gms.common.api.ApiException: 17: API: Wearable.API is not available on this device. Connection failed with: ConnectionResult{statusCode=API_UNAVAILABLE, resolution=null, message=null}
07-17 11:09:12.493 I/Routine@Core[4.8.02.21]: WearNodeManagerImpl(25663): getConnectedNodeIdByCapability nodeId:null
07-17 11:09:12.493 I/Routine@Core[4.8.02.21]: WearCommonDataStore(25663): getLastConnectedNodeId: null
07-17 11:09:12.493 I/Routine@Core[4.8.02.21]: WEAR/WearRoutineHostSenderImpl(25663): requestToUpdateMetas: nodeId is null
07-17 11:09:12.494 I/artd    (29694): GetBestInfo: odex next to the dex file (/data/app/~~a8-xoeBdHTNknuVfLOYvoQ==/com.google.android.googlequicksearchbox-rhGxPU4AM5FEXY_VFxQVMg==/oat/arm/base.odex) is kOatUpToDate with filter 'speed-profile' executable 'false'
07-17 11:09:12.495 I/AccountTypeLoader(10789): [C]  > added: accountType : com.google, dataSet : null
07-17 11:09:12.495 I/ExternalAccountType(10789): [C] loadContactsXml : com.google.android.apps.tachyon
07-17 11:09:12.496 I/ExternalAccountType(10789): [C] Metadata loaded from: com.google.android.apps.tachyon, com.google.android.apps.tachyon.contacts.sync.SyncService, android.provider.CONTACTS_STRUCTURE
07-17 11:09:12.497 I/AccountTypeLoader(10789): [C]  > added: accountType : com.google.android.apps.tachyon, dataSet : null, resource : com.google.android.apps.tachyon, adapter : com.google.android.apps.tachyon, isExtension : false
07-17 11:09:12.497 I/ExternalAccountType(10789): [C] loadContactsXml : com.whatsapp
07-17 11:09:12.497 I/ExternalAccountType(10789): [C] Metadata loaded from: com.whatsapp, com.whatsapp.contact.ui.sync.ContactsSyncAdapterService, android.provider.CONTACTS_STRUCTURE
07-17 11:09:12.498 I/AccountTypeLoader(10789): [C]  > added: accountType : com.whatsapp, dataSet : null, resource : com.whatsapp, adapter : com.whatsapp, isExtension : false
07-17 11:09:12.498 W/Finsky  ( 4573): [2] STU: Failed to get storage stats for package 'com.android.vndk.v33' (1601: Error getting stats: android.content.pm.PackageManager.NameNotFoundException)
07-17 11:09:12.499 I/AccountTypeLoader(10789): [C]  > added: accountType : com.google.android.gm.exchange, dataSet : null
07-17 11:09:12.500 I/AccountTypeLoader(10789): [C]  > added: accountType : com.osp.app.signin, dataSet : null
07-17 11:09:12.500 I/AccountTypeLoader(10789): [C]  > added: accountType : com.samsung.android.coreapps, dataSet : null
07-17 11:09:12.500 I/ExternalAccountType(10789): [C] loadContactsXml : com.microsoft.teams
07-17 11:09:12.503 I/ExternalAccountType(10789): [C] Metadata loaded from: com.microsoft.teams, com.microsoft.skype.teams.calling.nativephonebookintegration.AccountService, android.provider.CONTACTS_STRUCTURE
07-17 11:09:12.503 I/AccountTypeLoader(10789): [C]  > added: accountType : com.microsoft.teams, dataSet : null, resource : com.microsoft.teams, adapter : com.microsoft.teams, isExtension : false
07-17 11:09:12.503 I/ExternalAccountType(10789): [C] loadContactsXml : com.microsoft.office.outlook
07-17 11:09:12.503 I/artd    (29694): GetBestInfo: odex next to the dex file (/data/app/~~aR9XupgPE_viZsAEC4o0ag==/com.google.android.documentsui-msmKEaCU-SWOzDzIFbtxxQ==/oat/arm64/base.odex) is kOatUpToDate with filter 'speed-profile' executable 'false'
07-17 11:09:12.504 I/ExternalAccountType(10789): [C] Metadata loaded from: com.microsoft.office.outlook, com.microsoft.office.outlook.contactsync.adapter.ContactSyncAdapterService, android.provider.CONTACTS_STRUCTURE
07-17 11:09:12.505 I/AccountTypeLoader(10789): [C]  > added: accountType : com.microsoft.office.outlook.USER_ACCOUNT, dataSet : null, resource : com.microsoft.office.outlook, adapter : com.microsoft.office.outlook, isExtension : false
07-17 11:09:12.505 I/ExternalAccountType(10789): [C] loadContactsXml : com.google.android.apps.plus
07-17 11:09:12.506 I/ExternalAccountType(10789): [C] Package was found, but that doesn't contain the CONTACTS_STRUCTURE metadata
07-17 11:09:12.506 I/AccountTypeLoader(10789): [C] add syncable accounts (table:false, UIM:false, Samsung:false)
07-17 11:09:12.509 I/artd    (29694): GetBestInfo: odex next to the dex file (/data/app/~~T3ebcD8LGCIUBgA4hz6CNg==/com.osp.app.signin-h0HRPeGCFyBePd4lEvAPwg==/oat/arm64/base.odex) is kOatCannotOpen: In oat file '/data/app/~~T3ebcD8LGCIUBgA4hz6CNg==/com.osp.app.signin-h0HRPeGCFyBePd4lEvAPwg==/oat/arm64/base.odex': invalid oat header: Invalid oat version, expected 0x32353900, got 0x32353100.
07-17 11:09:12.509 I/artd    (29694): GetBestInfo: vdex next to the dex file (/data/app/~~T3ebcD8LGCIUBgA4hz6CNg==/com.osp.app.signin-h0HRPeGCFyBePd4lEvAPwg==/oat/arm64/base.vdex) is kOatUpToDate with filter 'verify' executable 'false'
07-17 11:09:12.510 I/AccountTypeLoader(10789): [C]  > added account: com.whatsapp
07-17 11:09:12.511 I/AccountTypeLoader(10789): [C]  > added account: com.google
07-17 11:09:12.511 I/AccountTypeLoader(10789): [C]  > added account: com.google.android.apps.tachyon
07-17 11:09:12.511 I/AccountTypeLoader(10789): [C]  > added account: com.osp.app.signin
07-17 11:09:12.520 I/AccountTypeModel(10789): [C] Accounts and types are same. loaded = true
07-17 11:09:12.521 I/AccountTypeModel(10789): [C] account reload finish: 3
07-17 11:09:12.521 I/AccountTypeModel(10789): [C] account reload start: 3
07-17 11:09:12.521 D/SecContentProvider( 2493): query(), uri = 30 selection = isLocalContactStorageAllowed
--------- switch to system
07-17 11:09:12.521 D/SecContentProvider( 2493): called from com.samsung.android.app.contacts
--------- switch to main
07-17 11:09:12.521 D/RestrictionPolicy( 2493): isLocalContactStorageAllowed
07-17 11:09:12.521 D/RestrictionPolicy( 2493): isLocalContactStorageAllowed(0) : true
07-17 11:09:12.523 I/AccountTypeLoader(10789): [C] add secure accounts (Knox:false, table:false)
07-17 11:09:12.528 I/AccountTypeLoader(10789): [C] add readonly account (readonly:false, table:false, att:false)
07-17 11:09:12.528 I/TelephonyDataSource(10789): [C] isMultiSimModel multiSimConfig : dsds
07-17 11:09:12.528 I/SimModel(10789): [C] isMultiSimModel : true
07-17 11:09:12.528 I/AccountTypeLoader(10789): [C] add sim1 account(support:true, multi:true)
07-17 11:09:12.528 I/EsimUtil(10789): [C] simslot : SIM_SLOT_1, esim :false
07-17 11:09:12.528 I/CmcSettingManager(10789): cmc activation : 0
07-17 11:09:12.528 I/TelephonyDataSource(10789): [C] isMultiSimModel multiSimConfig : dsds
07-17 11:09:12.528 I/SimModel(10789): [C] isMultiSimModel : true
07-17 11:09:12.530 I/SimModel(10789): [C] CompleteActiveSubscriptionInfoList : 1
07-17 11:09:12.530 I/artd    (29694): GetBestInfo: dm (/data/app/~~41apXbSAeuDtLbeKW1UZJw==/br.gov.pb.precodahora--WqXMMZtSRzIA59SRgGUXA==/base.dm) is kOatUpToDate with filter 'verify' executable 'false'
07-17 11:09:12.530 I/SimDataSource(10789): [C] getSimIconIndex() iccTypeSlot : 0,2
07-17 11:09:12.530 I/SimDataSource(10789): [C] getSimIconIndex() [0] nIndex : 14
07-17 11:09:12.530 I/SimDataSource(10789): [C] getSimIcon(0) simIcon: 2131232328, iconIdx: 14
07-17 11:09:12.531 D/SecContentProvider2( 2493): query(), uri = 18 selection = isCopyContactToSimAllowed
07-17 11:09:12.532 D/SecContentProvider2( 2493): isCopyContactToSimAllowed = true
07-17 11:09:12.534 I/SimModel(10789): [C] CompleteActiveSubscriptionInfoList : 1
07-17 11:09:12.534 I/AccountTypeLoader(10789): [C] add sim2 account(support:true, opportunistic:false)
07-17 11:09:12.534 I/EsimUtil(10789): [C] simslot : SIM_SLOT_2, slotswitch : tsds2, esimState : false
07-17 11:09:12.534 I/CmcSettingManager(10789): cmc activation : 0
07-17 11:09:12.534 I/TelephonyDataSource(10789): [C] isMultiSimModel multiSimConfig : dsds
07-17 11:09:12.534 I/SimModel(10789): [C] isMultiSimModel : true
07-17 11:09:12.536 I/SimModel(10789): [C] CompleteActiveSubscriptionInfoList : 1
07-17 11:09:12.536 I/SimDataSource(10789): [C] getSimIconIndex() iccTypeSlot : 0,2
07-17 11:09:12.536 I/SimDataSource(10789): [C] getSimIconIndex() [1] nIndex : 0
07-17 11:09:12.536 I/SimDataSource(10789): [C] getSimIcon(1) simIcon: 2131232327, iconIdx: 0
07-17 11:09:12.536 D/SecContentProvider2( 2493): query(), uri = 18 selection = isCopyContactToSimAllowed
07-17 11:09:12.536 I/artd    (29694): GetBestInfo: odex next to the dex file (/data/app/~~fbD4WrYW0p-1wHW3e_7UAg==/com.gleidsonlm.threatevents-9uH1vPEHcrRMyXCxnpWl5g==/oat/arm64/base.odex) is kOatUpToDate with filter 'verify' executable 'false'
07-17 11:09:12.536 D/SecContentProvider2( 2493): isCopyContactToSimAllowed = true
07-17 11:09:12.538 I/AccountTypeLoader(10789): [C] add syncable account types
07-17 11:09:12.540 I/artd    (29694): GetBestInfo: odex next to the dex file (/data/app/~~X9mW-eyeSMNf22du1P76lg==/com.google.android.contactkeys-8n5XZF-RtJUNFL9MWRE46w==/oat/arm64/base.odex) is kOatCannotOpen: In oat file '/data/app/~~X9mW-eyeSMNf22du1P76lg==/com.google.android.contactkeys-8n5XZF-RtJUNFL9MWRE46w==/oat/arm64/base.odex': invalid oat header: Invalid oat version, expected 0x32353900, got 0x32353100.
07-17 11:09:12.541 I/artd    (29694): GetBestInfo: vdex next to the dex file (/data/app/~~X9mW-eyeSMNf22du1P76lg==/com.google.android.contactkeys-8n5XZF-RtJUNFL9MWRE46w==/oat/arm64/base.vdex) is kOatUpToDate with filter 'verify' executable 'false'
07-17 11:09:12.543 I/AccountTypeLoader(10789): [C]  > added: accountType : com.google, dataSet : null
07-17 11:09:12.543 I/ExternalAccountType(10789): [C] loadContactsXml : com.google.android.apps.tachyon
07-17 11:09:12.545 I/ExternalAccountType(10789): [C] Metadata loaded from: com.google.android.apps.tachyon, com.google.android.apps.tachyon.contacts.sync.SyncService, android.provider.CONTACTS_STRUCTURE
07-17 11:09:12.545 I/AccountTypeLoader(10789): [C]  > added: accountType : com.google.android.apps.tachyon, dataSet : null, resource : com.google.android.apps.tachyon, adapter : com.google.android.apps.tachyon, isExtension : false
07-17 11:09:12.545 I/ExternalAccountType(10789): [C] loadContactsXml : com.whatsapp
07-17 11:09:12.545 I/artd    (29694): GetBestInfo: odex next to the dex file (/data/app/~~AZEm2dH8gMamQW5nHgyDIA==/br.gov.serpro.cnhe-7hMoyD0aWhRTH40gj7xZWg==/oat/arm64/base.odex) is kOatCannotOpen: In oat file '/data/app/~~AZEm2dH8gMamQW5nHgyDIA==/br.gov.serpro.cnhe-7hMoyD0aWhRTH40gj7xZWg==/oat/arm64/base.odex': invalid oat header: Invalid oat version, expected 0x32353900, got 0x32353100.
07-17 11:09:12.546 I/artd    (29694): GetBestInfo: vdex next to the dex file (/data/app/~~AZEm2dH8gMamQW5nHgyDIA==/br.gov.serpro.cnhe-7hMoyD0aWhRTH40gj7xZWg==/oat/arm64/base.vdex) is kOatUpToDate with filter 'verify' executable 'false'
07-17 11:09:12.547 I/ExternalAccountType(10789): [C] Metadata loaded from: com.whatsapp, com.whatsapp.contact.ui.sync.ContactsSyncAdapterService, android.provider.CONTACTS_STRUCTURE
07-17 11:09:12.547 I/AccountTypeLoader(10789): [C]  > added: accountType : com.whatsapp, dataSet : null, resource : com.whatsapp, adapter : com.whatsapp, isExtension : false
07-17 11:09:12.548 I/AccountTypeLoader(10789): [C]  > added: accountType : com.google.android.gm.exchange, dataSet : null
07-17 11:09:12.549 I/AccountTypeLoader(10789): [C]  > added: accountType : com.osp.app.signin, dataSet : null
07-17 11:09:12.549 I/AccountTypeLoader(10789): [C]  > added: accountType : com.samsung.android.coreapps, dataSet : null
07-17 11:09:12.550 I/ExternalAccountType(10789): [C] loadContactsXml : com.microsoft.teams
07-17 11:09:12.551 I/ExternalAccountType(10789): [C] Metadata loaded from: com.microsoft.teams, com.microsoft.skype.teams.calling.nativephonebookintegration.AccountService, android.provider.CONTACTS_STRUCTURE
07-17 11:09:12.551 I/AccountTypeLoader(10789): [C]  > added: accountType : com.microsoft.teams, dataSet : null, resource : com.microsoft.teams, adapter : com.microsoft.teams, isExtension : false
07-17 11:09:12.551 I/ExternalAccountType(10789): [C] loadContactsXml : com.microsoft.office.outlook
07-17 11:09:12.552 I/artd    (29694): GetBestInfo: odex next to the dex file (/data/app/~~ZhthiXe5foRbLiHG42eMlg==/com.microsoft.appmanager-YBEWzXtKsnJ-p4NHkpFNQw==/oat/arm64/base.odex) is kOatUpToDate with filter 'speed-profile' executable 'false'
07-17 11:09:12.552 I/ExternalAccountType(10789): [C] Metadata loaded from: com.microsoft.office.outlook, com.microsoft.office.outlook.contactsync.adapter.ContactSyncAdapterService, android.provider.CONTACTS_STRUCTURE
07-17 11:09:12.554 I/AccountTypeLoader(10789): [C]  > added: accountType : com.microsoft.office.outlook.USER_ACCOUNT, dataSet : null, resource : com.microsoft.office.outlook, adapter : com.microsoft.office.outlook, isExtension : false
07-17 11:09:12.554 I/ExternalAccountType(10789): [C] loadContactsXml : com.google.android.apps.plus
07-17 11:09:12.554 I/ExternalAccountType(10789): [C] Package was found, but that doesn't contain the CONTACTS_STRUCTURE metadata
07-17 11:09:12.555 I/AccountTypeLoader(10789): [C] add syncable accounts (table:false, UIM:false, Samsung:false)
07-17 11:09:12.555 I/AccountTypeLoader(10789): [C]  > added account: com.whatsapp
07-17 11:09:12.555 I/artd    (29694): GetBestInfo: odex next to the dex file (/data/app/~~w2ARnKRgfp7xh8IWQkd9TQ==/com.microsoft.teams-tiAAiEgld6K2z9xYVMF-Ng==/oat/arm64/base.odex) is kOatUpToDate with filter 'speed-profile' executable 'false'
07-17 11:09:12.556 I/AccountTypeLoader(10789): [C]  > added account: com.google
07-17 11:09:12.556 I/AccountTypeLoader(10789): [C]  > added account: com.google.android.apps.tachyon
07-17 11:09:12.557 I/AccountTypeLoader(10789): [C]  > added account: com.osp.app.signin
07-17 11:09:12.557 W/Finsky  ( 4573): [2] STU: Failed to get storage stats for package 'com.google.android.sdkext' (1601: Error getting stats: android.content.pm.PackageManager.NameNotFoundException)
07-17 11:09:12.559 I/artd    (29694): GetBestInfo: odex next to the dex file (/data/app/~~-Xdtq5x3j6pxuznK8hqRyw==/com.samsung.android.app.parentalcare-XnVi8sMBR3ARcsIDoLa5kg==/oat/arm64/base.odex) is kOatCannotOpen: In oat file '/data/app/~~-Xdtq5x3j6pxuznK8hqRyw==/com.samsung.android.app.parentalcare-XnVi8sMBR3ARcsIDoLa5kg==/oat/arm64/base.odex': invalid oat header: Invalid oat version, expected 0x32353900, got 0x32353100.
07-17 11:09:12.559 I/artd    (29694): GetBestInfo: vdex next to the dex file (/data/app/~~-Xdtq5x3j6pxuznK8hqRyw==/com.samsung.android.app.parentalcare-XnVi8sMBR3ARcsIDoLa5kg==/oat/arm64/base.vdex) is kOatUpToDate with filter 'verify' executable 'false'
07-17 11:09:12.564 I/AccountTypeModel(10789): [C] Accounts and types are same. loaded = true
07-17 11:09:12.564 I/AccountTypeModel(10789): [C] account reload finish: 3
07-17 11:09:12.565 I/artd    (29694): GetBestInfo: odex next to the dex file (/data/app/~~l9C27FhO3PYFOmDeigi8Uw==/com.instagram.android-wzpT3Tu32tXxBBKsuvIl2w==/oat/arm64/base.odex) is kOatUpToDate with filter 'speed-profile' executable 'false'
07-17 11:09:12.569 W/Finsky  ( 4573): [2] STU: Failed to get storage stats for package 'com.samsung.android.biometrics.face' (1601: Error getting stats: android.content.pm.PackageManager.NameNotFoundException)
07-17 11:09:12.569 W/Finsky  ( 4573): [2] STU: Failed to get storage stats for package 'com.google.android.adservices' (1601: Error getting stats: android.content.pm.PackageManager.NameNotFoundException)
07-17 11:09:12.570 I/artd    (29694): GetBestInfo: odex next to the dex file (/data/app/~~bBcEAfwDbwBdg6AFf4vIUw==/com.samsung.android.authfw-DoBgEQULa9bnHM4wEBs21A==/oat/arm64/base.odex) is kOatCannotOpen: In oat file '/data/app/~~bBcEAfwDbwBdg6AFf4vIUw==/com.samsung.android.authfw-DoBgEQULa9bnHM4wEBs21A==/oat/arm64/base.odex': invalid oat header: Invalid oat version, expected 0x32353900, got 0x32353100.
07-17 11:09:12.570 I/artd    (29694): GetBestInfo: vdex next to the dex file (/data/app/~~bBcEAfwDbwBdg6AFf4vIUw==/com.samsung.android.authfw-DoBgEQULa9bnHM4wEBs21A==/oat/arm64/base.vdex) is kOatUpToDate with filter 'verify' executable 'false'
07-17 11:09:12.574 W/Finsky  ( 4573): [2] STU: Failed to get storage stats for package 'com.google.android.tethering' (1601: Error getting stats: android.content.pm.PackageManager.NameNotFoundException)
07-17 11:09:12.577 I/artd    (29694): GetBestInfo: odex next to the dex file (/data/app/~~iycFAhCrKV36KTtoDR8FwA==/com.sec.android.easyMover-AcvOrX_zi_PcujLtjNub4Q==/oat/arm64/base.odex) is kOatUpToDate with filter 'speed-profile' executable 'false'
07-17 11:09:12.579 I/artd    (29694): GetBestInfo: odex next to the dex file (/data/app/~~ppVPCuIpSYkLT9O5ZfeUyA==/com.google.android.captiveportallogin-9R8YN8GXXn4DQtwfzR9xKw==/oat/arm64/base.odex) is kOatUpToDate with filter 'speed-profile' executable 'false'
07-17 11:09:12.584 I/artd    (29694): GetBestInfo: dm (/data/app/~~O3w1fKBkbIkur8zlV_CwDQ==/com.github.android-oGt0BzmHaFA7H2leDA6ycQ==/base.dm) is kOatUpToDate with filter 'verify' executable 'false'
07-17 11:09:12.590 I/artd    (29694): GetBestInfo: odex next to the dex file (/data/app/~~drN5ljILr0sODeTBoxIxnA==/com.android.chrome-InBxW7uhTCrPeVcFgwdywg==/oat/arm64/base.odex) is kOatUpToDate with filter 'speed-profile' executable 'false'
07-17 11:09:12.590 I/artd    (29694): GetBestInfo: odex next to the dex file (/data/app/~~drN5ljILr0sODeTBoxIxnA==/com.android.chrome-InBxW7uhTCrPeVcFgwdywg==/oat/arm/base.odex) is kOatUpToDate with filter 'speed-profile' executable 'false'
07-17 11:09:12.595 I/artd    (29694): GetBestInfo: odex next to the dex file (/data/app/~~drN5ljILr0sODeTBoxIxnA==/com.android.chrome-InBxW7uhTCrPeVcFgwdywg==/oat/arm64/split_chrome.odex) is kOatUpToDate with filter 'speed-profile' executable 'false'
07-17 11:09:12.596 I/artd    (29694): GetBestInfo: odex next to the dex file (/data/app/~~drN5ljILr0sODeTBoxIxnA==/com.android.chrome-InBxW7uhTCrPeVcFgwdywg==/oat/arm/split_chrome.odex) is kOatUpToDate with filter 'speed-profile' executable 'false'
07-17 11:09:12.597 I/artd    (29694): GetBestInfo: odex next to the dex file (/data/app/~~drN5ljILr0sODeTBoxIxnA==/com.android.chrome-InBxW7uhTCrPeVcFgwdywg==/oat/arm64/split_dev_ui.odex) is kOatUpToDate with filter 'verify' executable 'false'
07-17 11:09:12.598 I/artd    (29694): GetBestInfo: odex next to the dex file (/data/app/~~drN5ljILr0sODeTBoxIxnA==/com.android.chrome-InBxW7uhTCrPeVcFgwdywg==/oat/arm/split_dev_ui.odex) is kOatUpToDate with filter 'verify' executable 'false'
07-17 11:09:12.600 I/artd    (29694): GetBestInfo: odex next to the dex file (/data/app/~~drN5ljILr0sODeTBoxIxnA==/com.android.chrome-InBxW7uhTCrPeVcFgwdywg==/oat/arm64/split_google3.odex) is kOatUpToDate with filter 'verify' executable 'false'
07-17 11:09:12.601 I/artd    (29694): GetBestInfo: odex next to the dex file (/data/app/~~drN5ljILr0sODeTBoxIxnA==/com.android.chrome-InBxW7uhTCrPeVcFgwdywg==/oat/arm/split_google3.odex) is kOatUpToDate with filter 'verify' executable 'false'
07-17 11:09:12.602 I/artd    (29694): GetBestInfo: odex next to the dex file (/data/app/~~drN5ljILr0sODeTBoxIxnA==/com.android.chrome-InBxW7uhTCrPeVcFgwdywg==/oat/arm64/split_stack_unwinder.odex) is kOatUpToDate with filter 'verify' executable 'false'
07-17 11:09:12.602 I/artd    (29694): GetBestInfo: odex next to the dex file (/data/app/~~drN5ljILr0sODeTBoxIxnA==/com.android.chrome-InBxW7uhTCrPeVcFgwdywg==/oat/arm/split_stack_unwinder.odex) is kOatUpToDate with filter 'verify' executable 'false'
07-17 11:09:12.603 I/artd    (29694): GetBestInfo: odex next to the dex file (/data/app/~~drN5ljILr0sODeTBoxIxnA==/com.android.chrome-InBxW7uhTCrPeVcFgwdywg==/oat/arm64/split_test_dummy.odex) is kOatUpToDate with filter 'verify' executable 'false'
07-17 11:09:12.604 I/artd    (29694): GetBestInfo: odex next to the dex file (/data/app/~~drN5ljILr0sODeTBoxIxnA==/com.android.chrome-InBxW7uhTCrPeVcFgwdywg==/oat/arm/split_test_dummy.odex) is kOatUpToDate with filter 'verify' executable 'false'
07-17 11:09:12.622 I/SearchEngineAppSuggestion( 5152): packageUpdateEvent: com.honeyspace.sdk.source.entity.PackageOperation$Changed@4d66b24
07-17 11:09:12.622 I/SearchEngineAppSuggestion( 5152): package changed: com.gleidsonlm.threatevents
07-17 11:09:12.623 I/SearchEngine( 5152): isComponentInApps() packageName : com.x8bit.bitwarden / className : com.x8bit.bitwarden.MainActivity / userId : 0 / enable true / enabledSetting 0
07-17 11:09:12.623 I/SearchEngine( 5152): isComponentInApps() packageName : zombie.survival.craft.z / className : ru.kv3dunityext.permissions.MainActivity / userId : 0 / enable true / enabledSetting 0
07-17 11:09:12.623 I/SearchEngine( 5152): isComponentInApps() packageName : zombie.survival.craft.z / className : ru.kv3dunityext.permissions.MainActivity / userId : 0 / enable true / enabledSetting 0
07-17 11:09:12.624 I/SearchEngine( 5152): isComponentInApps() packageName : com.gleidsonlm.businesscard / className : com.gleidsonlm.businesscard.MainActivity / userId : 0 / enable true / enabledSetting 0
07-17 11:09:12.624 I/SearchEngine( 5152): isComponentInApps() packageName : com.chess / className : com.chess.splash.SplashActivity / userId : 0 / enable true / enabledSetting 0
07-17 11:09:12.624 I/SearchEngine( 5152): isComponentInApps() packageName : com.chess / className : com.chess.splash.SplashActivity / userId : 0 / enable true / enabledSetting 0
07-17 11:09:12.625 I/SearchEngine( 5152): isComponentInApps() packageName : com.chess / className : com.chess.splash.SplashActivity / userId : 0 / enable true / enabledSetting 0
07-17 11:09:12.625 I/SearchEngine( 5152): isComponentInApps() packageName : com.x8bit.bitwarden / className : com.x8bit.bitwarden.MainActivity / userId : 0 / enable true / enabledSetting 0
07-17 11:09:12.626 I/SearchEngine( 5152): isComponentInApps() packageName : com.nu.production / className : br.com.nubank.app.LegacySplashActivity / userId : 0 / enable true / enabledSetting 0
07-17 11:09:12.626 I/SearchEngine( 5152): isComponentInApps() packageName : com.chess / className : com.chess.splash.SplashActivity / userId : 0 / enable true / enabledSetting 0
07-17 11:09:12.627 I/SearchEngine( 5152): isComponentInApps() packageName : com.chess / className : com.chess.splash.SplashActivity / userId : 0 / enable true / enabledSetting 0
07-17 11:09:12.627 I/HoneySpace.SuggestAppDecor( 5152): cellX : 4
07-17 11:09:12.627 I/HoneySpace.SuggestAppDecor( 5152): getInstaller: com.gleidsonlm.threatevents [null]
07-17 11:09:12.627 I/HoneySpace.SuggestAppDecor( 5152): getInstaller: com.android.settings [null]
07-17 11:09:12.628 I/HoneySpace.SuggestAppDecor( 5152): getInstaller: com.whatsapp [com.android.vending]
07-17 11:09:12.628 I/ResultDataManager( 5152): Results: keys=SUGGESTED_APPS, SUGGESTED_TAG, SUGGESTED_DIRECTORY, HISTORY_KEYWORD
07-17 11:09:12.628 I/SearchEngine( 5152): query: reTriggered: [emit] 14 SUGGESTED_APPS takes 6 contents=[8]
07-17 11:09:12.628 I/HoneySpace.ContentsViewModel( 5152): observed com.honeyspace.search.ui.honeypot.presentation.content.ContentsViewModel@eb04868
07-17 11:09:12.628 I/HoneySpace.ContentsViewModel( 5152): result onUpdated: SUGGESTED_APPS_
07-17 11:09:12.628 I/HoneySpace.ContentsViewModel( 5152): result onRemoved: SUGGESTED_APPS_
07-17 11:09:12.628 I/HoneySpace.ContentsViewModel( 5152): result onAdded: SUGGESTED_APPS_
07-17 11:09:12.629 I/HoneySpace.AppTimerDataSourceImpl( 5152): items: 0
07-17 11:09:12.629 I/HoneySpace.AppTimerDataSourceImpl( 5152): items: 0
07-17 11:09:12.629 I/HoneySpace.AppTimerDataSourceImpl( 5152): items: 0
07-17 11:09:12.629 I/HoneySpace.AppTimerDataSourceImpl( 5152): items: 0
07-17 11:09:12.629 I/HoneySpace.AppTimerDataSourceImpl( 5152): items: 0
07-17 11:09:12.629 I/HoneySpace.AppTimerDataSourceImpl( 5152): items: 0
07-17 11:09:12.629 I/HoneySpace.BadgeDataSourceImpl( 5152): Get notification count. PK(p='com.whatsapp', u=UserHandle{0}) - forceBadgeCount: false, notification listener: 3, badge provider: 3
07-17 11:09:12.629 I/HoneySpace.AppTimerDataSourceImpl( 5152): items: 0
07-17 11:09:12.629 I/HoneySpace.AppTimerDataSourceImpl( 5152): items: 0
07-17 11:09:12.629 I/ContentsUI( 5152): onUpdate: with 150 [l2.a@9e05853, l2.a@9f72c1d, l2.a@76519f7, l2.a@fff8064]
07-17 11:09:12.629 I/ContentsUI( 5152): before Latch : Normal
07-17 11:09:12.629 I/ContentsUI( 5152): request post
07-17 11:09:12.629 I/HoneySpace.ContentsViewModel( 5152): handleResults com.honeyspace.search.ui.honeypot.presentation.content.ContentsViewModel@eb04868
07-17 11:09:12.631 I/artd    (29694): GetBestInfo: odex next to the dex file (/data/app/~~_ZUZwM7VjeOprtB9m3Oz0Q==/com.samsung.android.inputshare-HHjQmSxyoDfI2qc1dYL65w==/oat/arm64/base.odex) is kOatCannotOpen: In oat file '/data/app/~~_ZUZwM7VjeOprtB9m3Oz0Q==/com.samsung.android.inputshare-HHjQmSxyoDfI2qc1dYL65w==/oat/arm64/base.odex': invalid oat header: Invalid oat version, expected 0x32353900, got 0x32353100.
07-17 11:09:12.632 I/artd    (29694): GetBestInfo: vdex next to the dex file (/data/app/~~_ZUZwM7VjeOprtB9m3Oz0Q==/com.samsung.android.inputshare-HHjQmSxyoDfI2qc1dYL65w==/oat/arm64/base.vdex) is kOatUpToDate with filter 'verify' executable 'false'
07-17 11:09:12.636 I/artd    (29694): GetBestInfo: odex next to the dex file (/data/app/~~uyNFc3CVyHkvAmZBhJN03w==/com.facebook.services-_6accOJPRI6ze1HnDV8crA==/oat/arm64/base.odex) is kOatCannotOpen: In oat file '/data/app/~~uyNFc3CVyHkvAmZBhJN03w==/com.facebook.services-_6accOJPRI6ze1HnDV8crA==/oat/arm64/base.odex': invalid oat header: Invalid oat version, expected 0x32353900, got 0x32353100.
07-17 11:09:12.636 I/artd    (29694): GetBestInfo: vdex next to the dex file (/data/app/~~uyNFc3CVyHkvAmZBhJN03w==/com.facebook.services-_6accOJPRI6ze1HnDV8crA==/oat/arm64/base.vdex) is kOatUpToDate with filter 'verify' executable 'false'
07-17 11:09:12.640 W/Finsky  ( 4573): [2] STU: Failed to get storage stats for package 'com.android.runtime' (1601: Error getting stats: android.content.pm.PackageManager.NameNotFoundException)
07-17 11:09:12.642 I/artd    (29694): GetBestInfo: odex next to the dex file (/data/app/~~xK-9v4pcX14FXXEu-eGmZA==/com.google.android.apps.subscriptions.red-Si6PmuZkk5Aad5i-PLfZYA==/oat/arm64/base.odex) is kOatUpToDate with filter 'speed-profile' executable 'false'
--------- switch to system
07-17 11:09:12.681 D/KNOX_MDM_SettingsProvider( 2493): isChangeAllowed() : name = enabled_notification_listeners
07-17 11:09:12.757 D/io_stats( 1059): !@   8,0 r 37966589 937065871 w 16528903 277045080 d 1571736 343383748 f 398280 1334329 iot 21521584 0 th 0 0 0 pt 0 inp 0 0 292336.758
--------- switch to main
07-17 11:09:12.773 I/Routine@Core[4.8.02.21]: RunningNotificationUpdater(25663): update
07-17 11:09:12.779 D/ApfFilter( 4714): (wlan0): Ignoring RA RA fe80::6283:e7ff:fe54:5223 -> ff02::1 30s 2804:29b8:509e:2ebb::/64 172800s/172800s DNS 10s 2804:29b8:1000:1::17 2804:29b8:1000:1::18  which matches RA fe80::6283:e7ff:fe54:5223 -> ff02::1 30s 2804:29b8:509e:2ebb::/64 172800s/172800s DNS 10s 2804:29b8:1000:1::17 2804:29b8:1000:1::18 
07-17 11:09:12.780 I/CardAdapter( 5152): setCards: SUGGESTED_APPS, SUGGESTED_TAG, SUGGESTED_DIRECTORY, HISTORY_KEYWORD, DUMMY
07-17 11:09:12.782 I/EPDG -- SIM1 [EpdgIntfCont]( 4800): Not Mobile Interface. Ignoring Event
07-17 11:09:12.784 I/EPDG -- SIM0 [EpdgIntfCont]( 4800): Not Mobile Interface. Ignoring Event
07-17 11:09:12.784 I/EPDG -- SIM0 [EpdgIntfCont]( 4800): Not Mobile Interface. Ignoring Event
07-17 11:09:12.784 I/EPDG -- SIM1 [EpdgIntfCont]( 4800): Not Mobile Interface. Ignoring Event
07-17 11:09:12.785 I/Routine@Core[4.8.02.21]: RunningNotificationUpdater(25663): updateNotificationImpl: no running routines, then noti cancel
07-17 11:09:12.785 I/Routine@Core[4.8.02.21]: NotificationUpdateService(25663): Stop no more task
07-17 11:09:12.788 I/artd    (29694): GetBestInfo: dm (/data/app/~~YbNJvCYP7mEeOeggLsV7fg==/com.netflix.mediaclient-4r8HbQOSy6shRgzlJQ3AdQ==/base.dm) is kOatUpToDate with filter 'verify' executable 'false'
07-17 11:09:12.792 I/artd    (29694): GetBestInfo: /data/app/~~YbNJvCYP7mEeOeggLsV7fg==/com.netflix.mediaclient-4r8HbQOSy6shRgzlJQ3AdQ==/split_partnermodule.apk has no usable artifacts
07-17 11:09:12.799 W/Finsky  ( 4573): [2] STU: Failed to get storage stats for package 'com.google.android.cellbroadcast' (1601: Error getting stats: android.content.pm.PackageManager.NameNotFoundException)
07-17 11:09:12.802 I/artd    (29694): GetBestInfo: odex next to the dex file (/data/app/~~sNs25swsCO2yUkVtki_6mg==/com.caju.employeeApp-G9BN5CNxhQfuCBIUo6eVow==/oat/arm64/base.odex) is kOatUpToDate with filter 'speed-profile' executable 'false'
07-17 11:09:12.809 I/artd    (29694): GetBestInfo: odex next to the dex file (/data/app/~~Ew2aiPommGsyw4MmWvtQgQ==/com.samsung.android.mdx-Irl_7yCiJVYOYdWRY-CqGg==/oat/arm64/base.odex) is kOatCannotOpen: In oat file '/data/app/~~Ew2aiPommGsyw4MmWvtQgQ==/com.samsung.android.mdx-Irl_7yCiJVYOYdWRY-CqGg==/oat/arm64/base.odex': invalid oat header: Invalid oat version, expected 0x32353900, got 0x32353100.
07-17 11:09:12.810 I/artd    (29694): GetBestInfo: vdex next to the dex file (/data/app/~~Ew2aiPommGsyw4MmWvtQgQ==/com.samsung.android.mdx-Irl_7yCiJVYOYdWRY-CqGg==/oat/arm64/base.vdex) is kOatUpToDate with filter 'verify' executable 'false'
07-17 11:09:12.816 I/artd    (29694): GetBestInfo: odex next to the dex file (/data/app/~~Dr_pT5WMmoFB_GKrlRN8aw==/com.samsung.android.rampart-qMVLIEP2XCDWDcTtsAzAUQ==/oat/arm64/base.odex) is kOatCannotOpen: In oat file '/data/app/~~Dr_pT5WMmoFB_GKrlRN8aw==/com.samsung.android.rampart-qMVLIEP2XCDWDcTtsAzAUQ==/oat/arm64/base.odex': invalid oat header: Invalid oat version, expected 0x32353900, got 0x32353100.
07-17 11:09:12.816 I/artd    (29694): GetBestInfo: vdex next to the dex file (/data/app/~~Dr_pT5WMmoFB_GKrlRN8aw==/com.samsung.android.rampart-qMVLIEP2XCDWDcTtsAzAUQ==/oat/arm64/base.vdex) is kOatUpToDate with filter 'verify' executable 'false'
07-17 11:09:12.824 I/artd    (29694): GetBestInfo: odex next to the dex file (/data/app/~~63lrCPh1h1-XPqYPXur4sw==/com.google.android.apps.carrier.carrierwifi-xRFaKwvICPtEdD4fDxqiwg==/oat/arm64/base.odex) is kOatCannotOpen: In oat file '/data/app/~~63lrCPh1h1-XPqYPXur4sw==/com.google.android.apps.carrier.carrierwifi-xRFaKwvICPtEdD4fDxqiwg==/oat/arm64/base.odex': invalid oat header: Invalid oat version, expected 0x32353900, got 0x32353100.
07-17 11:09:12.824 I/artd    (29694): GetBestInfo: vdex next to the dex file (/data/app/~~63lrCPh1h1-XPqYPXur4sw==/com.google.android.apps.carrier.carrierwifi-xRFaKwvICPtEdD4fDxqiwg==/oat/arm64/base.vdex) is kOatUpToDate with filter 'verify' executable 'false'
07-17 11:09:12.828 I/artd    (29694): GetBestInfo: odex next to the dex file (/data/app/~~Q7PMKasC5dqNmygqRVImng==/com.sec.android.app.myfiles-eQx3qxUnqU4S-VDN7-bgvg==/oat/arm64/base.odex) is kOatUpToDate with filter 'speed-profile' executable 'false'
07-17 11:09:12.834 I/artd    (29694): GetBestInfo: odex next to the dex file (/data/app/~~0s6qMyDiBL7ZuH7u4Na3Vg==/com.samsung.android.app.interpreter-cyLjl74d5h1EltotLNWiEg==/oat/arm64/base.odex) is kOatCannotOpen: In oat file '/data/app/~~0s6qMyDiBL7ZuH7u4Na3Vg==/com.samsung.android.app.interpreter-cyLjl74d5h1EltotLNWiEg==/oat/arm64/base.odex': invalid oat header: Invalid oat version, expected 0x32353900, got 0x32353100.
07-17 11:09:12.835 I/artd    (29694): GetBestInfo: vdex next to the dex file (/data/app/~~0s6qMyDiBL7ZuH7u4Na3Vg==/com.samsung.android.app.interpreter-cyLjl74d5h1EltotLNWiEg==/oat/arm64/base.vdex) is kOatUpToDate with filter 'verify' executable 'false'
