07-17 12:01:38.147 W/Layer   ( 2123): gatherBufferInfo: Received unknown dataspace from gralloc
--------- switch to system
07-17 12:01:38.147 D/WindowManager( 2493): updateSystemBarAttributes, bhv=1, apr=16, statusBarAprRegions=[AppearanceRegion{LIGHT_STATUS_BARS bounds=[0,0][1080,2340]}], requestedVisibilities=-9
07-17 12:01:38.147 V/SystemKeyManager( 2493): updateFocusedWindow() is called, com.gleidsonlm.threatevents/com.gleidsonlm.threatevents.MainActivity
--------- switch to main
07-17 12:01:38.147 I/SystemKeyManager( 2493): requested systemKeyInfo size=1 focusedWindow=com.gleidsonlm.threatevents/com.gleidsonlm.threatevents.MainActivity
07-17 12:01:38.147 I/SystemKeyManager( 2493): requested systemKeyInfo size=2 focusedWindow=com.gleidsonlm.threatevents/com.gleidsonlm.threatevents.MainActivity
07-17 12:01:38.148 V/WindowManager( 2493): Relayout hash=d1f93ec, pid=17435, syncId=-1: mAttrs={(0,0)(fillxfill) sim={adjust=resize forwardNavigation} layoutInDisplayCutoutMode=always ty=BASE_APPLICATION wanim=0x1030312
07-17 12:01:38.148 V/WindowManager( 2493):   fl=81810100
07-17 12:01:38.148 V/WindowManager( 2493):   pfl=100088c0
07-17 12:01:38.148 V/WindowManager( 2493):   bhv=1
07-17 12:01:38.148 V/WindowManager( 2493):   fitSides=0
07-17 12:01:38.148 V/WindowManager( 2493):   frameRateBoostOnTouch=true
07-17 12:01:38.148 V/WindowManager( 2493):   dvrrWindowFrameRateHint=true naviIconColor=0}
07-17 12:01:38.149 I/VRI[LauncherActivity]@acb92cf( 5152): mWNT: t=0xb4000070b489bd00 mBlastBufferQueue=0xb4000070a326b480 fn= 134 HdrRenderState mRenderHdrSdrRatio=1.0 caller= com.android.systemui.shared.launcher.ViewRootImplCompat.mergeWithNextTransaction:4 com.honeyspace.transition.utils.SurfaceTransactionApplier.scheduleApply$lambda$1:26 com.honeyspace.transition.utils.SurfaceTransactionApplier.b:0 
07-17 12:01:38.149 E/lm.threatevents(17435): Unable to open libpenguin.so: dlopen failed: library "libpenguin.so" not found.
07-17 12:01:38.149 I/BufferQueueProducer(17435): [](id:441b00000000,api:0,p:1932424302,c:17435) setDequeueTimeout:2077252342
07-17 12:01:38.149 E/rivacydashboard(17508): Not starting debugger since process cannot load the jdwp agent.
07-17 12:01:38.150 I/BLASTBufferQueue_Java(17435): new BLASTBufferQueue, mName= VRI[MainActivity]@c215b70 mNativeObject= 0xb40000714d78be00 sc.mNativeObject= 0xb40000714d782740 caller= android.view.ViewRootImpl.updateBlastSurfaceIfNeeded:3397 android.view.ViewRootImpl.relayoutWindow:11361 android.view.ViewRootImpl.performTraversals:4544 android.view.ViewRootImpl.doTraversal:3708 android.view.ViewRootImpl$TraversalRunnable.run:12542 android.view.Choreographer$CallbackRecord.run:1751 android.view.Choreographer$CallbackRecord.run:1760 android.view.Choreographer.doCallbacks:1216 android.view.Choreographer.doFrame:1142 android.view.Choreographer$FrameDisplayEventReceiver.run:1707 
07-17 12:01:38.150 I/BLASTBufferQueue_Java(17435): update, w= 1080 h= 2340 mName = VRI[MainActivity]@c215b70 mNativeObject= 0xb40000714d78be00 sc.mNativeObject= 0xb40000714d782740 format= -1 caller= android.graphics.BLASTBufferQueue.<init>:88 android.view.ViewRootImpl.updateBlastSurfaceIfNeeded:3397 android.view.ViewRootImpl.relayoutWindow:11361 android.view.ViewRootImpl.performTraversals:4544 android.view.ViewRootImpl.doTraversal:3708 android.view.ViewRootImpl$TraversalRunnable.run:12542 
07-17 12:01:38.151 W/libc    (17435): Access denied finding property "vendor.display.enable_optimal_refresh_rate"
07-17 12:01:38.151 W/libc    (17435): Access denied finding property "vendor.gpp.create_frc_extension"
07-17 12:01:38.151 I/VRI[MainActivity]@c215b70(17435): Relayout returned: old=(0,0,1080,2340) new=(0,0,1080,2340) relayoutAsync=false req=(1080,2340)0 dur=11 res=0x3 s={true 0xb4000070b7054000} ch=true seqId=0
07-17 12:01:38.151 W/ServiceManagerCppClient( 2123): Permission failure: android.permission.ACCESS_SURFACE_FLINGER from uid=10397 pid=0
07-17 12:01:38.151 D/PermissionCache( 2123): checking android.permission.ACCESS_SURFACE_FLINGER for uid=10397 => denied (392 us)
07-17 12:01:38.151 W/ServiceManagerCppClient( 2123): Permission failure: android.permission.ACCESS_SURFACE_FLINGER from uid=10397 pid=17435
07-17 12:01:38.151 D/PermissionCache( 2123): checking android.permission.ACCESS_SURFACE_FLINGER for uid=10397 => denied (245 us)
07-17 12:01:38.151 D/NavigationBar( 4565): onSystemBarAttributesChanged() -  displayId:0, appearance:16, packageName: com.gleidsonlm.threatevents (APPEARANCE_LIGHT_NAVIGATION_BARS ), navbarColorManagedByIme:false
07-17 12:01:38.151 W/ServiceManagerCppClient( 2123): Permission failure: android.permission.ROTATE_SURFACE_FLINGER from uid=10397 pid=17435
07-17 12:01:38.151 D/PermissionCache( 2123): checking android.permission.ROTATE_SURFACE_FLINGER for uid=10397 => denied (88 us)
07-17 12:01:38.151 W/ServiceManagerCppClient( 2123): Permission failure: android.permission.ROTATE_SURFACE_FLINGER from uid=10397 pid=0
07-17 12:01:38.151 D/PermissionCache( 2123): checking android.permission.ROTATE_SURFACE_FLINGER for uid=10397 => denied (292 us)
07-17 12:01:38.151 W/ServiceManagerCppClient( 2123): Permission failure: android.permission.INTERNAL_SYSTEM_WINDOW from uid=10397 pid=0
07-17 12:01:38.151 W/ServiceManagerCppClient( 2123): Permission failure: android.permission.INTERNAL_SYSTEM_WINDOW from uid=10397 pid=17435
07-17 12:01:38.151 D/PermissionCache( 2123): checking android.permission.INTERNAL_SYSTEM_WINDOW for uid=10397 => denied (108 us)
07-17 12:01:38.151 D/PermissionCache( 2123): checking android.permission.INTERNAL_SYSTEM_WINDOW for uid=10397 => denied (191 us)
07-17 12:01:38.152 I/VRI[MainActivity]@c215b70(17435): performConfigurationChange setNightDimText nightDimLevel=38
07-17 12:01:38.152 D/VRI[MainActivity]@c215b70(17435): mThreadedRenderer.initialize() mSurface={isValid=true 0xb4000070b7054000} hwInitialized=true
07-17 12:01:38.153 D/VRI[MainActivity]@c215b70(17435): reportNextDraw android.view.ViewRootImpl.performTraversals:5193 android.view.ViewRootImpl.doTraversal:3708 android.view.ViewRootImpl$TraversalRunnable.run:12542 android.view.Choreographer$CallbackRecord.run:1751 android.view.Choreographer$CallbackRecord.run:1760 
07-17 12:01:38.153 D/VRI[MainActivity]@c215b70(17435): Canceling draw. cancelDueToPreDrawListener=true cancelDueToSync=false
07-17 12:01:38.155 I/HoneySpace.FloatingAnimator( 5152): container x: 8.078164, y: 16.05747, scale : 0.9882704
07-17 12:01:38.156 W/Layer   ( 2123): gatherBufferInfo: Received unknown dataspace from gralloc
07-17 12:01:38.156 I/VRI[LauncherActivity]@acb92cf( 5152): mWNT: t=0xb4000070b489be80 mBlastBufferQueue=0xb4000070a326b480 fn= 135 HdrRenderState mRenderHdrSdrRatio=1.0 caller= com.android.systemui.shared.launcher.ViewRootImplCompat.mergeWithNextTransaction:4 com.honeyspace.transition.utils.SurfaceTransactionApplier.scheduleApply$lambda$1:26 com.honeyspace.transition.utils.SurfaceTransactionApplier.b:0 
07-17 12:01:38.164 I/SurfaceFlinger( 2123): [LayerHierarchy{RequestedLayerState{4905f65 NavigationBar0#84 parentId=73141} 1 children}] reparent to LayerHierarchy{RequestedLayerState{Surface(name=4905f65 NavigationBar0)/@0xbc9624b - animation-leash of insets_animation#73141 parentId=83} 1 children}
07-17 12:01:38.164 I/SurfaceFlinger( 2123): [LayerHierarchy{RequestedLayerState{324004f StatusBar#91 parentId=73142} 1 children}] reparent to LayerHierarchy{RequestedLayerState{Surface(name=324004f StatusBar)/@0xa771ad4 - animation-leash of insets_animation#73142 parentId=90} 1 children}
07-17 12:01:38.164 I/SurfaceFlinger( 2123): [LayerHierarchy{RequestedLayerState{Surface(name=4905f65 NavigationBar0)/@0xbc9624b - animation-leash of insets_animation#73133} no children}] reparent to OffscreenRoot
07-17 12:01:38.164 I/SurfaceFlinger( 2123): [LayerHierarchy{RequestedLayerState{Surface(name=4905f65 NavigationBar0)/@0xbc9624b - animation-leash of insets_animation#73133} no children}] RelativeParent to null
07-17 12:01:38.164 I/SurfaceFlinger( 2123): [LayerHierarchy{RequestedLayerState{Surface(name=324004f StatusBar)/@0xa771ad4 - animation-leash of insets_animation#73134} no children}] reparent to OffscreenRoot
07-17 12:01:38.164 I/SurfaceFlinger( 2123): [LayerHierarchy{RequestedLayerState{Surface(name=324004f StatusBar)/@0xa771ad4 - animation-leash of insets_animation#73134} no children}] RelativeParent to null
07-17 12:01:38.164 I/HoneySpace.FloatingAnimator( 5152): container x: 6.036147, y: 11.998425, scale : 0.9912354
07-17 12:01:38.164 I/InsetsSourceConsumer(17435): applyRequestedVisibilityToControl: visible=true, type=navigationBars, host=com.gleidsonlm.threatevents/com.gleidsonlm.threatevents.MainActivity
07-17 12:01:38.164 W/Layer   ( 2123): gatherBufferInfo: Received unknown dataspace from gralloc
07-17 12:01:38.164 I/SurfaceFlinger( 2123): id=73134 Removed Surface(name=324004f StatusBar)/@0xa771ad4 - animation-leash of insets_animation#73134 (261)
07-17 12:01:38.164 I/SurfaceFlinger( 2123): id=73133 Removed Surface(name=4905f65 NavigationBar0)/@0xbc9624b - animation-leash of insets_animation#73133 (261)
07-17 12:01:38.165 I/InsetsSourceConsumer(17435): applyRequestedVisibilityToControl: visible=true, type=statusBars, host=com.gleidsonlm.threatevents/com.gleidsonlm.threatevents.MainActivity
07-17 12:01:38.165 I/VRI[LauncherActivity]@acb92cf( 5152): mWNT: t=0xb4000070b4a29000 mBlastBufferQueue=0xb4000070a326b480 fn= 136 HdrRenderState mRenderHdrSdrRatio=1.0 caller= com.android.systemui.shared.launcher.ViewRootImplCompat.mergeWithNextTransaction:4 com.honeyspace.transition.utils.SurfaceTransactionApplier.scheduleApply$lambda$1:26 com.honeyspace.transition.utils.SurfaceTransactionApplier.b:0 
07-17 12:01:38.167 D/SurfaceFlinger( 2123): [input] setFocusedWindow: d1f93ec com.gleidsonlm.threatevents/com.gleidsonlm.threatevents.MainActivity
07-17 12:01:38.167 D/InputDispatcher( 2493): Once focus requested (0): d1f93ec com.gleidsonlm.threatevents/com.gleidsonlm.threatevents.MainActivity
07-17 12:01:38.167 D/InputDispatcher( 2493): Focus request (0): d1f93ec com.gleidsonlm.threatevents/com.gleidsonlm.threatevents.MainActivity but waiting because NO_WINDOW
07-17 12:01:38.172 I/SurfaceFlinger( 2123): destroyed Surface(name=4905f65 NavigationBar0)/@0xbc9624b - animation-leash of insets_animation#73133
07-17 12:01:38.172 I/SurfaceFlinger( 2123): destroyed Surface(name=324004f StatusBar)/@0xa771ad4 - animation-leash of insets_animation#73134
07-17 12:01:38.172 W/Layer   ( 2123): gatherBufferInfo: Received unknown dataspace from gralloc
07-17 12:01:38.172 I/Layer   ( 2123): id=73134 Destroyed Surface(name=324004f StatusBar)/@0xa771ad4 - animation-leash of insets_animation#73134
07-17 12:01:38.172 I/Layer   ( 2123): id=73133 Destroyed Surface(name=4905f65 NavigationBar0)/@0xbc9624b - animation-leash of insets_animation#73133
07-17 12:01:38.174 I/HoneySpace.FloatingAnimator( 5152): container x: 4.5451202, y: 9.034618, scale : 0.9934004
07-17 12:01:38.175 I/VRI[LauncherActivity]@acb92cf( 5152): mWNT: t=0xb4000070b4a29180 mBlastBufferQueue=0xb4000070a326b480 fn= 137 HdrRenderState mRenderHdrSdrRatio=1.0 caller= com.android.systemui.shared.launcher.ViewRootImplCompat.mergeWithNextTransaction:4 com.honeyspace.transition.utils.SurfaceTransactionApplier.scheduleApply$lambda$1:26 com.honeyspace.transition.utils.SurfaceTransactionApplier.b:0 
--------- switch to system
07-17 12:01:38.177 D/ActivityManager( 2493): unpendingScheduleServiceRestart: u=10356, drop=false
--------- switch to main
07-17 12:01:38.180 W/Layer   ( 2123): gatherBufferInfo: Received unknown dataspace from gralloc
07-17 12:01:38.182 I/HoneySpace.FloatingAnimator( 5152): container x: 3.2197216, y: 6.400041, scale : 0.9953248
07-17 12:01:38.183 I/VRI[LauncherActivity]@acb92cf( 5152): mWNT: t=0xb4000070b4a29300 mBlastBufferQueue=0xb4000070a326b480 fn= 138 HdrRenderState mRenderHdrSdrRatio=1.0 caller= com.android.systemui.shared.launcher.ViewRootImplCompat.mergeWithNextTransaction:4 com.honeyspace.transition.utils.SurfaceTransactionApplier.scheduleApply$lambda$1:26 com.honeyspace.transition.utils.SurfaceTransactionApplier.b:0 
07-17 12:01:38.188 I/ExpoModulesCore(17435): ✅ AppContext was initialized
07-17 12:01:38.189 I/HoneySpace.FloatingAnimator( 5152): container x: 1.894357, y: 3.7655313, scale : 0.99724925
07-17 12:01:38.189 W/Layer   ( 2123): gatherBufferInfo: Received unknown dataspace from gralloc
07-17 12:01:38.189 I/VRI[LauncherActivity]@acb92cf( 5152): mWNT: t=0xb4000070b4a29480 mBlastBufferQueue=0xb4000070a326b480 fn= 139 HdrRenderState mRenderHdrSdrRatio=1.0 caller= com.android.systemui.shared.launcher.ViewRootImplCompat.mergeWithNextTransaction:4 com.honeyspace.transition.utils.SurfaceTransactionApplier.scheduleApply$lambda$1:26 com.honeyspace.transition.utils.SurfaceTransactionApplier.b:0 
07-17 12:01:38.192 W/ReactNativeJNI(17435): Component property map contains multiple entries for 'borderColor'. Ensure all calls to convertRawProp use a consistent prefix, name and suffix.
07-17 12:01:38.192 W/ReactNativeJNI(17435): Component property map contains multiple entries for 'borderStyle'. Ensure all calls to convertRawProp use a consistent prefix, name and suffix.
07-17 12:01:38.195 W/unknown:BridgelessReact(17435): ReactHost{0}.getOrCreateReactInstanceTask(): Loading JS Bundle
07-17 12:01:38.195 W/unknown:BridgelessReact(17435): ReactHost{0}.getOrCreateReactInstanceTask(): Calling DevSupportManagerBase.onNewReactContextCreated(reactContext)
07-17 12:01:38.195 W/unknown:BridgelessReact(17435): ReactHost{0}.startSurface(surfaceId = 0): Execute
07-17 12:01:38.197 I/HoneySpace.FloatingAnimator( 5152): container x: 1.2513809, y: 2.4874477, scale : 0.99818295
07-17 12:01:38.197 W/unknown:BridgelessReact(17435): ReactContext.onHostResume()
07-17 12:01:38.197 W/Layer   ( 2123): gatherBufferInfo: Received unknown dataspace from gralloc
07-17 12:01:38.197 W/unknown:BridgelessReact(17435): ReactHost{0}.getOrCreateReactInstanceTask(): Executing ReactInstanceEventListeners
07-17 12:01:38.198 I/VRI[LauncherActivity]@acb92cf( 5152): mWNT: t=0xb4000070b4a29900 mBlastBufferQueue=0xb4000070a326b480 fn= 140 HdrRenderState mRenderHdrSdrRatio=1.0 caller= com.android.systemui.shared.launcher.ViewRootImplCompat.mergeWithNextTransaction:4 com.honeyspace.transition.utils.SurfaceTransactionApplier.scheduleApply$lambda$1:26 com.honeyspace.transition.utils.SurfaceTransactionApplier.b:0 
07-17 12:01:38.205 I/HoneySpace.FloatingAnimator( 5152): container x: 0.8342426, y: 1.6582758, scale : 0.99878865
07-17 12:01:38.206 W/Layer   ( 2123): gatherBufferInfo: Received unknown dataspace from gralloc
07-17 12:01:38.207 I/VRI[LauncherActivity]@acb92cf( 5152): mWNT: t=0xb4000070b4a29a80 mBlastBufferQueue=0xb4000070a326b480 fn= 141 HdrRenderState mRenderHdrSdrRatio=1.0 caller= com.android.systemui.shared.launcher.ViewRootImplCompat.mergeWithNextTransaction:4 com.honeyspace.transition.utils.SurfaceTransactionApplier.scheduleApply$lambda$1:26 com.honeyspace.transition.utils.SurfaceTransactionApplier.b:0 
07-17 12:01:38.208 D/nativeloader(17435): Load /data/app/~~-xxlXhE7_6qPFJ3L3PFsLQ==/com.gleidsonlm.threatevents-hxtjPy1EfhKdvNosZVZsgA==/split_config.arm64_v8a.apk!/lib/arm64-v8a/libexpo-modules-core.so using class loader ns clns-7 (caller=/data/app/~~-xxlXhE7_6qPFJ3L3PFsLQ==/com.gleidsonlm.threatevents-hxtjPy1EfhKdvNosZVZsgA==/base.apk): ok
07-17 12:01:38.212 W/Binder  ( 2493): Outgoing transactions from this process must be FLAG_ONEWAY
07-17 12:01:38.212 W/Binder  ( 2493): java.lang.Throwable
07-17 12:01:38.212 W/Binder  ( 2493): 	at android.os.BinderProxy.transact(BinderProxy.java:560)
07-17 12:01:38.212 W/Binder  ( 2493): 	at android.content.ContentProviderProxy.bulkInsert(ContentProviderNative.java:610)
07-17 12:01:38.212 W/Binder  ( 2493): 	at android.content.ContentResolver.bulkInsert(ContentResolver.java:2303)
07-17 12:01:38.212 W/Binder  ( 2493): 	at com.samsung.android.privacydashboard.PermissionAccessInformationWriter.write(PermissionAccessInformationWriter.java:52)
07-17 12:01:38.212 W/Binder  ( 2493): 	at com.samsung.android.privacydashboard.PermissionAccessInformationController.flush(PermissionAccessInformationController.java:99)
07-17 12:01:38.212 W/Binder  ( 2493): 	at com.samsung.android.privacydashboard.PermissionAccessInformationController$1.run(PermissionAccessInformationController.java:78)
07-17 12:01:38.212 W/Binder  ( 2493): 	at java.util.concurrent.ThreadPoolExecutor.runWorker(ThreadPoolExecutor.java:1156)
07-17 12:01:38.212 W/Binder  ( 2493): 	at java.util.concurrent.ThreadPoolExecutor$Worker.run(ThreadPoolExecutor.java:651)
07-17 12:01:38.212 W/Binder  ( 2493): 	at java.lang.Thread.run(Thread.java:1119)
07-17 12:01:38.212 I/a       (17508): setConfiguration start
07-17 12:01:38.214 I/HoneySpace.FloatingAnimator( 5152): container x: 0.41713834, y: 0.82917184, scale : 0.9993943
07-17 12:01:38.214 W/Layer   ( 2123): gatherBufferInfo: Received unknown dataspace from gralloc
07-17 12:01:38.216 D/CompatChangeReporter(17435): Compat change id reported: 63938206; UID 10397; state: ENABLED
07-17 12:01:38.216 I/VRI[LauncherActivity]@acb92cf( 5152): mWNT: t=0xb4000070b4a29d80 mBlastBufferQueue=0xb4000070a326b480 fn= 142 HdrRenderState mRenderHdrSdrRatio=1.0 caller= com.android.systemui.shared.launcher.ViewRootImplCompat.mergeWithNextTransaction:4 com.honeyspace.transition.utils.SurfaceTransactionApplier.scheduleApply$lambda$1:26 com.honeyspace.transition.utils.SurfaceTransactionApplier.b:0 
07-17 12:01:38.216 I/SamsungAnalytics605073(17508): Tracker start:6.05.073
--------- switch to system
07-17 12:01:38.217 I/ActivityManager( 2493): Changes in 10106 19 to 5, 0 to 16
--------- switch to main
07-17 12:01:38.219 W/unknown:ViewManagerPropertyUpdater(17435): Could not find generated setter for class com.th3rdwave.safeareacontext.SafeAreaProviderManager
07-17 12:01:38.220 W/unknown:ViewManagerPropertyUpdater(17435): Could not find generated setter for class com.facebook.react.uimanager.LayoutShadowNode
07-17 12:01:38.220 W/unknown:ViewManagerPropertyUpdater(17435): Could not find generated setter for class com.swmansion.rnscreens.SearchBarManager
07-17 12:01:38.221 W/unknown:ViewManagerPropertyUpdater(17435): Could not find generated setter for class com.swmansion.rnscreens.ScreenFooterManager
07-17 12:01:38.221 W/unknown:ViewManagerPropertyUpdater(17435): Could not find generated setter for class expo.modules.kotlin.views.GroupViewManagerWrapper
07-17 12:01:38.221 W/unknown:ViewManagerPropertyUpdater(17435): Could not find generated setter for class com.swmansion.rnscreens.ScreenContainerViewManager
07-17 12:01:38.222 W/unknown:ViewManagerPropertyUpdater(17435): Could not find generated setter for class com.reactnativecommunity.webview.RNCWebViewManager
07-17 12:01:38.222 I/HoneySpace.FloatingAnimator( 5152): container x: 0.0, y: 0.0, scale : 1.0
07-17 12:01:38.222 I/HoneySpace.DeJankUtils( 5152): postAfterTraversal is called com.honeyspace.common.performance.JankWrapper$addCujInstrumentation$1$4$1@4f0427e, immediate : true detail : app transition end
07-17 12:01:38.222 W/unknown:ViewManagerPropertyUpdater(17435): Could not find generated setter for class com.swmansion.rnscreens.ModalScreenViewManager
07-17 12:01:38.222 I/HoneySpace.FloatingAnimator( 5152): [Player:A(37.869)] value animator:[241368985] end
07-17 12:01:38.222 W/Layer   ( 2123): gatherBufferInfo: Received unknown dataspace from gralloc
07-17 12:01:38.222 V/WindowManager( 2493): Relayout Window{d1f93ec u0 com.gleidsonlm.threatevents/com.gleidsonlm.threatevents.MainActivity}: viewVisibility=0 req=1080x2340 ty=1 d0
07-17 12:01:38.223 W/unknown:ViewManagerPropertyUpdater(17435): Could not find generated setter for class com.swmansion.rnscreens.ScreenStackHeaderConfigViewManager
07-17 12:01:38.223 W/unknown:ViewManagerPropertyUpdater(17435): Could not find generated setter for class com.swmansion.rnscreens.ScreenContentWrapperManager
--------- switch to system
07-17 12:01:38.223 D/WindowManager( 2493): updateSystemBarAttributes: displayId=0, focusedCanBeNavColorWin=false, win=Window{d1f93ec u0 com.gleidsonlm.threatevents/com.gleidsonlm.threatevents.MainActivity}, navColorWin=Window{42cc0d2 u0 Splash Screen com.gleidsonlm.threatevents}, caller=com.android.server.wm.DisplayPolicy.finishPostLayoutPolicyLw:17 com.android.server.wm.RootWindowContainer.applySurfaceChangesTransaction$1:194 com.android.server.wm.RootWindowContainer.performSurfacePlacementNoTrace:61 
07-17 12:01:38.223 D/WindowManager( 2493): updateSystemBarAttributes, bhv=2, apr=16, statusBarAprRegions=[AppearanceRegion{LIGHT_STATUS_BARS bounds=[0,0][1080,2340]}], requestedVisibilities=-9
--------- switch to main
07-17 12:01:38.223 W/unknown:ViewManagerPropertyUpdater(17435): Could not find generated setter for class com.th3rdwave.safeareacontext.SafeAreaViewManager
07-17 12:01:38.223 W/unknown:ViewManagerPropertyUpdater(17435): Could not find generated setter for class com.th3rdwave.safeareacontext.SafeAreaViewShadowNode
07-17 12:01:38.224 W/unknown:ViewManagerPropertyUpdater(17435): Could not find generated setter for class com.swmansion.rnscreens.ScreenViewManager
07-17 12:01:38.224 V/WindowManager( 2493): Relayout hash=d1f93ec, pid=17435, syncId=-1: mAttrs={(0,0)(fillxfill) sim={adjust=resize forwardNavigation} layoutInDisplayCutoutMode=always ty=BASE_APPLICATION wanim=0x1030312
07-17 12:01:38.224 V/WindowManager( 2493):   fl=81810100
07-17 12:01:38.224 V/WindowManager( 2493):   pfl=100088c0
07-17 12:01:38.224 V/WindowManager( 2493):   bhv=2
07-17 12:01:38.224 V/WindowManager( 2493):   fitSides=0
07-17 12:01:38.224 V/WindowManager( 2493):   frameRateBoostOnTouch=true
07-17 12:01:38.224 V/WindowManager( 2493):   dvrrWindowFrameRateHint=true naviIconColor=0}
07-17 12:01:38.224 W/unknown:ViewManagerPropertyUpdater(17435): Could not find generated setter for class com.swmansion.rnscreens.ScreenStackHeaderSubviewManager
07-17 12:01:38.224 W/unknown:ViewManagerPropertyUpdater(17435): Could not find generated setter for class com.swmansion.rnscreens.ScreenStackViewManager
07-17 12:01:38.224 D/SysUiState( 4565): SysUiState changed: old=0x10020000 new=0x10000000
07-17 12:01:38.225 I/BLASTBufferQueue_Java(17435): update, w= 1080 h= 2340 mName = VRI[MainActivity]@c215b70 mNativeObject= 0xb40000714d78be00 sc.mNativeObject= 0xb40000714d7834c0 format= -1 caller= android.view.ViewRootImpl.updateBlastSurfaceIfNeeded:3386 android.view.ViewRootImpl.relayoutWindow:11361 android.view.ViewRootImpl.performTraversals:4544 android.view.ViewRootImpl.doTraversal:3708 android.view.ViewRootImpl$TraversalRunnable.run:12542 android.view.Choreographer$CallbackRecord.run:1751 
07-17 12:01:38.225 I/VRI[MainActivity]@c215b70(17435): Relayout returned: old=(0,0,1080,2340) new=(0,0,1080,2340) relayoutAsync=false req=(1080,2340)0 dur=3 res=0x1 s={true 0xb4000070b7054000} ch=false seqId=0
07-17 12:01:38.226 D/VRI[MainActivity]@c215b70(17435): reportNextDraw android.view.ViewRootImpl.performTraversals:5193 android.view.ViewRootImpl.doTraversal:3708 android.view.ViewRootImpl$TraversalRunnable.run:12542 android.view.Choreographer$CallbackRecord.run:1751 android.view.Choreographer$CallbackRecord.run:1760 
07-17 12:01:38.226 I/HoneySpace.FloatingAnimator( 5152): remove positionListener - com.honeyspace.transition.anim.floating.b@96b6e37
07-17 12:01:38.226 I/HoneySpace.FloatingAnimator( 5152): [Player:A(37.869)] reset
07-17 12:01:38.226 I/HoneySpace.IconView( 5152): setIconVisible : visible-true, currentForceHideBadge-true
07-17 12:01:38.226 I/HoneySpace.FloatingAnimator( 5152): playerCount : 0
07-17 12:01:38.226 I/HoneySpace.FloatingFinishHelper( 5152): finishInProgress: true
07-17 12:01:38.226 I/HoneySpace.AppLaunchAnimationDelegate( 5152): mainAnimatorSet end
07-17 12:01:38.226 I/HoneySpace.AnimationResult( 5152): finish, false
07-17 12:01:38.226 I/HoneySpace.RunnableList( 5152): executeAllAndClear() called, size: 1
07-17 12:01:38.226 I/HoneySpace.FloatingFinishHelper( 5152): isAppShow reset, immediate
07-17 12:01:38.227 I/HoneySpace.AppscreenViewModel( 5152): endGestureHint
07-17 12:01:38.227 I/HoneySpace.AppscreenViewModel( 5152): resetAnimatedValues
07-17 12:01:38.227 I/HoneySpace.HoneyScreenManagerImpl( 5152): transitionAnimator is ended, onCancel: false
07-17 12:01:38.227 I/HoneySpace.ContentsAnimator( 5152): ContentsAnimator end [56294485]
07-17 12:01:38.227 I/HoneySpace.SystemUiRepository( 5152): systemUiFlags: awake
--------- switch to system
07-17 12:01:38.227 V/WindowManagerShell( 4565): Transition animation finished (aborted=false), notifying core (#5532) android.os.BinderProxy@685bc62@0
--------- switch to main
07-17 12:01:38.228 I/VRI[LauncherActivity]@acb92cf( 5152): mWNT: t=0xb4000070b4a29f00 mBlastBufferQueue=0xb4000070a326b480 fn= 143 HdrRenderState mRenderHdrSdrRatio=1.0 caller= com.android.systemui.shared.launcher.ViewRootImplCompat.mergeWithNextTransaction:4 com.honeyspace.transition.utils.SurfaceTransactionApplier.scheduleApply$lambda$1:26 com.honeyspace.transition.utils.SurfaceTransactionApplier.b:0 
07-17 12:01:38.228 I/HoneySpace.TaskbarEventTracker( 5152): invokeEvent() called with: event = SystemUiStateChanged(stateFlags=268435456)
07-17 12:01:38.228 I/SurfaceControlRegistry( 4565): apply, t=FinishTransaction_SyncId<5532>, caller=android.view.SurfaceControl$Transaction.apply:3135 android.view.SurfaceControl$Transaction.apply:3122 android.view.SurfaceControl$Transaction.apply:3078 com.android.wm.shell.transition.Transitions.onFinish:308 com.android.wm.shell.transition.Transitions$$ExternalSyntheticLambda8.onTransitionFinished:18 com.android.wm.shell.transition.DefaultMixedHandler$$ExternalSyntheticLambda4.onTransitionFinished:17 
07-17 12:01:38.228 I/HoneySpace.AnimationResult( 5152): asyncFinishRunnable run
07-17 12:01:38.228 I/HoneySpace.ShellTransitionManager( 5152): open normal end
--------- switch to system
07-17 12:01:38.228 V/WindowManager( 2493): Finish Transition: TransitionRecord{dcfe240 id=5532 type=OPEN flags=0x0}, caller=com.android.server.wm.WindowOrganizerController.finishTransitionInner:26 com.android.server.wm.WindowOrganizerController.finishAllTransitions:59 android.window.IWindowOrganizerController$Stub.onTransact:311 
--------- switch to main
07-17 12:01:38.229 I/HoneySpace.ShellAnimationRunner( 5152): setDelegate, delegate-null, strong-false
07-17 12:01:38.229 I/HoneySpace.RunnableList( 5152): executeAllAndClear() called, size: 1
07-17 12:01:38.229 I/HoneySpace.AnimationResult( 5152): completeCallback run
07-17 12:01:38.229 I/HoneySpace.ShellAnimationRunner( 5152): cleanUp: null, null
--------- switch to system
07-17 12:01:38.229 V/WindowManager( 2493): Finish Transition (#5532): created at 07-17 12:01:37.825 collect-started=0.259ms request-sent=4.923ms started=7.627ms ready=32.282ms sent=34.681ms finished=403.954ms
07-17 12:01:38.230 V/WindowManager( 2493): Setting visibility of Window{d3c7c69 u0 (1-1)-Window{2ab0a39 alpha=1.0 fl=}}: false, caller=com.android.server.wm.WindowContainer.sendAppVisibilityToClients:19 com.android.server.wm.WindowToken.setClientVisible:49 com.android.server.wm.ActivityRecord.setClientVisible:8 com.android.server.wm.ActivityRecord.commitVisibility:273 com.android.server.wm.TransitionController.finishTransition:766 
07-17 12:01:38.230 V/WindowManager( 2493): Setting visibility of Window{88897ff u0 com.sec.android.app.launcher/com.sec.android.app.launcher.activities.LauncherActivity}: false, caller=com.android.server.wm.WindowContainer.sendAppVisibilityToClients:19 com.android.server.wm.WindowToken.setClientVisible:49 com.android.server.wm.ActivityRecord.setClientVisible:8 com.android.server.wm.ActivityRecord.commitVisibility:273 com.android.server.wm.TransitionController.finishTransition:766 
07-17 12:01:38.230 V/WindowManager( 2493): Setting visibility of Window{774a406 u0 com.android.systemui.wallpapers.ImageWallpaper}: false, caller=com.android.server.wm.WindowContainer.sendAppVisibilityToClients:19 com.android.server.wm.WindowToken.setClientVisible:49 com.android.server.wm.WallpaperWindowToken.setVisible$1:3 com.android.server.wm.WallpaperWindowToken.commitVisibility:49 com.android.server.wm.TransitionController.finishTransition:1180 
--------- switch to main
07-17 12:01:38.230 W/unknown:ViewManagerPropertyUpdater(17435): Could not find generated setter for class com.swmansion.gesturehandler.react.RNGestureHandlerButtonViewManager
07-17 12:01:38.230 I/VRI[0 fl=}]@c2e8a5c(17778): handleAppVisibility mAppVisible = true visible = false
07-17 12:01:38.230 D/VRI[0 fl=}]@c2e8a5c(17778): visibilityChanged oldVisibility=true newVisibility=false
07-17 12:01:38.230 I/HoneySpace.DeJankUtils( 5152): traversals callback's received
07-17 12:01:38.230 I/SurfaceFlinger( 2123): Layer [Task=1#52] hidden!! flag(1)
07-17 12:01:38.230 I/HoneySpace.DeJankUtils( 5152): doActionRunnable is called com.honeyspace.common.performance.JankWrapper$addCujInstrumentation$1$4$1@4f0427e, immediate = true, detail : app transition end
07-17 12:01:38.230 I/SurfaceFlinger( 2123): [LayerHierarchy{RequestedLayerState{Task=1#52 parentId=11} 2 children}] reparent to LayerHierarchy{RequestedLayerState{DefaultTaskDisplayArea_d0#11 parentId=10} 50 children}
07-17 12:01:38.230 I/SurfaceFlinger( 2123): [LayerHierarchy{RequestedLayerState{WallpaperWindowToken{2a8d76f token=android.os.Binder@80e8a4e}#76 parentId=9 z=1} 1 children}] reparent to LayerHierarchy{RequestedLayerState{Leaf:1:1#9 parentId=8} 2 children}
07-17 12:01:38.230 I/SurfaceFlinger( 2123): [LayerHierarchy{RequestedLayerState{Task=1348#73128 parentId=11 z=5} 1 children}] reparent to LayerHierarchy{RequestedLayerState{DefaultTaskDisplayArea_d0#11 parentId=10} 51 children}
07-17 12:01:38.230 I/SurfaceFlinger( 2123): [LayerHierarchy{RequestedLayerState{Transition Root: Task=1348#73132 z=5} 2 children}] reparent to OffscreenRoot
07-17 12:01:38.230 I/SurfaceFlinger( 2123): [LayerHierarchy{RequestedLayerState{Transition Root: Task=1348#73132 z=5} 2 children}] RelativeParent to null
--------- switch to system
07-17 12:01:38.231 D/ChangeTransitionController( 2493): onTransitionFinished: TransitionRecord{dcfe240 id=5532 type=OPEN flags=0x0}
--------- switch to main
07-17 12:01:38.231 W/unknown:ViewManagerPropertyUpdater(17435): Could not find generated setter for class com.facebook.react.views.safeareaview.ReactSafeAreaViewManager
07-17 12:01:38.231 W/Layer   ( 2123): gatherBufferInfo: Received unknown dataspace from gralloc
07-17 12:01:38.231 I/WallpaperService( 4565): dispatchAppVisibility: system, visible=false , mLidState = -1
07-17 12:01:38.231 W/unknown:ViewManagerPropertyUpdater(17435): Could not find generated setter for class com.facebook.react.views.safeareaview.ReactSafeAreaViewShadowNode
07-17 12:01:38.231 I/WallpaperService( 4565): reportVisibility: visibility changed. visible=false
07-17 12:01:38.231 I/SurfaceFlinger( 2123): id=73132 Removed Transition Root: Task=1348#73132 (259)
07-17 12:01:38.231 I/ImageWallpaper_5[Image]( 4565):  onVisibilityChanged: visible=false , displayId=0
--------- switch to system
07-17 12:01:38.231 V/WindowManagerShell( 4565): Track 0 became idle
07-17 12:01:38.231 V/WindowManagerShell( 4565): All active transition animations finished
--------- switch to main
07-17 12:01:38.231 D/SurfaceFlinger( 2123): GPIS:: requestGPISForClientComposition
07-17 12:01:38.231 W/unknown:ViewManagerPropertyUpdater(17435): Could not find generated setter for class com.facebook.react.views.modal.ReactModalHostManager
07-17 12:01:38.232 W/unknown:ViewManagerPropertyUpdater(17435): Could not find generated setter for class com.facebook.react.views.text.frescosupport.FrescoBasedReactTextInlineImageViewManager
07-17 12:01:38.232 W/unknown:ViewManagerPropertyUpdater(17435): Could not find generated setter for class com.facebook.react.views.text.frescosupport.FrescoBasedReactTextInlineImageShadowNode
07-17 12:01:38.232 I/sensors-hal( 1990): handle_sns_client_event:574, [0][0] accel_sample [-0.032,  0.019,  9.802] 759462546441250
07-17 12:01:38.232 D/SurfaceFlinger( 2123): Display 4630947059332006275 HWC layers:
07-17 12:01:38.232 D/SurfaceFlinger( 2123):        DEVICE |   0xb400007759eec400 | 0000 | RGBA_8888    |  118.0  256.0  962.0 2084.0 |    0    0 1080 2340 | Wallpaper BBQ wrapper 5_system#80 (1)
07-17 12:01:38.232 D/SurfaceFlinger( 2123):        DEVICE |   0xb40000777c462000 | 0001 | RGBA_8888    |    0.0    0.0 1080.0 2340.0 |    0    0 1080 2340 | Splash Screen com.gleidsonlm.threatevents$_4565#73131 (1)
07-17 12:01:38.232 D/SurfaceFlinger( 2123):        DEVICE |   0xb40000777c462300 | 0001 | RGBA_8888    |    0.0    0.0 1080.0   81.0 |    0    0 1080   81 | StatusBar$_4565#105 (92076)
07-17 12:01:38.232 D/SurfaceFlinger( 2123):        DEVICE |   0xb40000777e0e6880 | 0001 | RGBA_8888    |    0.0    0.0   67.0  342.0 | 1013  443 1080  785 | com.sec.android.app.launcher/com.sam[...]l.app.CocktailBarService$_5152#73106 (1)
07-17 12:01:38.232 D/SurfaceFlinger( 2123):        DEVICE |   0xb40000777c49a900 | 0001 | RGBA_8888    |    0.0    0.0 1080.0  144.0 |    0 2196 1080 2340 | NavigationBar0$_4565#98 (132273)
07-17 12:01:38.232 D/SurfaceFlinger( 2123): 
07-17 12:01:38.232 W/unknown:ViewManagerPropertyUpdater(17435): Could not find generated setter for class com.facebook.react.views.progressbar.ReactProgressBarViewManager
07-17 12:01:38.232 I/HoneySpace.AppTransitionAnimationAwait( 5152): proceed 1
07-17 12:01:38.232 I/VRI[LauncherActivity]@acb92cf( 5152): handleAppVisibility mAppVisible = true visible = false
07-17 12:01:38.233 I/SurfaceFlinger( 2123): id=73137 Removed Surface(name=Task=1)/@0x59d4fe5_transition-leash#73137 (259)
07-17 12:01:38.233 I/SurfaceFlinger( 2123): id=73135 Removed Surface(name=Task=1348)/@0xea69b4f_transition-leash#73135 (259)
07-17 12:01:38.233 W/unknown:ViewManagerPropertyUpdater(17435): Could not find generated setter for class com.facebook.react.views.progressbar.ProgressBarShadowNode
07-17 12:01:38.233 W/unknown:ViewManagerPropertyUpdater(17435): Could not find generated setter for class com.facebook.react.views.scroll.ReactHorizontalScrollViewManager
07-17 12:01:38.233 I/HoneySpace.RecentTasks( 5152): onRecentTasksChanged
07-17 12:01:38.234 W/unknown:ViewManagerPropertyUpdater(17435): Could not find generated setter for class com.facebook.react.views.image.ReactImageManager
07-17 12:01:38.234 D/SyntheticPasswordManager.SDP( 2493): Inside fromBytes() - result.pinLength : 6
07-17 12:01:38.234 D/SyntheticPasswordManager.SDP( 2493): 2. result.secureMode : 0
07-17 12:01:38.235 W/unknown:ViewManagerPropertyUpdater(17435): Could not find generated setter for class com.facebook.react.views.text.ReactTextViewManager
--------- switch to system
07-17 12:01:38.235 W/UserManagerService( 2493): Requested status bar icon for non-badged user 0
--------- switch to main
07-17 12:01:38.235 W/unknown:ViewManagerPropertyUpdater(17435): Could not find generated setter for class com.facebook.react.views.text.ReactTextShadowNode
07-17 12:01:38.235 I/HoneySpace.HistoryViewModel@225099942@OneUI( 5152): Illegal access. Unknown type. skip load history items
--------- switch to system
07-17 12:01:38.235 W/UserManagerService( 2493): Requested status bar icon for non-badged user 0
--------- switch to main
07-17 12:01:38.235 D/HWUI    (17778): CacheManager::trimMemory(20)
07-17 12:01:38.235 V/WindowManager( 2493): Relayout Window{d3c7c69 u0 (1-1)-Window{2ab0a39 alpha=1.0 fl=}}: viewVisibility=8 req=1080x2340 ty=4 d0
07-17 12:01:38.236 W/unknown:ViewManagerPropertyUpdater(17435): Could not find generated setter for class com.facebook.react.views.scroll.ReactHorizontalScrollContainerViewManager
07-17 12:01:38.236 I/HoneySpace.FloatingFinishHelper( 5152): finishInProgress: false
07-17 12:01:38.236 W/unknown:ViewManagerPropertyUpdater(17435): Could not find generated setter for class com.facebook.react.views.unimplementedview.ReactUnimplementedViewManager
07-17 12:01:38.236 V/WindowManager( 2493): Relayout hash=d3c7c69, pid=17778, syncId=-1: mAttrs={(0,0)(fillxfill) gr=LEFT CENTER_HORIZONTAL sim={adjust=resize} layoutInDisplayCutoutMode=always ty=DRAWN_APPLICATION fmt=TRANSPARENT wanim=0x1030301 alpha=0.0
07-17 12:01:38.236 V/WindowManager( 2493):   fl=81850118
07-17 12:01:38.236 V/WindowManager( 2493):   pfl=10008840
07-17 12:01:38.236 V/WindowManager( 2493):   bhv=1
07-17 12:01:38.236 V/WindowManager( 2493):   fitSides=0
07-17 12:01:38.236 V/WindowManager( 2493):   frameRateBoostOnTouch=true
07-17 12:01:38.236 V/WindowManager( 2493):   dvrrWindowFrameRateHint=true
07-17 12:01:38.236 V/WindowManager( 2493):  dimAmount=0.0 naviIconColor=0}
07-17 12:01:38.237 W/unknown:ViewManagerPropertyUpdater(17435): Could not find generated setter for class com.facebook.react.views.scroll.ReactScrollViewManager
07-17 12:01:38.237 I/VRI[0 fl=}]@c2e8a5c(17778): Relayout returned: old=(0,0,1080,2340) new=(0,0,1080,2340) relayoutAsync=false req=(1080,2340)8 dur=1 res=0x2 s={false 0x0} ch=true seqId=0
07-17 12:01:38.237 D/VRI[0 fl=}]@c2e8a5c(17778): Not drawing due to not visible. Reason=!mAppVisible && !mForceDecorViewVisibility
07-17 12:01:38.237 W/unknown:ViewManagerPropertyUpdater(17435): Could not find generated setter for class com.facebook.react.views.view.ReactViewManager
07-17 12:01:38.238 W/unknown:ViewManagerPropertyUpdater(17435): Could not find generated setter for class com.facebook.react.views.drawer.ReactDrawerLayoutManager
07-17 12:01:38.239 I/SurfaceFlinger( 2123): Layer [ActivityRecord{a146a38 u0 com.sec.an[...]vities.LauncherActivity t1097}#51236] hidden!! flag(1)
07-17 12:01:38.239 W/unknown:ViewManagerPropertyUpdater(17435): Could not find generated setter for class com.facebook.react.views.switchview.ReactSwitchManager
07-17 12:01:38.239 I/SurfaceFlinger( 2123): Layer [com.sec.android.app.launcher/com.sec[...]ivities.LauncherActivity$_5152#73100] hidden!! flag(1)
07-17 12:01:38.239 I/SurfaceFlinger( 2123): Layer [com.android.systemui.wallpapers.ImageWallpaper$_4565#79] hidden!! flag(1)
07-17 12:01:38.239 I/SurfaceFlinger( 2123): Layer [(1-1)-Window{2ab0a39 alpha=1.0 fl=}$_17778#73099] hidden!! flag(1)
07-17 12:01:38.239 I/SurfaceFlinger( 2123): Layer [WallpaperWindowToken{2a8d76f token=android.os.Binder@80e8a4e}#76] hidden!! flag(1)
07-17 12:01:38.239 I/SurfaceFlinger( 2123): Layer [Task=1097#51235] hidden!! flag(1)
07-17 12:01:38.239 I/SurfaceFlinger( 2123): destroyed Surface(name=Task=1)/@0x59d4fe5_transition-leash#73137
07-17 12:01:38.239 I/SurfaceFlinger( 2123): destroyed Transition Root: Task=1348#73132
07-17 12:01:38.239 I/SurfaceFlinger( 2123): destroyed Surface(name=Task=1348)/@0xea69b4f_transition-leash#73135
07-17 12:01:38.239 W/unknown:ViewManagerPropertyUpdater(17435): Could not find generated setter for class com.facebook.react.views.switchview.ReactSwitchShadowNode
07-17 12:01:38.239 W/Layer   ( 2123): gatherBufferInfo: Received unknown dataspace from gralloc
07-17 12:01:38.239 I/Layer   ( 2123): id=73132 Destroyed Transition Root: Task=1348#73132
07-17 12:01:38.239 I/Layer   ( 2123): id=73135 Destroyed Surface(name=Task=1348)/@0xea69b4f_transition-leash#73135
07-17 12:01:38.239 I/Layer   ( 2123): id=73137 Destroyed Surface(name=Task=1)/@0x59d4fe5_transition-leash#73137
07-17 12:01:38.239 W/unknown:ViewManagerPropertyUpdater(17435): Could not find generated setter for class com.facebook.react.views.text.ReactVirtualTextViewManager
07-17 12:01:38.239 W/unknown:ViewManagerPropertyUpdater(17435): Could not find generated setter for class com.facebook.react.views.text.ReactVirtualTextShadowNode
07-17 12:01:38.240 W/unknown:ViewManagerPropertyUpdater(17435): Could not find generated setter for class com.facebook.react.views.swiperefresh.SwipeRefreshLayoutManager
07-17 12:01:38.240 V/WindowManager( 2493): Relayout Window{88897ff u0 com.sec.android.app.launcher/com.sec.android.app.launcher.activities.LauncherActivity}: viewVisibility=8 req=1080x2340 ty=1 d0
07-17 12:01:38.240 D/SurfaceFlinger( 2123): Display 4630947059332006275 HWC layers:
07-17 12:01:38.240 D/SurfaceFlinger( 2123):        DEVICE |   0xb40000777c462000 | 0001 | RGBA_8888    |    0.0    0.0 1080.0 2340.0 |    0    0 1080 2340 | Splash Screen com.gleidsonlm.threatevents$_4565#73131 (1)
07-17 12:01:38.240 D/SurfaceFlinger( 2123):        DEVICE |   0xb40000777c462300 | 0001 | RGBA_8888    |    0.0    0.0 1080.0   81.0 |    0    0 1080   81 | StatusBar$_4565#105 (92076)
07-17 12:01:38.240 D/SurfaceFlinger( 2123):        DEVICE |   0xb40000777e0e6880 | 0001 | RGBA_8888    |    0.0    0.0   67.0  342.0 | 1013  443 1080  785 | com.sec.android.app.launcher/com.sam[...]l.app.CocktailBarService$_5152#73106 (1)
07-17 12:01:38.240 D/SurfaceFlinger( 2123):        DEVICE |   0xb40000777c49a900 | 0001 | RGBA_8888    |    0.0    0.0 1080.0  144.0 |    0 2196 1080 2340 | NavigationBar0$_4565#98 (132273)
07-17 12:01:38.240 D/SurfaceFlinger( 2123): 
07-17 12:01:38.241 W/unknown:ViewManagerPropertyUpdater(17435): Could not find generated setter for class com.facebook.react.views.text.ReactRawTextManager
07-17 12:01:38.241 W/unknown:ViewManagerPropertyUpdater(17435): Could not find generated setter for class com.facebook.react.views.text.ReactRawTextShadowNode
07-17 12:01:38.241 V/WindowManager( 2493): Relayout hash=88897ff, pid=5152, syncId=-1: mAttrs={(0,0)(fillxfill) sim={adjust=nothing forwardNavigation} layoutInDisplayCutoutMode=always ty=BASE_APPLICATION fmt=TRANSPARENT wanim=0x1030301
07-17 12:01:38.241 V/WindowManager( 2493):   fl=81910100
07-17 12:01:38.241 V/WindowManager( 2493):   pfl=10008840
07-17 12:01:38.241 V/WindowManager( 2493):   bhv=2
07-17 12:01:38.241 V/WindowManager( 2493):   fitSides=0
07-17 12:01:38.241 V/WindowManager( 2493):   frameRateBoostOnTouch=true
07-17 12:01:38.241 V/WindowManager( 2493):   dvrrWindowFrameRateHint=true naviIconColor=0}
07-17 12:01:38.241 W/unknown:ViewManagerPropertyUpdater(17435): Could not find generated setter for class com.facebook.react.views.textinput.ReactTextInputManager
07-17 12:01:38.241 W/unknown:ViewManagerPropertyUpdater(17435): Could not find generated setter for class com.facebook.react.views.textinput.ReactTextInputShadowNode
07-17 12:01:38.242 I/VRI[LauncherActivity]@acb92cf( 5152): Relayout returned: old=(0,0,1080,2340) new=(0,0,1080,2340) relayoutAsync=false req=(1080,2340)8 dur=1 res=0x2 s={false 0x0} ch=true seqId=0
07-17 12:01:38.242 W/unknown:ViewManagerPropertyUpdater(17435): Could not find generated setter for class com.swmansion.gesturehandler.react.RNGestureHandlerRootViewManager
07-17 12:01:38.244 W/BridgelessReactContext(17435): [WARNING] Bridgeless doesn't support CatalystInstance. Accessing an API that's not part of the new architecture is not encouraged usage.
07-17 12:01:38.247 I/HoneySpace.WallpaperAnimator( 5152): destroyWallpaperSurface Surface(name=Surface(name=RemoteWallpaperAnim:1:1)/@0xaa66b0a - animation-leash of remote_wallpaper)/@0xe55f0e
07-17 12:01:38.247 I/HoneySpace.WallpaperAnimator( 5152): wallpaper animation end [125037871]
07-17 12:01:38.247 I/ExpoModulesCore(17435): ✅ JSI interop was installed
07-17 12:01:38.248 I/ExpoModulesCore(17435): ✅ Constants were exported
--------- switch to system
07-17 12:01:38.248 I/WindowManager( 2493): Cancelling animation restarting=false, leash=Surface(name=Surface(name=RemoteWallpaperAnim:1:1)/@0xaa66b0a - animation-leash of remote_wallpaper)/@0xb6962ad
07-17 12:01:38.248 I/WindowManager( 2493): Reparenting to original parent: Surface(name=OneHanded:0:14)/@0x134cf7b, destroy=false, syncState=0, syncCommitDepth=0, surface=Surface(name=RemoteWallpaperAnim:1:1)/@0xaa66b0a
07-17 12:01:38.248 D/WindowManager( 2493): mRunner#onAnimationCancelled, leash=Surface(name=Surface(name=RemoteWallpaperAnim:1:1)/@0xaa66b0a - animation-leash of remote_wallpaper)/@0xb6962ad, caller=com.android.server.wm.SurfaceAnimator.cancelAnimation:16 com.android.server.wm.SurfaceAnimator.cancelAnimation:1 com.android.server.wm.WindowContainer.cancelAnimation:12 com.android.server.wm.WindowManagerService.finishRemoteWallpaperAnimation:79 android.view.IWindowManager$Stub.onTransact:4119 
--------- switch to main
07-17 12:01:38.249 I/HoneySpace.WallpaperAnimator( 5152): onAnimationCancelled
--------- switch to system
07-17 12:01:38.249 D/WindowManager( 2493): finishRemoteWallpaperAnimation, success=true
07-17 12:01:38.251 D/ActivityManager( 2493): unpendingScheduleServiceRestart: u=10356, drop=false
07-17 12:01:38.253 D/ActivityManager( 2493): unpendingScheduleServiceRestart: u=10356, drop=false
07-17 12:01:38.253 D/ActivityManager( 2493): unpendingScheduleServiceRestart: u=10356, drop=false
--------- switch to main
07-17 12:01:38.261 D/nativeloader(17435): Load /data/app/~~-xxlXhE7_6qPFJ3L3PFsLQ==/com.gleidsonlm.threatevents-hxtjPy1EfhKdvNosZVZsgA==/split_config.arm64_v8a.apk!/lib/arm64-v8a/librnscreens.so using class loader ns clns-7 (caller=/data/app/~~-xxlXhE7_6qPFJ3L3PFsLQ==/com.gleidsonlm.threatevents-hxtjPy1EfhKdvNosZVZsgA==/base.apk!classes2.dex): ok
07-17 12:01:38.262 I/ReactNativeJS(17435): Running "main"
07-17 12:01:38.264 I/SurfaceFlinger( 2123): [LayerHierarchy{RequestedLayerState{RemoteWallpaperAnim:1:1#7 parentId=4 z=1} 1 children}] reparent to LayerHierarchy{RequestedLayerState{OneHanded:0:14#4 parentId=3} 5 children}
07-17 12:01:38.264 I/SurfaceFlinger( 2123): [LayerHierarchy{RequestedLayerState{Surface(name=RemoteWallpaperAnim:1:1)/@0xaa66b0a - animation-leash of remote_wallpaper#73138} no children}] reparent to OffscreenRoot
07-17 12:01:38.264 I/SurfaceFlinger( 2123): [LayerHierarchy{RequestedLayerState{Surface(name=RemoteWallpaperAnim:1:1)/@0xaa66b0a - animation-leash of remote_wallpaper#73138} no children}] RelativeParent to null
07-17 12:01:38.264 W/Layer   ( 2123): gatherBufferInfo: Received unknown dataspace from gralloc
07-17 12:01:38.264 I/SurfaceFlinger( 2123): id=73138 Removed Surface(name=RemoteWallpaperAnim:1:1)/@0xaa66b0a - animation-leash of remote_wallpaper#73138 (256)
07-17 12:01:38.266 D/nativeloader(17435): Load /data/app/~~-xxlXhE7_6qPFJ3L3PFsLQ==/com.gleidsonlm.threatevents-hxtjPy1EfhKdvNosZVZsgA==/split_config.arm64_v8a.apk!/lib/arm64-v8a/libworklets.so using class loader ns clns-7 (caller=/data/app/~~-xxlXhE7_6qPFJ3L3PFsLQ==/com.gleidsonlm.threatevents-hxtjPy1EfhKdvNosZVZsgA==/base.apk): ok
07-17 12:01:38.268 D/nativeloader(17435): Load /data/app/~~-xxlXhE7_6qPFJ3L3PFsLQ==/com.gleidsonlm.threatevents-hxtjPy1EfhKdvNosZVZsgA==/split_config.arm64_v8a.apk!/lib/arm64-v8a/libreanimated.so using class loader ns clns-7 (caller=/data/app/~~-xxlXhE7_6qPFJ3L3PFsLQ==/com.gleidsonlm.threatevents-hxtjPy1EfhKdvNosZVZsgA==/base.apk): ok
07-17 12:01:38.270 W/System.err(17435): java.lang.NoSuchFieldException: No field mIsFinished in class Lcom/facebook/react/bridge/queue/MessageQueueThreadImpl; (declaration of 'com.facebook.react.bridge.queue.MessageQueueThreadImpl' appears in /data/app/~~-xxlXhE7_6qPFJ3L3PFsLQ==/com.gleidsonlm.threatevents-hxtjPy1EfhKdvNosZVZsgA==/base.apk)
07-17 12:01:38.270 W/System.err(17435): 	at java.lang.Class.getDeclaredField(Native Method)
07-17 12:01:38.270 W/System.err(17435): 	at com.swmansion.worklets.WorkletsMessageQueueThreadBase.quitSynchronous(WorkletsMessageQueueThreadBase.java:54)
07-17 12:01:38.270 W/System.err(17435): 	at com.swmansion.reanimated.NativeProxy.initHybrid(Native Method)
07-17 12:01:38.270 W/System.err(17435): 	at com.swmansion.reanimated.NativeProxy.<init>(NativeProxy.java:47)
07-17 12:01:38.270 W/System.err(17435): 	at com.swmansion.reanimated.NodesManager.initWithContext(NodesManager.java:148)
07-17 12:01:38.270 W/System.err(17435): 	at com.swmansion.reanimated.ReanimatedModule.installTurboModule(ReanimatedModule.java:159)
07-17 12:01:38.270 W/System.err(17435): 	at com.facebook.jni.NativeRunnable.run(Native Method)
07-17 12:01:38.270 W/System.err(17435): 	at android.os.Handler.handleCallback(Handler.java:959)
07-17 12:01:38.270 W/System.err(17435): 	at android.os.Handler.dispatchMessage(Handler.java:100)
07-17 12:01:38.270 W/System.err(17435): 	at com.facebook.react.bridge.queue.MessageQueueThreadHandler.dispatchMessage(MessageQueueThreadHandler.kt:20)
07-17 12:01:38.270 W/System.err(17435): 	at android.os.Looper.loopOnce(Looper.java:257)
07-17 12:01:38.270 W/System.err(17435): 	at android.os.Looper.loop(Looper.java:342)
07-17 12:01:38.270 W/System.err(17435): 	at com.facebook.react.bridge.queue.MessageQueueThreadImpl$Companion.startNewBackgroundThread$lambda$1(MessageQueueThreadImpl.kt:175)
07-17 12:01:38.270 W/System.err(17435): 	at com.facebook.react.bridge.queue.MessageQueueThreadImpl$Companion.$r8$lambda$ldnZnqelhYFctGaUKkOKYj5rxo4(Unknown Source:0)
07-17 12:01:38.270 W/System.err(17435): 	at com.facebook.react.bridge.queue.MessageQueueThreadImpl$Companion$$ExternalSyntheticLambda0.run(D8$$SyntheticClass:0)
07-17 12:01:38.270 W/System.err(17435): 	at java.lang.Thread.run(Thread.java:1119)
07-17 12:01:38.272 I/SurfaceFlinger( 2123): destroyed Surface(name=RemoteWallpaperAnim:1:1)/@0xaa66b0a - animation-leash of remote_wallpaper#73138
07-17 12:01:38.272 W/Layer   ( 2123): gatherBufferInfo: Received unknown dataspace from gralloc
07-17 12:01:38.272 I/Layer   ( 2123): id=73138 Destroyed Surface(name=RemoteWallpaperAnim:1:1)/@0xaa66b0a - animation-leash of remote_wallpaper#73138
07-17 12:01:38.280 W/Layer   ( 2123): gatherBufferInfo: Received unknown dataspace from gralloc
07-17 12:01:38.289 W/Layer   ( 2123): gatherBufferInfo: Received unknown dataspace from gralloc
07-17 12:01:38.291 D/SecSettingsStateHistoryHelper( 2493): Not support history file
07-17 12:01:38.297 W/Layer   ( 2123): gatherBufferInfo: Received unknown dataspace from gralloc
07-17 12:01:38.298 I/PrivacyDashboard(17508): PermissionAccessInformationContentProvider  bulkInsert : 50
07-17 12:01:38.305 W/Layer   ( 2123): gatherBufferInfo: Received unknown dataspace from gralloc
07-17 12:01:38.314 W/Layer   ( 2123): gatherBufferInfo: Received unknown dataspace from gralloc
07-17 12:01:38.322 W/Layer   ( 2123): gatherBufferInfo: Received unknown dataspace from gralloc
