--------- beginning of main
07-17 13:07:04.315 I/Finsky  ( 4573): [2740] [ContentSync] finished, scheduled=false
07-17 13:07:04.315 D/EuiccConnector( 4545): handleMessage: E msg.what=1
07-17 13:07:04.315 D/EuiccConnector( 4545): processMsg: AvailableState
07-17 13:07:04.315 D/EuiccConnector( 4545): processMsg: UnavailableState
07-17 13:07:04.315 D/ControlsListingControllerImpl( 4565): ServiceConfig reloaded, count: 0
07-17 13:07:04.315 D/CarrierSvcBindHelper( 4545): No carrier app for: 0
07-17 13:07:04.315 D/SPluginManagerImpl( 4565): onReceive: android.intent.action.PACKAGE_CHANGED, size:{com.android.systemui.navigationbar.plugin.PluginBarInteractionManager$pluginListener$1@26c716=SPluginInstanceManager@53799330 (action=com.samsung.systemui.navigationbar.PLUGIN), com.android.systemui.volume.VolumeStarInteractor$start$1@6f8c2ea=SPluginInstanceManager@33752627 (action=com.samsung.systemui.volume.PLUGIN), com.android.systemui.pluginlock.PluginLockMediatorImpl@b67182e=SPluginInstanceManager@94330352 (action=com.samsung.systemui.action.PLUGIN_LOCK), com.samsung.android.systemui.multistar.MultiStarManager$2@be9b6e5=SPluginInstanceManager@186273641 (action=com.samsung.systemui.action.PLUGIN_MULTISTAR), com.android.systemui.noticenter.NotiCenterPlugin$NotiCenterPluginListener@df90d56=SPluginInstanceManager@43777518 (action=com.samsung.systemui.action.PLUGIN_NOTICENTER), com.android.systemui.slimindicator.SlimIndicatorPluginMediator@fba5be9=SPluginInstanceManager@131977871 (action=com.samsung.systemui.action.SPLUGIN_SLIMINDICATOR)}
07-17 13:07:04.315 D/PluginActionManager( 4565): Found 0 plugins
07-17 13:07:04.315 D/PluginActionManager( 4565): queryPkg com.gleidsonlm.threatevents com.android.systemui.action.PLUGIN_OVERLAY
07-17 13:07:04.315 D/KeyguardUpdateMonitor( 4565): received broadcast android.intent.action.PACKAGE_CHANGED
07-17 13:07:04.315 I/GoodLockLifecycle( 4565): onPackageChanged: com.gleidsonlm.threatevents
07-17 13:07:04.315 D/PluginActionManager( 4565): Found 0 plugins
07-17 13:07:04.315 D/PluginActionManager( 4565): queryPkg com.gleidsonlm.threatevents com.android.systemui.action.PLUGIN_TOAST
07-17 13:07:04.315 D/CarrierSvcBindHelper( 4545): No carrier app for: 1
07-17 13:07:04.316 I/artd    (30521): GetBestInfo: odex next to the dex file (/data/app/~~jTEW7WjhKOu2EPYlcUDDww==/com.gleidsonlm.threatevents-1igq79XScRkA_cECqCSNzA==/oat/arm64/base.odex) is kOatUpToDate with filter 'verify' executable 'false'
07-17 13:07:04.317 D/ImsResolver( 4545): maybeAddedImsService, packageName: com.gleidsonlm.threatevents
07-17 13:07:04.317 D/EuiccConnector( 4545): transitionTo: destState=AvailableState
07-17 13:07:04.317 I/Finsky  ( 4573): [2246] AIM: Got app ownership map. App counts: . Unique apps: 0
07-17 13:07:04.317 E/Finsky  ( 4573): [2246] [Counters] attempted to use a non-positive increment for: 4752
07-17 13:07:04.318 D/EuiccConnector( 4545): handleMessage: new destination call exit/enter
07-17 13:07:04.318 D/EuiccConnector( 4545): setupTempStateStackWithStatesToEnter: X mTempStateStackCount=1,curStateInfo: state=UnavailableState,active=true,parent=null
07-17 13:07:04.318 D/EuiccConnector( 4545): invokeExitMethods: AvailableState
07-17 13:07:04.318 D/EuiccConnector( 4545): moveTempStackToStateStack: i=0,j=1
07-17 13:07:04.318 D/EuiccConnector( 4545): moveTempStackToStateStack: X mStateStackTop=1,startingIndex=1,Top=AvailableState
07-17 13:07:04.318 D/EuiccConnector( 4545): invokeEnterMethods: AvailableState
07-17 13:07:04.318 D/EuiccConnector( 4545): handleMessage: X
07-17 13:07:04.318 D/SecSTQuickControlRequestReceiver( 4565): onReceive intent = Intent { act=android.intent.action.PACKAGE_CHANGED dat=package: flg=0x5000010 (has extras) }
07-17 13:07:04.318 D/SecSTQuickControlRequestReceiver( 4565): onReceiveForPackage action = android.intent.action.PACKAGE_CHANGED, pkgName = com.gleidsonlm.threatevents
07-17 13:07:04.321 E/Finsky  ( 4573): [2247] [Counters] attempted to use a non-positive increment for: 4753
07-17 13:07:04.321 D/PluginActionManager( 4565): Found 0 plugins
07-17 13:07:04.321 D/PluginActionManager( 4565): queryPkg com.gleidsonlm.threatevents com.android.systemui.action.PLUGIN_NAVIGATION_EDGE_BACK_ACTION
07-17 13:07:04.325 D/PluginActionManager( 4565): Found 0 plugins
07-17 13:07:04.325 D/PluginActionManager( 4565): queryPkg com.gleidsonlm.threatevents com.android.systemui.action.PLUGIN_CLOCK_PROVIDER
07-17 13:07:04.325 D/PluginActionManager( 4565): Found 0 plugins
07-17 13:07:04.325 D/PluginActionManager( 4565): queryPkg com.gleidsonlm.threatevents com.android.systemui.action.PLUGIN_QS_FACTORY
07-17 13:07:04.325 D/SEP_UNION_SemDeviceInfoManagerService( 2493): onReceive : android.intent.action.PACKAGE_CHANGED, userId = 0 
07-17 13:07:04.326 I/Finsky  ( 4573): [2] DTU: Received onPackageAdded, replacing: false
07-17 13:07:04.326 I/Finsky  ( 4573): [2] Clearing split related stale data.
07-17 13:07:04.327 I/Finsky  ( 4573): [2241] AIM: AppInfoManager-Perf > OnDeviceAppInfo > cacheHitCount=1, cacheMissCount=0. Missed  in cache (limit 10) : []
07-17 13:07:04.327 I/Finsky  ( 4573): [2241] AIM: Got app ownership map. App counts: . Unique apps: 0
07-17 13:07:04.327 I/Finsky  ( 4573): [2] aegv - Received: android.intent.action.PACKAGE_CHANGED, [rXVr7vkHL6ehEEyjgvo26NPXVpK_e1beUQ5SVRzfY6U]
07-17 13:07:04.327 D/PluginActionManager( 4565): Found 0 plugins
07-17 13:07:04.327 D/PluginActionManager( 4565): queryPkg com.gleidsonlm.threatevents com.android.systemui.action.PEOPLE_HUB_PERSON_EXTRACTOR
07-17 13:07:04.327 D/PluginActionManager( 4565): Found 0 plugins
07-17 13:07:04.327 D/PluginActionManager( 4565): queryPkg com.gleidsonlm.threatevents com.android.systemui.action.PLUGIN_SENSOR_MANAGER
07-17 13:07:04.327 E/Finsky  ( 4573): [2241] [Counters] attempted to use a non-positive increment for: 4752
07-17 13:07:04.328 I/UserConsentManager( 5388): onPermissionsChanged: 10399
07-17 13:07:04.328 D/PluginActionManager( 4565): Found 0 plugins
07-17 13:07:04.330 I/Finsky:background(28665): [2] aegk - Received: android.intent.action.PACKAGE_CHANGED, [rXVr7vkHL6ehEEyjgvo26NPXVpK_e1beUQ5SVRzfY6U]
07-17 13:07:04.331 I/Finsky  ( 4573): [2247] AIM: AppInfoManager-Perf > ItemModel > CacheSize=90, cacheHitCount=0, cacheMissCount=0, total appsWithNoServerDataCount=6. Missed  in cache (limit 10) : []
07-17 13:07:04.331 E/Finsky  ( 4573): [2247] [Counters] attempted to use a non-positive increment for: 4753
07-17 13:07:04.331 E/SmsApplication( 4545): com.google.android.apps.messaging lost android:read_cell_broadcasts:  (fixing)
07-17 13:07:04.332 I/Finsky:background(28665): [2380] Wrote row to frosting DB: 3446
07-17 13:07:04.333 E/SmsApplication( 4545): com.google.android.apps.messaging lost android:read_cell_broadcasts:  (fixing)
07-17 13:07:04.334 I/Finsky:background(28665): [2380] Wrote row to frosting DB: 3447
07-17 13:07:04.336 I/HoneySpace.PredictionDataSourceImpl( 5152): TYPE_SUGGESTED_APPS updated: 9
07-17 13:07:04.336 I/Finsky:background(28665): [2380] Wrote row to frosting DB: 3448
07-17 13:07:04.339 I/Finsky  ( 4573): [2] AIM: AppInfoCacheUpdater -> invalidating apps: [com.gleidsonlm.threatevents]
07-17 13:07:04.339 I/Finsky  ( 4573): [2] AIM: AppInfoManager-Perf > getApps > called for 1 apps
07-17 13:07:04.339 E/ANDR-PERF-MPCTL( 2043): ANDR-PERF-MPCTL: internal_perf_lock_acq_verification() 385: Perflock Submit request limit reached.
07-17 13:07:04.340 I/Finsky  ( 4573): [2247] AIM: AppInfoManager-Perf > OnDeviceAppInfo > cacheHitCount=0, cacheMissCount=1. Missed  in cache (limit 10) : [com.gleidsonlm.threatevents]
07-17 13:07:04.342 I/artd    (30521): GetBestInfo: odex next to the dex file (/data/app/~~jTEW7WjhKOu2EPYlcUDDww==/com.gleidsonlm.threatevents-1igq79XScRkA_cECqCSNzA==/oat/arm64/base.odex) is kOatUpToDate with filter 'verify' executable 'false'
07-17 13:07:04.343 I/Finsky  ( 4573): [2236] AIM: Got app ownership map. App counts: . Unique apps: 0
07-17 13:07:04.343 E/Finsky  ( 4573): [2236] [Counters] attempted to use a non-positive increment for: 4752
07-17 13:07:04.346 E/Finsky  ( 4573): [2246] [Counters] attempted to use a non-positive increment for: 4753
07-17 13:07:04.347 I/Finsky  ( 4573): [2246] AIM: AppInfoManager-Perf > ItemModel > CacheSize=90, cacheHitCount=0, cacheMissCount=0, total appsWithNoServerDataCount=6. Missed  in cache (limit 10) : []
07-17 13:07:04.347 D/LiftUpHandler( 2493): [LTW] Stopped already.
07-17 13:07:04.348 D/AODManagerService( 2493): requestReCalToTSP IsSingleTouchMode = falserequestedReCalToTSP = false / previousDisplayState = ON
07-17 13:07:04.348 I/VRI[InputMethod]@3a2bda2( 8223): onDisplayChanged oldDisplayState=2 newDisplayState=2
07-17 13:07:04.348 I/VRI[0 fl=}]@c2e8a5c(17778): onDisplayChanged oldDisplayState=2 newDisplayState=2
07-17 13:07:04.349 I/HoneySpace.RefreshRateSource( 5152): singleFrameMs 41
07-17 13:07:04.349 D/DisplayLifecycle( 4565): updateDisplay id = 0
07-17 13:07:04.349 D/StackScroller( 4565): onDisplayChanged for predraw skip to 2
07-17 13:07:04.349 D/AudioFlinger( 2112): setParameters: filtered dev setParameters keyvalue screen_state=on
07-17 13:07:04.350 I/VRI[ShellDropTarget]@bbf5833( 4565): onDisplayChanged oldDisplayState=2 newDisplayState=2
07-17 13:07:04.350 I/Finsky:background(28665): [2380] Wrote row to frosting DB: 3449
07-17 13:07:04.351 I/Finsky  ( 4573): [2236] AIM: AppInfoManager-Perf > OnDeviceAppInfo > cacheHitCount=1, cacheMissCount=0. Missed  in cache (limit 10) : []
07-17 13:07:04.351 D/AHAL: AudioDevice( 1971): SetParameters: 1799: enter
07-17 13:07:04.351 D/AHAL: AudioVoice( 1971): VoiceSetParameters: 171: Enter
07-17 13:07:04.351 D/AHAL: AudioVoice( 1971): VoiceSetParameters: 416: Exit ret: 0
07-17 13:07:04.351 D/AHAL: hfp( 1971): hfp_set_parameters: 447: enter
07-17 13:07:04.351 D/AHAL: AudioDevice( 1971): SetParameters: 1879:  - screen = on
07-17 13:07:04.351 I/PAL: ResourceManager( 1971): setParameter: 9278: Screen State:1
07-17 13:07:04.351 I/Finsky  ( 4573): [2236] AIM: Got app ownership map. App counts: . Unique apps: 0
07-17 13:07:04.351 D/AHAL: AudioDevice( 1971): SetParameters: 2521: exit: screen_state=on
07-17 13:07:04.351 E/Finsky  ( 4573): [2236] [Counters] attempted to use a non-positive increment for: 4752
07-17 13:07:04.351 E/Finsky  ( 4573): [2236] [Counters] attempted to use a non-positive increment for: 4753
07-17 13:07:04.351 I/Finsky  ( 4573): [2236] AIM: AppInfoManager-Perf > getApps > data collection finished
07-17 13:07:04.351 I/Finsky  ( 4573): [2236] AIM: AppInfoManager-Perf > maybeDestroyAppInfoManager is called. actives = 1
07-17 13:07:04.351 I/Audio_a2dpsink_hw( 1971): adev_set_parameters: kevpairs=[screen_state=on]
07-17 13:07:04.352 I/Finsky  ( 4573): [2] SCH: job service start with id 9057.
07-17 13:07:04.353 I/Finsky  ( 4573): [2226] RECEIVER_PACKAGE_MONITOR#logWorkEndAndFinishGoAsync: SUCCESS
07-17 13:07:04.353 I/VRI[LockscreenShortcutBlur]@18ce2b0( 4565): onDisplayChanged oldDisplayState=2 newDisplayState=2
07-17 13:07:04.353 I/VRI[NavigationBar0]@23e7c55( 4565): onDisplayChanged oldDisplayState=2 newDisplayState=2
07-17 13:07:04.353 I/VRI[EdgeBackGestureHandler0]@859de1a( 4565): onDisplayChanged oldDisplayState=2 newDisplayState=2
07-17 13:07:04.353 I/VRI[NotificationShade]@68147fc( 4565): onDisplayChanged oldDisplayState=2 newDisplayState=2
07-17 13:07:04.353 I/VRI[StatusBar]@ae22283( 4565): onDisplayChanged oldDisplayState=2 newDisplayState=2
07-17 13:07:04.353 I/VRI[Bouncer]@cf626a1( 4565): onDisplayChanged oldDisplayState=2 newDisplayState=2
07-17 13:07:04.353 I/VRI[SecondaryHomeHandle0]@6708b70( 4565): onDisplayChanged oldDisplayState=2 newDisplayState=2
07-17 13:07:04.353 I/VRI[KeyguardBiometricToastView]@b57f98b( 4565): onDisplayChanged oldDisplayState=2 newDisplayState=2
07-17 13:07:04.353 I/Finsky:background(28665): [2353] RECEIVER_PACKAGE_MONITOR_BACKGROUND#logWorkEndAndFinishGoAsync: SUCCESS
07-17 13:07:04.355 W/SignedPackage( 2493): Cannot get ApplicationInfo for package: com.android.devicelockcontroller
07-17 13:07:04.358 W/Layer   ( 2123): gatherBufferInfo: Received unknown dataspace from gralloc
07-17 13:07:04.358 I/LayerHistory( 2123): com.sec.android.app.launcher/com.sec.android.app.launcher.activities.LauncherActivity$_5152#73316 Max (can't resolve refresh rate)
07-17 13:07:04.358 I/SurfaceFlinger( 2123): scored - choose 120.00 Hz
07-17 13:07:04.358 I/HWComposer( 2123): [4630947059332006275] ActiveConfigToHWC, ID : 0
07-17 13:07:04.358 D/SurfaceFlinger( 2123): GPIS:: requestGPISForClientComposition
07-17 13:07:04.359 I/SDM     ( 2027): HWDeviceDRM::SetDisplaySwitchMode: [DispConfigs] check hs_mode 3
07-17 13:07:04.359 W/SDM     ( 2027): HWDeviceDRM::GetSupportedBitClkRate: Requested rate not supported: 951080000
07-17 13:07:04.359 I/SDM     ( 2027): HWDeviceDRM::SetDisplaySwitchMode: [DispConfigs] Set mode index:0 1080x2340x120xcmdHS, hs_mode(3), found_mode(0)
07-17 13:07:04.359 I/SDM     ( 2027): HWDeviceDRM::UpdateMixerAttributes: Mixer WxH 1080x2340-1 for Peripheral
07-17 13:07:04.359 I/SDM     ( 2027): HWCDisplay::SubmitDisplayConfig: Active configuration changed from config 8 to 0
07-17 13:07:04.361 D/NativeSemDvfsManager( 2123): acquire:: timeout = 2000 mIsAcquired = 1  mTagName : SurfaceFlinger 
07-17 13:07:04.362 I/HYPER-HAL( 1995): [RequestManager.cpp]acquire(): Acquired ID : 4879126  [2123 / 1000]    HINT : SF_GPU_MINLOCK    list : [TIMEOUT / 2000] 
07-17 13:07:04.363 E/NativeCustomFrequencyManager( 2123): [NativeCFMS] BpCustomFrequencyManager::acquire()
07-17 13:07:04.363 D/PerProcessNandswapNative( 2493): enable WriteBooster
07-17 13:07:04.366 I/VSyncReactor( 2123): Current= 24, Period= 120, hwcPeriod= 120
07-17 13:07:04.369 I/Routine@Core[4.8.02.21]: Pref(23317): putSharedPrefsData: key=pref_metaloader_status, data.size=9
07-17 13:07:04.371 I/Finsky  ( 4573): [2740] SCH: Satisfied jobs for 9057 are: 12-1
07-17 13:07:04.371 I/Finsky  ( 4573): [2754] SCH: Job 12-1 starting
07-17 13:07:04.371 I/Finsky  ( 4573): [2] [ContentSync] job started
07-17 13:07:04.372 I/Finsky:background(28665): [2343] RECEIVER_ENGAGE_PACKAGE_CHANGED#logWorkEndAndFinishGoAsync: SKIPPED_PRECONDITIONS_UNMET
07-17 13:07:04.373 I/RegisteredComponentCache( 4854): New Components => 
07-17 13:07:04.373 I/RegisteredComponentCache( 4854): ComponentInfo: ResolveInfo{d282bca com.android.apps.tag/.TagViewer m=0x108000 userHandle=UserHandle{0}}, techs: android.nfc.tech.Ndef, 
07-17 13:07:04.373 I/RegisteredComponentCache( 4854): Removed Components => 
07-17 13:07:04.373 I/RegisteredComponentCache( 4854): ComponentInfo: ResolveInfo{33797d com.android.apps.tag/.TagViewer m=0x108000 userHandle=UserHandle{0}}, techs: android.nfc.tech.Ndef, 
07-17 13:07:04.374 I/Routine@Core[4.8.02.21]: RoutineService(23317): onDestroy
07-17 13:07:04.374 I/Routine@Core[4.8.02.21]: MetadataLoaderJobService(23317): onStartJob: collectPackageInBG - com.gleidsonlm.threatevents
07-17 13:07:04.374 I/Finsky  ( 4573): [2236] AIM: AppInfoManager-Perf > ItemModel > CacheSize=90, cacheHitCount=0, cacheMissCount=0, total appsWithNoServerDataCount=6. Missed  in cache (limit 10) : []
07-17 13:07:04.375 I/Routine@Core[4.8.02.21]: MetadataSyncHistory(23317): isMetaDataSyncedWithVersion: latest=41ff201f2fe09e9dede9808f7133caa2f03620cb, currentVersion=41ff201f2fe09e9dede9808f7133caa2f03620cb
07-17 13:07:04.375 I/Finsky  ( 4573): [2236] AIM: AppInfoManager-Perf > ItemModel > CacheSize=90, cacheHitCount=0, cacheMissCount=0, total appsWithNoServerDataCount=6. Missed  in cache (limit 10) : []
07-17 13:07:04.375 I/Finsky  ( 4573): [2236] AIM: AppInfoManager-Perf > getApps > data collection finished
07-17 13:07:04.375 I/Finsky  ( 4573): [2236] AIM: AppInfoManager-Perf > maybeDestroyAppInfoManager is called. actives = 0
07-17 13:07:04.375 I/Routine@Core[4.8.02.21]: MetadataSyncHistory(23317): isMetaDataSyncedWithVersion: latest=41ff201f2fe09e9dede9808f7133caa2f03620cb, currentVersion=41ff201f2fe09e9dede9808f7133caa2f03620cb
07-17 13:07:04.375 I/Routine@Core[4.8.02.21]: MetadataLoaderJobService(23317): packageName : com.gleidsonlm.threatevents, forced : true
07-17 13:07:04.375 I/Routine@Core[4.8.02.21]: Pref(23317): putSharedPrefsData: key=pref_metaloader_status, data.size=7
07-17 13:07:04.377 I/Routine@Core[4.8.02.21]: MetadataLoadManager(23317): asyncCollectPackage
07-17 13:07:04.377 I/Routine@Core[4.8.02.21]: MetadataSyncHistory(23317): isMetaDataSyncedWithVersion: latest=41ff201f2fe09e9dede9808f7133caa2f03620cb, currentVersion=41ff201f2fe09e9dede9808f7133caa2f03620cb
07-17 13:07:04.378 I/Routine@Core[4.8.02.21]: MetadataSyncHistory(23317): isMetaDataSyncedWithVersion: latest=41ff201f2fe09e9dede9808f7133caa2f03620cb, currentVersion=41ff201f2fe09e9dede9808f7133caa2f03620cb
07-17 13:07:04.381 I/Fitness (32561): (REDACTED) OnPackageChangedOperation got intent: %s
07-17 13:07:04.384 I/Routine@Core[4.8.02.21]: MetadataLoadManager(23317): collect: com.gleidsonlm.threatevents
07-17 13:07:04.384 I/Routine@Core[4.8.02.21]: MetadataLoadManager(23317): collectWithCollectors - Collect Start! package = com.gleidsonlm.threatevents
07-17 13:07:04.384 I/Routine@Core[4.8.02.21]: Pref(23317): putSharedPrefsData: key=routine_meta_data_loading_statue, data.size=8
07-17 13:07:04.387 I/Routine@Core[4.8.02.21]: MetadataSyncHistory(23317): isMetaDataSyncedWithVersion: latest=41ff201f2fe09e9dede9808f7133caa2f03620cb, currentVersion=41ff201f2fe09e9dede9808f7133caa2f03620cb
07-17 13:07:04.387 I/Routine@Core[4.8.02.21]: DatabaseJobIntentService(23317): Stop no more task
07-17 13:07:04.389 I/Routine@Core[4.8.02.21]: MetadataSyncHistory(23317): isMetaDataSyncedWithVersion: latest=41ff201f2fe09e9dede9808f7133caa2f03620cb, currentVersion=41ff201f2fe09e9dede9808f7133caa2f03620cb
07-17 13:07:04.390 I/Routine@Core[4.8.02.21]: WatchMetaDataCollector(23317): collect - packageName :com.gleidsonlm.threatevents
07-17 13:07:04.391 W/Routine@Core[4.8.02.21]: WatchMetaDataCollector(23317): collect - Skip WatchMeta collect! Cannot find any watch plugin package
07-17 13:07:04.392 I/Auth    ( 2281): (REDACTED) [SupervisedAccountIntentOperationV2] onHandleIntent: %s
07-17 13:07:04.392 I/Dck     ( 2281): (REDACTED) Package is not installed on device: %s
07-17 13:07:04.392 I/Dck     ( 2281): android.content.pm.PackageManager$NameNotFoundException: com.samsung.android.dkey
07-17 13:07:04.392 I/Dck     ( 2281): 	at android.app.ApplicationPackageManager.getPackageInfoAsUser(ApplicationPackageManager.java:319)
07-17 13:07:04.392 I/Dck     ( 2281): 	at android.app.ApplicationPackageManager.getPackageInfo(ApplicationPackageManager.java:279)
07-17 13:07:04.392 I/Dck     ( 2281): 	at android.app.ApplicationPackageManager.getPackageInfo(ApplicationPackageManager.java:273)
07-17 13:07:04.392 I/Dck     ( 2281): 	at bezj.a(:com.google.android.gms@252533035@25.25.33 (260400-781214296):192)
07-17 13:07:04.392 I/Dck     ( 2281): 	at bfbn.a(:com.google.android.gms@252533035@25.25.33 (260400-781214296):1)
07-17 13:07:04.392 I/Dck     ( 2281): 	at com.google.android.gms.dck.init.PackageUpdateIntentOperation.c(:com.google.android.gms@252533035@25.25.33 (260400-781214296):6)
07-17 13:07:04.392 I/Dck     ( 2281): 	at aubf.onHandleIntent(:com.google.android.gms@252533035@25.25.33 (260400-781214296):61)
07-17 13:07:04.392 I/Dck     ( 2281): 	at com.google.android.chimera.IntentOperation.onHandleIntent(:com.google.android.gms@252533035@25.25.33 (260400-781214296):2)
07-17 13:07:04.392 I/Dck     ( 2281): 	at augz.onHandleIntent(:com.google.android.gms@252533035@25.25.33 (260400-781214296):8)
07-17 13:07:04.392 I/Dck     ( 2281): 	at vwp.run(:com.google.android.gms@252533035@25.25.33 (260400-781214296):64)
07-17 13:07:04.392 I/Dck     ( 2281): 	at vwo.run(:com.google.android.gms@252533035@25.25.33 (260400-781214296):132)
07-17 13:07:04.392 I/Dck     ( 2281): 	at fxdi.run(:com.google.android.gms@252533035@25.25.33 (260400-781214296):21)
07-17 13:07:04.392 I/Dck     ( 2281): 	at java.util.concurrent.ThreadPoolExecutor.runWorker(ThreadPoolExecutor.java:1156)
07-17 13:07:04.392 I/Dck     ( 2281): 	at java.util.concurrent.ThreadPoolExecutor$Worker.run(ThreadPoolExecutor.java:651)
07-17 13:07:04.392 I/Dck     ( 2281): 	at java.lang.Thread.run(Thread.java:1119)
07-17 13:07:04.392 W/Dck     ( 2281): Dck module not eligible for asynchronous downloading [CONTEXT service_id=289 ]
07-17 13:07:04.398 I/Fitness (32561): (REDACTED) FitCleanupIntentOperation received Intent %s
07-17 13:07:04.398 I/Icing   ( 2281): IndexChimeraService.getServiceInterface callingPackage=com.google.android.gms componentName=AppsCorpus serviceId=36
07-17 13:07:04.401 I/ProximityAuth(32561): [RecentAppsMediator] Package added: (user=UserHandle{0}) com.gleidsonlm.threatevents
07-17 13:07:04.402 W/GCM     (32561): Unexpected forwarded intent: Intent { act=android.intent.action.PACKAGE_ADDED dat=package: flg=0x4000010 pkg=com.google.android.gms cmp=com.google.android.gms/.chimera.PersistentIntentOperationService (has extras) }
07-17 13:07:04.404 W/NetworkScheduler(32561): Unexpected forwarded intent: Intent { act=android.intent.action.PACKAGE_ADDED dat=package: flg=0x4000010 pkg=com.google.android.gms cmp=com.google.android.gms/.chimera.PersistentIntentOperationService (has extras) }
07-17 13:07:04.413 D/BoundBrokerSvc( 2281): onBind: Intent { act=com.google.android.gms.feedback.internal.IFeedbackService dat=chimera-action:/... cmp=com.google.android.gms/.chimera.GmsBoundBrokerService }
07-17 13:07:04.414 D/BoundBrokerSvc( 2281): Loading bound service for intent: Intent { act=com.google.android.gms.feedback.internal.IFeedbackService dat=chimera-action:/... cmp=com.google.android.gms/.chimera.GmsBoundBrokerService }
07-17 13:07:04.421 I/Icing   ( 2281): IndexChimeraService.getServiceInterface callingPackage=com.google.android.gms componentName=null serviceId=30
07-17 13:07:04.423 I/Icing   ( 2281): Usage reports ok 0, Failed Usage reports 0, indexed 0, rejected 0
07-17 13:07:04.425 I/Fitness (32561): (REDACTED) OnPackageChangedOperation got intent: %s
07-17 13:07:04.436 I/VRI[InputMethod]@3a2bda2( 8223): onDisplayChanged oldDisplayState=2 newDisplayState=2
07-17 13:07:04.436 I/VRI[ShellDropTarget]@bbf5833( 4565): onDisplayChanged oldDisplayState=2 newDisplayState=2
07-17 13:07:04.436 I/VRI[0 fl=}]@c2e8a5c(17778): onDisplayChanged oldDisplayState=2 newDisplayState=2
07-17 13:07:04.436 D/DisplayLifecycle( 4565): updateDisplay id = 0
07-17 13:07:04.436 D/StackScroller( 4565): onDisplayChanged for predraw skip to 2
07-17 13:07:04.437 I/VRI[LockscreenShortcutBlur]@18ce2b0( 4565): onDisplayChanged oldDisplayState=2 newDisplayState=2
07-17 13:07:04.437 D/LiftUpHandler( 2493): [LTW] Stopped already.
07-17 13:07:04.438 D/AudioFlinger( 2112): setParameters: filtered dev setParameters keyvalue screen_state=on
07-17 13:07:04.438 I/Fitness (32561): (REDACTED) FitCleanupIntentOperation received Intent %s
07-17 13:07:04.438 I/VRI[NavigationBar0]@23e7c55( 4565): onDisplayChanged oldDisplayState=2 newDisplayState=2
07-17 13:07:04.438 I/VRI[EdgeBackGestureHandler0]@859de1a( 4565): onDisplayChanged oldDisplayState=2 newDisplayState=2
07-17 13:07:04.438 I/VRI[NotificationShade]@68147fc( 4565): onDisplayChanged oldDisplayState=2 newDisplayState=2
07-17 13:07:04.438 I/VRI[StatusBar]@ae22283( 4565): onDisplayChanged oldDisplayState=2 newDisplayState=2
07-17 13:07:04.438 D/AHAL: AudioDevice( 1971): SetParameters: 1799: enter
07-17 13:07:04.438 I/VRI[Bouncer]@cf626a1( 4565): onDisplayChanged oldDisplayState=2 newDisplayState=2
07-17 13:07:04.438 I/VRI[SecondaryHomeHandle0]@6708b70( 4565): onDisplayChanged oldDisplayState=2 newDisplayState=2
07-17 13:07:04.438 E/ANDR-PERF-MPCTL( 2043): ANDR-PERF-MPCTL: internal_perf_lock_acq_verification() 385: Perflock Submit request limit reached.
07-17 13:07:04.438 D/AHAL: AudioVoice( 1971): VoiceSetParameters: 171: Enter
07-17 13:07:04.438 I/VRI[KeyguardBiometricToastView]@b57f98b( 4565): onDisplayChanged oldDisplayState=2 newDisplayState=2
07-17 13:07:04.438 D/AHAL: AudioVoice( 1971): VoiceSetParameters: 416: Exit ret: 0
07-17 13:07:04.438 D/AHAL: hfp( 1971): hfp_set_parameters: 447: enter
07-17 13:07:04.438 I/HoneySpace.RefreshRateSource( 5152): singleFrameMs 8
07-17 13:07:04.438 D/AHAL: AudioDevice( 1971): SetParameters: 1879:  - screen = on
07-17 13:07:04.438 I/PAL: ResourceManager( 1971): setParameter: 9278: Screen State:1
07-17 13:07:04.438 D/AHAL: AudioDevice( 1971): SetParameters: 2521: exit: screen_state=on
07-17 13:07:04.439 I/Audio_a2dpsink_hw( 1971): adev_set_parameters: kevpairs=[screen_state=on]
07-17 13:07:04.439 D/AODManagerService( 2493): requestReCalToTSP IsSingleTouchMode = falserequestedReCalToTSP = false / previousDisplayState = ON
07-17 13:07:04.441 I/VSyncReactor( 2123): Current= 120, Period= 120, hwcPeriod= 120
07-17 13:07:04.442 I/VRI[RecentsTransitionOverlay]@b67182e( 5152): onDisplayChanged oldDisplayState=2 newDisplayState=2
07-17 13:07:04.442 I/HoneySpace.Memory-Monitor( 5152): current state = 2, didTrim = false
07-17 13:07:04.442 I/VRI[RecentsActivity]@dbf7f01( 5152): onDisplayChanged oldDisplayState=2 newDisplayState=2
07-17 13:07:04.442 I/VRI[CocktailBarService]@71f779e( 5152): onDisplayChanged oldDisplayState=2 newDisplayState=2
07-17 13:07:04.442 I/VRI[LauncherActivity]@acb92cf( 5152): onDisplayChanged oldDisplayState=2 newDisplayState=2
07-17 13:07:04.442 I/VRI[RecentsTransitionOverlay]@b67182e( 5152): onDisplayChanged oldDisplayState=2 newDisplayState=2
07-17 13:07:04.442 I/VRI[RecentsActivity]@dbf7f01( 5152): onDisplayChanged oldDisplayState=2 newDisplayState=2
07-17 13:07:04.442 I/VRI[CocktailBarService]@71f779e( 5152): onDisplayChanged oldDisplayState=2 newDisplayState=2
07-17 13:07:04.442 I/HoneySpace.Memory-Monitor( 5152): current state = 2, didTrim = false
07-17 13:07:04.442 I/VRI[LauncherActivity]@acb92cf( 5152): onDisplayChanged oldDisplayState=2 newDisplayState=2
07-17 13:07:04.443 E/ANDR-PERF-MPCTL( 2043): ANDR-PERF-MPCTL: internal_perf_lock_acq_verification() 385: Perflock Submit request limit reached.
07-17 13:07:04.444 W/LocationManagerService( 2493): onFreezeStateChanged, uid[10327]=false
07-17 13:07:04.448 W/LocationManagerService( 2493): onFreezeStateChanged, uid[10363]=false
07-17 13:07:04.450 W/Layer   ( 2123): gatherBufferInfo: Received unknown dataspace from gralloc
07-17 13:07:04.452 W/LocationManagerService( 2493): onFreezeStateChanged, uid[10331]=false
07-17 13:07:04.456 I/Icing   ( 2281): Usage reports ok 0, Failed Usage reports 0, indexed 0, rejected 0
07-17 13:07:04.463 I/Icing   ( 2281): Indexing com.google.android.gms-apps from com.google.android.gms
07-17 13:07:04.476 I/GOS:GameIntentService(29843): onHandleIntent. GameIntentService. type: 15, pkgName: com.gleidsonlm.threatevents
07-17 13:07:04.482 I/Icing   ( 2281): Indexing done com.google.android.gms-apps
07-17 13:07:04.482 I/Icing   ( 2281): Indexing com.google.android.gms-apps from com.google.android.gms
07-17 13:07:04.483 I/Icing   ( 2281): Indexing done com.google.android.gms-apps
07-17 13:07:04.489 W/AppFunctions(23317): Unknown schema [category=files, name=getFileContentUris, version=1]
07-17 13:07:04.493 I/artd    (30521): GetBestInfo: odex next to the dex file (/data/app/~~Ay9Chl9ppG-iunjIbIxaQg==/com.google.ar.core-rt5w3om-zFOw8tqdK2hpDw==/oat/arm64/base.odex) is kOatUpToDate with filter 'speed-profile' executable 'false'
07-17 13:07:04.494 I/artd    (30521): GetBestInfo: odex next to the dex file (/data/app/~~Ay9Chl9ppG-iunjIbIxaQg==/com.google.ar.core-rt5w3om-zFOw8tqdK2hpDw==/oat/arm/base.odex) is kOatUpToDate with filter 'speed-profile' executable 'false'
07-17 13:07:04.497 I/artd    (30521): GetBestInfo: odex next to the dex file (/data/app/~~j3t7yeXacgdQV4KEvLxdTw==/com.samsung.android.mobileservice-DbqKFiRTUrQaE_-BobW79Q==/oat/arm64/base.odex) is kOatCannotOpen: In oat file '/data/app/~~j3t7yeXacgdQV4KEvLxdTw==/com.samsung.android.mobileservice-DbqKFiRTUrQaE_-BobW79Q==/oat/arm64/base.odex': invalid oat header: Invalid oat version, expected 0x32353900, got 0x32353100.
07-17 13:07:04.498 I/artd    (30521): GetBestInfo: vdex next to the dex file (/data/app/~~j3t7yeXacgdQV4KEvLxdTw==/com.samsung.android.mobileservice-DbqKFiRTUrQaE_-BobW79Q==/oat/arm64/base.vdex) is kOatUpToDate with filter 'verify' executable 'false'
07-17 13:07:04.500 W/AppFunctions(23317): Unknown schema [category=photos, name=showMediaItemStraightenEditor, version=1]
07-17 13:07:04.500 W/AppFunctions(23317): Unknown schema [category=photos, name=showMediaItemFilterEditor, version=1]
07-17 13:07:04.507 I/artd    (30521): GetBestInfo: odex next to the dex file (/data/app/~~Xu6RHOTv6_x5uPfk4_OZEw==/com.taxis99-ZMud-bvfZkY5rjUlnwV8xQ==/oat/arm64/base.odex) is kOatUpToDate with filter 'speed-profile' executable 'false'
07-17 13:07:04.507 W/artd    (30521): Could not get dex checksums for location /data/app/~~zfe8me7i6SQLw5CsCWogkQ==/com.taxis99-JXhd4FZ1bzcpoz-Tx_Z6eA==/base.apk, fd=-1
07-17 13:07:04.508 E/ArtService( 2493): Failed to get dexopt status [packageName = com.taxis99, dexPath = /data/user/0/com.taxis99/app_pccache/5/61E3BEF53C4C6C7A8A86EA4DABAC482FCBC6B298/pcam.jar, isa = arm64, classLoaderContext = PCL[];PCL[/data/app/~~zfe8me7i6SQLw5CsCWogkQ==/com.taxis99-JXhd4FZ1bzcpoz-Tx_Z6eA==/base.apk]{PCL[/system/framework/org.apache.http.legacy.jar]#PCL[/system_ext/framework/androidx.window.extensions.jar]#PCL[/system_ext/framework/androidx.window.sidecar.jar]}]
07-17 13:07:04.508 E/ArtService( 2493): android.os.ServiceSpecificException: Failed to create OatFileAssistant: Failed to load class loader context files for '/data/user/0/com.taxis99/app_pccache/5/61E3BEF53C4C6C7A8A86EA4DABAC482FCBC6B298/pcam.jar' with context 'PCL[];PCL[/data/app/~~zfe8me7i6SQLw5CsCWogkQ==/com.taxis99-JXhd4FZ1bzcpoz-Tx_Z6eA==/base.apk]{PCL[/system/framework/org.apache.http.legacy.jar]#PCL[/system_ext/framework/androidx.window.extensions.jar]#PCL[/system_ext/framework/androidx.window.sidecar.jar]}' (code 1)
07-17 13:07:04.508 E/ArtService( 2493): 	at android.os.Parcel.createExceptionOrNull(Parcel.java:3271)
07-17 13:07:04.508 E/ArtService( 2493): 	at android.os.Parcel.createException(Parcel.java:3241)
07-17 13:07:04.508 E/ArtService( 2493): 	at android.os.Parcel.readException(Parcel.java:3224)
07-17 13:07:04.508 E/ArtService( 2493): 	at android.os.Parcel.readException(Parcel.java:3166)
07-17 13:07:04.508 E/ArtService( 2493): 	at com.android.server.art.IArtd$Stub$Proxy.getDexoptStatus(IArtd.java:880)
07-17 13:07:04.508 E/ArtService( 2493): 	at com.android.server.art.ArtFileManager.getUsableArtifacts(ArtFileManager.java:153)
07-17 13:07:04.508 E/ArtService( 2493): 	at com.android.server.art.ArtManagerLocal.getArtManagedFileStats(ArtManagerLocal.java:1056)
07-17 13:07:04.508 E/ArtService( 2493): 	at com.android.server.usage.StorageStatsService.computeAppStatsByDataTypes(qb/96996599 4207cc64f8273a078ed00bb37ec66a12d547258ca33788ccc3647eb1c250b266:75)
07-17 13:07:04.508 E/ArtService( 2493): 	at com.android.server.usage.StorageStatsService.queryStatsForUid(qb/96996599 4207cc64f8273a078ed00bb37ec66a12d547258ca33788ccc3647eb1c250b266:138)
07-17 13:07:04.508 E/ArtService( 2493): 	at com.android.server.usage.StorageStatsService.queryStatsForPackage(qb/96996599 4207cc64f8273a078ed00bb37ec66a12d547258ca33788ccc3647eb1c250b266:83)
07-17 13:07:04.508 E/ArtService( 2493): 	at android.app.usage.IStorageStatsManager$Stub.onTransact(IStorageStatsManager.java:265)
07-17 13:07:04.508 E/ArtService( 2493): 	at android.os.Binder.execTransactInternal(Binder.java:1536)
07-17 13:07:04.508 E/ArtService( 2493): 	at android.os.Binder.execTransact(Binder.java:1480)
07-17 13:07:04.514 I/dsdo    (25031): (REDACTED) Writing data of size=%d bytes with N=%d keys to Geller corpus %s at ts=%d
07-17 13:07:04.515 I/artd    (30521): GetBestInfo: odex next to the dex file (/data/app/~~hYomAU1QpQ1Bht24McgI1Q==/com.grammarly.android.keyboard-HNTXaTOcQ4PXiEzR-H1pNg==/oat/arm64/base.odex) is kOatUpToDate with filter 'speed-profile' executable 'false'
07-17 13:07:04.518 I/akzq    (25031): refreshDeviceAppInfoForAccount done.
07-17 13:07:04.521 I/artd    (30521): GetBestInfo: odex next to the dex file (/data/app/~~qpRjlPSS3fYMA7vwkIxX3w==/com.sec.android.app.launcher-CvFrpmE_28ZXLefeKy_YYA==/oat/arm64/base.odex) is kOatUpToDate with filter 'speed-profile' executable 'false'
07-17 13:07:04.525 I/artd    (30521): GetBestInfo: odex next to the dex file (/data/app/~~VRf7IFci42t8xaGhuMcn8g==/com.google.android.partnersetup-SNxBIu49MDZfwi-QmwzzLA==/oat/arm64/base.odex) is kOatUpToDate with filter 'speed-profile' executable 'false'
07-17 13:07:04.532 I/artd    (30521): GetBestInfo: odex next to the dex file (/data/app/~~nHCLqB7yKOuRvLL7es1mhA==/com.google.android.as-n9B8BOTHx6ns0cwJuro9tA==/oat/arm64/base.odex) is kOatUpToDate with filter 'speed-profile' executable 'false'
07-17 13:07:04.535 I/artd    (30521): GetBestInfo: odex next to the dex file (/data/app/~~DMvn1tt8xEjZiKOHPi0A9A==/com.google.android.tts-0KY-oJLrvgKW1yEvpRtIvw==/oat/arm64/base.odex) is kOatUpToDate with filter 'speed-profile' executable 'false'
07-17 13:07:04.538 W/Finsky  ( 4573): [2] STU: Failed to get storage stats for package 'com.google.mainline.primary.libs' (1601: Error getting stats: android.content.pm.PackageManager.NameNotFoundException)
07-17 13:07:04.546 D/LauncherApps( 2493): onPackageChanged 0,com.gleidsonlm.threatevents
07-17 13:07:04.546 D/LauncherApps( 4565): onPackageChanged 0,com.gleidsonlm.threatevents
07-17 13:07:04.546 I/HoneySpace.PackageOperationTracker( 5152): onPackageChanged - com.gleidsonlm.threatevents UserHandle{0}
07-17 13:07:04.546 I/HoneySpace.PackageChangedCallbackImpl( 5152): onPackageChanged: com.gleidsonlm.threatevents / UserHandle{0}
07-17 13:07:04.547 D/LauncherApps( 9417): onPackageChanged 0,com.gleidsonlm.threatevents
07-17 13:07:04.549 I/HoneySpace.FilteredItemProvider[ArchivedApps]( 5152): updateArchivedApps: []
07-17 13:07:04.549 I/Routine@Core[4.8.02.21]: AppFunctionsMetadataCollector(23317): collect: result.size=55
07-17 13:07:04.550 I/HoneySpace.IconCache( 5152): remove icon cache & DB : com.gleidsonlm.threatevents UserHandle{0}
07-17 13:07:04.550 I/HoneySpace.IconCache( 5152): removeSpecificIconDb: com.gleidsonlm.threatevents UserHandle{0}
07-17 13:07:04.551 I/Routine@Core[4.8.02.21]: AppFunctionsMetadataCollector(23317): collect: incoming metadata={"displayNameRes":0,"functionId":"com.samsung.android.app.sharelive.appfunction#ShareFunction_shareFilesToNearbyDevice","isEffectivelyEnabled":true,"packageName":"com.samsung.android.app.sharelive","parameters":[{"description":"SHAREFILESTONEARBYDEVICE_PARAMETER_DESCRIPTION_TEMPLATE","id":"shareFilesToNearbyDeviceParams","name":"shareFilesToNearbyDeviceParams","namespace":"androidx.appsearch.functions","parameterType":{"dataType":3,"documentType":"com.google.android.appfunctions.schema.common.v1.nearbysharing.ShareFilesToNearbyDeviceParams","id":"com.google.android.appfunctions.schema.common.v1.nearbysharing#shareFilesToNearbyDevice#PARAMETER_TYPE","isList":false,"isNullable":false,"namespace":"androidx.appsearch.functions"}}],"returnType":{"dataType":0,"id":"com.google.android.appfunctions.schema.common.v1.nearbysharing#shareFilesToNearbyDevice#RETURN_TYPE","isList":false,"isNullable":false,"namespace":"androidx.appsearch.functions"},"schemaMetadata":{"schemaCategory":"nearby_sharing","schemaName":"shareFilesToNearbyDevice","schemaVersion":1},"shouldRestrictCallersWithExecuteAppFunctions":false}
07-17 13:07:04.551 E/Routine@Core[4.8.02.21]: AppFunctionsSchemaMetadataFactory(23317): getMetadata: not supported category. category=nearby_sharing
07-17 13:07:04.551 E/Routine@Core[4.8.02.21]: AppFunctionsSchemaMetadataConverter(23317): isSupportedMetadata: not supported schema. name=shareFilesToNearbyDevice
07-17 13:07:04.551 I/Routine@Core[4.8.02.21]: AppFunctionsMetadataCollector(23317): collect: not supported schemaCategory/schemaName=nearby_sharing/shareFilesToNearbyDevice
07-17 13:07:04.552 I/Routine@Core[4.8.02.21]: AppFunctionsMetadataCollector(23317): collect: incoming metadata={"displayNameRes":0,"functionId":"com.samsung.android.app.sharelive.appfunction#ShareFunction_findNearbyDevices","isEffectivelyEnabled":true,"packageName":"com.samsung.android.app.sharelive","parameters":[{"description":"FINDNEARBYDEVICES_PARAMETER_DESCRIPTION_TEMPLATE","id":"findNearbyDevicesParams","name":"findNearbyDevicesParams","namespace":"androidx.appsearch.functions","parameterType":{"dataType":3,"documentType":"com.google.android.appfunctions.schema.common.v1.nearbysharing.FindNearbyDevicesParams","id":"com.google.android.appfunctions.schema.common.v1.nearbysharing#findNearbyDevices#PARAMETER_TYPE","isList":false,"isNullable":false,"namespace":"androidx.appsearch.functions"}}],"returnType":{"dataType":3,"documentType":"com.google.android.appfunctions.schema.common.v1.nearbysharing.NearbyDevice","id":"com.google.android.appfunctions.schema.common.v1.nearbysharing#findNearbyDevices#RETURN_TYPE","isList":true,"isNullable":false,"namespace":"androidx.appsearch.functions"},"schemaMetadata":{"schemaCategory":"nearby_sharing","schemaName":"findNearbyDevices","schemaVersion":1},"shouldRestrictCallersWithExecuteAppFunctions":false}
07-17 13:07:04.553 E/Routine@Core[4.8.02.21]: AppFunctionsSchemaMetadataFactory(23317): getMetadata: not supported category. category=nearby_sharing
07-17 13:07:04.553 E/Routine@Core[4.8.02.21]: AppFunctionsSchemaMetadataConverter(23317): isSupportedMetadata: not supported schema. name=findNearbyDevices
07-17 13:07:04.553 I/Routine@Core[4.8.02.21]: AppFunctionsMetadataCollector(23317): collect: not supported schemaCategory/schemaName=nearby_sharing/findNearbyDevices
07-17 13:07:04.554 I/Routine@Core[4.8.02.21]: AppFunctionsMetadataCollector(23317): collect: incoming metadata={"displayNameRes":0,"functionId":"com.samsung.android.dialer.phonefunctions#PhoneFunctions_showCallRecord","isEffectivelyEnabled":true,"packageName":"com.samsung.android.dialer","parameters":[{"description":"SHOWCALLRECORD_PARAMETER_DESCRIPTION_TEMPLATE","id":"callRecordId","name":"callRecordId","namespace":"androidx.appsearch.functions","parameterType":{"dataType":8,"id":"com.google.android.appfunctions.schema.common.v1.phone#showCallRecord#PARAMETER_TYPE","isList":false,"isNullable":false,"namespace":"androidx.appsearch.functions"}}],"returnType":{"dataType":9,"id":"com.google.android.appfunctions.schema.common.v1.phone#showCallRecord#RETURN_TYPE","isList":false,"isNullable":false,"namespace":"androidx.appsearch.functions"},"schemaMetadata":{"schemaCategory":"phone","schemaName":"showCallRecord","schemaVersion":1},"shouldRestrictCallersWithExecuteAppFunctions":false}
07-17 13:07:04.554 E/Routine@Core[4.8.02.21]: AppFunctionsSchemaMetadataConverter(23317): isSupportedMetadata: not supported schema. name=showCallRecord
07-17 13:07:04.554 I/Routine@Core[4.8.02.21]: AppFunctionsMetadataCollector(23317): collect: not supported schemaCategory/schemaName=phone/showCallRecord
07-17 13:07:04.555 I/Routine@Core[4.8.02.21]: AppFunctionsMetadataCollector(23317): collect: incoming metadata={"displayNameRes":0,"functionId":"com.samsung.android.dialer.phonefunctions#PhoneFunctions_getPersons","isEffectivelyEnabled":true,"packageName":"com.samsung.android.dialer","parameters":[{"description":"GETPERSONS_PARAMETER_DESCRIPTION_TEMPLATE","id":"personIds","name":"personIds","namespace":"androidx.appsearch.functions","parameterType":{"dataType":8,"id":"com.google.android.appfunctions.schema.common.v1.persons#getPersons#PARAMETER_TYPE","isList":true,"isNullable":false,"namespace":"androidx.appsearch.functions"}}],"returnType":{"dataType":3,"documentType":"com.google.android.appfunctions.schema.common.v1.persons.Person","id":"com.google.android.appfunctions.schema.common.v1.persons#getPersons#RETURN_TYPE","isList":true,"isNullable":false,"namespace":"androidx.appsearch.functions"},"schemaMetadata":{"schemaCategory":"persons","schemaName":"getPersons","schemaVersion":1},"shouldRestrictCallersWithExecuteAppFunctions":false}
07-17 13:07:04.555 E/Routine@Core[4.8.02.21]: AppFunctionsSchemaMetadataFactory(23317): getMetadata: not supported category. category=persons
07-17 13:07:04.555 E/Routine@Core[4.8.02.21]: AppFunctionsSchemaMetadataConverter(23317): isSupportedMetadata: not supported schema. name=getPersons
07-17 13:07:04.555 I/Routine@Core[4.8.02.21]: AppFunctionsMetadataCollector(23317): collect: not supported schemaCategory/schemaName=persons/getPersons
07-17 13:07:04.556 I/AppIconSolution( 5152): getThemeIconWithBG called with public API, pkg = com.gleidsonlm.threatevents, mode = 48
07-17 13:07:04.556 I/AppIconSolution( 5152): return adaptive icon for com.gleidsonlm.threatevents, isNight = true
07-17 13:07:04.556 I/LauncherActivityInfo( 5152): packageName: com.gleidsonlm.threatevents, useThemeIcon: false, height: 288, width: 288, density: 640
07-17 13:07:04.556 I/Routine@Core[4.8.02.21]: AppFunctionsMetadataCollector(23317): collect: incoming metadata={"displayNameRes":0,"functionId":"com.samsung.android.dialer.phonefunctions#PhoneFunctions_makeCall","isEffectivelyEnabled":true,"packageName":"com.samsung.android.dialer","parameters":[{"description":"MAKECALL_PARAMETER_DESCRIPTION_TEMPLATE","id":"makeCallParams","name":"makeCallParams","namespace":"androidx.appsearch.functions","parameterType":{"dataType":3,"documentType":"com.google.android.appfunctions.schema.common.v1.phone.MakeCallParams","id":"com.google.android.appfunctions.schema.common.v1.phone#makeCall#PARAMETER_TYPE","isList":false,"isNullable":false,"namespace":"androidx.appsearch.functions"}}],"returnType":{"dataType":9,"id":"com.google.android.appfunctions.schema.common.v1.phone#makeCall#RETURN_TYPE","isList":false,"isNullable":false,"namespace":"androidx.appsearch.functions"},"schemaMetadata":{"schemaCategory":"phone","schemaName":"makeCall","schemaVersion":1},"shouldRestrictCallersWithExecuteAppFunctions":false}
07-17 13:07:04.556 E/Routine@Core[4.8.02.21]: AppFunctionsSchemaMetadataConverter(23317): isSupportedMetadata: not supported schema. name=makeCall
07-17 13:07:04.556 I/Routine@Core[4.8.02.21]: AppFunctionsMetadataCollector(23317): collect: not supported schemaCategory/schemaName=phone/makeCall
07-17 13:07:04.557 I/Routine@Core[4.8.02.21]: AppFunctionsMetadataCollector(23317): collect: incoming metadata={"displayNameRes":0,"functionId":"com.samsung.android.dialer.phonefunctions#PhoneFunctions_deleteCallRecords","isEffectivelyEnabled":true,"packageName":"com.samsung.android.dialer","parameters":[{"description":"DELETECALLRECORDS_PARAMETER_DESCRIPTION_TEMPLATE","id":"callRecordIds","name":"callRecordIds","namespace":"androidx.appsearch.functions","parameterType":{"dataType":8,"id":"com.google.android.appfunctions.schema.common.v1.phone#deleteCallRecords#PARAMETER_TYPE","isList":true,"isNullable":false,"namespace":"androidx.appsearch.functions"}}],"returnType":{"dataType":8,"id":"com.google.android.appfunctions.schema.common.v1.phone#deleteCallRecords#RETURN_TYPE","isList":true,"isNullable":false,"namespace":"androidx.appsearch.functions"},"schemaMetadata":{"schemaCategory":"phone","schemaName":"deleteCallRecords","schemaVersion":1},"shouldRestrictCallersWithExecuteAppFunctions":false}
07-17 13:07:04.557 E/Routine@Core[4.8.02.21]: AppFunctionsSchemaMetadataConverter(23317): isSupportedMetadata: not supported schema. name=deleteCallRecords
07-17 13:07:04.557 I/Routine@Core[4.8.02.21]: AppFunctionsMetadataCollector(23317): collect: not supported schemaCategory/schemaName=phone/deleteCallRecords
07-17 13:07:04.558 I/HoneySpace.PackageSourceImpl( 5152): package changed info list size : 1
07-17 13:07:04.558 I/HoneySpace.HoneySpaceManagerContainer( 5152): packageUpdateEvent - com.honeyspace.sdk.source.entity.PackageOperation$Changed@49ba7e4
07-17 13:07:04.558 I/HoneySpace.HoneySpaceManagerContainer( 5152): refreshHoneyPlugin, packageName: com.gleidsonlm.threatevents
07-17 13:07:04.558 I/HoneySpace.IconCache( 5152): add icon DB: [com.gleidsonlm.threatevents/.MainActivity#UserHandle{0}] - IconAndLabel(icon=android.graphics.Bitmap@2791811, label=Threat-Events) | false | 640 | false |true
07-17 13:07:04.558 D/ConnectivityManager(28149): StackLog: [android.net.ConnectivityManager.sendRequestForNetwork(ConnectivityManager.java:4736)] [android.net.ConnectivityManager.registerDefaultNetworkCallbackForUid(ConnectivityManager.java:5461)] [android.net.ConnectivityManager.registerDefaultNetworkCallback(ConnectivityManager.java:5428)] [android.net.ConnectivityManager.registerDefaultNetworkCallback(ConnectivityManager.java:5402)] [b$$ExternalSyntheticApiModelOutline2.m(D8$$SyntheticClass:64)] [icc.d(PG:13)] [bhq.b(PG:583)] [bhq.a(PG:154)] [bsst.g(PG:3)] [bssr.b(PG:57)] [bswc.b(PG:62)] [bshp.jO(PG:12)] [bspc.run(PG:107)] [hzg.run(PG:87)] [java.util.concurrent.ThreadPoolExecutor.runWorker(ThreadPoolExecutor.java:1156)] [java.util.concurrent.ThreadPoolExecutor$Worker.run(ThreadPoolExecutor.java:651)] [java.lang.Thread.run(Thread.java:1119)]
07-17 13:07:04.559 E/HoneySpace.MinusOnePageUtils( 5152): com.samsung.android.app.spage is not installed 
07-17 13:07:04.559 I/HoneySpace.HoneySpacePackageSourceImpl( 5152): Package changed : com.gleidsonlm.threatevents
07-17 13:07:04.559 I/Routine@Core[4.8.02.21]: AppFunctionsMetadataCollector(23317): collect: incoming metadata={"displayNameRes":0,"functionId":"com.samsung.android.dialer.phonefunctions#PhoneFunctions_findPersons","isEffectivelyEnabled":true,"packageName":"com.samsung.android.dialer","parameters":[{"description":"FINDPERSONS_PARAMETER_DESCRIPTION_TEMPLATE","id":"findPersonsParams","name":"findPersonsParams","namespace":"androidx.appsearch.functions","parameterType":{"dataType":3,"documentType":"com.google.android.appfunctions.schema.common.v1.persons.FindPersonsParams","id":"com.google.android.appfunctions.schema.common.v1.persons#findPersons#PARAMETER_TYPE","isList":false,"isNullable":false,"namespace":"androidx.appsearch.functions"}}],"returnType":{"dataType":3,"documentType":"com.google.android.appfunctions.schema.common.v1.persons.Person","id":"com.google.android.appfunctions.schema.common.v1.persons#findPersons#RETURN_TYPE","isList":true,"isNullable":false,"namespace":"androidx.appsearch.functions"},"schemaMetadata":{"schemaCategory":"persons","schemaName":"findPersons","schemaVersion":1},"shouldRestrictCallersWithExecuteAppFunctions":false}
07-17 13:07:04.559 I/SearchableManager( 5152): invalidate: com.gleidsonlm.threatevents
07-17 13:07:04.560 I/HoneySpace.HoneySpacePackageSourceImpl( 5152): getHiddenItems : 3
07-17 13:07:04.559 E/Routine@Core[4.8.02.21]: AppFunctionsSchemaMetadataFactory(23317): getMetadata: not supported category. category=persons
07-17 13:07:04.560 E/Routine@Core[4.8.02.21]: AppFunctionsSchemaMetadataConverter(23317): isSupportedMetadata: not supported schema. name=findPersons
07-17 13:07:04.560 I/Routine@Core[4.8.02.21]: AppFunctionsMetadataCollector(23317): collect: not supported schemaCategory/schemaName=persons/findPersons
07-17 13:07:04.560 I/HoneySpace.HoneySpacePackageSourceImpl( 5152): getHiddenItems : 3
07-17 13:07:04.560 I/HoneySpace.HoneySpacePackageSourceImpl( 5152): getHiddenItems : 3
07-17 13:07:04.560 I/HoneySpace.HoneySpacePackageSourceImpl( 5152): getHiddenItems : 3
07-17 13:07:04.560 I/HoneySpace.HoneySpacePackageSourceImpl( 5152): getHiddenItems : 3
07-17 13:07:04.560 I/HoneySpace.HoneySpacePackageSourceImpl( 5152): getHiddenItems : 3
07-17 13:07:04.560 I/HoneySpace.HoneySpacePackageSourceImpl( 5152): getHiddenItems : 3
07-17 13:07:04.560 I/HoneySpace.HoneySpacePackageSourceImpl( 5152): getHiddenItems : 3
07-17 13:07:04.560 I/HoneySpace.HoneySpacePackageSourceImpl( 5152): getHiddenItems : 3
07-17 13:07:04.560 I/HoneySpace.HoneySpacePackageSourceImpl( 5152): getHiddenItems : 3
07-17 13:07:04.560 I/HoneySpace.HoneySpacePackageSourceImpl( 5152): getHiddenItems : 3
07-17 13:07:04.560 D/ConnectivityService( 2493): requestNetwork for uid/pid:10327/28149 activeRequest: null callbackRequest: 31366 [NetworkRequest [ REQUEST id=31367, [ Capabilities: INTERNET&NOT_RESTRICTED&TRUSTED&NOT_VCN_MANAGED&NOT_BANDWIDTH_CONSTRAINED Uid: 10327 RequestorUid: 10327 RequestorPkg: com.google.android.apps.photos UnderlyingNetworks: Null] ]] callback flags: 0 order: 2147483647 isUidTracked: false declaredMethods: AVAIL|LOST|NC
07-17 13:07:04.560 I/HoneySpace.HoneySpacePackageSourceImpl( 5152): getHiddenItems : 3
07-17 13:07:04.560 I/HoneySpace.HistoryViewModel@225099942@OneUI( 5152): handlePackageEvent
07-17 13:07:04.560 I/HoneySpace.HistoryViewModel@225099942@OneUI( 5152): skip for alone
07-17 13:07:04.560 D/ApplicationPolicy( 2493): getApplicationUninstallationEnabled
07-17 13:07:04.560 D/ApplicationPolicy( 2493): getApplicationUninstallationEnabled :  enabled true
07-17 13:07:04.560 W/Finsky  ( 4573): [2] STU: Failed to get storage stats for package 'com.android.wifi' (1601: Error getting stats: android.content.pm.PackageManager.NameNotFoundException)
07-17 13:07:04.561 I/HoneySpace.AppsEdgePanel.ViewModel( 5152): packageChanged : com.gleidsonlm.threatevents
07-17 13:07:04.561 I/HoneySpace.HoneySpacePackageSourceImpl( 5152): getHiddenItems : 3
07-17 13:07:04.561 I/HoneySpace.EventListenerRegistry( 5152): pendingPackageOperation : pending = false, com.honeyspace.sdk.source.entity.PackageOperation$Changed@49ba7e4
