07-17 11:09:13.305 W/Finsky  ( 4573): [2] STU: Failed to get storage stats for package 'com.google.android.scheduling' (1601: Error getting stats: android.content.pm.PackageManager.NameNotFoundException)
07-17 11:09:13.305 I/artd    (29694): GetBestInfo: odex next to the dex file (/data/app/~~g_f5HkunUXDy2C386vZu8Q==/com.pyrsoftware.pokerstars.net-vKqkDdTrGuYkiKPDWrxMeg==/oat/arm64/base.odex) is kOatCannotOpen: In oat file '/data/app/~~g_f5HkunUXDy2C386vZu8Q==/com.pyrsoftware.pokerstars.net-vKqkDdTrGuYkiKPDWrxMeg==/oat/arm64/base.odex': invalid oat header: Invalid oat version, expected 0x32353900, got 0x32353100.
07-17 11:09:13.307 I/artd    (29694): GetBestInfo: vdex next to the dex file (/data/app/~~g_f5HkunUXDy2C386vZu8Q==/com.pyrsoftware.pokerstars.net-vKqkDdTrGuYkiKPDWrxMeg==/oat/arm64/base.vdex) is kOatUpToDate with filter 'verify' executable 'false'
07-17 11:09:13.318 I/artd    (29694): GetBestInfo: odex next to the dex file (/data/app/~~C_JUK4cwqqxdsEPVvOKVIw==/com.google.android.gm-M3Pf0KE-6y5DEMG0AzHgZw==/oat/arm64/base.odex) is kOatUpToDate with filter 'speed-profile' executable 'false'
07-17 11:09:13.320 W/Finsky  ( 4573): [2] STU: Failed to get storage stats for package 'com.samsung.android.lifeguard' (1601: Error getting stats: android.content.pm.PackageManager.NameNotFoundException)
07-17 11:09:13.323 I/SemWifiServiceDetector( 2493): Service det. resumed: T / T / 9069
07-17 11:09:13.334 I/Finsky  ( 4573): [2] App states replicator found 68 unowned apps
07-17 11:09:13.353 I/Finsky  ( 4573): [2] Completed 0 account content syncs with 0 successful.
07-17 11:09:13.354 I/Finsky  ( 4573): [2] [ContentSync] Installation state replication succeeded.
07-17 11:09:13.354 I/Finsky  ( 4573): [2] SCH: jobFinished: 12-1. TimeElapsed: 1273ms.
07-17 11:09:13.364 I/Finsky  ( 4573): [2246] SCH: Scheduling phonesky job Id: 1-1337, CT: 1752730050109, Constraints: [{ L: 40614237, D: 83814237, C: CHARGING_NONE, I: IDLE_NONE, N: NET_ANY, B: BATTERY_ANY }]
07-17 11:09:13.364 I/Finsky  ( 4573): [2246] SCH: Scheduling phonesky job Id: 34-142, CT: 1752684272268, Constraints: [{ L: 604800000, D: 2484252502, C: CHARGING_NONE, I: IDLE_NONE, N: NET_ANY, B: BATTERY_ANY }]
07-17 11:09:13.365 I/Finsky  ( 4573): [2246] SCH: Scheduling phonesky job Id: 34-146, CT: 1752684272268, Constraints: [{ L: 604800000, D: 2563483364, C: CHARGING_NONE, I: IDLE_NONE, N: NET_ANY, B: BATTERY_ANY }]
07-17 11:09:13.365 I/Finsky  ( 4573): [2246] SCH: Scheduling phonesky job Id: 34-148, CT: 1752735065070, Constraints: [{ L: 79199597, D: 1375199597, C: CHARGING_NONE, I: IDLE_NONE, N: NET_ANY, B: BATTERY_ANY }]
07-17 11:09:13.365 I/Finsky  ( 4573): [2246] SCH: Scheduling phonesky job Id: 34-155, CT: 1752735065108, Constraints: [{ L: 604800000, D: 2591999970, C: CHARGING_NONE, I: IDLE_NONE, N: NET_ANY, B: BATTERY_ANY }]
07-17 11:09:13.367 I/Finsky  ( 4573): [2236] SCH: Scheduling 1 system job(s)
07-17 11:09:13.367 I/Finsky  ( 4573): [2236] SCH: Scheduling system job Id: 9039, L: 9310979, D: 52510979, C: false, I: false, N: 1
07-17 11:09:13.371 I/Finsky  ( 4573): [2633] SCH: job service finished with id 9033.
07-17 11:09:13.457 I/VSyncReactor( 2123): Current= 24, Period= 24, hwcPeriod= 24
07-17 11:09:13.463 D/SubscreenNotificationListCoordinator( 4565): onAfterRenderList() isSubScreen = false, pluginLockMode = 0, doNotShowOnCover = false
07-17 11:09:13.468 I/LockscreenNotificationIconsOnlyController( 4565): onNotificationInfoUpdated 0
07-17 11:09:13.468 I/AODNotificationManager( 4565): updateNotification() 
07-17 11:09:13.474 E/ANDR-PERF-MPCTL( 2043): ANDR-PERF-MPCTL: internal_perf_lock_acq_verification() 385: Perflock Submit request limit reached.
07-17 11:09:13.481 D/SemWifiSwitchForIndividualAppsService( 2493): isSkipNetworkCondition - result:2
07-17 11:09:13.493 D/SurfaceFlinger( 2123): GPIS:: requestGPISForClientComposition
07-17 11:09:13.498 D/NativeSemDvfsManager( 2123): acquire:: timeout = 2000 mIsAcquired = 1  mTagName : SurfaceFlinger 
07-17 11:09:13.498 E/NativeCustomFrequencyManager( 2123): [NativeCFMS] BpCustomFrequencyManager::acquire()
07-17 11:09:13.498 I/HYPER-HAL( 1995): [RequestManager.cpp]acquire(): Acquired ID : 4879126  [2123 / 1000]    HINT : SF_GPU_MINLOCK    list : [TIMEOUT / 2000] 
07-17 11:09:13.499 W/Layer   ( 2123): gatherBufferInfo: Received unknown dataspace from gralloc
07-17 11:09:13.499 I/LayerHistory( 2123): StatusBar$_4565#105 Max (can't resolve refresh rate)
07-17 11:09:13.499 I/SurfaceFlinger( 2123): Weight ignores StatusBar$_4565#105 (type=Max, weight=0.03, seamlessness=Default) 0.00 Hz's 120.00 Hz
07-17 11:09:13.499 I/SurfaceFlinger( 2123): scored - choose 60.00 Hz
07-17 11:09:13.500 I/HWComposer( 2123): [4630947059332006275] ActiveConfigToHWC, ID : 2
07-17 11:09:13.500 I/SDM     ( 2027): HWDeviceDRM::SetDisplaySwitchMode: [DispConfigs] check hs_mode 3
07-17 11:09:13.500 W/SDM     ( 2027): HWDeviceDRM::GetSupportedBitClkRate: Requested rate not supported: 951080000
07-17 11:09:13.500 W/SDM     ( 2027): HWDeviceDRM::GetSupportedBitClkRate: Requested rate not supported: 951080000
07-17 11:09:13.500 I/SDM     ( 2027): HWDeviceDRM::SetDisplaySwitchMode: [DispConfigs] Set mode index:3 1080x2340x60xcmdPHS, hs_mode(3), found_mode(1)
07-17 11:09:13.501 I/SDM     ( 2027): HWDeviceDRM::UpdateMixerAttributes: Mixer WxH 1080x2340-1 for Peripheral
07-17 11:09:13.501 I/SDM     ( 2027): HWCDisplay::SubmitDisplayConfig: Active configuration changed from config 8 to 2
07-17 11:09:13.549 I/VSyncReactor( 2123): Current= 24, Period= 60, hwcPeriod= 60
--------- switch to system
07-17 11:09:13.567 D/LocalDisplayAdapter( 2493): updateActiveModeLocked for d=4630947059332006275, mActiveModeId=3, mActiveSfDisplayMode=DisplayMode{id=2, width=1080, height=2340, xDpi=428.625, yDpi=424.542, peakRefreshRate=60.000004, vsyncRate=60.000004, appVsyncOffsetNanos=0, presentationDeadlineNanos=17666666, supportedHdrTypes=[4, 2, 3], group=1080}
07-17 11:09:13.567 I/DisplayDeviceRepository( 2493): Display device changed render timings: "Built-in Screen", renderFrameRate=60.000004, presentationDeadlineNanos=17666666, appVsyncOffsetNanos=0
07-17 11:09:13.572 D/BrightnessThermalClamper( 2493): Thermal status observer already started
--------- switch to main
07-17 11:09:13.573 D/LiftUpHandler( 2493): [LTW] Stopped already.
--------- switch to system
07-17 11:09:13.575 D/SGM:GameManager( 2493): onDisplayChanged. displyId: 0, state: 2
--------- switch to main
07-17 11:09:13.576 D/AODManagerService( 2493): requestReCalToTSP IsSingleTouchMode = falserequestedReCalToTSP = false / previousDisplayState = ON
07-17 11:09:13.576 D/AudioFlinger( 2112): setParameters: filtered dev setParameters keyvalue screen_state=on
07-17 11:09:13.578 I/HoneySpace.RefreshRateSource( 5152): singleFrameMs 16
07-17 11:09:13.578 I/VRI[RecentsTransitionOverlay]@b67182e( 5152): onDisplayChanged oldDisplayState=2 newDisplayState=2
--------- switch to system
07-17 11:09:13.578 D/SGM:FgCheckThread( 2493): onLooperPrepared(), msg: MSG_LCD_ON
--------- switch to main
07-17 11:09:13.578 D/AHAL: AudioDevice( 1971): SetParameters: 1799: enter
07-17 11:09:13.578 D/AHAL: AudioVoice( 1971): VoiceSetParameters: 171: Enter
07-17 11:09:13.578 D/AHAL: AudioVoice( 1971): VoiceSetParameters: 416: Exit ret: 0
07-17 11:09:13.578 I/VRI[RecentsActivity]@dbf7f01( 5152): onDisplayChanged oldDisplayState=2 newDisplayState=2
07-17 11:09:13.578 I/VRI[CocktailBarService]@71f779e( 5152): onDisplayChanged oldDisplayState=2 newDisplayState=2
07-17 11:09:13.578 I/VRI[LauncherActivity]@acb92cf( 5152): onDisplayChanged oldDisplayState=2 newDisplayState=2
07-17 11:09:13.578 I/HoneySpace.Memory-Monitor( 5152): current state = 2, didTrim = false
07-17 11:09:13.580 D/AHAL: hfp( 1971): hfp_set_parameters: 447: enter
07-17 11:09:13.580 D/AHAL: AudioDevice( 1971): SetParameters: 1879:  - screen = on
07-17 11:09:13.580 I/PAL: ResourceManager( 1971): setParameter: 9278: Screen State:1
07-17 11:09:13.580 D/AHAL: AudioDevice( 1971): SetParameters: 2521: exit: screen_state=on
07-17 11:09:13.581 D/StackScroller( 4565): onDisplayChanged for predraw skip to 2
07-17 11:09:13.581 I/VRI[InputMethod]@3a2bda2( 8223): onDisplayChanged oldDisplayState=2 newDisplayState=2
--------- switch to system
07-17 11:09:13.581 D/WifiDisplayAdapter( 2493): isFitToActiveDisplayLocked : false
--------- switch to main
07-17 11:09:13.583 I/Audio_a2dpsink_hw( 1971): adev_set_parameters: kevpairs=[screen_state=on]
07-17 11:09:13.583 I/VRI[0 fl=}]@c2e8a5c(17778): onDisplayChanged oldDisplayState=2 newDisplayState=2
--------- switch to system
07-17 11:09:13.585 D/RefreshRateModeManager( 2493): updateDefaultDisplayToken: android.os.BinderProxy@dffbaa0, isChanged: false
--------- switch to main
07-17 11:09:13.585 E/ANDR-PERF-MPCTL( 2043): ANDR-PERF-MPCTL: internal_perf_lock_acq_verification() 385: Perflock Submit request limit reached.
07-17 11:09:13.588 I/VRI[ShellDropTarget]@bbf5833( 4565): onDisplayChanged oldDisplayState=2 newDisplayState=2
07-17 11:09:13.590 D/DisplayLifecycle( 4565): updateDisplay id = 0
07-17 11:09:13.592 I/VRI[LockscreenShortcutBlur]@18ce2b0( 4565): onDisplayChanged oldDisplayState=2 newDisplayState=2
07-17 11:09:13.592 I/VRI[NavigationBar0]@23e7c55( 4565): onDisplayChanged oldDisplayState=2 newDisplayState=2
07-17 11:09:13.593 I/VRI[EdgeBackGestureHandler0]@859de1a( 4565): onDisplayChanged oldDisplayState=2 newDisplayState=2
07-17 11:09:13.593 I/VRI[NotificationShade]@68147fc( 4565): onDisplayChanged oldDisplayState=2 newDisplayState=2
07-17 11:09:13.593 I/VRI[StatusBar]@ae22283( 4565): onDisplayChanged oldDisplayState=2 newDisplayState=2
07-17 11:09:13.593 I/VRI[Bouncer]@cf626a1( 4565): onDisplayChanged oldDisplayState=2 newDisplayState=2
07-17 11:09:13.593 I/VRI[SecondaryHomeHandle0]@6708b70( 4565): onDisplayChanged oldDisplayState=2 newDisplayState=2
07-17 11:09:13.593 I/VRI[KeyguardBiometricToastView]@6221105( 4565): onDisplayChanged oldDisplayState=2 newDisplayState=2
07-17 11:09:13.702 D/ApfFilter( 4714): (wlan0): Ignoring RA RA fe80::6283:e7ff:fe54:5223 -> ff02::1 30s 2804:29b8:509e:2ebb::/64 172800s/172800s DNS 10s 2804:29b8:1000:1::17 2804:29b8:1000:1::18  which matches RA fe80::6283:e7ff:fe54:5223 -> ff02::1 30s 2804:29b8:509e:2ebb::/64 172800s/172800s DNS 10s 2804:29b8:1000:1::17 2804:29b8:1000:1::18 
07-17 11:09:13.703 I/EPDG -- SIM1 [EpdgIntfCont]( 4800): Not Mobile Interface. Ignoring Event
07-17 11:09:13.703 I/EPDG -- SIM1 [EpdgIntfCont]( 4800): Not Mobile Interface. Ignoring Event
07-17 11:09:13.704 I/EPDG -- SIM0 [EpdgIntfCont]( 4800): Not Mobile Interface. Ignoring Event
07-17 11:09:13.704 I/EPDG -- SIM0 [EpdgIntfCont]( 4800): Not Mobile Interface. Ignoring Event
07-17 11:09:13.851 E/ANDR-PERF-MPCTL( 2043): ANDR-PERF-MPCTL: internal_perf_lock_acq_verification() 385: Perflock Submit request limit reached.
07-17 11:09:13.851 I/LayerHistory( 2123): StatusBar$_4565#105 Max (can't resolve refresh rate)
07-17 11:09:13.851 I/SurfaceFlinger( 2123): Idle - choose 24.00 Hz
07-17 11:09:13.852 I/HWComposer( 2123): [4630947059332006275] ActiveConfigToHWC, ID : 8
07-17 11:09:13.853 I/SDM     ( 2027): HWDeviceDRM::SetDisplaySwitchMode: [DispConfigs] check hs_mode 3
07-17 11:09:13.853 W/SDM     ( 2027): HWDeviceDRM::GetSupportedBitClkRate: Requested rate not supported: 951080000
07-17 11:09:13.853 W/SDM     ( 2027): HWDeviceDRM::GetSupportedBitClkRate: Requested rate not supported: 951080000
07-17 11:09:13.853 I/SDM     ( 2027): HWDeviceDRM::SetDisplaySwitchMode: [DispConfigs] Set mode index:9 1080x2340x24xcmdPHS, hs_mode(3), found_mode(1)
07-17 11:09:13.853 I/SDM     ( 2027): HWDeviceDRM::UpdateMixerAttributes: Mixer WxH 1080x2340-1 for Peripheral
07-17 11:09:13.853 I/SDM     ( 2027): HWCDisplay::SubmitDisplayConfig: Active configuration changed from config 2 to 8
07-17 11:09:13.866 I/VSyncReactor( 2123): Current= 60, Period= 24, hwcPeriod= 24
07-17 11:09:13.984 I/SCS@AiSearch user 0(13529): (AppsDataWorker) [androidx.work-3] entering in doWork():  
07-17 11:09:13.984 I/SCS@AiSearch user 0(13529): (AppsDataObserver) [androidx.work-3] entering in execute():  
07-17 11:09:13.984 I/SCS@AiSearch user 0(13529): (AppsDataObserver-CMD_UPDATE_LIST) changed package count: 1
07-17 11:09:14.010 D/ApfFilter( 4714): (wlan0): Ignoring RA RA fe80::6283:e7ff:fe54:5223 -> ff02::1 30s 2804:29b8:509e:2ebb::/64 172800s/172800s DNS 10s 2804:29b8:1000:1::17 2804:29b8:1000:1::18  which matches RA fe80::6283:e7ff:fe54:5223 -> ff02::1 30s 2804:29b8:509e:2ebb::/64 172800s/172800s DNS 10s 2804:29b8:1000:1::17 2804:29b8:1000:1::18 
07-17 11:09:14.013 I/EPDG -- SIM0 [EpdgIntfCont]( 4800): Not Mobile Interface. Ignoring Event
07-17 11:09:14.013 I/EPDG -- SIM1 [EpdgIntfCont]( 4800): Not Mobile Interface. Ignoring Event
07-17 11:09:14.014 I/EPDG -- SIM1 [EpdgIntfCont]( 4800): Not Mobile Interface. Ignoring Event
07-17 11:09:14.014 I/EPDG -- SIM0 [EpdgIntfCont]( 4800): Not Mobile Interface. Ignoring Event
--------- switch to system
07-17 11:09:14.083 D/PowerManagerService( 2493): UserActivityState : 1 -> 2 groupId=0
07-17 11:09:14.084 D/PowerManagerService( 2493): displayReady: false groupId=0
07-17 11:09:14.084 D/DisplayPowerController2[0]( 2493): animateScreenStateChange: target=ON, mIsEnabled=true
07-17 11:09:14.085 I/MdnieScenarioControlService( 2493): action  :  com.samsung.server.PowerManagerService.action.USER_ACTIVITY
07-17 11:09:14.085 W/DisplayPowerController2[0]( 2493): Animating brightness: target=13(0.05), rate=0.706, reason=automatic[61] -> dim[13]
07-17 11:09:14.086 D/DisplayManagerService( 2493): handleBrightnessAnimation: started=true
--------- switch to main
07-17 11:09:14.087 I/RefreshRateTokenController( 2493): Adding refreshRateToken={ RefreshRateToken[->PassiveModeToken:BrightnessAnim, acquire at 292338088 (now)}, caller=com.android.server.display.mode.RefreshRateController.createPassiveModeToken:32 com.android.server.display.DisplayManagerService$$ExternalSyntheticLambda8.accept:123 com.android.server.display.DisplayPowerController.animateScreenBrightness:262 com.android.server.display.DisplayPowerController.updatePowerStateInternal:2371 com.android.server.display.DisplayPowerController.updatePowerState:9 
--------- switch to system
07-17 11:09:14.088 D/AdaptiveBrightnessLongtermModelBuilder( 2493): notifyBrightnessChanged(brightness=11.417000, userInitiated=false)
07-17 11:09:14.088 D/DisplayPowerController2[0]( 2493): saveBrightnessInfo: brt:0.2392157 adjBrt:0.050980393 min:0.0 max:1.0 hbm:0 tp:1.0 throttler:0 isAnimating:true
07-17 11:09:14.088 V/DisplayPowerController2[0]( 2493): Brightness [0.050980393] reason changing to: 'automatic [ dim ]', previous reason: 'automatic'.
07-17 11:09:14.089 I/DisplayPowerController2[0]( 2493): BrightnessEvent: disp=0, physDisp=local:4630947059332006275, displayState=ON, displayPolicy=DIM, brt=0.050980393, initBrt=0.2392157, rcmdBrt=0.2392157, preBrt=NaN, lux=17.0, preLux=NaN, hbmMax=1.0, hbmMode=off, rbcStrength=-1, thrmMax=1.0, powerFactor=1.0, wasShortTermModelActive=false, flags=, reason=automatic [ dim ], autoBrightness=true, strategy=InvalidBrightnessStrategy, autoBrightnessMode=default
07-17 11:09:14.089 D/AdaptiveBrightnessLongtermModelBuilder( 2493): handleBrightnessChanged: brightness: 11.417 userInitiated: false
07-17 11:09:14.089 D/AdaptiveBrightnessLongtermModelBuilder( 2493): updateAdaptiveBrightnessStats: l:17.0 b:11.417 u: false
07-17 11:09:14.089 D/AdaptiveBrightnessWeightStats( 2493): log: l:17.0 b:78.719 t:15.06 u:false 
07-17 11:09:14.089 D/AdaptiveBrightnessWeightStats( 2493): updateTransientStats: 7.2 < 17.0 < 45.0  b:78.719 t:15.06s
07-17 11:09:14.089 D/AdaptiveBrightnessWeightStats( 2493): updateTransientStats: b: 78.719 ambientLux:17.0 currentBucketLux:18.0 mBrightnessMapper: 81.76253
07-17 11:09:14.089 D/BrightnessSynchronizer( 2493): onDisplayChanged() : displayId=0
07-17 11:09:14.089 D/BrightnessSynchronizer( 2493): updateScreenBrightness: displayId=0 type=2 mPreferredSettingValue=0.2392157(61) currentBrightnessInt=61 currentBrightnessIntFromFloat=61(0.2392157)
07-17 11:09:14.090 D/PowerManagerService( 2493): displayReady: true groupId=0
--------- switch to main
07-17 11:09:14.092 D/SecBrightnessController( 4565): updateSlider() - BrightnessDialog resetTimer()
--------- switch to system
07-17 11:09:14.092 D/HdrSolution_HdrDisplayNitMapper( 2493): updataTargetNit--------------mLightSensorData: -1.0, scaleRatio: 2.6, target: 77.067->200
07-17 11:09:14.093 D/LocalDisplayAdapter( 2493): surface lcd : 60(0.098), 60(0.098), main +
--------- switch to main
07-17 11:09:14.094 I/SurfaceFlinger( 2123): setDisplayBrightness displayBrightness(0.098336)
07-17 11:09:14.094 D/SecBrightnessController( 4565): updateSlider() - BrightnessDialog resetTimer()
07-17 11:09:14.097 I/SDM     ( 2027): DisplayBuiltIn::SetPanelBrightness: Setting brightness to level 60 (9.833640 percent) primary(1) display(66)
07-17 11:09:14.097 I/SSC_DAEMON( 2097): physical_sensor_test_req_msg Sensor type :4, Msg type:11
--------- switch to system
07-17 11:09:14.100 D/LocalDisplayAdapter( 2493): surface lcd : 60(0.098), 60(0.098), main -
--------- switch to main
07-17 11:09:14.101 I/SSC_DAEMON( 2097): light_msg(4/11): br 60 (lux 13,idx 0) - 0,0,13
07-17 11:09:14.112 D/InputReader( 2493): Btn_touch(3): value=1 when=292338.113066
07-17 11:09:14.112 I/InputReader( 2493): Touch event's action is 0x0 (id=6, t=0) [pCnt=1, s=0.31054 ] when=292338.113066
--------- switch to system
07-17 11:09:14.113 D/PowerManagerService( 2493): [api] userActivity : other (uid: 1000 pid: 2493) <- onInputEvent() in com.android.server.accessibility.AccessibilityInputFilter:335 displayId=0 eventTime=292338113
07-17 11:09:14.113 D/PowerManagerService( 2493): UserActivityState : 2 -> 1 groupId=0
07-17 11:09:14.113 D/PowerManagerService( 2493): displayReady: false groupId=0
07-17 11:09:14.113 D/DisplayPowerController2[0]( 2493): animateScreenStateChange: target=ON, mIsEnabled=true
--------- switch to main
07-17 11:09:14.113 D/InputDispatcher( 2493): Inject motion (0/0): action=0x0, time=292338113066000, f=0x0, d=0 dsdx=1.000000 dtdx=0.000000
07-17 11:09:14.113 I/InputDispatcher( 2493): Delivering touch to (4565): action: 0x4, f=0x800, d=0, '4905f65', t=1 
07-17 11:09:14.113 I/InputDispatcher( 2493): Delivering touch to (17778): action: 0x4, f=0x800, d=0, 'd3c7c69', t=1 
--------- switch to system
07-17 11:09:14.113 I/MdnieScenarioControlService( 2493): action  :  com.samsung.server.PowerManagerService.action.USER_ACTIVITY
--------- switch to main
07-17 11:09:14.113 I/InputDispatcher( 2493): Delivering touch to (5152): action: 0x0, f=0x800, d=0, '88897ff', t=1 
--------- switch to system
07-17 11:09:14.113 D/PowerManagerService( 2493): [api] userActivityFromNative : touch displayId=0 eventTime=292338113
--------- switch to main
07-17 11:09:14.114 I/VRI[LauncherActivity]@acb92cf( 5152): ViewPostIme pointer 0
07-17 11:09:14.114 I/HoneySpace.IconHoney( 5152): call activeLaunch 6359
07-17 11:09:14.114 I/HoneySpace.AppscreenContainerView( 5152): findActiveTouchController ev = 0
--------- switch to system
07-17 11:09:14.114 I/Pageboost( 2493): start alp : com.gleidsonlm.threatevents
--------- switch to main
07-17 11:09:14.114 I/HoneySpace.AppscreenHomeTouchController( 5152): onControllerInterceptTouchEvent ev = 0
07-17 11:09:14.114 I/HoneySpace.AppscreenHomeTouchController( 5152): canIntercept = true
07-17 11:09:14.114 I/LayerHistory( 2123): StatusBar$_4565#105 Max (can't resolve refresh rate)
07-17 11:09:14.114 I/HoneySpace.ApplistFastRecyclerView( 5152): resetTouchState
07-17 11:09:14.114 I/SurfaceFlinger( 2123): Touch Boost - choose 120.00 Hz
07-17 11:09:14.114 I/HoneySpace.ApplistFastRecyclerView( 5152): dispatchTouchEvent() event.action=0
07-17 11:09:14.114 I/HoneySpace.ApplistFastRecyclerView( 5152): processDownMotionEvent, index = 0, id = 0
07-17 11:09:14.114 I/HoneySpace.ApplistFastRecyclerView( 5152): initTouchPoint, index = 0, id = 0
07-17 11:09:14.114 I/HWComposer( 2123): [4630947059332006275] ActiveConfigToHWC, ID : 0
--------- switch to system
07-17 11:09:14.114 W/ContextImpl( 2493): Calling a method in the system process without a qualified user: android.app.ContextImpl.startActivity:1189 com.android.server.am.ActivityManagerService.doActiveLaunch:99 android.app.IActivityManager$Stub.onTransact:4999 com.android.server.am.ActivityManagerService.onTransact:466 android.os.Binder.execTransactInternal:1541 
--------- switch to main
07-17 11:09:14.114 I/HoneySpace.IconView( 5152): start dim animation : Threat-Events
--------- switch to system
07-17 11:09:14.114 D/ActivityTaskManager( 2493): startActivityAsUser: callingPid=2493, callingUid=1000, caller=com.android.server.wm.ActivityTaskManagerService.startActivity:120 android.app.Instrumentation.execStartActivity:2000 android.app.ContextImpl.startActivity:1207 com.android.server.am.ActivityManagerService.doActiveLaunch:99 android.app.IActivityManager$Stub.onTransact:4999 com.android.server.am.ActivityManagerService.onTransact:466 android.os.Binder.execTransactInternal:1541 
--------- switch to main
07-17 11:09:14.114 D/SurfaceFlinger( 2123): GPIS:: requestGPISForClientComposition
07-17 11:09:14.114 I/VRI[LauncherActivity]@acb92cf( 5152): call setFrameRateCategory for touch hint category=high hint, reason=touch, vri=VRI[LauncherActivity]@acb92cf
07-17 11:09:14.114 I/SDM     ( 2027): HWDeviceDRM::SetDisplaySwitchMode: [DispConfigs] check hs_mode 3
07-17 11:09:14.114 W/SDM     ( 2027): HWDeviceDRM::GetSupportedBitClkRate: Requested rate not supported: 951080000
07-17 11:09:14.114 I/SDM     ( 2027): HWDeviceDRM::SetDisplaySwitchMode: [DispConfigs] Set mode index:0 1080x2340x120xcmdHS, hs_mode(3), found_mode(0)
--------- switch to system
07-17 11:09:14.114 E/ActivityTaskManager( 2493): Checking for the Active launch isPkgEverLaunched :false, isPkgStopped : true, isPkgSuspended : false
07-17 11:09:14.115 D/ActivityTaskManager( 2493): request preloading for newly launching app
--------- switch to main
07-17 11:09:14.115 I/SDM     ( 2027): HWDeviceDRM::UpdateMixerAttributes: Mixer WxH 1080x2340-1 for Peripheral
07-17 11:09:14.115 I/SDM     ( 2027): HWCDisplay::SubmitDisplayConfig: Active configuration changed from config 8 to 0
07-17 11:09:14.115 I/HoneySpace.GestureInputHandler( 5152): inputConsumers = [com.honeyspace.gesture.inputconsumer.InputConsumer$Companion$NO_OP$1@4745339]
--------- switch to system
07-17 11:09:14.115 I/ActivityManager( 2493): No activity to handle assist action.
07-17 11:09:14.115 I/ActivityManager( 2493): android.util.AndroidRuntimeException: Activity could not be started for Intent { act=android.intent.action.MAIN cat=[android.intent.category.LAUNCHER] flg=0x10000000 pkg=com.gleidsonlm.threatevents cmp=com.gleidsonlm.threatevents/.MainActivity }
07-17 11:09:14.115 I/ActivityManager( 2493): 	at android.app.Instrumentation.checkStartActivityResult(Instrumentation.java:2470)
07-17 11:09:14.115 I/ActivityManager( 2493): 	at android.app.Instrumentation.execStartActivity(Instrumentation.java:2005)
07-17 11:09:14.115 I/ActivityManager( 2493): 	at android.app.ContextImpl.startActivity(ContextImpl.java:1207)
07-17 11:09:14.115 I/ActivityManager( 2493): 	at com.android.server.am.ActivityManagerService.doActiveLaunch(qb/96996599 4207cc64f8273a078ed00bb37ec66a12d547258ca33788ccc3647eb1c250b266:99)
07-17 11:09:14.115 I/ActivityManager( 2493): 	at android.app.IActivityManager$Stub.onTransact(IActivityManager.java:4999)
07-17 11:09:14.115 I/ActivityManager( 2493): 	at com.android.server.am.ActivityManagerService.onTransact(qb/96996599 4207cc64f8273a078ed00bb37ec66a12d547258ca33788ccc3647eb1c250b266:466)
07-17 11:09:14.115 I/ActivityManager( 2493): 	at android.os.Binder.execTransactInternal(Binder.java:1541)
07-17 11:09:14.115 I/ActivityManager( 2493): 	at android.os.Binder.execTransact(Binder.java:1480)
--------- switch to main
07-17 11:09:14.115 I/HoneySpace.InputSession( 5152): inputConsumers = NO_OP
--------- switch to system
07-17 11:09:14.115 D/ActivityManager( 2493): starting Active launch
--------- switch to main
07-17 11:09:14.115 I/GestureDetector( 2493): obtain mCurrentDownEvent. id: 506982624 caller: com.android.server.wm.SystemGesturesPointerEventListener.onPointerEvent:17 com.android.server.wm.PointerEventDispatcher.onInputEvent:51 android.view.InputEventReceiver.dispatchInputEvent:385 
07-17 11:09:14.115 I/HoneySpace.InputSession( 5152): open
--------- switch to system
07-17 11:09:14.115 D/PowerManagerService( 2493): UserActivityStateListenerState: 1
07-17 11:09:14.115 W/DisplayPowerController2[0]( 2493): Animating brightness: target=61(0.24), rate=2.400, reason=automatic[61] -> 0x0[61]
07-17 11:09:14.115 D/PowerManagerService( 2493): [api] setScreenDimDurationOverrideFromSqdInternal: mScreenDimDurationOverrideFromSQD: -1
--------- switch to main
07-17 11:09:14.116 I/GestureDetector( 2493): obtain mCurrentDownEvent. id: 506982624 caller: com.android.server.wm.SystemPerformancePointerEventListener.onPointerEvent:13 com.android.server.wm.PointerEventDispatcher.onInputEvent:51 android.view.InputEventReceiver.dispatchInputEvent:385 
--------- switch to system
07-17 11:09:14.116 I/Pageboost( 2493): alp for : com.gleidsonlm.threatevents , 0
--------- switch to main
07-17 11:09:14.117 E/ANDR-PERF-MPCTL( 2043): ANDR-PERF-MPCTL: internal_perf_lock_acq_verification() 385: Perflock Submit request limit reached.
--------- switch to system
07-17 11:09:14.117 D/AdaptiveBrightnessLongtermModelBuilder( 2493): notifyBrightnessChanged(brightness=78.719002, userInitiated=false)
07-17 11:09:14.117 D/DisplayPowerController2[0]( 2493): saveBrightnessInfo: brt:0.2392157 adjBrt:0.2392157 min:0.0 max:1.0 hbm:0 tp:1.0 throttler:0 isAnimating:true
07-17 11:09:14.117 V/DisplayPowerController2[0]( 2493): Brightness [0.2392157] reason changing to: 'automatic', previous reason: 'automatic [ dim ]'.
07-17 11:09:14.117 I/DisplayPowerController2[0]( 2493): BrightnessEvent: disp=0, physDisp=local:4630947059332006275, displayState=ON, displayPolicy=BRIGHT, brt=0.2392157, initBrt=0.050980393, rcmdBrt=0.2392157, preBrt=NaN, lux=17.0, preLux=NaN, hbmMax=1.0, hbmMode=off, rbcStrength=-1, thrmMax=1.0, powerFactor=1.0, wasShortTermModelActive=false, flags=, reason=automatic, autoBrightness=true, strategy=InvalidBrightnessStrategy, autoBrightnessMode=default
07-17 11:09:14.117 D/PowerManagerService( 2493): displayReady: true groupId=0
--------- switch to main
07-17 11:09:14.117 E/ANDR-PERF-MPCTL( 2043): ANDR-PERF-MPCTL: internal_perf_lock_acq_verification() 385: Perflock Submit request limit reached.
--------- switch to system
07-17 11:09:14.118 D/BrightnessSynchronizer( 2493): onDisplayChanged() : displayId=0
07-17 11:09:14.118 D/BrightnessSynchronizer( 2493): updateScreenBrightness: displayId=0 type=2 mPreferredSettingValue=0.2392157(61) currentBrightnessInt=61 currentBrightnessIntFromFloat=61(0.2392157)
--------- switch to main
07-17 11:09:14.118 D/SecBrightnessController( 4565): updateSlider() - BrightnessDialog resetTimer()
07-17 11:09:14.118 D/SecBrightnessController( 4565): updateSlider() - BrightnessDialog resetTimer()
07-17 11:09:14.118 I/SemDvfsHyPerManager( 7337): acquire hyper - TATouchBoost/7337@28, type = -999
07-17 11:09:14.118 E/pageboostd( 5394): alp start : app comgleidsonlmthreatevents
07-17 11:09:14.118 I/SemDvfsHyPerManager( 7337): acquire hyper - TA_TOUCH_SHARE/7337@29, type = -999
07-17 11:09:14.118 I/HYPER-HAL( 1995): [RequestManager.cpp]acquire(): Acquired ID : 27125323  [7337 / 28]    HINT :      list : [TABoost / 1] [TIMEOUT / 1500] 
07-17 11:09:14.119 I/HYPER-HAL( 1995): [RequestManager.cpp]acquire(): Acquired ID : 27132690  [7337 / 29]    HINT : TA_TOUCH_SHARE    list : [TIMEOUT / 1500] 
--------- switch to system
07-17 11:09:14.119 D/AdaptiveBrightnessLongtermModelBuilder( 2493): handleBrightnessChanged: brightness: 78.719 userInitiated: false
07-17 11:09:14.119 D/AdaptiveBrightnessLongtermModelBuilder( 2493): updateAdaptiveBrightnessStats: l:17.0 b:78.719 u: false
07-17 11:09:14.120 D/AdaptiveBrightnessWeightStats( 2493): log: l:17.0 b:11.417 t:0.004 u:false 
07-17 11:09:14.120 D/AdaptiveBrightnessWeightStats( 2493): updateTransientStats: 7.2 < 17.0 < 45.0  b:11.417 t:0.004s
07-17 11:09:14.120 D/AdaptiveBrightnessWeightStats( 2493): updateTransientStats: b: 11.417 ambientLux:17.0 currentBucketLux:18.0 mBrightnessMapper: 81.76253
--------- switch to main
07-17 11:09:14.120 I/GestureDetector( 2493): obtain mCurrentMotionEventRaw. action: 2 id: 162022948
07-17 11:09:14.121 I/GestureDetector( 2493): obtain mCurrentMotionEventRaw. action: 2 id: 162022948
--------- switch to system
07-17 11:09:14.124 D/LocalDisplayAdapter( 2493): updateActiveModeLocked for d=4630947059332006275, mActiveModeId=1, mActiveSfDisplayMode=DisplayMode{id=0, width=1080, height=2340, xDpi=428.625, yDpi=424.542, peakRefreshRate=120.00001, vsyncRate=120.00001, appVsyncOffsetNanos=100000, presentationDeadlineNanos=9233333, supportedHdrTypes=[4, 2, 3], group=1080}
--------- switch to main
07-17 11:09:14.124 I/SurfaceFlinger( 2123): [com.sec.android.app.launcher/com.sec.android.app.launcher.activities.LauncherActivity$_5152#72376] setFrameRateCategory: HighHint
--------- switch to system
07-17 11:09:14.124 I/DisplayDeviceRepository( 2493): Display device changed render timings: "Built-in Screen", renderFrameRate=120.00001, presentationDeadlineNanos=9233333, appVsyncOffsetNanos=100000
--------- switch to main
07-17 11:09:14.124 I/VSyncReactor( 2123): Current= 24, Period= 120, hwcPeriod= 120
--------- switch to system
07-17 11:09:14.125 D/BrightnessThermalClamper( 2493): Thermal status observer already started
07-17 11:09:14.125 D/SGM:GameManager( 2493): onDisplayChanged. displyId: 0, state: 2
07-17 11:09:14.126 D/SGM:FgCheckThread( 2493): onLooperPrepared(), msg: MSG_LCD_ON
--------- switch to main
07-17 11:09:14.126 D/AODManagerService( 2493): requestReCalToTSP IsSingleTouchMode = falserequestedReCalToTSP = false / previousDisplayState = ON
07-17 11:09:14.126 D/AudioFlinger( 2112): setParameters: filtered dev setParameters keyvalue screen_state=on
07-17 11:09:14.126 D/AHAL: AudioDevice( 1971): SetParameters: 1799: enter
07-17 11:09:14.126 D/AHAL: AudioVoice( 1971): VoiceSetParameters: 171: Enter
07-17 11:09:14.126 D/AHAL: AudioVoice( 1971): VoiceSetParameters: 416: Exit ret: 0
07-17 11:09:14.126 D/AHAL: hfp( 1971): hfp_set_parameters: 447: enter
07-17 11:09:14.126 D/AHAL: AudioDevice( 1971): SetParameters: 1879:  - screen = on
07-17 11:09:14.126 I/PAL: ResourceManager( 1971): setParameter: 9278: Screen State:1
07-17 11:09:14.126 D/AHAL: AudioDevice( 1971): SetParameters: 2521: exit: screen_state=on
07-17 11:09:14.126 I/Audio_a2dpsink_hw( 1971): adev_set_parameters: kevpairs=[screen_state=on]
07-17 11:09:14.127 I/VRI[0 fl=}]@c2e8a5c(17778): onDisplayChanged oldDisplayState=2 newDisplayState=2
07-17 11:09:14.127 I/VRI[InputMethod]@3a2bda2( 8223): onDisplayChanged oldDisplayState=2 newDisplayState=2
--------- switch to system
07-17 11:09:14.127 D/RefreshRateModeManager( 2493): updateDefaultDisplayToken: android.os.BinderProxy@dffbaa0, isChanged: false
--------- switch to main
07-17 11:09:14.128 I/HoneySpace.RefreshRateSource( 5152): singleFrameMs 8
07-17 11:09:14.128 I/CategoryBloomFilter(13529): BloomFilterSize:- 2778349
07-17 11:09:14.128 D/LiftUpHandler( 2493): [LTW] Stopped already.
07-17 11:09:14.129 I/VRI[ShellDropTarget]@bbf5833( 4565): onDisplayChanged oldDisplayState=2 newDisplayState=2
07-17 11:09:14.129 E/ANDR-PERF-MPCTL( 2043): ANDR-PERF-MPCTL: internal_perf_lock_acq_verification() 385: Perflock Submit request limit reached.
--------- switch to system
07-17 11:09:14.129 D/ShellStartingWindow( 4565): preload Icon com.gleidsonlm.threatevents
--------- switch to main
07-17 11:09:14.129 D/DisplayLifecycle( 4565): updateDisplay id = 0
07-17 11:09:14.129 I/VRI[LockscreenShortcutBlur]@18ce2b0( 4565): onDisplayChanged oldDisplayState=2 newDisplayState=2
07-17 11:09:14.129 I/VRI[NavigationBar0]@23e7c55( 4565): onDisplayChanged oldDisplayState=2 newDisplayState=2
07-17 11:09:14.129 I/VRI[EdgeBackGestureHandler0]@859de1a( 4565): onDisplayChanged oldDisplayState=2 newDisplayState=2
07-17 11:09:14.129 I/VRI[NotificationShade]@68147fc( 4565): onDisplayChanged oldDisplayState=2 newDisplayState=2
07-17 11:09:14.129 I/VRI[StatusBar]@ae22283( 4565): onDisplayChanged oldDisplayState=2 newDisplayState=2
07-17 11:09:14.129 E/pageboostd( 5394): comgleidsonlmthreatevents, amt 548216 scnt 2 fcnt 0
07-17 11:09:14.129 I/VRI[Bouncer]@cf626a1( 4565): onDisplayChanged oldDisplayState=2 newDisplayState=2
07-17 11:09:14.129 I/VRI[SecondaryHomeHandle0]@6708b70( 4565): onDisplayChanged oldDisplayState=2 newDisplayState=2
07-17 11:09:14.130 I/VRI[KeyguardBiometricToastView]@6221105( 4565): onDisplayChanged oldDisplayState=2 newDisplayState=2
07-17 11:09:14.130 E/pageboostd( 5394): comgleidsonlmthreatevents, amt 0 scnt 0 fcnt 0
07-17 11:09:14.130 E/pageboostd( 5394): alp end : app comgleidsonlmthreatevents data_amount 548216
--------- switch to system
07-17 11:09:14.130 D/WifiDisplayAdapter( 2493): isFitToActiveDisplayLocked : false
--------- switch to main
07-17 11:09:14.130 D/StackScroller( 4565): onDisplayChanged for predraw skip to 2
07-17 11:09:14.138 I/AppClassifier(13529): Category not present in BloomFilter, Checking in Manifest:- com.gleidsonlm.threatevents
07-17 11:09:14.139 I/AppClassifier(13529): Category not found in BF and Manifest for pkg :- com.gleidsonlm.threatevents
07-17 11:09:14.141 I/SCS@AiSearch user 0(13529): (IndexManager) [androidx.work-3] entering in updateIndex():  
07-17 11:09:14.141 I/SCS@AiSearch user 0(13529): (IndexManager) [UPDATE] index=com.samsung.android.apps, size=1, documents=[com.gleidsonlm.threatevents@0@com.gleidsonlm.threatevents.MainActivity]
07-17 11:09:14.141 I/SCS@AiSearch user 0(13529): (IndexManager) [androidx.work-3] entering in updateDocumentList():  index: com.samsung.android.apps, updateList.size:1
07-17 11:09:14.141 I/SCS@AiSearch user 0(13529): (IndexManager) getIndexWriter(): indexName com.samsung.android.apps
07-17 11:09:14.142 I/SCS@AiSearch user 0(13529): (IndexManager) [UPDATE] Done indexName: com.samsung.android.apps updateList.size():1
07-17 11:09:14.142 I/SCS@AiSearch user 0(13529): (IndexSearcherManager) [androidx.work-3] entering in refreshSearcherManager():  refreshSearcherManager for com.samsung.android.apps
07-17 11:09:14.147 I/SCS@AiSearch user 0(13529): (IndexSearcherManager) [androidx.work-3] leaving from refreshSearcherManager():  
07-17 11:09:14.147 I/SCS@AiSearch user 0(13529): (IndexManager) [androidx.work-3] leaving from updateIndex, result = true():  
07-17 11:09:14.147 I/SCS@AiSearch user 0(13529): (AppsDataObserver) [androidx.work-3] leaving from execute():  result is true
07-17 11:09:14.147 I/SCS@AiSearch user 0(13529): (AppsDataWorker) [androidx.work-3] leaving from doWork():  
07-17 11:09:14.147 I/SCS@AiSearch user 0(13529): (IndexManager) [pool-19-thread-1] entering in commitIndexWriter():  
07-17 11:09:14.148 I/WM-WorkerWrapper(13529): Worker result SUCCESS for Work [ id=dc030dc0-aeda-4614-bf2f-48a3e2779194, tags={ com.samsung.android.scs.ai.search.data.apps.AppsDataWorker, CMD_UPDATE_LIST } ]
07-17 11:09:14.164 I/SCS@AiSearch user 0(13529): (IndexManager) [pool-19-thread-1] leaving from commitIndexWriter():  
07-17 11:09:14.166 I/HoneySpace.AppscreenContainerView( 5152): findActiveTouchController ev = 2
--------- switch to system
07-17 11:09:14.166 D/DisplayPowerController2[0]( 2493): animateScreenStateChange: target=ON, mIsEnabled=true
--------- switch to main
07-17 11:09:14.166 I/HoneySpace.AppscreenHomeTouchController( 5152): onControllerInterceptTouchEvent ev = 2
07-17 11:09:14.166 I/HoneySpace.ApplistFastRecyclerView( 5152): updateIsBeingDraggedOnTouchDown touchSlop:36, diff:3, moved:false, useLongTouchSlop:true
--------- switch to system
07-17 11:09:14.167 D/HdrSolution_HdrDisplayNitMapper( 2493): updataTargetNit--------------mLightSensorData: -1.0, scaleRatio: 2.54, target: 78.719->200
--------- switch to main
07-17 11:09:14.168 I/VRI[RecentsTransitionOverlay]@b67182e( 5152): onDisplayChanged oldDisplayState=2 newDisplayState=2
--------- switch to system
07-17 11:09:14.168 D/LocalDisplayAdapter( 2493): surface lcd : 61(0.100), 61(0.100), main +
--------- switch to main
07-17 11:09:14.168 I/HoneySpace.Memory-Monitor( 5152): current state = 2, didTrim = false
07-17 11:09:14.168 I/VRI[RecentsActivity]@dbf7f01( 5152): onDisplayChanged oldDisplayState=2 newDisplayState=2
--------- switch to system
07-17 11:09:14.168 D/DisplayPowerController2[0]( 2493): saveBrightnessInfo: brt:0.2392157 adjBrt:0.2392157 min:0.0 max:1.0 hbm:0 tp:1.0 throttler:0 isAnimating:false
--------- switch to main
07-17 11:09:14.168 I/VRI[CocktailBarService]@71f779e( 5152): onDisplayChanged oldDisplayState=2 newDisplayState=2
07-17 11:09:14.168 I/VRI[LauncherActivity]@acb92cf( 5152): onDisplayChanged oldDisplayState=2 newDisplayState=2
07-17 11:09:14.168 I/SurfaceFlinger( 2123): setDisplayBrightness displayBrightness(0.099673)
--------- switch to system
07-17 11:09:14.168 D/BrightnessSynchronizer( 2493): onDisplayChanged() : displayId=0
07-17 11:09:14.168 D/BrightnessSynchronizer( 2493): updateScreenBrightness: displayId=0 type=2 mPreferredSettingValue=0.2392157(61) currentBrightnessInt=61 currentBrightnessIntFromFloat=61(0.2392157)
--------- switch to main
07-17 11:09:14.169 I/SDM     ( 2027): DisplayBuiltIn::SetPanelBrightness: Setting brightness to level 61 (9.967320 percent) primary(1) display(66)
07-17 11:09:14.169 I/SSC_DAEMON( 2097): physical_sensor_test_req_msg Sensor type :4, Msg type:11
--------- switch to system
07-17 11:09:14.169 D/LocalDisplayAdapter( 2493): surface lcd : 61(0.100), 61(0.100), main -
--------- switch to main
07-17 11:09:14.169 D/SecBrightnessController( 4565): updateSlider() - BrightnessDialog resetTimer()
07-17 11:09:14.169 D/SecBrightnessController( 4565): updateSlider() - BrightnessDialog resetTimer()
07-17 11:09:14.170 I/SSC_DAEMON( 2097): light_msg(4/11): br 61 (lux 13,idx 0) - 0,0,13
07-17 11:09:14.175 I/HoneySpace.AppscreenContainerView( 5152): findActiveTouchController ev = 2
07-17 11:09:14.175 I/HoneySpace.AppscreenHomeTouchController( 5152): onControllerInterceptTouchEvent ev = 2
07-17 11:09:14.175 I/HoneySpace.ApplistFastRecyclerView( 5152): updateIsBeingDraggedOnTouchDown touchSlop:36, diff:3, moved:false, useLongTouchSlop:true
07-17 11:09:14.175 W/Layer   ( 2123): gatherBufferInfo: Received unknown dataspace from gralloc
07-17 11:09:14.183 I/HoneySpace.AppscreenContainerView( 5152): findActiveTouchController ev = 2
07-17 11:09:14.183 I/HoneySpace.AppscreenHomeTouchController( 5152): onControllerInterceptTouchEvent ev = 2
07-17 11:09:14.183 I/HoneySpace.ApplistFastRecyclerView( 5152): updateIsBeingDraggedOnTouchDown touchSlop:36, diff:4, moved:false, useLongTouchSlop:true
07-17 11:09:14.191 I/HoneySpace.AppscreenContainerView( 5152): findActiveTouchController ev = 2
07-17 11:09:14.191 I/HoneySpace.AppscreenHomeTouchController( 5152): onControllerInterceptTouchEvent ev = 2
07-17 11:09:14.191 I/HoneySpace.ApplistFastRecyclerView( 5152): updateIsBeingDraggedOnTouchDown touchSlop:36, diff:5, moved:false, useLongTouchSlop:true
07-17 11:09:14.199 I/HoneySpace.AppscreenContainerView( 5152): findActiveTouchController ev = 2
07-17 11:09:14.199 I/HoneySpace.AppscreenHomeTouchController( 5152): onControllerInterceptTouchEvent ev = 2
07-17 11:09:14.200 I/HoneySpace.ApplistFastRecyclerView( 5152): updateIsBeingDraggedOnTouchDown touchSlop:36, diff:5, moved:false, useLongTouchSlop:true
07-17 11:09:14.208 I/HoneySpace.AppscreenContainerView( 5152): findActiveTouchController ev = 2
07-17 11:09:14.208 I/HoneySpace.AppscreenHomeTouchController( 5152): onControllerInterceptTouchEvent ev = 2
07-17 11:09:14.208 I/HoneySpace.ApplistFastRecyclerView( 5152): updateIsBeingDraggedOnTouchDown touchSlop:36, diff:6, moved:false, useLongTouchSlop:true
--------- switch to system
07-17 11:09:14.216 I/Pageboost( 2493): stop alp by timeout
--------- switch to main
07-17 11:09:14.216 I/HoneySpace.AppscreenContainerView( 5152): findActiveTouchController ev = 2
07-17 11:09:14.216 I/HoneySpace.AppscreenHomeTouchController( 5152): onControllerInterceptTouchEvent ev = 2
07-17 11:09:14.216 I/HoneySpace.ApplistFastRecyclerView( 5152): updateIsBeingDraggedOnTouchDown touchSlop:36, diff:6, moved:false, useLongTouchSlop:true
07-17 11:09:14.216 E/pageboostd( 5394): Received HALT command code 2
07-17 11:09:14.221 I/SemDvfsHyPerManager( 7337): acquire hyper - TATouchBoost/7337@28, type = -999
07-17 11:09:14.221 I/SemDvfsHyPerManager( 7337): acquire hyper - TA_TOUCH_SHARE/7337@29, type = -999
07-17 11:09:14.222 I/HYPER-HAL( 1995): [RequestManager.cpp]acquire(): Acquired ID : 27125323  [7337 / 28]    HINT :      list : [TABoost / 1] [TIMEOUT / 1500] 
07-17 11:09:14.222 I/HYPER-HAL( 1995): [RequestManager.cpp]acquire(): Acquired ID : 27132690  [7337 / 29]    HINT : TA_TOUCH_SHARE    list : [TIMEOUT / 1500] 
07-17 11:09:14.224 I/HoneySpace.AppscreenContainerView( 5152): findActiveTouchController ev = 2
07-17 11:09:14.225 I/HoneySpace.AppscreenHomeTouchController( 5152): onControllerInterceptTouchEvent ev = 2
07-17 11:09:14.225 I/HoneySpace.ApplistFastRecyclerView( 5152): updateIsBeingDraggedOnTouchDown touchSlop:36, diff:7, moved:false, useLongTouchSlop:true
07-17 11:09:14.233 I/HoneySpace.AppscreenContainerView( 5152): findActiveTouchController ev = 2
07-17 11:09:14.233 I/HoneySpace.AppscreenHomeTouchController( 5152): onControllerInterceptTouchEvent ev = 2
07-17 11:09:14.233 I/HoneySpace.ApplistFastRecyclerView( 5152): updateIsBeingDraggedOnTouchDown touchSlop:36, diff:7, moved:false, useLongTouchSlop:true
07-17 11:09:14.233 D/SemWifiUsabilityStatsMonitor( 2493): onWifiUsabilityStats - seqNum 53917, isSameBssidAndFreq true
07-17 11:09:14.234 I/SemWifiLinkQualityMonitor( 2493): Link stat: 201 / 4 / 2.00 (4) / 206 / -63.0 || 100.0 : 206.00 / 0.5 : 0.50 / G (B) || e75452255200: 0.298 / 26.841 /  / N || N N / 0 / N 2.0 / N 0 / 292338235 0
07-17 11:09:14.235 D/ConnectivityService( 2493): notifyType CALLBACK_CAP_CHANGED for [388 WIFI]
07-17 11:09:14.236 D/InputReader( 2493): Btn_touch(3): value=0 when=292338.237410
07-17 11:09:14.236 I/InputReader( 2493): Touch event's action is 0x1 (id=6, t=0) [pCnt=1, s=] when=292338.237410
07-17 11:09:14.236 D/SemWifiApNsd:Client( 2493): lpInterface:wlan0
07-17 11:09:14.236 D/InputDispatcher( 2493): Inject motion (0/0): action=0x1, time=292338237410000, f=0x0, d=0 dsdx=1.000000 dtdx=0.000000
07-17 11:09:14.237 I/WifiConnectivityMonitor.NCC( 2493): sNetworkCallback(oCC) FULL : 388(valid: true/captive: false)
07-17 11:09:14.237 I/InputDispatcher( 2493): Delivering touch to (5152): action: 0x1, f=0x800, d=0, '88897ff', t=1 
07-17 11:09:14.237 I/HoneySpace.AppscreenContainerView( 5152): findActiveTouchController ev = 2
07-17 11:09:14.237 I/HoneySpace.AppscreenHomeTouchController( 5152): onControllerInterceptTouchEvent ev = 2
07-17 11:09:14.237 I/HoneySpace.ApplistFastRecyclerView( 5152): updateIsBeingDraggedOnTouchDown touchSlop:36, diff:7, moved:false, useLongTouchSlop:true
07-17 11:09:14.237 I/VRI[LauncherActivity]@acb92cf( 5152): ViewPostIme pointer 1
07-17 11:09:14.237 I/HoneySpace.AppscreenContainerView( 5152): findActiveTouchController ev = 1
07-17 11:09:14.237 I/HoneySpace.AppscreenHomeTouchController( 5152): onControllerInterceptTouchEvent ev = 1
07-17 11:09:14.237 I/HoneySpace.ApplistFastRecyclerView( 5152): resetTouchState
07-17 11:09:14.238 I/HoneySpace.AppScreenClickAction( 5152): onAppClick() id: 6359, isNewDex: false
07-17 11:09:14.238 I/HoneySpace.DvfsManager( 5152): acquireAppLaunch
07-17 11:09:14.238 I/SemDvfsHyPerManager( 5152): acquire hyper - APP_LAUNCH/5152@2, type = -999
07-17 11:09:14.238 D/WifiPickerTracker( 4565): updateWifiEntries capabilities
07-17 11:09:14.238 I/HYPER-HAL( 1995): [RequestManager.cpp]acquire(): Acquired ID : 13284437  [5152 / 2]    HINT : APP_LAUNCH    list : 
07-17 11:09:14.239 E/ANDR-PERF-MPCTL( 2043): ANDR-PERF-MPCTL: internal_perf_lock_acq_verification() 385: Perflock Submit request limit reached.
--------- switch to system
07-17 11:09:14.239 D/SemApeService( 2493): Deducted link capacity (M: R=107 T=95) RSSI=-63
07-17 11:09:14.239 D/SemApeService( 2493): Deducted link capacity (M: R=107 T=95) on (wlan0) GoogleAPI(M: R=72 T=46) RSSI=-63 isDefault=false isMlo=false
--------- switch to main
07-17 11:09:14.239 I/HoneySpace.ShellTransitionManager( 5152): startShellTransition com.honeyspace.sdk.transition.ShellTransition$Info@883e89, forceStart: false
07-17 11:09:14.239 E/ANDR-PERF-MPCTL( 2043): ANDR-PERF-MPCTL: internal_perf_lock_acq_verification() 385: Perflock Submit request limit reached.
07-17 11:09:14.239 I/HoneySpace.ShellAnimationRunner( 5152): setDelegate, delegate-com.honeyspace.transition.delegate.AppLaunchAnimationDelegate@4068e8e, strong-false
07-17 11:09:14.239 I/HoneySpace.ShellTransitionManager( 5152): open start
07-17 11:09:14.240 I/SemDvfsHyPerManager( 7337): acquire hyper - APP_START_SHORT/7337@21, type = -999
07-17 11:09:14.240 E/ANDR-PERF-MPCTL( 2043): ANDR-PERF-MPCTL: internal_perf_lock_acq_verification() 385: Perflock Submit request limit reached.
07-17 11:09:14.240 I/HoneySpace.Launcher( 5152): startActivityForResult request : -1
07-17 11:09:14.240 I/HBD     ( 8223): i onCapabilitiesChanged network : 388 current network state : wifi 
07-17 11:09:14.240 E/ANDR-PERF-MPCTL( 2043): ANDR-PERF-MPCTL: internal_perf_lock_acq_verification() 385: Perflock Submit request limit reached.
--------- switch to system
07-17 11:09:14.241 D/ActivityTaskManager( 2493): startActivityAsUser: callingPid=5152, callingUid=10151, caller=com.android.server.wm.ActivityTaskManagerService.startActivity:120 android.app.IActivityTaskManager$Stub.onTransact:1356 com.android.server.wm.ActivityTaskManagerService.onTransact:1 android.os.Binder.execTransactInternal:1536 android.os.Binder.execTransact:1480 <bottom of call stack> <bottom of call stack> 
--------- switch to main
07-17 11:09:14.241 D/WifiPickerTracker( 4565): update AutoHotspot Entries() : bleAccessPoints -> 0
07-17 11:09:14.241 D/WifiPickerTracker( 4565): handleNetworkCapabilitiesChanged
--------- switch to system
07-17 11:09:14.242 I/Pageboost( 2493): onAppLaunch : com.gleidsonlm.threatevents
07-17 11:09:14.242 I/Pageboost( 2493): Record App IO : com.gleidsonlm.threatevents pid 0
07-17 11:09:14.242 D/ActivityTaskManager( 2493): TaskLaunchParamsModifier:task=null activity=null display-from-option=0 display-id=0 task-display-area-windowing-mode=1 suggested-display-area=DefaultTaskDisplayArea_d0@143688765
07-17 11:09:14.243 D/CompatChangeReporter( 2493): Compat change id reported: 151861875; UID 10396; state: ENABLED
07-17 11:09:14.243 W/OptProp ( 2493): Cannot read opt property android.window.PROPERTY_COMPAT_ALLOW_ORIENTATION_OVERRIDE
--------- switch to main
07-17 11:09:14.243 I/WifiConnectivityMonitor.NCC( 2493): [ Transports: WIFI Capabilities: NOT_METERED&INTERNET&NOT_RESTRICTED&TRUSTED&NOT_VPN&VALIDATED&NOT_ROAMING&FOREGROUND&NOT_CONGESTED&NOT_SUSPENDED&NOT_VCN_MANAGED&NOT_BANDWIDTH_CONSTRAINED LinkUpBandwidth>=46116Kbps LinkDnBandwidth>=72401Kbps TransportInfo: <SSID: <unknown ssid>, BSSID: 02:00:00:**:**:00, MAC: 02:00:00:**:**:00, IP: /192.***.*.2, Security type: 2, Supplicant state: COMPLETED, Wi-Fi standard: 11ax, RSSI: -63, Link speed: 206Mbps, Tx Link speed: 206Mbps, Max Supported Tx Link speed: 573Mbps, Rx Link speed: 154Mbps, Max Supported Rx Link speed: 573Mbps, Frequency: 5200MHz, Net ID: -1, Metered hint: false, score: 60, isUsable: true, CarrierMerged: false, SubscriptionId: -1, IsPrimary: 1, Trusted: true, Restricted: false, Ephemeral: false, OEM paid: false, OEM private: false, OSU AP: false, FQDN: <none>, Provider friendly name: <none>, Requesting package name: <none><none>MLO Information: , Is TID-To-Link negotiation supported by the AP: false, AP MLD Address: <none>, AP MLO Link Id: <none>, AP MLO Affiliated links: <none>, Vendor Data: <none>> SignalStrength: -63 AdminUids: [1000] SSID: "brisa-3288073" UnderlyingNetworks: Null]
07-17 11:09:14.245 E/ANDR-PERF-MPCTL( 2043): ANDR-PERF-MPCTL: internal_perf_lock_acq_verification() 385: Perflock Submit request limit reached.
07-17 11:09:14.245 E/ANDR-PERF-MPCTL( 2043): ANDR-PERF-MPCTL: internal_perf_lock_acq_verification() 385: Perflock Submit request limit reached.
07-17 11:09:14.246 I/BugleRcsEngine(16033): Connected state: [1], networkType: [WIFI] [CONTEXT thread_id=2048 ]
07-17 11:09:14.246 I/HYPER-HAL( 1995): [RequestManager.cpp]acquire(): Acquired ID : 27073782  [7337 / 21]    HINT : APP_START    list : [TIMEOUT / 1500] 
07-17 11:09:14.247 D/WifiConnectivityMonitor( 2493): HANDLE_ON_CAPABILITIES_CHANGED
07-17 11:09:14.247 I/WifiConnectivityMonitor( 2493): determineMode : MODE_AGG_BY_SWITCH_TO_MOBILE_DATA_OPTION
07-17 11:09:14.247 D/OpenNetworkQos[4.00]( 2493): updateBssidNoInternet: mBssidNoInternet = false
07-17 11:09:14.247 D/OpenNetworkQos[4.00]( 2493): getOpenNetworkQosNoInternetStatus: false
07-17 11:09:14.247 D/OpenNetworkQos[4.00]( 2493): getOpenNetworkQosScores: 26 26 26 
--------- switch to system
07-17 11:09:14.247 D/KNOX_MDM_SettingsProvider( 2493): isChangeAllowed() : name = wifi_wcm_qos_sharing_score_summary
--------- switch to main
07-17 11:09:14.247 I/WifiProfileShare( 2493): network QoS data was changed (internet), updateQoSData networkType: true, qosData: false
07-17 11:09:14.248 D/WifiConnectivityMonitor( 2493): VALIDATED_DETECTED
07-17 11:09:14.248 V/WifiProfileShare.Caster( 2493): update wips network, size: 0
07-17 11:09:14.248 D/WifiProfileShare( 2493): nearby scanning settings run
07-17 11:09:14.248 D/WifiProfileShare( 2493): network score provider settings enabled
07-17 11:09:14.248 D/OpenNetworkQos[4.00]( 2493): getOpenNetworkQosScores: 26 26 26 
07-17 11:09:14.248 D/OpenNetworkQos[4.00]( 2493): getOpenNetworkQosNoInternetStatus: false
07-17 11:09:14.248 D/SemWifiApTrafficPriority( 2493): onCapabilitiesChanged Wifi:wlan0,mGapiValue:72.401Uplink: 46.116
