07-17 13:07:05.681 I/InsetsController(30862): onStateChanged: host=com.gleidsonlm.threatevents/com.gleidsonlm.threatevents.MainActivity, from=android.view.ViewRootImpl.setView:1999, state=InsetsState: {mDisplayFrame=Rect(0, 0 - 1080, 2340), mDisplayCutout=DisplayCutout{insets=Rect(0, 81 - 0, 0) waterfall=Insets{left=0, top=0, right=0, bottom=0} boundingRect={Bounds=[Rect(0, 0 - 0, 0), Rect(512, 0 - 568, 81), Rect(0, 0 - 0, 0), Rect(0, 0 - 0, 0)]} cutoutPathParserInfo={CutoutPathParserInfo{displayWidth=1080 displayHeight=2340 physicalDisplayWidth=1080 physicalDisplayHeight=2340 density={3.0} cutoutSpec={M 0,0 H -9.333333333333333 V 27 H 9.333333333333333 V 0 H 0 Z @dp} rotation={0} scale={1.0} physicalPixelDisplaySizeRatio={1.0}}} sideOverrides={}}, mRoundedCorners=RoundedCorners{[RoundedCorner{position=TopLeft, radius=108, center=Point(108, 108)}, RoundedCorner{position=TopRight, radius=108, center=Point(972, 108)}, RoundedCorner{position=BottomRight, radius=108, center=Point(972, 2232)}, RoundedCorner{position=BottomLeft, radius=108, center=Point(108, 2232)}]}  mRoundedCornerFrame=Rect(0, 0 - 1080, 2340), mPrivacyIndicatorBounds=PrivacyIndicatorBounds {static bounds=Rect(948, 0 - 1080, 81) rotation=0}, mDisplayShape=DisplayShape{ spec=-311912193 displayWidth=1080 displayHeight=2340 physicalPixelDisplaySizeRatio=1.0 rotation=0 offsetX=0 offsetY=0 scale=1.0}, mSources= { InsetsSource: {85320000 mType=statusBars mFrame=[0,0][1080,81] mVisible=true mFlags= mSideHint=TOP mBoundingRects=null}, InsetsSource: {85320005 mType=mandatorySystemGestures mFrame=[0,0][1080,117] mVisible=true mFlags= mSideHint=TOP mBoundingRects=null}, InsetsSource: {85320006 mType=tappableElement mFrame=[0,0][1080,81] mVisible=true mFlags= mSideHint=TOP mBoundingRects=null}, InsetsSource: {3 mType=ime mFrame=[0,0][0,0] mVisible=false mFlags= mSideHint=NONE mBoundingRects=null}, InsetsSource: {27 mType=displayCutout mFrame=[0,0][1080,81] mVisible=true mFlags= mSideHint=TOP mBoundingRects=null}, InsetsSource: {169d0001 mType=navigationBars mFrame=[0,2295][1080,2340] mVisible=true mFlags=SUPPRESS_SCRIM mSideHint=BOTTOM mBoundingRects=null}, InsetsSource: {169d0004 mType=systemGestures mFrame=[0,0][90,2340] mVisible=true mFlags= mSideHint=LEFT mBoundingRects=null}, InsetsSource: {169d0005 mType=mandatorySystemGestures mFrame=[0,2244][1080,2340] mVisible=true mFlags= mSideHint=BOTTOM mBoundingRects=null}, InsetsSource: {169d0006 mType=tappableElement mFrame=[0,0][0,0] mVisible=true mFlags= mSideHint=NONE mBoundingRects=null}, InsetsSource: {169d0024 mType=systemGestures mFrame=[990,0][1080,2340] mVisible=true mFlags= mSideHint=RIGHT mBoundingRects=null} }
07-17 13:07:05.682 I/VRI[MainActivity]@c215b70(30862): synced displayState. AttachInfo displayState=2
07-17 13:07:05.682 I/VRI[MainActivity]@c215b70(30862): setView = com.android.internal.policy.DecorView@bc12888 IsHRR=false TM=true
07-17 13:07:05.683 I/IDS_TAG (30862): Starting IDS observe window
07-17 13:07:05.683 I/IDS_TAG (30862): Getting Shared Preference for com.gleidsonlm.threatevents.MainApplication@214c2f4 uid = 10399
07-17 13:07:05.683 I/IDS_TAG (30862): App com.gleidsonlm.threatevents.MainApplication@214c2f4 has not finished training
07-17 13:07:05.684 I/SurfaceFlinger( 2123): [4b2a30f com.gleidsonlm.threatevents/com.gleidsonlm.threatevents.MainActivity#73359] attach to parent LayerHierarchy{RequestedLayerState{ActivityRecord{c123b8f u0 com.gleidsonlm.threatevents/.MainActivity t1353}#73349 parentId=73348} 3 children}
07-17 13:07:05.684 D/HWUI    (30862): HWUI - treat SMPTE_170M as sRGB
07-17 13:07:05.684 I/IDS_TAG (30862): Closing IDS observe window
07-17 13:07:05.684 I/IDS_TAG (30862): Getting Shared Preference for com.gleidsonlm.threatevents.MainApplication@214c2f4 uid = 10399
07-17 13:07:05.685 W/Layer   ( 2123): gatherBufferInfo: Received unknown dataspace from gralloc
07-17 13:07:05.685 W/Layer   ( 2123): gatherBufferInfo: Received unknown dataspace from gralloc
07-17 13:07:05.685 I/IDS_TAG (30862): IDS count updated to 1 for com.gleidsonlm.threatevents.MainApplication@214c2f4
07-17 13:07:05.686 I/HoneySpace.FloatingAnimator( 5152): container x: 19.8953, y: 39.547127, scale : 0.9711116
07-17 13:07:05.686 I/VRI[LauncherActivity]@acb92cf( 5152): mWNT: t=0xb4000070b489af80 mBlastBufferQueue=0xb4000070b4b8a080 fn= 408 HdrRenderState mRenderHdrSdrRatio=1.0 caller= com.android.systemui.shared.launcher.ViewRootImplCompat.mergeWithNextTransaction:4 com.honeyspace.transition.utils.SurfaceTransactionApplier.scheduleApply$lambda$1:26 com.honeyspace.transition.utils.SurfaceTransactionApplier.b:0 
--------- switch to system
07-17 13:07:05.687 D/CoreBackPreview( 2493): Window{4b2a30f u0 com.gleidsonlm.threatevents/com.gleidsonlm.threatevents.MainActivity}: Setting back callback OnBackInvokedCallbackInfo{mCallback=android.window.IOnBackInvokedCallback$Stub$Proxy@763757a, mPriority=0, mIsAnimationCallback=false}
--------- switch to main
07-17 13:07:05.687 V/WindowManager( 2493): Relayout Window{4b2a30f u0 com.gleidsonlm.threatevents/com.gleidsonlm.threatevents.MainActivity}: viewVisibility=0 req=1080x2340 ty=1 d0
07-17 13:07:05.688 I/SurfaceFlinger( 2123): id=73360 createSurf, flag=44004, com.gleidsonlm.threatevents/com.gleidsonlm.threatevents.MainActivity$_30862#73360
--------- switch to system
07-17 13:07:05.688 D/WindowManager( 2493): makeSurface duration=0 name=com.gleidsonlm.threatevents/com.gleidsonlm.threatevents.MainActivity$_30862
07-17 13:07:05.689 D/WindowManager( 2493): Changing focus from null to Window{4b2a30f u0 com.gleidsonlm.threatevents/com.gleidsonlm.threatevents.MainActivity} displayId=0 Callers=com.android.server.wm.WindowManagerService.relayoutWindowInner:142 com.android.server.wm.WindowManagerService.relayoutWindow:6 com.android.server.wm.Session.relayout:27 android.view.IWindowSession$Stub.onTransact:861 
07-17 13:07:05.689 I/WindowManager( 2493): Cancelling animation restarting=true, leash=Surface(name=Surface(name=4905f65 NavigationBar0)/@0xbc9624b - animation-leash of insets_animation)/@0x3eaf4c8
07-17 13:07:05.689 I/WindowManager( 2493): Reparenting to original parent: Surface(name=WindowToken{cdd51a9 type=2019 android.os.BinderProxy@39f2e73})/@0x1b3e428, destroy=false, syncState=0, syncCommitDepth=0, surface=Surface(name=4905f65 NavigationBar0)/@0xbc9624b
07-17 13:07:05.689 I/WindowManager( 2493): Reparenting to leash, surface=Surface(name=4905f65 NavigationBar0)/@0xbc9624b, syncState=0, syncCommitDepth=0, leashParent=Surface(name=WindowToken{cdd51a9 type=2019 android.os.BinderProxy@39f2e73})/@0x1b3e428
--------- switch to main
07-17 13:07:05.689 I/SurfaceFlinger( 2123): id=73361 createSurf, flag=24000, Surface(name=4905f65 NavigationBar0)/@0xbc9624b - animation-leash of insets_animation#73361
--------- switch to system
07-17 13:07:05.689 D/WindowManager( 2493): makeSurface duration=1 leash=Surface(name=Surface(name=4905f65 NavigationBar0)/@0xbc9624b - animation-leash of insets_animation)/@0xb86a988
07-17 13:07:05.690 D/InsetsSourceProvider( 2493): updateControlForTarget: control=InsetsSourceControl: {169d0001 mType=navigationBars initiallyVisible mSurfacePosition=Point(0, 2196) mInsetsHint=Insets{left=0, top=0, right=0, bottom=45}}, target=Window{4b2a30f u0 com.gleidsonlm.threatevents/com.gleidsonlm.threatevents.MainActivity}, from=com.android.server.wm.InsetsStateController.onControlTargetChanged:81 com.android.server.wm.InsetsPolicy.updateBarControlTarget:188 com.android.server.wm.DisplayPolicy.updateSystemBarAttributes:269 com.android.server.wm.WindowManagerService.updateFocusedWindowLocked:375 com.android.server.wm.WindowManagerService.relayoutWindowInner:142 
07-17 13:07:05.690 I/WindowManager( 2493): Cancelling animation restarting=true, leash=Surface(name=Surface(name=324004f StatusBar)/@0xa771ad4 - animation-leash of insets_animation)/@0xd0acc86
07-17 13:07:05.690 I/WindowManager( 2493): Reparenting to original parent: Surface(name=WindowToken{5d6a298 type=2000 android.os.BinderProxy@eefcc75})/@0x2db347d, destroy=false, syncState=0, syncCommitDepth=0, surface=Surface(name=324004f StatusBar)/@0xa771ad4
07-17 13:07:05.690 I/WindowManager( 2493): Reparenting to leash, surface=Surface(name=324004f StatusBar)/@0xa771ad4, syncState=0, syncCommitDepth=0, leashParent=Surface(name=WindowToken{5d6a298 type=2000 android.os.BinderProxy@eefcc75})/@0x2db347d
--------- switch to main
07-17 13:07:05.690 I/SurfaceFlinger( 2123): id=73362 createSurf, flag=24000, Surface(name=324004f StatusBar)/@0xa771ad4 - animation-leash of insets_animation#73362
--------- switch to system
07-17 13:07:05.690 D/WindowManager( 2493): makeSurface duration=0 leash=Surface(name=Surface(name=324004f StatusBar)/@0xa771ad4 - animation-leash of insets_animation)/@0x8236f46
07-17 13:07:05.690 D/InsetsSourceProvider( 2493): updateControlForTarget: control=InsetsSourceControl: {85320000 mType=statusBars initiallyVisible mSurfacePosition=Point(0, 0) mInsetsHint=Insets{left=0, top=81, right=0, bottom=0}}, target=Window{4b2a30f u0 com.gleidsonlm.threatevents/com.gleidsonlm.threatevents.MainActivity}, from=com.android.server.wm.InsetsStateController.onControlTargetChanged:81 com.android.server.wm.InsetsPolicy.updateBarControlTarget:175 com.android.server.wm.DisplayPolicy.updateSystemBarAttributes:269 com.android.server.wm.WindowManagerService.updateFocusedWindowLocked:375 com.android.server.wm.WindowManagerService.relayoutWindowInner:142 
07-17 13:07:05.690 D/WindowManager( 2493): updateSystemBarAttributes: displayId=0, focusedCanBeNavColorWin=false, win=Window{4b2a30f u0 com.gleidsonlm.threatevents/com.gleidsonlm.threatevents.MainActivity}, navColorWin=Window{b1e3749 u0 Splash Screen com.gleidsonlm.threatevents}, caller=com.android.server.wm.WindowManagerService.updateFocusedWindowLocked:375 com.android.server.wm.WindowManagerService.relayoutWindowInner:142 com.android.server.wm.WindowManagerService.relayoutWindow:6 
07-17 13:07:05.690 D/WindowManager( 2493): updateSystemBarAttributes, bhv=1, apr=16, statusBarAprRegions=[AppearanceRegion{LIGHT_STATUS_BARS bounds=[0,0][1080,2340]}], requestedVisibilities=-9
07-17 13:07:05.690 V/SystemKeyManager( 2493): updateFocusedWindow() is called, com.gleidsonlm.threatevents/com.gleidsonlm.threatevents.MainActivity
--------- switch to main
07-17 13:07:05.690 I/SystemKeyManager( 2493): requested systemKeyInfo size=1 focusedWindow=com.gleidsonlm.threatevents/com.gleidsonlm.threatevents.MainActivity
07-17 13:07:05.690 I/SystemKeyManager( 2493): requested systemKeyInfo size=2 focusedWindow=com.gleidsonlm.threatevents/com.gleidsonlm.threatevents.MainActivity
07-17 13:07:05.690 D/NavigationBar( 4565): onSystemBarAttributesChanged() -  displayId:0, appearance:16, packageName: com.gleidsonlm.threatevents (APPEARANCE_LIGHT_NAVIGATION_BARS ), navbarColorManagedByIme:false
07-17 13:07:05.690 I/artd    (30521): GetBestInfo: odex next to the dex file (/data/app/~~HdYOOszGEJ6_NpqDYL4CAw==/host.exp.exponent-F-YBgLX53cW0qCgUUqiMWQ==/oat/arm64/base.odex) is kOatUpToDate with filter 'speed-profile' executable 'false'
07-17 13:07:05.691 V/WindowManager( 2493): Relayout hash=4b2a30f, pid=30862, syncId=-1: mAttrs={(0,0)(fillxfill) sim={adjust=resize forwardNavigation} layoutInDisplayCutoutMode=always ty=BASE_APPLICATION wanim=0x1030312
07-17 13:07:05.691 V/WindowManager( 2493):   fl=81810100
07-17 13:07:05.691 V/WindowManager( 2493):   pfl=100088c0
07-17 13:07:05.691 V/WindowManager( 2493):   bhv=1
07-17 13:07:05.691 V/WindowManager( 2493):   fitSides=0
07-17 13:07:05.691 V/WindowManager( 2493):   frameRateBoostOnTouch=true
07-17 13:07:05.691 V/WindowManager( 2493):   dvrrWindowFrameRateHint=true naviIconColor=0}
07-17 13:07:05.692 E/lm.threatevents(30862): Unable to open libpenguin.so: dlopen failed: library "libpenguin.so" not found.
07-17 13:07:05.692 I/BufferQueueProducer(30862): [](id:788e00000000,api:0,p:0,c:30862) setDequeueTimeout:2077252342
07-17 13:07:05.692 I/BLASTBufferQueue_Java(30862): new BLASTBufferQueue, mName= VRI[MainActivity]@c215b70 mNativeObject= 0xb4000071aac7f400 sc.mNativeObject= 0xb4000071aad07940 caller= android.view.ViewRootImpl.updateBlastSurfaceIfNeeded:3397 android.view.ViewRootImpl.relayoutWindow:11361 android.view.ViewRootImpl.performTraversals:4544 android.view.ViewRootImpl.doTraversal:3708 android.view.ViewRootImpl$TraversalRunnable.run:12542 android.view.Choreographer$CallbackRecord.run:1751 android.view.Choreographer$CallbackRecord.run:1760 android.view.Choreographer.doCallbacks:1216 android.view.Choreographer.doFrame:1142 android.view.Choreographer$FrameDisplayEventReceiver.run:1707 
07-17 13:07:05.692 I/BLASTBufferQueue_Java(30862): update, w= 1080 h= 2340 mName = VRI[MainActivity]@c215b70 mNativeObject= 0xb4000071aac7f400 sc.mNativeObject= 0xb4000071aad07940 format= -1 caller= android.graphics.BLASTBufferQueue.<init>:88 android.view.ViewRootImpl.updateBlastSurfaceIfNeeded:3397 android.view.ViewRootImpl.relayoutWindow:11361 android.view.ViewRootImpl.performTraversals:4544 android.view.ViewRootImpl.doTraversal:3708 android.view.ViewRootImpl$TraversalRunnable.run:12542 
07-17 13:07:05.693 I/SurfaceFlinger( 2123): Layer [4b2a30f com.gleidsonlm.threatevents/[...]onlm.threatevents.MainActivity#73359] hidden!! flag(4096)
07-17 13:07:05.693 W/libc    (30862): Access denied finding property "vendor.display.enable_optimal_refresh_rate"
07-17 13:07:05.693 I/SurfaceFlinger( 2123): [com.gleidsonlm.threatevents/com.gleidsonlm.threatevents.MainActivity$_30862#73360] attach to parent LayerHierarchy{RequestedLayerState{4b2a30f com.gleidsonlm.threatevents/com.gleidsonlm.threatevents.MainActivity#73359 parentId=73349} 1 children}
07-17 13:07:05.693 I/SurfaceFlinger( 2123): [Surface(name=4905f65 NavigationBar0)/@0xbc9624b - animation-leash of insets_animation#73361] attach to parent LayerHierarchy{RequestedLayerState{WindowToken{cdd51a9 type=2019 android.os.BinderProxy@39f2e73}#83 parentId=31} 2 children}
07-17 13:07:05.693 I/SurfaceFlinger( 2123): [Surface(name=324004f StatusBar)/@0xa771ad4 - animation-leash of insets_animation#73362] attach to parent LayerHierarchy{RequestedLayerState{WindowToken{5d6a298 type=2000 android.os.BinderProxy@eefcc75}#90 parentId=19} 2 children}
07-17 13:07:05.693 W/libc    (30862): Access denied finding property "vendor.gpp.create_frc_extension"
07-17 13:07:05.693 I/HoneySpace.FloatingAnimator( 5152): container x: 16.423317, y: 32.64565, scale : 0.976153
07-17 13:07:05.693 I/VRI[MainActivity]@c215b70(30862): Relayout returned: old=(0,0,1080,2340) new=(0,0,1080,2340) relayoutAsync=false req=(1080,2340)0 dur=4 res=0x3 s={true 0xb4000070b97e9000} ch=true seqId=0
07-17 13:07:05.693 W/Layer   ( 2123): gatherBufferInfo: Received unknown dataspace from gralloc
07-17 13:07:05.693 W/ServiceManagerCppClient( 2123): Permission failure: android.permission.ACCESS_SURFACE_FLINGER from uid=10399 pid=30862
07-17 13:07:05.693 D/PermissionCache( 2123): checking android.permission.ACCESS_SURFACE_FLINGER for uid=10399 => denied (143 us)
07-17 13:07:05.693 W/Layer   ( 2123): gatherBufferInfo: Received unknown dataspace from gralloc
07-17 13:07:05.693 W/ServiceManagerCppClient( 2123): Permission failure: android.permission.ROTATE_SURFACE_FLINGER from uid=10399 pid=30862
07-17 13:07:05.693 D/PermissionCache( 2123): checking android.permission.ROTATE_SURFACE_FLINGER for uid=10399 => denied (112 us)
07-17 13:07:05.693 W/ServiceManagerCppClient( 2123): Permission failure: android.permission.INTERNAL_SYSTEM_WINDOW from uid=10399 pid=30862
07-17 13:07:05.693 D/PermissionCache( 2123): checking android.permission.INTERNAL_SYSTEM_WINDOW for uid=10399 => denied (105 us)
07-17 13:07:05.693 I/VRI[LauncherActivity]@acb92cf( 5152): mWNT: t=0xb4000070b489b100 mBlastBufferQueue=0xb4000070b4b8a080 fn= 409 HdrRenderState mRenderHdrSdrRatio=1.0 caller= com.android.systemui.shared.launcher.ViewRootImplCompat.mergeWithNextTransaction:4 com.honeyspace.transition.utils.SurfaceTransactionApplier.scheduleApply$lambda$1:26 com.honeyspace.transition.utils.SurfaceTransactionApplier.b:0 
07-17 13:07:05.694 I/VRI[MainActivity]@c215b70(30862): performConfigurationChange setNightDimText nightDimLevel=38
07-17 13:07:05.694 D/VRI[MainActivity]@c215b70(30862): mThreadedRenderer.initialize() mSurface={isValid=true 0xb4000070b97e9000} hwInitialized=true
07-17 13:07:05.695 D/VRI[MainActivity]@c215b70(30862): reportNextDraw android.view.ViewRootImpl.performTraversals:5193 android.view.ViewRootImpl.doTraversal:3708 android.view.ViewRootImpl$TraversalRunnable.run:12542 android.view.Choreographer$CallbackRecord.run:1751 android.view.Choreographer$CallbackRecord.run:1760 
07-17 13:07:05.695 D/VRI[MainActivity]@c215b70(30862): Canceling draw. cancelDueToPreDrawListener=true cancelDueToSync=false
07-17 13:07:05.701 I/SurfaceFlinger( 2123): [LayerHierarchy{RequestedLayerState{4905f65 NavigationBar0#84 parentId=73361} 1 children}] reparent to LayerHierarchy{RequestedLayerState{Surface(name=4905f65 NavigationBar0)/@0xbc9624b - animation-leash of insets_animation#73361 parentId=83} 1 children}
07-17 13:07:05.701 I/SurfaceFlinger( 2123): [LayerHierarchy{RequestedLayerState{324004f StatusBar#91 parentId=73362} 1 children}] reparent to LayerHierarchy{RequestedLayerState{Surface(name=324004f StatusBar)/@0xa771ad4 - animation-leash of insets_animation#73362 parentId=90} 1 children}
07-17 13:07:05.701 I/SurfaceFlinger( 2123): [LayerHierarchy{RequestedLayerState{Surface(name=4905f65 NavigationBar0)/@0xbc9624b - animation-leash of insets_animation#73353} no children}] reparent to OffscreenRoot
07-17 13:07:05.701 I/SurfaceFlinger( 2123): [LayerHierarchy{RequestedLayerState{Surface(name=4905f65 NavigationBar0)/@0xbc9624b - animation-leash of insets_animation#73353} no children}] RelativeParent to null
07-17 13:07:05.701 I/SurfaceFlinger( 2123): [LayerHierarchy{RequestedLayerState{Surface(name=324004f StatusBar)/@0xa771ad4 - animation-leash of insets_animation#73354} no children}] reparent to OffscreenRoot
07-17 13:07:05.701 I/SurfaceFlinger( 2123): [LayerHierarchy{RequestedLayerState{Surface(name=324004f StatusBar)/@0xa771ad4 - animation-leash of insets_animation#73354} no children}] RelativeParent to null
07-17 13:07:05.701 I/HoneySpace.FloatingAnimator( 5152): container x: 13.047003, y: 25.93434, scale : 0.9810556
07-17 13:07:05.701 W/Layer   ( 2123): gatherBufferInfo: Received unknown dataspace from gralloc
07-17 13:07:05.702 I/InsetsSourceConsumer(30862): applyRequestedVisibilityToControl: visible=true, type=navigationBars, host=com.gleidsonlm.threatevents/com.gleidsonlm.threatevents.MainActivity
07-17 13:07:05.702 I/SurfaceFlinger( 2123): id=73353 Removed Surface(name=4905f65 NavigationBar0)/@0xbc9624b - animation-leash of insets_animation#73353 (194)
07-17 13:07:05.702 I/SurfaceFlinger( 2123): id=73354 Removed Surface(name=324004f StatusBar)/@0xa771ad4 - animation-leash of insets_animation#73354 (194)
07-17 13:07:05.702 I/InsetsSourceConsumer(30862): applyRequestedVisibilityToControl: visible=true, type=statusBars, host=com.gleidsonlm.threatevents/com.gleidsonlm.threatevents.MainActivity
07-17 13:07:05.702 I/artd    (30521): GetBestInfo: odex next to the dex file (/data/app/~~gSXG-YmImZas6QPg4OUaEg==/com.twitter.android-pWHO2XsqEevMh1rWqrstAg==/oat/arm64/base.odex) is kOatUpToDate with filter 'speed-profile' executable 'false'
07-17 13:07:05.702 I/VRI[LauncherActivity]@acb92cf( 5152): mWNT: t=0xb4000070b489b280 mBlastBufferQueue=0xb4000070b4b8a080 fn= 410 HdrRenderState mRenderHdrSdrRatio=1.0 caller= com.android.systemui.shared.launcher.ViewRootImplCompat.mergeWithNextTransaction:4 com.honeyspace.transition.utils.SurfaceTransactionApplier.scheduleApply$lambda$1:26 com.honeyspace.transition.utils.SurfaceTransactionApplier.b:0 
07-17 13:07:05.704 D/SurfaceFlinger( 2123): [input] setFocusedWindow: 4b2a30f com.gleidsonlm.threatevents/com.gleidsonlm.threatevents.MainActivity
07-17 13:07:05.704 D/InputDispatcher( 2493): Once focus requested (0): 4b2a30f com.gleidsonlm.threatevents/com.gleidsonlm.threatevents.MainActivity
07-17 13:07:05.704 D/InputDispatcher( 2493): Focus request (0): 4b2a30f com.gleidsonlm.threatevents/com.gleidsonlm.threatevents.MainActivity but waiting because NO_WINDOW
07-17 13:07:05.706 I/artd    (30521): GetBestInfo: odex next to the dex file (/data/user/0/com.twitter.android/app_pccache/5/34972CE6AEE45C5BC0EEF10E2DF825EE3CCF3D80/oat/arm64/pcam.odex) is kOatUpToDate with filter 'verify' executable 'false'
07-17 13:07:05.709 I/SurfaceFlinger( 2123): destroyed Surface(name=4905f65 NavigationBar0)/@0xbc9624b - animation-leash of insets_animation#73353
07-17 13:07:05.709 I/SurfaceFlinger( 2123): destroyed Surface(name=324004f StatusBar)/@0xa771ad4 - animation-leash of insets_animation#73354
07-17 13:07:05.709 I/HoneySpace.FloatingAnimator( 5152): container x: 10.708744, y: 21.286438, scale : 0.98445064
07-17 13:07:05.709 E/artd    (30521): Unable to resolve path '/data/app/~~sQNn6w1qqLz3aTxxMF-fdw==/com.twitter.android-Ts_lcVcpQt7IThdrllF8tQ==/base.apk': No such file or directory
07-17 13:07:05.710 W/artd    (30521): ClassLoaderContext classpath element mismatch. expected=/data/app/~~sQNn6w1qqLz3aTxxMF-fdw==/com.twitter.android-Ts_lcVcpQt7IThdrllF8tQ==/base.apk, found=/data/app/~~gSXG-YmImZas6QPg4OUaEg==/com.twitter.android-pWHO2XsqEevMh1rWqrstAg==/base.apk (PCL[];PCL[/data/app/~~sQNn6w1qqLz3aTxxMF-fdw==/com.twitter.android-Ts_lcVcpQt7IThdrllF8tQ==/base.apk*4203915145]{PCL[/system/framework/org.apache.http.legacy.jar*3637333363]#PCL[/system_ext/framework/androidx.window.extensions.jar*393752484]#PCL[/system_ext/framework/androidx.window.sidecar.jar*3240773605]} | PCL[];PCL[/data/app/~~gSXG-YmImZas6QPg4OUaEg==/com.twitter.android-pWHO2XsqEevMh1rWqrstAg==/base.apk*4113113951]{PCL[/system/framework/org.apache.http.legacy.jar*3637333363]#PCL[/system_ext/framework/androidx.window.extensions.jar*393752484]#PCL[/system_ext/framework/androidx.window.sidecar.jar*3240773605]})
07-17 13:07:05.710 W/Layer   ( 2123): gatherBufferInfo: Received unknown dataspace from gralloc
07-17 13:07:05.710 I/artd    (30521): GetBestInfo: odex next to the dex file (/data/user/0/com.twitter.android/app_pccache/5/61E3BEF53C4C6C7A8A86EA4DABAC482FCBC6B298/oat/arm64/pcam.odex) is kOatContextOutOfDate with filter 'verify' executable 'false': ClassLoaderContext check failed. Context was PCL[];PCL[/data/app/~~sQNn6w1qqLz3aTxxMF-fdw==/com.twitter.android-Ts_lcVcpQt7IThdrllF8tQ==/base.apk*4203915145]{PCL[/system/framework/org.apache.http.legacy.jar*3637333363]#PCL[/system_ext/framework/androidx.window.extensions.jar*393752484]#PCL[/system_ext/framework/androidx.window.sidecar.jar*3240773605]}. The expected context is PCL[];PCL[/data/app/~~gSXG-YmImZas6QPg4OUaEg==/com.twitter.android-pWHO2XsqEevMh1rWqrstAg==/base.apk*4113113951]{PCL[/system/framework/org.apache.http.legacy.jar*3637333363]#PCL[/system_ext/framework/androidx.window.extensions.jar*393752484]#PCL[/system_ext/framework/androidx.window.sidecar.jar*3240773605]}
07-17 13:07:05.710 I/Layer   ( 2123): id=73353 Destroyed Surface(name=4905f65 NavigationBar0)/@0xbc9624b - animation-leash of insets_animation#73353
07-17 13:07:05.710 I/Layer   ( 2123): id=73354 Destroyed Surface(name=324004f StatusBar)/@0xa771ad4 - animation-leash of insets_animation#73354
07-17 13:07:05.710 I/VRI[LauncherActivity]@acb92cf( 5152): mWNT: t=0xb4000070b489b400 mBlastBufferQueue=0xb4000070b4b8a080 fn= 411 HdrRenderState mRenderHdrSdrRatio=1.0 caller= com.android.systemui.shared.launcher.ViewRootImplCompat.mergeWithNextTransaction:4 com.honeyspace.transition.utils.SurfaceTransactionApplier.scheduleApply$lambda$1:26 com.honeyspace.transition.utils.SurfaceTransactionApplier.b:0 
07-17 13:07:05.710 I/artd    (30521): GetBestInfo: vdex next to the dex file (/data/user/0/com.twitter.android/app_pccache/5/61E3BEF53C4C6C7A8A86EA4DABAC482FCBC6B298/oat/arm64/pcam.vdex) is kOatUpToDate with filter 'verify' executable 'false'
07-17 13:07:05.714 W/Finsky  ( 4573): [2] STU: Failed to get storage stats for package 'com.google.android.adbd' (1601: Error getting stats: android.content.pm.PackageManager.NameNotFoundException)
07-17 13:07:05.718 I/artd    (30521): GetBestInfo: odex next to the dex file (/data/app/~~deKDmSICtEXhgIkgtv6NIA==/com.google.android.deskclock-yLrlU8hbXUD5i8ISrw6S1g==/oat/arm64/base.odex) is kOatUpToDate with filter 'speed-profile' executable 'false'
07-17 13:07:05.718 I/HoneySpace.FloatingAnimator( 5152): container x: 8.370451, y: 16.638466, scale : 0.98784596
07-17 13:07:05.718 W/Layer   ( 2123): gatherBufferInfo: Received unknown dataspace from gralloc
07-17 13:07:05.719 I/VRI[LauncherActivity]@acb92cf( 5152): mWNT: t=0xb4000070b489b580 mBlastBufferQueue=0xb4000070b4b8a080 fn= 412 HdrRenderState mRenderHdrSdrRatio=1.0 caller= com.android.systemui.shared.launcher.ViewRootImplCompat.mergeWithNextTransaction:4 com.honeyspace.transition.utils.SurfaceTransactionApplier.scheduleApply$lambda$1:26 com.honeyspace.transition.utils.SurfaceTransactionApplier.b:0 
07-17 13:07:05.726 I/HoneySpace.FloatingAnimator( 5152): container x: 6.036147, y: 11.998425, scale : 0.9912354
07-17 13:07:05.726 W/Layer   ( 2123): gatherBufferInfo: Received unknown dataspace from gralloc
07-17 13:07:05.727 I/VRI[LauncherActivity]@acb92cf( 5152): mWNT: t=0xb4000070b489b700 mBlastBufferQueue=0xb4000070b4b8a080 fn= 413 HdrRenderState mRenderHdrSdrRatio=1.0 caller= com.android.systemui.shared.launcher.ViewRootImplCompat.mergeWithNextTransaction:4 com.honeyspace.transition.utils.SurfaceTransactionApplier.scheduleApply$lambda$1:26 com.honeyspace.transition.utils.SurfaceTransactionApplier.b:0 
07-17 13:07:05.729 I/artd    (30521): GetBestInfo: odex next to the dex file (/data/app/~~cdMHN5VHna56Lpj9vDZ1bg==/com.gleidsonlm.businesscard-tRwfY2h2sgOEgeDxTh0VSg==/oat/arm64/base.odex) is kOatUpToDate with filter 'verify' executable 'false'
07-17 13:07:05.734 I/HoneySpace.FloatingAnimator( 5152): container x: 4.710782, y: 9.363915, scale : 0.9931598
07-17 13:07:05.734 W/Layer   ( 2123): gatherBufferInfo: Received unknown dataspace from gralloc
07-17 13:07:05.735 I/VRI[LauncherActivity]@acb92cf( 5152): mWNT: t=0xb4000070b489b880 mBlastBufferQueue=0xb4000070b4b8a080 fn= 414 HdrRenderState mRenderHdrSdrRatio=1.0 caller= com.android.systemui.shared.launcher.ViewRootImplCompat.mergeWithNextTransaction:4 com.honeyspace.transition.utils.SurfaceTransactionApplier.scheduleApply$lambda$1:26 com.honeyspace.transition.utils.SurfaceTransactionApplier.b:0 
--------- switch to system
07-17 13:07:05.736 D/ActivityManager( 2493): unpendingScheduleServiceRestart: u=10356, drop=false
--------- switch to main
07-17 13:07:05.741 I/ExpoModulesCore(30862):  AppContext was initialized
07-17 13:07:05.743 I/HoneySpace.FloatingAnimator( 5152): container x: 3.3854177, y: 6.7294054, scale : 0.9950843
07-17 13:07:05.743 W/Layer   ( 2123): gatherBufferInfo: Received unknown dataspace from gralloc
07-17 13:07:05.743 I/VRI[LauncherActivity]@acb92cf( 5152): mWNT: t=0xb4000070b489ba00 mBlastBufferQueue=0xb4000070b4b8a080 fn= 415 HdrRenderState mRenderHdrSdrRatio=1.0 caller= com.android.systemui.shared.launcher.ViewRootImplCompat.mergeWithNextTransaction:4 com.honeyspace.transition.utils.SurfaceTransactionApplier.scheduleApply$lambda$1:26 com.honeyspace.transition.utils.SurfaceTransactionApplier.b:0 
07-17 13:07:05.744 W/ReactNativeJNI(30862): Component property map contains multiple entries for 'borderColor'. Ensure all calls to convertRawProp use a consistent prefix, name and suffix.
07-17 13:07:05.744 W/ReactNativeJNI(30862): Component property map contains multiple entries for 'borderStyle'. Ensure all calls to convertRawProp use a consistent prefix, name and suffix.
07-17 13:07:05.744 I/artd    (30521): GetBestInfo: odex next to the dex file (/data/app/~~8lZremYODRPgdlTUcMs-Cw==/com.samsung.android.samsungpassautofill-oNOWgwvpOLWewbnRUzfflQ==/oat/arm64/base.odex) is kOatCannotOpen: In oat file '/data/app/~~8lZremYODRPgdlTUcMs-Cw==/com.samsung.android.samsungpassautofill-oNOWgwvpOLWewbnRUzfflQ==/oat/arm64/base.odex': invalid oat header: Invalid oat version, expected 0x32353900, got 0x32353100.
07-17 13:07:05.747 W/unknown:BridgelessReact(30862): ReactHost{0}.getOrCreateReactInstanceTask(): Loading JS Bundle
07-17 13:07:05.747 W/unknown:BridgelessReact(30862): ReactHost{0}.getOrCreateReactInstanceTask(): Calling DevSupportManagerBase.onNewReactContextCreated(reactContext)
07-17 13:07:05.747 W/unknown:BridgelessReact(30862): ReactHost{0}.startSurface(surfaceId = 0): Execute
07-17 13:07:05.747 I/artd    (30521): GetBestInfo: vdex next to the dex file (/data/app/~~8lZremYODRPgdlTUcMs-Cw==/com.samsung.android.samsungpassautofill-oNOWgwvpOLWewbnRUzfflQ==/oat/arm64/base.vdex) is kOatUpToDate with filter 'verify' executable 'false'
07-17 13:07:05.751 I/HoneySpace.FloatingAnimator( 5152): container x: 1.894357, y: 3.7655313, scale : 0.99724925
07-17 13:07:05.751 W/Layer   ( 2123): gatherBufferInfo: Received unknown dataspace from gralloc
07-17 13:07:05.753 I/VRI[LauncherActivity]@acb92cf( 5152): mWNT: t=0xb4000070b489bb80 mBlastBufferQueue=0xb4000070b4b8a080 fn= 416 HdrRenderState mRenderHdrSdrRatio=1.0 caller= com.android.systemui.shared.launcher.ViewRootImplCompat.mergeWithNextTransaction:4 com.honeyspace.transition.utils.SurfaceTransactionApplier.scheduleApply$lambda$1:26 com.honeyspace.transition.utils.SurfaceTransactionApplier.b:0 
07-17 13:07:05.753 W/unknown:BridgelessReact(30862): ReactContext.onHostResume()
07-17 13:07:05.753 W/unknown:BridgelessReact(30862): ReactHost{0}.getOrCreateReactInstanceTask(): Executing ReactInstanceEventListeners
07-17 13:07:05.756 D/nativeloader(30862): Load /data/app/~~jTEW7WjhKOu2EPYlcUDDww==/com.gleidsonlm.threatevents-1igq79XScRkA_cECqCSNzA==/split_config.arm64_v8a.apk!/lib/arm64-v8a/libexpo-modules-core.so using class loader ns clns-7 (caller=/data/app/~~jTEW7WjhKOu2EPYlcUDDww==/com.gleidsonlm.threatevents-1igq79XScRkA_cECqCSNzA==/base.apk): ok
07-17 13:07:05.759 I/HoneySpace.FloatingAnimator( 5152): container x: 1.3035104, y: 2.5910687, scale : 0.9981074
07-17 13:07:05.760 W/Layer   ( 2123): gatherBufferInfo: Received unknown dataspace from gralloc
07-17 13:07:05.760 W/Layer   ( 2123): gatherBufferInfo: Received unknown dataspace from gralloc
07-17 13:07:05.761 I/VRI[LauncherActivity]@acb92cf( 5152): mWNT: t=0xb4000070b489bd00 mBlastBufferQueue=0xb4000070b4b8a080 fn= 417 HdrRenderState mRenderHdrSdrRatio=1.0 caller= com.android.systemui.shared.launcher.ViewRootImplCompat.mergeWithNextTransaction:4 com.honeyspace.transition.utils.SurfaceTransactionApplier.scheduleApply$lambda$1:26 com.honeyspace.transition.utils.SurfaceTransactionApplier.b:0 
07-17 13:07:05.762 W/Finsky  ( 4573): [2] STU: Failed to get storage stats for package 'com.android.i18n' (1601: Error getting stats: android.content.pm.PackageManager.NameNotFoundException)
07-17 13:07:05.763 D/CompatChangeReporter(30862): Compat change id reported: 63938206; UID 10399; state: ENABLED
07-17 13:07:05.767 W/unknown:ViewManagerPropertyUpdater(30862): Could not find generated setter for class com.th3rdwave.safeareacontext.SafeAreaProviderManager
07-17 13:07:05.767 I/artd    (30521): GetBestInfo: dm (/data/app/~~oZ7a9Yd5u9DOCnuPOOi2Bg==/br.com.brisanet.brisamusic-U_mvGRF9jGVIDBNQI5JRPg==/base.dm) is kOatUpToDate with filter 'verify' executable 'false'
07-17 13:07:05.768 W/unknown:ViewManagerPropertyUpdater(30862): Could not find generated setter for class com.facebook.react.uimanager.LayoutShadowNode
07-17 13:07:05.768 W/Layer   ( 2123): gatherBufferInfo: Received unknown dataspace from gralloc
07-17 13:07:05.768 W/Layer   ( 2123): gatherBufferInfo: Received unknown dataspace from gralloc
07-17 13:07:05.768 W/unknown:ViewManagerPropertyUpdater(30862): Could not find generated setter for class com.swmansion.rnscreens.SearchBarManager
07-17 13:07:05.769 V/WindowManager( 2493): Relayout Window{4b2a30f u0 com.gleidsonlm.threatevents/com.gleidsonlm.threatevents.MainActivity}: viewVisibility=0 req=1080x2340 ty=1 d0
07-17 13:07:05.769 W/unknown:ViewManagerPropertyUpdater(30862): Could not find generated setter for class com.swmansion.rnscreens.ScreenFooterManager
--------- switch to system
07-17 13:07:05.769 D/WindowManager( 2493): updateSystemBarAttributes: displayId=0, focusedCanBeNavColorWin=false, win=Window{4b2a30f u0 com.gleidsonlm.threatevents/com.gleidsonlm.threatevents.MainActivity}, navColorWin=Window{b1e3749 u0 Splash Screen com.gleidsonlm.threatevents}, caller=com.android.server.wm.DisplayPolicy.finishPostLayoutPolicyLw:17 com.android.server.wm.RootWindowContainer.applySurfaceChangesTransaction$1:194 com.android.server.wm.RootWindowContainer.performSurfacePlacementNoTrace:61 
07-17 13:07:05.769 D/WindowManager( 2493): updateSystemBarAttributes, bhv=2, apr=16, statusBarAprRegions=[AppearanceRegion{LIGHT_STATUS_BARS bounds=[0,0][1080,2340]}], requestedVisibilities=-9
--------- switch to main
07-17 13:07:05.769 I/HoneySpace.FloatingAnimator( 5152): container x: 0.8864062, y: 1.7619648, scale : 0.9987131
07-17 13:07:05.769 W/unknown:ViewManagerPropertyUpdater(30862): Could not find generated setter for class expo.modules.kotlin.views.GroupViewManagerWrapper
07-17 13:07:05.770 V/WindowManager( 2493): Relayout hash=4b2a30f, pid=30862, syncId=-1: mAttrs={(0,0)(fillxfill) sim={adjust=resize forwardNavigation} layoutInDisplayCutoutMode=always ty=BASE_APPLICATION wanim=0x1030312
07-17 13:07:05.770 V/WindowManager( 2493):   fl=81810100
07-17 13:07:05.770 V/WindowManager( 2493):   pfl=100088c0
07-17 13:07:05.770 V/WindowManager( 2493):   bhv=2
07-17 13:07:05.770 V/WindowManager( 2493):   fitSides=0
07-17 13:07:05.770 V/WindowManager( 2493):   frameRateBoostOnTouch=true
07-17 13:07:05.770 V/WindowManager( 2493):   dvrrWindowFrameRateHint=true naviIconColor=0}
07-17 13:07:05.770 W/unknown:ViewManagerPropertyUpdater(30862): Could not find generated setter for class com.swmansion.rnscreens.ScreenContainerViewManager
07-17 13:07:05.770 I/VRI[LauncherActivity]@acb92cf( 5152): mWNT: t=0xb4000070b489be80 mBlastBufferQueue=0xb4000070b4b8a080 fn= 418 HdrRenderState mRenderHdrSdrRatio=1.0 caller= com.android.systemui.shared.launcher.ViewRootImplCompat.mergeWithNextTransaction:4 com.honeyspace.transition.utils.SurfaceTransactionApplier.scheduleApply$lambda$1:26 com.honeyspace.transition.utils.SurfaceTransactionApplier.b:0 
07-17 13:07:05.771 W/unknown:ViewManagerPropertyUpdater(30862): Could not find generated setter for class com.reactnativecommunity.webview.RNCWebViewManager
07-17 13:07:05.771 I/BLASTBufferQueue_Java(30862): update, w= 1080 h= 2340 mName = VRI[MainActivity]@c215b70 mNativeObject= 0xb4000071aac7f400 sc.mNativeObject= 0xb4000071432346c0 format= -1 caller= android.view.ViewRootImpl.updateBlastSurfaceIfNeeded:3386 android.view.ViewRootImpl.relayoutWindow:11361 android.view.ViewRootImpl.performTraversals:4544 android.view.ViewRootImpl.doTraversal:3708 android.view.ViewRootImpl$TraversalRunnable.run:12542 android.view.Choreographer$CallbackRecord.run:1751 
07-17 13:07:05.771 D/SysUiState( 4565): SysUiState changed: old=0x10020000 new=0x10000000
07-17 13:07:05.771 I/VRI[MainActivity]@c215b70(30862): Relayout returned: old=(0,0,1080,2340) new=(0,0,1080,2340) relayoutAsync=false req=(1080,2340)0 dur=3 res=0x1 s={true 0xb4000070b97e9000} ch=false seqId=0
07-17 13:07:05.772 D/VRI[MainActivity]@c215b70(30862): reportNextDraw android.view.ViewRootImpl.performTraversals:5193 android.view.ViewRootImpl.doTraversal:3708 android.view.ViewRootImpl$TraversalRunnable.run:12542 android.view.Choreographer$CallbackRecord.run:1751 android.view.Choreographer$CallbackRecord.run:1760 
07-17 13:07:05.772 W/unknown:ViewManagerPropertyUpdater(30862): Could not find generated setter for class com.swmansion.rnscreens.ModalScreenViewManager
07-17 13:07:05.772 I/HoneySpace.SystemUiRepository( 5152): systemUiFlags: awake
07-17 13:07:05.772 I/HoneySpace.TaskbarEventTracker( 5152): invokeEvent() called with: event = SystemUiStateChanged(stateFlags=268435456)
07-17 13:07:05.772 W/unknown:ViewManagerPropertyUpdater(30862): Could not find generated setter for class com.swmansion.rnscreens.ScreenStackHeaderConfigViewManager
07-17 13:07:05.773 W/unknown:ViewManagerPropertyUpdater(30862): Could not find generated setter for class com.swmansion.rnscreens.ScreenContentWrapperManager
07-17 13:07:05.773 W/unknown:ViewManagerPropertyUpdater(30862): Could not find generated setter for class com.th3rdwave.safeareacontext.SafeAreaViewManager
07-17 13:07:05.774 W/unknown:ViewManagerPropertyUpdater(30862): Could not find generated setter for class com.th3rdwave.safeareacontext.SafeAreaViewShadowNode
07-17 13:07:05.774 W/unknown:ViewManagerPropertyUpdater(30862): Could not find generated setter for class com.swmansion.rnscreens.ScreenViewManager
07-17 13:07:05.774 W/unknown:ViewManagerPropertyUpdater(30862): Could not find generated setter for class com.swmansion.rnscreens.ScreenStackHeaderSubviewManager
07-17 13:07:05.774 W/unknown:ViewManagerPropertyUpdater(30862): Could not find generated setter for class com.swmansion.rnscreens.ScreenStackViewManager
07-17 13:07:05.776 I/HoneySpace.FloatingAnimator( 5152): container x: 0.41713834, y: 0.82917184, scale : 0.9993943
07-17 13:07:05.776 W/Layer   ( 2123): gatherBufferInfo: Received unknown dataspace from gralloc
07-17 13:07:05.776 W/Layer   ( 2123): gatherBufferInfo: Received unknown dataspace from gralloc
07-17 13:07:05.777 I/VRI[LauncherActivity]@acb92cf( 5152): mWNT: t=0xb4000070b4a29000 mBlastBufferQueue=0xb4000070b4b8a080 fn= 419 HdrRenderState mRenderHdrSdrRatio=1.0 caller= com.android.systemui.shared.launcher.ViewRootImplCompat.mergeWithNextTransaction:4 com.honeyspace.transition.utils.SurfaceTransactionApplier.scheduleApply$lambda$1:26 com.honeyspace.transition.utils.SurfaceTransactionApplier.b:0 
07-17 13:07:05.781 I/sensors-hal( 1990): handle_sns_client_event:574, [0][0] accel_sample [-0.164,  0.021,  9.792] 763390095340692
07-17 13:07:05.782 W/unknown:ViewManagerPropertyUpdater(30862): Could not find generated setter for class com.swmansion.gesturehandler.react.RNGestureHandlerButtonViewManager
07-17 13:07:05.782 W/unknown:ViewManagerPropertyUpdater(30862): Could not find generated setter for class com.facebook.react.views.safeareaview.ReactSafeAreaViewManager
07-17 13:07:05.783 W/unknown:ViewManagerPropertyUpdater(30862): Could not find generated setter for class com.facebook.react.views.safeareaview.ReactSafeAreaViewShadowNode
07-17 13:07:05.783 W/unknown:ViewManagerPropertyUpdater(30862): Could not find generated setter for class com.facebook.react.views.modal.ReactModalHostManager
07-17 13:07:05.784 W/unknown:ViewManagerPropertyUpdater(30862): Could not find generated setter for class com.facebook.react.views.text.frescosupport.FrescoBasedReactTextInlineImageViewManager
07-17 13:07:05.784 W/unknown:ViewManagerPropertyUpdater(30862): Could not find generated setter for class com.facebook.react.views.text.frescosupport.FrescoBasedReactTextInlineImageShadowNode
07-17 13:07:05.784 W/unknown:ViewManagerPropertyUpdater(30862): Could not find generated setter for class com.facebook.react.views.progressbar.ReactProgressBarViewManager
07-17 13:07:05.784 W/unknown:ViewManagerPropertyUpdater(30862): Could not find generated setter for class com.facebook.react.views.progressbar.ProgressBarShadowNode
07-17 13:07:05.785 I/HoneySpace.FloatingAnimator( 5152): container x: 0.0, y: 0.0, scale : 1.0
07-17 13:07:05.785 I/HoneySpace.DeJankUtils( 5152): postAfterTraversal is called com.honeyspace.common.performance.JankWrapper$addCujInstrumentation$1$4$1@24ceb15, immediate : true detail : app transition end
07-17 13:07:05.785 I/HoneySpace.FloatingAnimator( 5152): [Player:A(5.427)] value animator:[46397791] end
07-17 13:07:05.785 I/artd    (30521): GetBestInfo: odex next to the dex file (/data/app/~~FJx9NKfjcPImL3arfKJsiA==/com.sec.android.app.billing-zYR_PqGASUcb2QVDOI_v2A==/oat/arm64/base.odex) is kOatCannotOpen: In oat file '/data/app/~~FJx9NKfjcPImL3arfKJsiA==/com.sec.android.app.billing-zYR_PqGASUcb2QVDOI_v2A==/oat/arm64/base.odex': invalid oat header: Invalid oat version, expected 0x32353900, got 0x32353100.
07-17 13:07:05.785 W/Layer   ( 2123): gatherBufferInfo: Received unknown dataspace from gralloc
07-17 13:07:05.785 W/Layer   ( 2123): gatherBufferInfo: Received unknown dataspace from gralloc
07-17 13:07:05.785 I/HoneySpace.FloatingAnimator( 5152): remove positionListener - com.honeyspace.transition.anim.floating.b@4f644b0
07-17 13:07:05.785 W/unknown:ViewManagerPropertyUpdater(30862): Could not find generated setter for class com.facebook.react.views.scroll.ReactHorizontalScrollViewManager
07-17 13:07:05.785 I/HoneySpace.FloatingAnimator( 5152): [Player:A(5.427)] reset
07-17 13:07:05.785 I/HoneySpace.IconView( 5152): setIconVisible : visible-true, currentForceHideBadge-true
07-17 13:07:05.785 I/HoneySpace.FloatingAnimator( 5152): playerCount : 0
07-17 13:07:05.785 I/HoneySpace.FloatingFinishHelper( 5152): finishInProgress: true
07-17 13:07:05.785 I/HoneySpace.AppLaunchAnimationDelegate( 5152): mainAnimatorSet end
07-17 13:07:05.785 I/HoneySpace.AnimationResult( 5152): finish, false
07-17 13:07:05.785 I/HoneySpace.RunnableList( 5152): executeAllAndClear() called, size: 1
07-17 13:07:05.785 I/HoneySpace.FloatingFinishHelper( 5152): isAppShow reset, immediate
07-17 13:07:05.785 I/HoneySpace.AppscreenViewModel( 5152): endGestureHint
07-17 13:07:05.785 I/HoneySpace.AppscreenViewModel( 5152): resetAnimatedValues
07-17 13:07:05.785 I/HoneySpace.HoneyScreenManagerImpl( 5152): transitionAnimator is ended, onCancel: false
07-17 13:07:05.785 I/HoneySpace.ContentsAnimator( 5152): ContentsAnimator end [169360394]
07-17 13:07:05.786 I/HoneySpace.AnimationResult( 5152): asyncFinishRunnable run
07-17 13:07:05.786 W/unknown:ViewManagerPropertyUpdater(30862): Could not find generated setter for class com.facebook.react.views.image.ReactImageManager
--------- switch to system
07-17 13:07:05.786 V/WindowManagerShell( 4565): Transition animation finished (aborted=false), notifying core (#5553) android.os.BinderProxy@90aa9fa@0
--------- switch to main
07-17 13:07:05.786 I/HoneySpace.ShellTransitionManager( 5152): open normal end
07-17 13:07:05.786 I/VRI[LauncherActivity]@acb92cf( 5152): mWNT: t=0xb4000070b4a29180 mBlastBufferQueue=0xb4000070b4b8a080 fn= 420 HdrRenderState mRenderHdrSdrRatio=1.0 caller= com.android.systemui.shared.launcher.ViewRootImplCompat.mergeWithNextTransaction:4 com.honeyspace.transition.utils.SurfaceTransactionApplier.scheduleApply$lambda$1:26 com.honeyspace.transition.utils.SurfaceTransactionApplier.b:0 
07-17 13:07:05.786 I/HoneySpace.ShellAnimationRunner( 5152): setDelegate, delegate-null, strong-false
07-17 13:07:05.786 I/HoneySpace.ShellAnimationRunner( 5152): cleanUp: null, null
07-17 13:07:05.786 W/unknown:ViewManagerPropertyUpdater(30862): Could not find generated setter for class com.facebook.react.views.text.ReactTextViewManager
07-17 13:07:05.786 I/SurfaceControlRegistry( 4565): apply, t=FinishTransaction_SyncId<5553>, caller=android.view.SurfaceControl$Transaction.apply:3135 android.view.SurfaceControl$Transaction.apply:3122 android.view.SurfaceControl$Transaction.apply:3078 com.android.wm.shell.transition.Transitions.onFinish:308 com.android.wm.shell.transition.Transitions$$ExternalSyntheticLambda8.onTransitionFinished:18 com.android.wm.shell.transition.DefaultMixedHandler$$ExternalSyntheticLambda4.onTransitionFinished:17 
07-17 13:07:05.787 I/HoneySpace.RunnableList( 5152): executeAllAndClear() called, size: 1
07-17 13:07:05.787 I/HoneySpace.AnimationResult( 5152): completeCallback run
07-17 13:07:05.787 W/unknown:ViewManagerPropertyUpdater(30862): Could not find generated setter for class com.facebook.react.views.text.ReactTextShadowNode
07-17 13:07:05.787 I/artd    (30521): GetBestInfo: vdex next to the dex file (/data/app/~~FJx9NKfjcPImL3arfKJsiA==/com.sec.android.app.billing-zYR_PqGASUcb2QVDOI_v2A==/oat/arm64/base.vdex) is kOatUpToDate with filter 'verify' executable 'false'
--------- switch to system
07-17 13:07:05.787 V/WindowManager( 2493): Finish Transition: TransitionRecord{8ac6aee id=5553 type=OPEN flags=0x0}, caller=com.android.server.wm.WindowOrganizerController.finishTransitionInner:26 com.android.server.wm.WindowOrganizerController.finishAllTransitions:59 android.window.IWindowOrganizerController$Stub.onTransact:311 
--------- switch to main
07-17 13:07:05.787 W/unknown:ViewManagerPropertyUpdater(30862): Could not find generated setter for class com.facebook.react.views.scroll.ReactHorizontalScrollContainerViewManager
--------- switch to system
07-17 13:07:05.787 V/WindowManager( 2493): Finish Transition (#5553): created at 07-17 13:07:05.385 collect-started=0.242ms request-sent=4.125ms started=15.455ms ready=30.078ms sent=31.777ms finished=402.646ms
--------- switch to main
07-17 13:07:05.788 W/unknown:ViewManagerPropertyUpdater(30862): Could not find generated setter for class com.facebook.react.views.unimplementedview.ReactUnimplementedViewManager
--------- switch to system
07-17 13:07:05.788 V/WindowManager( 2493): Setting visibility of Window{d3c7c69 u0 (1-1)-Window{2ab0a39 alpha=1.0 fl=}}: false, caller=com.android.server.wm.WindowContainer.sendAppVisibilityToClients:19 com.android.server.wm.WindowToken.setClientVisible:49 com.android.server.wm.ActivityRecord.setClientVisible:8 com.android.server.wm.ActivityRecord.commitVisibility:273 com.android.server.wm.TransitionController.finishTransition:766 
07-17 13:07:05.788 V/WindowManager( 2493): Setting visibility of Window{88897ff u0 com.sec.android.app.launcher/com.sec.android.app.launcher.activities.LauncherActivity}: false, caller=com.android.server.wm.WindowContainer.sendAppVisibilityToClients:19 com.android.server.wm.WindowToken.setClientVisible:49 com.android.server.wm.ActivityRecord.setClientVisible:8 com.android.server.wm.ActivityRecord.commitVisibility:273 com.android.server.wm.TransitionController.finishTransition:766 
--------- switch to main
07-17 13:07:05.788 W/unknown:ViewManagerPropertyUpdater(30862): Could not find generated setter for class com.facebook.react.views.scroll.ReactScrollViewManager
--------- switch to system
07-17 13:07:05.788 V/WindowManager( 2493): Setting visibility of Window{774a406 u0 com.android.systemui.wallpapers.ImageWallpaper}: false, caller=com.android.server.wm.WindowContainer.sendAppVisibilityToClients:19 com.android.server.wm.WindowToken.setClientVisible:49 com.android.server.wm.WallpaperWindowToken.setVisible$1:3 com.android.server.wm.WallpaperWindowToken.commitVisibility:49 com.android.server.wm.TransitionController.finishTransition:1180 
07-17 13:07:05.789 D/ChangeTransitionController( 2493): onTransitionFinished: TransitionRecord{8ac6aee id=5553 type=OPEN flags=0x0}
--------- switch to main
07-17 13:07:05.789 W/unknown:ViewManagerPropertyUpdater(30862): Could not find generated setter for class com.facebook.react.views.view.ReactViewManager
07-17 13:07:05.789 I/EPDG -- SIM1 [EpdgIntfCont]( 4800): Not Mobile Interface. Ignoring Event
07-17 13:07:05.789 I/EPDG -- SIM1 [EpdgIntfCont]( 4800): Not Mobile Interface. Ignoring Event
07-17 13:07:05.789 I/VRI[0 fl=}]@c2e8a5c(17778): handleAppVisibility mAppVisible = true visible = false
07-17 13:07:05.789 D/VRI[0 fl=}]@c2e8a5c(17778): visibilityChanged oldVisibility=true newVisibility=false
07-17 13:07:05.789 W/unknown:ViewManagerPropertyUpdater(30862): Could not find generated setter for class com.facebook.react.views.drawer.ReactDrawerLayoutManager
07-17 13:07:05.789 I/VRI[LauncherActivity]@acb92cf( 5152): handleAppVisibility mAppVisible = true visible = false
--------- switch to system
07-17 13:07:05.790 V/WindowManagerShell( 4565): Track 0 became idle
07-17 13:07:05.790 V/WindowManagerShell( 4565): All active transition animations finished
--------- switch to main
07-17 13:07:05.790 W/unknown:ViewManagerPropertyUpdater(30862): Could not find generated setter for class com.facebook.react.views.switchview.ReactSwitchManager
--------- switch to system
07-17 13:07:05.790 W/UserManagerService( 2493): Requested status bar icon for non-badged user 0
--------- switch to main
07-17 13:07:05.790 W/unknown:ViewManagerPropertyUpdater(30862): Could not find generated setter for class com.facebook.react.views.switchview.ReactSwitchShadowNode
07-17 13:07:05.790 I/WallpaperService( 4565): dispatchAppVisibility: system, visible=false , mLidState = -1
07-17 13:07:05.791 I/WallpaperService( 4565): reportVisibility: visibility changed. visible=false
07-17 13:07:05.791 I/ImageWallpaper_5[Image]( 4565):  onVisibilityChanged: visible=false , displayId=0
07-17 13:07:05.791 I/EPDG -- SIM0 [EpdgIntfCont]( 4800): Not Mobile Interface. Ignoring Event
07-17 13:07:05.791 I/EPDG -- SIM0 [EpdgIntfCont]( 4800): Not Mobile Interface. Ignoring Event
07-17 13:07:05.791 W/unknown:ViewManagerPropertyUpdater(30862): Could not find generated setter for class com.facebook.react.views.text.ReactVirtualTextViewManager
--------- switch to system
07-17 13:07:05.791 W/UserManagerService( 2493): Requested status bar icon for non-badged user 0
--------- switch to main
07-17 13:07:05.791 W/unknown:ViewManagerPropertyUpdater(30862): Could not find generated setter for class com.facebook.react.views.text.ReactVirtualTextShadowNode
--------- switch to system
07-17 13:07:05.791 D/ActivityManager( 2493): unpendingScheduleServiceRestart: u=10356, drop=false
--------- switch to main
07-17 13:07:05.791 D/SyntheticPasswordManager.SDP( 2493): Inside fromBytes() - result.pinLength : 6
07-17 13:07:05.791 D/SyntheticPasswordManager.SDP( 2493): 2. result.secureMode : 0
07-17 13:07:05.791 D/ApfFilter( 4714): (wlan0): Ignoring RA RA fe80::6283:e7ff:fe54:5223 -> ff02::1 30s 2804:29b8:509e:2ebb::/64 172800s/172800s DNS 10s 2804:29b8:1000:1::17 2804:29b8:1000:1::18  which matches RA fe80::6283:e7ff:fe54:5223 -> ff02::1 30s 2804:29b8:509e:2ebb::/64 172800s/172800s DNS 10s 2804:29b8:1000:1::17 2804:29b8:1000:1::18 
