--------- beginning of main
07-17 11:09:12.012 D/PluginActionManager( 4565): Found 0 plugins
07-17 11:09:12.012 D/PluginActionManager( 4565): queryPkg com.gleidsonlm.threatevents com.android.systemui.action.PLUGIN_NOTIFICATION_MENU_ROW
07-17 11:09:12.013 W/Layer   ( 2123): gatherBufferInfo: Received unknown dataspace from gralloc
07-17 11:09:12.014 I/LayerHistory( 2123): com.sec.android.app.launcher/com.sec.android.app.launcher.activities.LauncherActivity$_5152#72376 Max (can't resolve refresh rate)
07-17 11:09:12.014 I/LayerHistory( 2123): StatusBar$_4565#105 Max (can't resolve refresh rate)
07-17 11:09:12.014 I/SurfaceFlinger( 2123): Weight ignores StatusBar$_4565#105 (type=Max, weight=0.03, seamlessness=Default) 0.00 Hz's 120.00 Hz
07-17 11:09:12.014 I/SurfaceFlinger( 2123): scored - choose 120.00 Hz
07-17 11:09:12.014 I/HWComposer( 2123): [4630947059332006275] ActiveConfigToHWC, ID : 0
07-17 11:09:12.014 I/VvmPkgInstalledRcvr( 4545): getCarrierVvmPackages : config: PersistableBundle[{imsvoice.voice_on_default_bearer_supported_bool=false, imsvoice.rtp_inactivity_time_threshold_millis_long=5000, imsss.ut_transport_type_int=1, imsemergency.emergency_call_setup_timer_on_current_network_sec_int=0, carrier_volte_provisioned_bool=false, support_cdma_1x_voice_calls_bool=true, support_ss_over_cdma_bool=false, disable_charge_indication_bool=false, ims.sip_timer_t4_millis_int=17000, support_tdscdma_bool=false, httpSocketTimeout=60000, allowed_initial_attach_apn_types_string_array=[ia, default], disable_supplementary_services_in_airplane_mode_bool=false, call_barring_default_service_class_int=1, call_redirection_service_component_name_string=null, carrier_wfc_supports_wifi_only_bool=false, carrier_default_actions_on_default_network_available_string_array=[false: 7, true: 8], imsvoice.minimum_session_expires_timer_sec_int=90, vonr_on_by_default_bool=true, iwlan_handover_policy_string_array=[source=GERAN|UTRAN|EUTRAN|NGRAN|IWLAN, target=GERAN|UTRAN|EUTRAN|NGRAN|IWLAN, type=disallowed, capabilities=MMS|XCAP|CBS|SUPL|DUN|BIP|FOTA], operator_selection_expand_bool=true, disable_cdma_activation_code_bool=false, simplified_network_settings_bool=false, imsemergency.emergency_registration_timer_millis_int=10000, call_forwarding_when_unanswered_supported_bool=true, imsvt.h264_payload_description_bundle=PersistableBundle[{99=PersistableBundle[{}], 100=PersistableBundle[{imsvt.video_codec_attribute_packetization_mode_int=0}]}], support_tdscdma_roaming_networks_string_array=null, opportunistic.5g_data_switch_hysteresis_time_long=2000, ims.sip_timer_d_millis_int=130000, gps.lpp_profile=2, call_barring_visibility_bool=false, gba_mode_int=1, ims.registration_subscribe_expiry_timer_sec_int=600000, gps.es_extension_sec=0, enable_apps_string_array=null, 5g_icon_display_secondary_grace_period_string=, carrier_default_wfc_ims_roaming_enabled_bool=false, cdma_nonroaming_networks_string_array=null, imsss.ut_as_server_fqdn_string=, imsemergency.emergency_lte_preferred_after_nr_failed_bool=false, signal_strength_nr_nsa_use_lte_as_primary_bool=true, aliasMinChars=2, fdn_number_length_limit_int=20, support_ims_call_forwarding_while_roaming_bool=true, wfc_data_spn_format_idx_int=0, hide_sim_lock_settings_bool=false, premium_capability_network_setup_time_millis_long=300000, satellite_esos_supported_bool=false, drop_video_call_when_answering_audio_call_bool=false, data_stall_recovery_timers_long_array=[180000, 180000, 180000, 180000, 180000], satellite_connection_hysteresis_sec_int=30, opportunistic_esim_download_via_wifi_only_bool=false, imsss.xcap_over_ut_supported_rats_int_array=[3, 5, 6], ci_action_on_sys_update_bool=false, carrier_certificate_string_array=[815641A2394999AA9AD4D499BFBD23CD073024D13A8A8639F834B5166C80B8DB:br.com.timbrasil.meutim, 5D4369640AD4D8972B75C831DC5C135B700BB1E793CEB7EC89FA6AA0469143CC:br.com.timbrasil.meutim], convert_cdma_caller_id_mmi_codes_while_roaming_on_3gpp_bool=false, support_enhanced_call_blocking_bool=true, iwlan.ike_rekey_hard_timer_in_sec=14400, vvm_port_number_int=0, premium_capability_notification_display_timeout_millis_long=1800000, wifi_connectivity_extend_cell_delay=-1, imsemergency.emergency_requires_ims_registration_bool=false, carrier_default_wfc_ims_enabled_bool=false, iwlan.ike_session_encryption_aes_ctr_key_size_int_array=[128, 192, 256], dial_string_replace_string_array=null, opportunistic_network_entry_threshold_bandwidth_int=1024, imsemergency.emergency_requires_volte_enabled_bool=false, opportunistic_network_data_switch_exit_hysteresis_time_long=3000, imsss.use_csfb_on_xcap_over_ut_failure_bool=true, gsm_nonroaming_networks_string_array=null, imsserviceentitlement.ims_provisioning_bool=false, wifi.avoid_5ghz_softap_for_laa_bool=false, hide_ims_apn_bool=false, carrier_network_service_wlan_class_override_string=, vvm_destination_number_string=, ims.ipsec_encryption_algorithms_int_array=[0, 1, 2], opportunistic.5g_backoff_time_long=10000, enable_cross_sim_calling_on_opportunistic_data_bool=f
07-17 11:09:12.014 I/VvmPkgInstalledRcvr( 4545): getCarrierVvmPackages : singlePackage: 
07-17 11:09:12.014 I/VvmPkgInstalledRcvr( 4545): getCarrierVvmPackages : arrayPackages: null
07-17 11:09:12.014 I/VvmPkgInstalledRcvr( 4545):  NOT contains : com.gleidsonlm.threatevents
07-17 11:09:12.014 I/SDM     ( 2027): HWDeviceDRM::SetDisplaySwitchMode: [DispConfigs] check hs_mode 3
07-17 11:09:12.014 W/SDM     ( 2027): HWDeviceDRM::GetSupportedBitClkRate: Requested rate not supported: 951080000
07-17 11:09:12.014 I/SDM     ( 2027): HWDeviceDRM::SetDisplaySwitchMode: [DispConfigs] Set mode index:0 1080x2340x120xcmdHS, hs_mode(3), found_mode(0)
07-17 11:09:12.014 I/SDM     ( 2027): HWDeviceDRM::UpdateMixerAttributes: Mixer WxH 1080x2340-1 for Peripheral
07-17 11:09:12.014 I/SDM     ( 2027): HWCDisplay::SubmitDisplayConfig: Active configuration changed from config 2 to 0
07-17 11:09:12.015 D/PluginActionManager( 4565): Found 0 plugins
07-17 11:09:12.015 D/PluginActionManager( 4565): queryPkg com.gleidsonlm.threatevents com.android.systemui.action.PEOPLE_HUB_PERSON_EXTRACTOR
07-17 11:09:12.017 I/AppWidgetServiceImpl( 2493): Received broadcast: android.intent.action.PACKAGE_CHANGED, Updates all providers with com.gleidsonlm.threatevents, userId: 0
07-17 11:09:12.018 D/SEP_UNION_SemDeviceInfoManagerService( 2493): onReceive : android.intent.action.PACKAGE_CHANGED, userId = 0 
07-17 11:09:12.020 D/EuiccConnector( 4545): handleMessage: E msg.what=1
07-17 11:09:12.020 D/EuiccConnector( 4545): processMsg: AvailableState
07-17 11:09:12.020 D/EuiccConnector( 4545): processMsg: UnavailableState
07-17 11:09:12.021 I/Finsky:background(27672): [2] aegk - Received: android.intent.action.PACKAGE_ADDED, [rXVr7vkHL6ehEEyjgvo26NPXVpK_e1beUQ5SVRzfY6U]
07-17 11:09:12.022 I/SCS@AiSearch user 0(13529): (PackageBroadcastReceiver) onReceive android.intent.action.PACKAGE_CHANGED
07-17 11:09:12.022 D/PluginActionManager( 4565): Found 0 plugins
07-17 11:09:12.022 D/PluginActionManager( 4565): queryPkg com.gleidsonlm.threatevents com.android.systemui.action.PLUGIN_SENSOR_MANAGER
07-17 11:09:12.022 D/AppSearchAppsIndexerManagerS( 2493): userid in package receiver: 10396
07-17 11:09:12.022 I/SCS@AiSearch user 0(13529): (PackageBroadcastReceiver) packageName: com.gleidsonlm.threatevents
07-17 11:09:12.022 I/SCS@AiSearch user 0(13529): (PackageBroadcastReceiver) Packages changed: com.gleidsonlm.threatevents
07-17 11:09:12.022 I/SCS@AiSearch user 0(13529): (AppsDataObserver) scheduling worker CMD_UPDATE_LIST
07-17 11:09:12.022 D/PluginActionManager( 4565): Found 0 plugins
07-17 11:09:12.022 D/PluginActionManager( 4565): queryPkg com.gleidsonlm.threatevents com.android.systemui.action.PLUGIN_NOTIFICATION_MENU_ROW
07-17 11:09:12.023 W/JobInfo (25663): Job 'com.samsung.android.app.routines/.domainmodel.metadata.impl.MetadataLoaderJobService#4096' has a deadline with no functional constraints. The deadline won't improve job execution latency. Consider removing the deadline.
07-17 11:09:12.023 I/Finsky  ( 4573): [2] DTU: Received onPackageAdded, replacing: false
07-17 11:09:12.023 D/PluginActionManager( 4565): Found 0 plugins
07-17 11:09:12.023 D/EuiccConnector( 4545): transitionTo: destState=AvailableState
07-17 11:09:12.023 I/Finsky  ( 4573): [2] Clearing split related stale data.
07-17 11:09:12.023 I/Finsky  ( 4573): [2] aegv - Received: android.intent.action.PACKAGE_CHANGED, [rXVr7vkHL6ehEEyjgvo26NPXVpK_e1beUQ5SVRzfY6U]
07-17 11:09:12.024 W/JobInfo ( 2493): Job 'com.samsung.android.app.routines/.domainmodel.metadata.impl.MetadataLoaderJobService#4096' has a deadline with no functional constraints. The deadline won't improve job execution latency. Consider removing the deadline.
07-17 11:09:12.024 I/PermissionControllerServiceImpl(23426): Updating user sensitive for uid 10396
07-17 11:09:12.030 I/VSyncReactor( 2123): Current= 60, Period= 120, hwcPeriod= 120
07-17 11:09:12.030 D/EuiccConnector( 4545): handleMessage: new destination call exit/enter
07-17 11:09:12.030 D/EuiccConnector( 4545): setupTempStateStackWithStatesToEnter: X mTempStateStackCount=1,curStateInfo: state=UnavailableState,active=true,parent=null
07-17 11:09:12.030 D/EuiccConnector( 4545): invokeExitMethods: AvailableState
07-17 11:09:12.030 D/EuiccConnector( 4545): moveTempStackToStateStack: i=0,j=1
07-17 11:09:12.030 D/EuiccConnector( 4545): moveTempStackToStateStack: X mStateStackTop=1,startingIndex=1,Top=AvailableState
07-17 11:09:12.030 D/EuiccConnector( 4545): invokeEnterMethods: AvailableState
07-17 11:09:12.030 D/EuiccConnector( 4545): handleMessage: X
07-17 11:09:12.031 I/Bugle   (28117): BroadcastReceiverAsyncWorkTracker: Acknowledging broadcast of cvaq@e66b212
07-17 11:09:12.031 I/Routine@Core[4.8.02.21]: MetadataLoaderJobService(25663): onCreate
07-17 11:09:12.032 I/UserConsentManager( 5388): onPermissionsChanged: 10396
07-17 11:09:12.032 I/UserConsentManager( 5388): onPermissionsChanged: 10396
07-17 11:09:12.033 D/CarrierSvcBindHelper( 4545): onPackageModified: com.gleidsonlm.threatevents
07-17 11:09:12.034 D/CarrierSvcBindHelper( 4545): No carrier app for: 0
07-17 11:09:12.035 I/Finsky  ( 4573): [2] AIM: AppInfoCacheUpdater -> invalidating apps: [com.gleidsonlm.threatevents]
07-17 11:09:12.035 I/Finsky  ( 4573): [2] AIM: AppInfoManager-Perf > getApps > called for 1 apps
07-17 11:09:12.035 D/CarrierSvcBindHelper( 4545): No carrier app for: 1
07-17 11:09:12.036 I/Finsky:background(27672): [2305] Wrote row to frosting DB: 3438
07-17 11:09:12.037 D/ControlsListingControllerImpl( 4565): ServiceConfig reloaded, count: 0
07-17 11:09:12.037 D/SPluginManagerImpl( 4565): onReceive: android.intent.action.PACKAGE_CHANGED, size:{com.android.systemui.navigationbar.plugin.PluginBarInteractionManager$pluginListener$1@26c716=SPluginInstanceManager@53799330 (action=com.samsung.systemui.navigationbar.PLUGIN), com.android.systemui.volume.VolumeStarInteractor$start$1@6f8c2ea=SPluginInstanceManager@33752627 (action=com.samsung.systemui.volume.PLUGIN), com.android.systemui.pluginlock.PluginLockMediatorImpl@b67182e=SPluginInstanceManager@94330352 (action=com.samsung.systemui.action.PLUGIN_LOCK), com.samsung.android.systemui.multistar.MultiStarManager$2@be9b6e5=SPluginInstanceManager@186273641 (action=com.samsung.systemui.action.PLUGIN_MULTISTAR), com.android.systemui.noticenter.NotiCenterPlugin$NotiCenterPluginListener@df90d56=SPluginInstanceManager@43777518 (action=com.samsung.systemui.action.PLUGIN_NOTICENTER), com.android.systemui.slimindicator.SlimIndicatorPluginMediator@fba5be9=SPluginInstanceManager@131977871 (action=com.samsung.systemui.action.SPLUGIN_SLIMINDICATOR)}
07-17 11:09:12.037 D/KeyguardUpdateMonitor( 4565): received broadcast android.intent.action.PACKAGE_CHANGED
07-17 11:09:12.037 I/GoodLockLifecycle( 4565): onPackageChanged: com.gleidsonlm.threatevents
07-17 11:09:12.037 D/ImsResolver( 4545): maybeAddedImsService, packageName: com.gleidsonlm.threatevents
07-17 11:09:12.038 I/Finsky:background(27672): [2] aegk - Received: android.intent.action.PACKAGE_CHANGED, [rXVr7vkHL6ehEEyjgvo26NPXVpK_e1beUQ5SVRzfY6U]
07-17 11:09:12.038 W/ParceledListSlice( 2493): Element #31 is 21024 bytes.
07-17 11:09:12.038 W/Layer   ( 2123): gatherBufferInfo: Received unknown dataspace from gralloc
07-17 11:09:12.039 D/LiftUpHandler( 2493): [LTW] Stopped already.
07-17 11:09:12.040 D/SecSTQuickControlRequestReceiver( 4565): onReceive intent = Intent { act=android.intent.action.PACKAGE_CHANGED dat=package: flg=0x5000010 (has extras) }
07-17 11:09:12.041 I/VRI[0 fl=}]@c2e8a5c(17778): onDisplayChanged oldDisplayState=2 newDisplayState=2
07-17 11:09:12.041 I/VRI[InputMethod]@3a2bda2( 8223): onDisplayChanged oldDisplayState=2 newDisplayState=2
07-17 11:09:12.042 I/VRI[RecentsTransitionOverlay]@b67182e( 5152): onDisplayChanged oldDisplayState=2 newDisplayState=2
07-17 11:09:12.042 I/VRI[ShellDropTarget]@bbf5833( 4565): onDisplayChanged oldDisplayState=2 newDisplayState=2
07-17 11:09:12.042 I/VRI[RecentsActivity]@dbf7f01( 5152): onDisplayChanged oldDisplayState=2 newDisplayState=2
07-17 11:09:12.042 I/VRI[CocktailBarService]@71f779e( 5152): onDisplayChanged oldDisplayState=2 newDisplayState=2
07-17 11:09:12.042 I/Finsky  ( 4573): [2227] RECEIVER_PACKAGE_MONITOR#logWorkEndAndFinishGoAsync: SUCCESS
07-17 11:09:12.042 I/VRI[LauncherActivity]@acb92cf( 5152): onDisplayChanged oldDisplayState=2 newDisplayState=2
07-17 11:09:12.042 I/HoneySpace.Memory-Monitor( 5152): current state = 2, didTrim = false
07-17 11:09:12.042 I/HoneySpace.RefreshRateSource( 5152): singleFrameMs 8
07-17 11:09:12.042 D/AODManagerService( 2493): requestReCalToTSP IsSingleTouchMode = falserequestedReCalToTSP = false / previousDisplayState = ON
07-17 11:09:12.043 I/Finsky:background(27672): [2305] Wrote row to frosting DB: 3439
07-17 11:09:12.043 I/artd    (29694): GetBestInfo: odex next to the dex file (/data/app/~~fbD4WrYW0p-1wHW3e_7UAg==/com.gleidsonlm.threatevents-9uH1vPEHcrRMyXCxnpWl5g==/oat/arm64/base.odex) is kOatUpToDate with filter 'verify' executable 'false'
07-17 11:09:12.044 I/Finsky  ( 4573): [2246] AIM: AppInfoManager-Perf > OnDeviceAppInfo > cacheHitCount=0, cacheMissCount=1. Missed  in cache (limit 10) : [com.gleidsonlm.threatevents]
07-17 11:09:12.045 D/PluginActionManager( 4565): queryPkg com.gleidsonlm.threatevents com.android.systemui.action.PLUGIN_GLOBAL_ACTIONS
07-17 11:09:12.047 D/PluginActionManager( 4565): Found 0 plugins
07-17 11:09:12.047 D/PluginActionManager( 4565): queryPkg com.gleidsonlm.threatevents com.android.systemui.action.PLUGIN_QS
07-17 11:09:12.047 D/PluginActionManager( 4565): Found 0 plugins
07-17 11:09:12.047 D/PluginActionManager( 4565): queryPkg com.gleidsonlm.threatevents com.android.systemui.action.PLUGIN_NOTIFICATION_MENU_ROW
07-17 11:09:12.048 D/PluginActionManager( 4565): Found 0 plugins
07-17 11:09:12.048 D/PluginActionManager( 4565): queryPkg com.gleidsonlm.threatevents com.android.systemui.action.PLUGIN_VOLUME
07-17 11:09:12.048 D/PluginActionManager( 4565): Found 0 plugins
07-17 11:09:12.048 D/PluginActionManager( 4565): queryPkg com.gleidsonlm.threatevents com.samsung.systemui.action.PLUGIN_FACE_WIDGET
07-17 11:09:12.048 D/PluginActionManager( 4565): Too many of com.samsung.systemui.action.PLUGIN_FACE_WIDGET
07-17 11:09:12.048 D/PluginActionManager( 4565): queryPkg com.gleidsonlm.threatevents com.android.systemui.action.PLUGIN_NOTIFICATION_ASSISTANT
07-17 11:09:12.049 D/PluginActionManager( 4565): Found 0 plugins
07-17 11:09:12.049 D/PluginActionManager( 4565): queryPkg com.gleidsonlm.threatevents com.android.systemui.action.PLUGIN_OVERLAY
07-17 11:09:12.049 I/RoleService( 2493): Granting default roles...
07-17 11:09:12.049 E/ANDR-PERF-MPCTL( 2043): ANDR-PERF-MPCTL: internal_perf_lock_acq_verification() 385: Perflock Submit request limit reached.
07-17 11:09:12.049 D/PluginActionManager( 4565): Found 0 plugins
07-17 11:09:12.049 D/PluginActionManager( 4565): queryPkg com.gleidsonlm.threatevents com.android.systemui.action.PLUGIN_NOTIFICATION_MENU_ROW
07-17 11:09:12.049 I/RegisteredComponentCache( 4854): New Components => 
07-17 11:09:12.049 I/RegisteredComponentCache( 4854): ComponentInfo: ResolveInfo{23767e com.android.apps.tag/.TagViewer m=0x108000 userHandle=UserHandle{0}}, techs: android.nfc.tech.Ndef, 
07-17 11:09:12.049 I/RegisteredComponentCache( 4854): Removed Components => 
07-17 11:09:12.049 I/RegisteredComponentCache( 4854): ComponentInfo: ResolveInfo{a4b2201 com.android.apps.tag/.TagViewer m=0x108000 userHandle=UserHandle{0}}, techs: android.nfc.tech.Ndef, 
07-17 11:09:12.050 D/PluginActionManager( 4565): Found 0 plugins
07-17 11:09:12.050 D/PluginActionManager( 4565): queryPkg com.gleidsonlm.threatevents com.android.systemui.action.PLUGIN_TOAST
07-17 11:09:12.050 I/Finsky  ( 4573): [2] SCH: job service start with id 9033.
07-17 11:09:12.050 D/PluginActionManager( 4565): Found 0 plugins
07-17 11:09:12.050 D/PluginActionManager( 4565): queryPkg com.gleidsonlm.threatevents com.android.systemui.action.PLUGIN_NOTIFICATION_MENU_ROW
07-17 11:09:12.051 D/SecSTQuickControlRequestReceiver( 4565): onReceiveForPackage action = android.intent.action.PACKAGE_CHANGED, pkgName = com.gleidsonlm.threatevents
07-17 11:09:12.051 D/DisplayLifecycle( 4565): updateDisplay id = 0
07-17 11:09:12.051 D/PluginActionManager( 4565): Found 0 plugins
07-17 11:09:12.051 D/PluginActionManager( 4565): queryPkg com.gleidsonlm.threatevents com.android.systemui.action.PLUGIN_NOTIFICATION_MENU_ROW
07-17 11:09:12.051 D/StackScroller( 4565): onDisplayChanged for predraw skip to 2
07-17 11:09:12.051 D/AudioFlinger( 2112): setParameters: filtered dev setParameters keyvalue screen_state=on
07-17 11:09:12.051 D/AHAL: AudioDevice( 1971): SetParameters: 1799: enter
07-17 11:09:12.052 D/AHAL: AudioVoice( 1971): VoiceSetParameters: 171: Enter
07-17 11:09:12.052 D/AHAL: AudioVoice( 1971): VoiceSetParameters: 416: Exit ret: 0
07-17 11:09:12.052 D/AHAL: hfp( 1971): hfp_set_parameters: 447: enter
07-17 11:09:12.052 D/AHAL: AudioDevice( 1971): SetParameters: 1879:  - screen = on
07-17 11:09:12.052 I/PAL: ResourceManager( 1971): setParameter: 9278: Screen State:1
07-17 11:09:12.052 D/AHAL: AudioDevice( 1971): SetParameters: 2521: exit: screen_state=on
07-17 11:09:12.052 I/Audio_a2dpsink_hw( 1971): adev_set_parameters: kevpairs=[screen_state=on]
07-17 11:09:12.052 D/PluginActionManager( 4565): Found 0 plugins
07-17 11:09:12.052 D/PluginActionManager( 4565): queryPkg com.gleidsonlm.threatevents com.android.systemui.action.PLUGIN_NOTIFICATION_MENU_ROW
07-17 11:09:12.052 D/PluginActionManager( 4565): Found 0 plugins
07-17 11:09:12.052 D/PluginActionManager( 4565): queryPkg com.gleidsonlm.threatevents com.android.systemui.action.PLUGIN_NAVIGATION_EDGE_BACK_ACTION
07-17 11:09:12.052 D/PluginActionManager( 4565): Found 0 plugins
07-17 11:09:12.052 D/PluginActionManager( 4565): queryPkg com.gleidsonlm.threatevents com.android.systemui.action.PLUGIN_NOTIFICATION_MENU_ROW
07-17 11:09:12.053 I/Finsky  ( 4573): [2246] AIM: AppInfoManager-Perf > OnDeviceAppInfo > cacheHitCount=1, cacheMissCount=0. Missed  in cache (limit 10) : []
07-17 11:09:12.053 I/VRI[LockscreenShortcutBlur]@18ce2b0( 4565): onDisplayChanged oldDisplayState=2 newDisplayState=2
07-17 11:09:12.053 I/VRI[NavigationBar0]@23e7c55( 4565): onDisplayChanged oldDisplayState=2 newDisplayState=2
07-17 11:09:12.053 I/VRI[EdgeBackGestureHandler0]@859de1a( 4565): onDisplayChanged oldDisplayState=2 newDisplayState=2
07-17 11:09:12.053 I/VRI[NotificationShade]@68147fc( 4565): onDisplayChanged oldDisplayState=2 newDisplayState=2
07-17 11:09:12.053 I/VRI[StatusBar]@ae22283( 4565): onDisplayChanged oldDisplayState=2 newDisplayState=2
07-17 11:09:12.053 I/VRI[Bouncer]@cf626a1( 4565): onDisplayChanged oldDisplayState=2 newDisplayState=2
07-17 11:09:12.053 I/VRI[SecondaryHomeHandle0]@6708b70( 4565): onDisplayChanged oldDisplayState=2 newDisplayState=2
07-17 11:09:12.053 I/VRI[KeyguardBiometricToastView]@6221105( 4565): onDisplayChanged oldDisplayState=2 newDisplayState=2
07-17 11:09:12.053 I/Finsky  ( 4573): [2247] AIM: Got app ownership map. App counts: . Unique apps: 0
07-17 11:09:12.053 E/Finsky  ( 4573): [2247] [Counters] attempted to use a non-positive increment for: 4752
07-17 11:09:12.053 D/PluginActionManager( 4565): Found 0 plugins
07-17 11:09:12.053 D/PluginActionManager( 4565): queryPkg com.gleidsonlm.threatevents com.android.systemui.action.PLUGIN_CLOCK_PROVIDER
07-17 11:09:12.054 I/Finsky  ( 4573): [2246] AIM: Got app ownership map. App counts: . Unique apps: 0
07-17 11:09:12.054 E/Finsky  ( 4573): [2246] [Counters] attempted to use a non-positive increment for: 4752
07-17 11:09:12.054 I/Finsky  ( 4573): [2246] AIM: AppInfoManager-Perf > OnDeviceAppInfo > cacheHitCount=1, cacheMissCount=0. Missed  in cache (limit 10) : []
07-17 11:09:12.054 D/PluginActionManager( 4565): Found 0 plugins
07-17 11:09:12.054 D/PluginActionManager( 4565): queryPkg com.gleidsonlm.threatevents com.android.systemui.action.PLUGIN_QS_FACTORY
07-17 11:09:12.054 E/Finsky  ( 4573): [2246] [Counters] attempted to use a non-positive increment for: 4753
07-17 11:09:12.054 D/PluginActionManager( 4565): Found 0 plugins
07-17 11:09:12.054 I/Finsky  ( 4573): [2246] AIM: AppInfoManager-Perf > getApps > data collection finished
07-17 11:09:12.054 D/PluginActionManager( 4565): queryPkg com.gleidsonlm.threatevents com.android.systemui.action.PLUGIN_NOTIFICATION_MENU_ROW
07-17 11:09:12.054 D/PluginActionManager( 4565): Found 0 plugins
07-17 11:09:12.054 D/PluginActionManager( 4565): queryPkg com.gleidsonlm.threatevents com.android.systemui.action.PEOPLE_HUB_PERSON_EXTRACTOR
07-17 11:09:12.055 E/SmsApplication( 4545): com.google.android.apps.messaging lost android:read_cell_broadcasts:  (fixing)
07-17 11:09:12.055 I/HoneySpace.PredictionDataSourceImpl( 5152): TYPE_SUGGESTED_APPS updated: 9
07-17 11:09:12.056 D/PluginActionManager( 4565): Found 0 plugins
07-17 11:09:12.056 D/PluginActionManager( 4565): queryPkg com.gleidsonlm.threatevents com.android.systemui.action.PLUGIN_SENSOR_MANAGER
07-17 11:09:12.057 I/Finsky:background(27672): [2305] Wrote row to frosting DB: 3440
07-17 11:09:12.057 I/Finsky  ( 4573): [2246] AIM: AppInfoManager-Perf > maybeDestroyAppInfoManager is called. actives = 1
07-17 11:09:12.057 E/Finsky  ( 4573): [2246] [Counters] attempted to use a non-positive increment for: 4753
07-17 11:09:12.057 I/Finsky  ( 4573): [2246] AIM: Got app ownership map. App counts: . Unique apps: 0
07-17 11:09:12.057 E/Finsky  ( 4573): [2246] [Counters] attempted to use a non-positive increment for: 4752
07-17 11:09:12.058 E/Finsky  ( 4573): [2246] [Counters] attempted to use a non-positive increment for: 4753
07-17 11:09:12.058 D/PluginActionManager( 4565): Found 0 plugins
07-17 11:09:12.058 D/PluginActionManager( 4565): queryPkg com.gleidsonlm.threatevents com.android.systemui.action.PLUGIN_NOTIFICATION_MENU_ROW
07-17 11:09:12.058 D/PluginActionManager( 4565): Found 0 plugins
07-17 11:09:12.059 I/Finsky:background(27672): [2273] RECEIVER_PACKAGE_MONITOR_BACKGROUND#logWorkEndAndFinishGoAsync: SUCCESS
07-17 11:09:12.063 I/Fitness (13820): (REDACTED) OnPackageChangedOperation got intent: %s
07-17 11:09:12.065 W/LocationManagerService( 2493): onFreezeStateChanged, uid[10331]=false
07-17 11:09:12.068 E/RoleControllerServiceImpl( 2493): Default/fallback role holder package doesn't qualify for the role, package: com.google.android.gms.supervision, role: android.app.role.SYSTEM_SUPERVISION
07-17 11:09:12.071 I/Fitness (13820): (REDACTED) FitCleanupIntentOperation received Intent %s
07-17 11:09:12.071 I/Finsky:background(27672): [2305] Wrote row to frosting DB: 3441
07-17 11:09:12.073 I/Finsky  ( 4573): [2618] SCH: Satisfied jobs for 9033 are: 12-1
07-17 11:09:12.076 W/SignedPackage( 2493): Package doesn't have required signing certificate: com.google.android.apps.work.clouddpc
07-17 11:09:12.076 E/SmsApplication( 4545): com.google.android.apps.messaging lost android:read_cell_broadcasts:  (fixing)
07-17 11:09:12.077 I/ProximityAuth(13820): [RecentAppsMediator] Package added: (user=UserHandle{0}) com.gleidsonlm.threatevents
07-17 11:09:12.077 W/GCM     (13820): Unexpected forwarded intent: Intent { act=android.intent.action.PACKAGE_ADDED dat=package: flg=0x4000010 pkg=com.google.android.gms cmp=com.google.android.gms/.chimera.PersistentIntentOperationService (has extras) }
07-17 11:09:12.078 I/Auth    ( 2281): (REDACTED) [SupervisedAccountIntentOperationV2] onHandleIntent: %s
07-17 11:09:12.078 I/Finsky:background(27672): [2262] RECEIVER_ENGAGE_PACKAGE_CHANGED#logWorkEndAndFinishGoAsync: SKIPPED_PRECONDITIONS_UNMET
07-17 11:09:12.079 W/NetworkScheduler(13820): Unexpected forwarded intent: Intent { act=android.intent.action.PACKAGE_ADDED dat=package: flg=0x4000010 pkg=com.google.android.gms cmp=com.google.android.gms/.chimera.PersistentIntentOperationService (has extras) }
07-17 11:09:12.080 I/Finsky  ( 4573): [2633] SCH: Job 12-1 starting
07-17 11:09:12.080 I/Finsky  ( 4573): [2] [ContentSync] job started
07-17 11:09:12.083 I/Finsky  ( 4573): [2241] AIM: AppInfoManager-Perf > ItemModel > CacheSize=90, cacheHitCount=0, cacheMissCount=0, total appsWithNoServerDataCount=6. Missed  in cache (limit 10) : []
07-17 11:09:12.091 I/Finsky  ( 4573): [2241] AIM: AppInfoManager-Perf > ItemModel > CacheSize=90, cacheHitCount=0, cacheMissCount=0, total appsWithNoServerDataCount=6. Missed  in cache (limit 10) : []
07-17 11:09:12.091 I/Finsky  ( 4573): [2241] AIM: AppInfoManager-Perf > ItemModel > CacheSize=90, cacheHitCount=0, cacheMissCount=0, total appsWithNoServerDataCount=6. Missed  in cache (limit 10) : []
--------- beginning of system
07-17 11:09:12.092 W/AppOpService( 2493): Ignored setUidMode call for runtime permission app op: uid = 1001, code = RECEIVE_WAP_PUSH, mode = allow, callingUid = 1001, oldMode = allow
07-17 11:09:12.092 W/AppOpService( 2493): Ignored setUidMode call for runtime permission app op: uid = 1001, code = READ_CELL_BROADCASTS, mode = allow, callingUid = 1001, oldMode = allow
--------- switch to main
07-17 11:09:12.095 I/Routine@Core[4.8.02.21]: Pref(25663): putSharedPrefsData: key=pref_metaloader_status, data.size=9
07-17 11:09:12.099 I/Dck     ( 2281): (REDACTED) Package is not installed on device: %s
07-17 11:09:12.099 I/Dck     ( 2281): android.content.pm.PackageManager$NameNotFoundException: com.samsung.android.dkey
07-17 11:09:12.099 I/Dck     ( 2281): 	at android.app.ApplicationPackageManager.getPackageInfoAsUser(ApplicationPackageManager.java:319)
07-17 11:09:12.099 I/Dck     ( 2281): 	at android.app.ApplicationPackageManager.getPackageInfo(ApplicationPackageManager.java:279)
07-17 11:09:12.099 I/Dck     ( 2281): 	at android.app.ApplicationPackageManager.getPackageInfo(ApplicationPackageManager.java:273)
07-17 11:09:12.099 I/Dck     ( 2281): 	at bezj.a(:com.google.android.gms@252533035@25.25.33 (260400-781214296):192)
07-17 11:09:12.099 I/Dck     ( 2281): 	at bfbn.a(:com.google.android.gms@252533035@25.25.33 (260400-781214296):1)
07-17 11:09:12.099 I/Dck     ( 2281): 	at com.google.android.gms.dck.init.PackageUpdateIntentOperation.c(:com.google.android.gms@252533035@25.25.33 (260400-781214296):6)
07-17 11:09:12.099 I/Dck     ( 2281): 	at aubf.onHandleIntent(:com.google.android.gms@252533035@25.25.33 (260400-781214296):61)
07-17 11:09:12.099 I/Dck     ( 2281): 	at com.google.android.chimera.IntentOperation.onHandleIntent(:com.google.android.gms@252533035@25.25.33 (260400-781214296):2)
07-17 11:09:12.099 I/Dck     ( 2281): 	at augz.onHandleIntent(:com.google.android.gms@252533035@25.25.33 (260400-781214296):8)
07-17 11:09:12.099 I/Dck     ( 2281): 	at vwp.run(:com.google.android.gms@252533035@25.25.33 (260400-781214296):64)
07-17 11:09:12.099 I/Dck     ( 2281): 	at vwo.run(:com.google.android.gms@252533035@25.25.33 (260400-781214296):132)
07-17 11:09:12.099 I/Dck     ( 2281): 	at fxdi.run(:com.google.android.gms@252533035@25.25.33 (260400-781214296):21)
07-17 11:09:12.099 I/Dck     ( 2281): 	at java.util.concurrent.ThreadPoolExecutor.runWorker(ThreadPoolExecutor.java:1156)
07-17 11:09:12.099 I/Dck     ( 2281): 	at java.util.concurrent.ThreadPoolExecutor$Worker.run(ThreadPoolExecutor.java:651)
07-17 11:09:12.099 I/Dck     ( 2281): 	at java.lang.Thread.run(Thread.java:1119)
07-17 11:09:12.099 W/Dck     ( 2281): Dck module not eligible for asynchronous downloading [CONTEXT service_id=289 ]
07-17 11:09:12.100 I/Fitness (13820): (REDACTED) OnPackageChangedOperation got intent: %s
07-17 11:09:12.104 I/Routine@Core[4.8.02.21]: RoutineService(25663): onDestroy
07-17 11:09:12.104 I/Routine@Core[4.8.02.21]: MetadataLoaderJobService(25663): onStartJob: collectPackageInBG - com.gleidsonlm.threatevents
07-17 11:09:12.104 I/Routine@Core[4.8.02.21]: MetadataSyncHistory(25663): isMetaDataSyncedWithVersion: latest=41ff201f2fe09e9dede9808f7133caa2f03620cb, currentVersion=41ff201f2fe09e9dede9808f7133caa2f03620cb
07-17 11:09:12.104 I/Routine@Core[4.8.02.21]: MetadataSyncHistory(25663): isMetaDataSyncedWithVersion: latest=41ff201f2fe09e9dede9808f7133caa2f03620cb, currentVersion=41ff201f2fe09e9dede9808f7133caa2f03620cb
07-17 11:09:12.104 I/Routine@Core[4.8.02.21]: MetadataLoaderJobService(25663): packageName : com.gleidsonlm.threatevents, forced : true
07-17 11:09:12.104 I/Routine@Core[4.8.02.21]: Pref(25663): putSharedPrefsData: key=pref_metaloader_status, data.size=7
07-17 11:09:12.106 I/Routine@Core[4.8.02.21]: MetadataSyncHistory(25663): isMetaDataSyncedWithVersion: latest=41ff201f2fe09e9dede9808f7133caa2f03620cb, currentVersion=41ff201f2fe09e9dede9808f7133caa2f03620cb
07-17 11:09:12.107 I/Routine@Core[4.8.02.21]: MetadataLoadManager(25663): asyncCollectPackage
07-17 11:09:12.109 I/Routine@Core[4.8.02.21]: MetadataLoadManager(25663): collect: com.gleidsonlm.threatevents
07-17 11:09:12.109 I/Routine@Core[4.8.02.21]: MetadataLoadManager(25663): collectWithCollectors - Collect Start! package = com.gleidsonlm.threatevents
07-17 11:09:12.110 I/Routine@Core[4.8.02.21]: Pref(25663): putSharedPrefsData: key=routine_meta_data_loading_statue, data.size=8
07-17 11:09:12.111 I/Routine@Core[4.8.02.21]: MetadataSyncHistory(25663): isMetaDataSyncedWithVersion: latest=41ff201f2fe09e9dede9808f7133caa2f03620cb, currentVersion=41ff201f2fe09e9dede9808f7133caa2f03620cb
07-17 11:09:12.111 I/Fitness (13820): (REDACTED) FitCleanupIntentOperation received Intent %s
07-17 11:09:12.112 I/Routine@Core[4.8.02.21]: DatabaseJobIntentService(25663): Stop no more task
07-17 11:09:12.112 I/Routine@Core[4.8.02.21]: WatchMetaDataCollector(25663): collect - packageName :com.gleidsonlm.threatevents
--------- switch to system
07-17 11:09:12.112 E/AppOpService( 2493): Blocked setUidMode call for runtime permission app op: uid = 1000, code = CAMERA, mode = foreground, callingUid = 1000, oldMode = allow
07-17 11:09:12.112 E/AppOpService( 2493): java.lang.RuntimeException
07-17 11:09:12.112 E/AppOpService( 2493): 	at com.android.server.permission.access.appop.AppOpService.setUidMode(qb/96996599 4207cc64f8273a078ed00bb37ec66a12d547258ca33788ccc3647eb1c250b266:165)
07-17 11:09:12.112 E/AppOpService( 2493): 	at com.android.server.appop.AppOpsCheckingServiceTracingDecorator.setUidMode(qb/96996599 4207cc64f8273a078ed00bb37ec66a12d547258ca33788ccc3647eb1c250b266:10)
07-17 11:09:12.112 E/AppOpService( 2493): 	at com.android.server.appop.AppOpsService.setUidMode(qb/96996599 4207cc64f8273a078ed00bb37ec66a12d547258ca33788ccc3647eb1c250b266:52)
07-17 11:09:12.112 E/AppOpService( 2493): 	at com.android.server.appop.AppOpsService.setUidMode(qb/96996599 4207cc64f8273a078ed00bb37ec66a12d547258ca33788ccc3647eb1c250b266:1)
07-17 11:09:12.112 E/AppOpService( 2493): 	at android.app.AppOpsManager.setUidMode(AppOpsManager.java:8106)
07-17 11:09:12.112 E/AppOpService( 2493): 	at com.android.role.controller.model.Permissions.setAppOpModeAsUser(Permissions.java:908)
07-17 11:09:12.112 E/AppOpService( 2493): 	at com.android.role.controller.model.Permissions.setAppOpUidModeAsUser(Permissions.java:885)
07-17 11:09:12.112 E/AppOpService( 2493): 	at com.android.role.controller.model.Permissions.grantPermissionAndAppOpAsUser(Permissions.java:373)
07-17 11:09:12.112 E/AppOpService( 2493): 	at com.android.role.controller.model.Permissions.grantSingleAsUser(Permissions.java:247)
07-17 11:09:12.112 E/AppOpService( 2493): 	at com.android.role.controller.model.Permissions.grantAsUser(Permissions.java:205)
07-17 11:09:12.112 E/AppOpService( 2493): 	at com.android.role.controller.model.Role.grantAsUser(Role.java:867)
07-17 11:09:12.112 E/AppOpService( 2493): 	at com.android.role.controller.service.RoleControllerServiceImpl.addRoleHolderInternal(RoleControllerServiceImpl.java:376)
07-17 11:09:12.112 E/AppOpService( 2493): 	at com.android.role.controller.service.RoleControllerServiceImpl.onGrantDefaultRoles(RoleControllerServiceImpl.java:163)
07-17 11:09:12.112 E/AppOpService( 2493): 	at com.android.role.LocalRoleController.lambda$grantDefaultRoles$1(LocalRoleController.java:56)
07-17 11:09:12.112 E/AppOpService( 2493): 	at com.android.role.LocalRoleController.$r8$lambda$ye-flP7Mf14AbTzwSmiTgndT6Cg(LocalRoleController.java:0)
07-17 11:09:12.112 E/AppOpService( 2493): 	at com.android.role.LocalRoleController$$ExternalSyntheticLambda1.run(R8$$SyntheticClass:0)
07-17 11:09:12.112 E/AppOpService( 2493): 	at android.os.Handler.handleCallback(Handler.java:959)
07-17 11:09:12.112 E/AppOpService( 2493): 	at android.os.Handler.dispatchMessage(Handler.java:100)
07-17 11:09:12.112 E/AppOpService( 2493): 	at android.os.Looper.loopOnce(Looper.java:257)
07-17 11:09:12.112 E/AppOpService( 2493): 	at android.os.Looper.loop(Looper.java:342)
07-17 11:09:12.112 E/AppOpService( 2493): 	at android.os.HandlerThread.run(HandlerThread.java:85)
--------- switch to main
07-17 11:09:12.112 W/Routine@Core[4.8.02.21]: WatchMetaDataCollector(25663): collect - Skip WatchMeta collect! Cannot find any watch plugin package
07-17 11:09:12.114 I/Routine@Core[4.8.02.21]: MetadataSyncHistory(25663): isMetaDataSyncedWithVersion: latest=41ff201f2fe09e9dede9808f7133caa2f03620cb, currentVersion=41ff201f2fe09e9dede9808f7133caa2f03620cb
07-17 11:09:12.132 I/Icing   ( 2281): IndexChimeraService.getServiceInterface callingPackage=com.google.android.gms componentName=AppsCorpus serviceId=36
07-17 11:09:12.135 I/Finsky  ( 4573): [2236] AIM: AppInfoManager-Perf > getApps > data collection finished
07-17 11:09:12.135 I/Finsky  ( 4573): [2236] AIM: AppInfoManager-Perf > maybeDestroyAppInfoManager is called. actives = 0
07-17 11:09:12.138 D/BoundBrokerSvc( 2281): onBind: Intent { act=com.google.android.gms.feedback.internal.IFeedbackService dat=chimera-action:/... cmp=com.google.android.gms/.chimera.GmsBoundBrokerService }
07-17 11:09:12.138 D/BoundBrokerSvc( 2281): Loading bound service for intent: Intent { act=com.google.android.gms.feedback.internal.IFeedbackService dat=chimera-action:/... cmp=com.google.android.gms/.chimera.GmsBoundBrokerService }
--------- switch to system
07-17 11:09:12.141 W/AppOpService( 2493): Ignored setUidMode call for runtime permission app op: uid = 10259, code = FINE_LOCATION, mode = allow, callingUid = 1000, oldMode = allow
--------- switch to main
07-17 11:09:12.142 W/AppFunctions(25663): Unknown schema [category=files, name=getFileContentUris, version=1]
07-17 11:09:12.151 W/AppFunctions(25663): Unknown schema [category=photos, name=showMediaItemStraightenEditor, version=1]
07-17 11:09:12.151 W/AppFunctions(25663): Unknown schema [category=photos, name=showMediaItemFilterEditor, version=1]
07-17 11:09:12.153 I/Icing   ( 2281): Usage reports ok 0, Failed Usage reports 0, indexed 0, rejected 0
07-17 11:09:12.162 I/Icing   ( 2281): IndexChimeraService.getServiceInterface callingPackage=com.google.android.gms componentName=null serviceId=30
07-17 11:09:12.167 W/SignedPackage( 2493): Cannot get ApplicationInfo for package: com.android.devicelockcontroller
--------- switch to system
07-17 11:09:12.175 I/SGM:GameManager( 2493): PkgUpdateReceiver, onReceive(), action=android.intent.action.PACKAGE_ADDED, userId=0
07-17 11:09:12.175 I/SGM:GameManager( 2493): PkgUpdateReceiver, onPackageAdded : com.gleidsonlm.threatevents userHandle : UserHandle{0} userId : 0
07-17 11:09:12.175 D/SGM:GosNotifyThread( 2493): sendPackageMessage(), changeType=0, pkgName=com.gleidsonlm.threatevents, userHandleId=0
07-17 11:09:12.175 I/SGM:GameManager( 2493): PkgUpdateReceiver, com.samsung.android.game.gos is enabled : true
07-17 11:09:12.175 D/SGM:GosNotifyThread( 2493): notifyPackageChangedToGos(), before send intent to GOS. type:15, changeType: 0, pkgName:com.gleidsonlm.threatevents, userHandleId:0
07-17 11:09:12.175 D/SGM:PmAppCategoryManager( 2493): getManifestCategory(), manifestCategory=-1, packageName=com.gleidsonlm.threatevents
07-17 11:09:12.175 D/SGM:PmAppCategoryManager( 2493): getCategoryOverride(), categoryOverride=-1, packageName=com.gleidsonlm.threatevents
07-17 11:09:12.175 I/SGM:GosNotifyThread( 2493): notifyPackageChangedToGos(), category from pm: com.gleidsonlm.threatevents, [-1/-1]
07-17 11:09:12.179 D/SGM:GosNotifyThread( 2493): notifyPackageChangedToGos(), after send intent to GOS. ComponentInfo{com.samsung.android.game.gos/com.samsung.android.game.gos.service.GameIntentService}
--------- switch to main
07-17 11:09:12.181 I/Icing   ( 2281): Usage reports ok 0, Failed Usage reports 0, indexed 0, rejected 0
07-17 11:09:12.182 I/Icing   ( 2281): Indexing com.google.android.gms-apps from com.google.android.gms
07-17 11:09:12.184 I/GOS:GameIntentService(27286): onHandleIntent. GameIntentService. type: 15, pkgName: com.gleidsonlm.threatevents
--------- switch to system
07-17 11:09:12.185 D/SGM:GameManager( 2493): getVersion.
--------- switch to main
07-17 11:09:12.187 I/artd    (29694): GetBestInfo: odex next to the dex file (/data/app/~~Ay9Chl9ppG-iunjIbIxaQg==/com.google.ar.core-rt5w3om-zFOw8tqdK2hpDw==/oat/arm64/base.odex) is kOatUpToDate with filter 'speed-profile' executable 'false'
07-17 11:09:12.188 I/artd    (29694): GetBestInfo: odex next to the dex file (/data/app/~~Ay9Chl9ppG-iunjIbIxaQg==/com.google.ar.core-rt5w3om-zFOw8tqdK2hpDw==/oat/arm/base.odex) is kOatUpToDate with filter 'speed-profile' executable 'false'
07-17 11:09:12.189 I/Icing   ( 2281): Indexing done com.google.android.gms-apps
07-17 11:09:12.191 I/artd    (29694): GetBestInfo: odex next to the dex file (/data/app/~~j3t7yeXacgdQV4KEvLxdTw==/com.samsung.android.mobileservice-DbqKFiRTUrQaE_-BobW79Q==/oat/arm64/base.odex) is kOatCannotOpen: In oat file '/data/app/~~j3t7yeXacgdQV4KEvLxdTw==/com.samsung.android.mobileservice-DbqKFiRTUrQaE_-BobW79Q==/oat/arm64/base.odex': invalid oat header: Invalid oat version, expected 0x32353900, got 0x32353100.
07-17 11:09:12.191 I/artd    (29694): GetBestInfo: vdex next to the dex file (/data/app/~~j3t7yeXacgdQV4KEvLxdTw==/com.samsung.android.mobileservice-DbqKFiRTUrQaE_-BobW79Q==/oat/arm64/base.vdex) is kOatUpToDate with filter 'verify' executable 'false'
07-17 11:09:12.192 I/Icing   ( 2281): Indexing com.google.android.gms-apps from com.google.android.gms
07-17 11:09:12.195 I/Icing   ( 2281): Indexing done com.google.android.gms-apps
07-17 11:09:12.196 I/Icing   ( 2281): Indexing com.google.android.gms-apps from com.google.android.gms
07-17 11:09:12.196 I/Icing   ( 2281): Indexing done com.google.android.gms-apps
07-17 11:09:12.197 I/Routine@Core[4.8.02.21]: AppFunctionsMetadataCollector(25663): collect: result.size=55
07-17 11:09:12.199 I/artd    (29694): GetBestInfo: odex next to the dex file (/data/app/~~Xu6RHOTv6_x5uPfk4_OZEw==/com.taxis99-ZMud-bvfZkY5rjUlnwV8xQ==/oat/arm64/base.odex) is kOatUpToDate with filter 'speed-profile' executable 'false'
07-17 11:09:12.199 I/Routine@Core[4.8.02.21]: AppFunctionsMetadataCollector(25663): collect: incoming metadata={"displayNameRes":0,"functionId":"com.samsung.android.app.sharelive.appfunction#ShareFunction_shareFilesToNearbyDevice","isEffectivelyEnabled":true,"packageName":"com.samsung.android.app.sharelive","parameters":[{"description":"SHAREFILESTONEARBYDEVICE_PARAMETER_DESCRIPTION_TEMPLATE","id":"shareFilesToNearbyDeviceParams","name":"shareFilesToNearbyDeviceParams","namespace":"androidx.appsearch.functions","parameterType":{"dataType":3,"documentType":"com.google.android.appfunctions.schema.common.v1.nearbysharing.ShareFilesToNearbyDeviceParams","id":"com.google.android.appfunctions.schema.common.v1.nearbysharing#shareFilesToNearbyDevice#PARAMETER_TYPE","isList":false,"isNullable":false,"namespace":"androidx.appsearch.functions"}}],"returnType":{"dataType":0,"id":"com.google.android.appfunctions.schema.common.v1.nearbysharing#shareFilesToNearbyDevice#RETURN_TYPE","isList":false,"isNullable":false,"namespace":"androidx.appsearch.functions"},"schemaMetadata":{"schemaCategory":"nearby_sharing","schemaName":"shareFilesToNearbyDevice","schemaVersion":1},"shouldRestrictCallersWithExecuteAppFunctions":false}
07-17 11:09:12.199 W/artd    (29694): Could not get dex checksums for location /data/app/~~zfe8me7i6SQLw5CsCWogkQ==/com.taxis99-JXhd4FZ1bzcpoz-Tx_Z6eA==/base.apk, fd=-1
07-17 11:09:12.199 E/Routine@Core[4.8.02.21]: AppFunctionsSchemaMetadataFactory(25663): getMetadata: not supported category. category=nearby_sharing
07-17 11:09:12.199 E/Routine@Core[4.8.02.21]: AppFunctionsSchemaMetadataConverter(25663): isSupportedMetadata: not supported schema. name=shareFilesToNearbyDevice
07-17 11:09:12.199 I/Routine@Core[4.8.02.21]: AppFunctionsMetadataCollector(25663): collect: not supported schemaCategory/schemaName=nearby_sharing/shareFilesToNearbyDevice
07-17 11:09:12.199 E/ArtService( 2493): Failed to get dexopt status [packageName = com.taxis99, dexPath = /data/user/0/com.taxis99/app_pccache/5/61E3BEF53C4C6C7A8A86EA4DABAC482FCBC6B298/pcam.jar, isa = arm64, classLoaderContext = PCL[];PCL[/data/app/~~zfe8me7i6SQLw5CsCWogkQ==/com.taxis99-JXhd4FZ1bzcpoz-Tx_Z6eA==/base.apk]{PCL[/system/framework/org.apache.http.legacy.jar]#PCL[/system_ext/framework/androidx.window.extensions.jar]#PCL[/system_ext/framework/androidx.window.sidecar.jar]}]
07-17 11:09:12.199 E/ArtService( 2493): android.os.ServiceSpecificException: Failed to create OatFileAssistant: Failed to load class loader context files for '/data/user/0/com.taxis99/app_pccache/5/61E3BEF53C4C6C7A8A86EA4DABAC482FCBC6B298/pcam.jar' with context 'PCL[];PCL[/data/app/~~zfe8me7i6SQLw5CsCWogkQ==/com.taxis99-JXhd4FZ1bzcpoz-Tx_Z6eA==/base.apk]{PCL[/system/framework/org.apache.http.legacy.jar]#PCL[/system_ext/framework/androidx.window.extensions.jar]#PCL[/system_ext/framework/androidx.window.sidecar.jar]}' (code 1)
07-17 11:09:12.199 E/ArtService( 2493): 	at android.os.Parcel.createExceptionOrNull(Parcel.java:3271)
07-17 11:09:12.199 E/ArtService( 2493): 	at android.os.Parcel.createException(Parcel.java:3241)
07-17 11:09:12.199 E/ArtService( 2493): 	at android.os.Parcel.readException(Parcel.java:3224)
07-17 11:09:12.199 E/ArtService( 2493): 	at android.os.Parcel.readException(Parcel.java:3166)
07-17 11:09:12.199 E/ArtService( 2493): 	at com.android.server.art.IArtd$Stub$Proxy.getDexoptStatus(IArtd.java:880)
07-17 11:09:12.199 E/ArtService( 2493): 	at com.android.server.art.ArtFileManager.getUsableArtifacts(ArtFileManager.java:153)
07-17 11:09:12.199 E/ArtService( 2493): 	at com.android.server.art.ArtManagerLocal.getArtManagedFileStats(ArtManagerLocal.java:1056)
07-17 11:09:12.199 E/ArtService( 2493): 	at com.android.server.usage.StorageStatsService.computeAppStatsByDataTypes(qb/96996599 4207cc64f8273a078ed00bb37ec66a12d547258ca33788ccc3647eb1c250b266:75)
07-17 11:09:12.199 E/ArtService( 2493): 	at com.android.server.usage.StorageStatsService.queryStatsForUid(qb/96996599 4207cc64f8273a078ed00bb37ec66a12d547258ca33788ccc3647eb1c250b266:138)
07-17 11:09:12.199 E/ArtService( 2493): 	at com.android.server.usage.StorageStatsService.queryStatsForPackage(qb/96996599 4207cc64f8273a078ed00bb37ec66a12d547258ca33788ccc3647eb1c250b266:83)
07-17 11:09:12.199 E/ArtService( 2493): 	at android.app.usage.IStorageStatsManager$Stub.onTransact(IStorageStatsManager.java:265)
07-17 11:09:12.199 E/ArtService( 2493): 	at android.os.Binder.execTransactInternal(Binder.java:1536)
07-17 11:09:12.199 E/ArtService( 2493): 	at android.os.Binder.execTransact(Binder.java:1480)
07-17 11:09:12.200 I/Routine@Core[4.8.02.21]: AppFunctionsMetadataCollector(25663): collect: incoming metadata={"displayNameRes":0,"functionId":"com.samsung.android.app.sharelive.appfunction#ShareFunction_findNearbyDevices","isEffectivelyEnabled":true,"packageName":"com.samsung.android.app.sharelive","parameters":[{"description":"FINDNEARBYDEVICES_PARAMETER_DESCRIPTION_TEMPLATE","id":"findNearbyDevicesParams","name":"findNearbyDevicesParams","namespace":"androidx.appsearch.functions","parameterType":{"dataType":3,"documentType":"com.google.android.appfunctions.schema.common.v1.nearbysharing.FindNearbyDevicesParams","id":"com.google.android.appfunctions.schema.common.v1.nearbysharing#findNearbyDevices#PARAMETER_TYPE","isList":false,"isNullable":false,"namespace":"androidx.appsearch.functions"}}],"returnType":{"dataType":3,"documentType":"com.google.android.appfunctions.schema.common.v1.nearbysharing.NearbyDevice","id":"com.google.android.appfunctions.schema.common.v1.nearbysharing#findNearbyDevices#RETURN_TYPE","isList":true,"isNullable":false,"namespace":"androidx.appsearch.functions"},"schemaMetadata":{"schemaCategory":"nearby_sharing","schemaName":"findNearbyDevices","schemaVersion":1},"shouldRestrictCallersWithExecuteAppFunctions":false}
07-17 11:09:12.200 E/Routine@Core[4.8.02.21]: AppFunctionsSchemaMetadataFactory(25663): getMetadata: not supported category. category=nearby_sharing
07-17 11:09:12.200 E/Routine@Core[4.8.02.21]: AppFunctionsSchemaMetadataConverter(25663): isSupportedMetadata: not supported schema. name=findNearbyDevices
07-17 11:09:12.200 I/Routine@Core[4.8.02.21]: AppFunctionsMetadataCollector(25663): collect: not supported schemaCategory/schemaName=nearby_sharing/findNearbyDevices
07-17 11:09:12.201 I/Routine@Core[4.8.02.21]: AppFunctionsMetadataCollector(25663): collect: incoming metadata={"displayNameRes":0,"functionId":"com.samsung.android.dialer.phonefunctions#PhoneFunctions_showCallRecord","isEffectivelyEnabled":true,"packageName":"com.samsung.android.dialer","parameters":[{"description":"SHOWCALLRECORD_PARAMETER_DESCRIPTION_TEMPLATE","id":"callRecordId","name":"callRecordId","namespace":"androidx.appsearch.functions","parameterType":{"dataType":8,"id":"com.google.android.appfunctions.schema.common.v1.phone#showCallRecord#PARAMETER_TYPE","isList":false,"isNullable":false,"namespace":"androidx.appsearch.functions"}}],"returnType":{"dataType":9,"id":"com.google.android.appfunctions.schema.common.v1.phone#showCallRecord#RETURN_TYPE","isList":false,"isNullable":false,"namespace":"androidx.appsearch.functions"},"schemaMetadata":{"schemaCategory":"phone","schemaName":"showCallRecord","schemaVersion":1},"shouldRestrictCallersWithExecuteAppFunctions":false}
07-17 11:09:12.201 E/Routine@Core[4.8.02.21]: AppFunctionsSchemaMetadataConverter(25663): isSupportedMetadata: not supported schema. name=showCallRecord
07-17 11:09:12.201 I/Routine@Core[4.8.02.21]: AppFunctionsMetadataCollector(25663): collect: not supported schemaCategory/schemaName=phone/showCallRecord
07-17 11:09:12.202 I/Routine@Core[4.8.02.21]: AppFunctionsMetadataCollector(25663): collect: incoming metadata={"displayNameRes":0,"functionId":"com.samsung.android.dialer.phonefunctions#PhoneFunctions_getPersons","isEffectivelyEnabled":true,"packageName":"com.samsung.android.dialer","parameters":[{"description":"GETPERSONS_PARAMETER_DESCRIPTION_TEMPLATE","id":"personIds","name":"personIds","namespace":"androidx.appsearch.functions","parameterType":{"dataType":8,"id":"com.google.android.appfunctions.schema.common.v1.persons#getPersons#PARAMETER_TYPE","isList":true,"isNullable":false,"namespace":"androidx.appsearch.functions"}}],"returnType":{"dataType":3,"documentType":"com.google.android.appfunctions.schema.common.v1.persons.Person","id":"com.google.android.appfunctions.schema.common.v1.persons#getPersons#RETURN_TYPE","isList":true,"isNullable":false,"namespace":"androidx.appsearch.functions"},"schemaMetadata":{"schemaCategory":"persons","schemaName":"getPersons","schemaVersion":1},"shouldRestrictCallersWithExecuteAppFunctions":false}
07-17 11:09:12.202 E/Routine@Core[4.8.02.21]: AppFunctionsSchemaMetadataFactory(25663): getMetadata: not supported category. category=persons
07-17 11:09:12.202 E/Routine@Core[4.8.02.21]: AppFunctionsSchemaMetadataConverter(25663): isSupportedMetadata: not supported schema. name=getPersons
07-17 11:09:12.202 I/Routine@Core[4.8.02.21]: AppFunctionsMetadataCollector(25663): collect: not supported schemaCategory/schemaName=persons/getPersons
07-17 11:09:12.203 I/dsdo    (27573): (REDACTED) Writing data of size=%d bytes with N=%d keys to Geller corpus %s at ts=%d
07-17 11:09:12.204 I/artd    (29694): GetBestInfo: odex next to the dex file (/data/app/~~hYomAU1QpQ1Bht24McgI1Q==/com.grammarly.android.keyboard-HNTXaTOcQ4PXiEzR-H1pNg==/oat/arm64/base.odex) is kOatUpToDate with filter 'speed-profile' executable 'false'
