07-17 11:09:14.283 I/WindowManager( 2493): Reparenting to leash, surface=Surface(name=324004f StatusBar)/@0xa771ad4, syncState=0, syncCommitDepth=0, leashParent=Surface(name=WindowToken{5d6a298 type=2000 android.os.BinderProxy@eefcc75})/@0x2db347d
07-17 11:09:14.283 V/WindowManagerShell( 4565):  try firstHandler com.android.wm.shell.transition.DefaultMixedHandler@57a53b9
--------- switch to main
07-17 11:09:14.283 I/SurfaceFlinger( 2123): id=72414 createSurf, flag=24000, Surface(name=324004f StatusBar)/@0xa771ad4 - animation-leash of insets_animation#72414
--------- switch to system
07-17 11:09:14.283 V/WindowManagerShell( 4565): Mixed transition for opening an intent with a remote transition and PIP #5474
07-17 11:09:14.283 V/WindowManagerShell( 4565):  Delegate animation for (#5474) to RemoteTransition { remoteTransition = android.window.IRemoteTransition$Stub$Proxy@698dbaa, appThread = android.app.IApplicationThread$Stub$Proxy@17f839b, debugName = QuickstepLaunchflags =NONE }
07-17 11:09:14.283 D/WindowManager( 2493): makeSurface duration=0 leash=Surface(name=Surface(name=324004f StatusBar)/@0xa771ad4 - animation-leash of insets_animation)/@0x9d5d8f
07-17 11:09:14.283 V/WindowManagerShell( 4565):  Excluded change from remote targets at (#5474), change={null m=TO_BACK f=IS_WALLPAPER|IS_FIXED_PORTRAIT p=WCT{android.window.IWindowContainerToken$Stub$Proxy@cd91a68} leash=Surface(name=WallpaperWindowToken{2a8d76f token=android.os.Binder@80e8a4e})/@0x2eb527c sb=Rect(0, 0 - 1080, 2340) eb=Rect(0, 0 - 1080, 2340) d=0 inset=Rect(0, 0 - 0, 0)}
07-17 11:09:14.283 D/InsetsSourceProvider( 2493): updateControlForTarget: control=InsetsSourceControl: {85320000 mType=statusBars initiallyVisible mSurfacePosition=Point(0, 0) mInsetsHint=Insets{left=0, top=81, right=0, bottom=0}}, target=Window{c83aed5 u0 Splash Screen com.gleidsonlm.threatevents}, from=com.android.server.wm.InsetsStateController.onControlTargetChanged:81 com.android.server.wm.InsetsPolicy.updateBarControlTarget:175 com.android.server.wm.DisplayPolicy.updateSystemBarAttributes:269 com.android.server.wm.DisplayPolicy.finishPostLayoutPolicyLw:17 com.android.server.wm.RootWindowContainer.applySurfaceChangesTransaction$1:194 
--------- switch to main
07-17 11:09:14.283 W/Layer   ( 2123): gatherBufferInfo: Received unknown dataspace from gralloc
--------- switch to system
07-17 11:09:14.283 D/WindowManager( 2493): updateSystemBarAttributes: displayId=0, focusedCanBeNavColorWin=false, win=Window{c83aed5 u0 Splash Screen com.gleidsonlm.threatevents}, navColorWin=Window{c83aed5 u0 Splash Screen com.gleidsonlm.threatevents}, caller=com.android.server.wm.DisplayPolicy.finishPostLayoutPolicyLw:17 com.android.server.wm.RootWindowContainer.applySurfaceChangesTransaction$1:194 com.android.server.wm.RootWindowContainer.performSurfacePlacementNoTrace:61 
07-17 11:09:14.283 D/WindowManager( 2493): updateSystemBarAttributes, bhv=1, apr=24, statusBarAprRegions=[AppearanceRegion{LIGHT_STATUS_BARS bounds=[0,0][1080,2340]}], requestedVisibilities=-9
07-17 11:09:14.284 V/WindowManagerShell( 4565):  animated by firstHandler
--------- switch to main
07-17 11:09:14.284 I/SurfaceFlinger( 2123): id=72415 createSurf, flag=84000, 9a32bc4 ActivityRecordInputSink com.gleidsonlm.threatevents/.MainActivity#72415
07-17 11:09:14.286 I/InsetsSourceConsumer( 4565): applyRequestedVisibilityToControl: visible=true, type=navigationBars, host=Splash Screen com.gleidsonlm.threatevents
07-17 11:09:14.287 I/SurfaceFlinger( 2123): id=72416 createSurf, flag=84000, Surface(name=Task=1338)/@0x6e1059a_transition-leash#72416
07-17 11:09:14.287 I/InsetsSourceConsumer( 4565): applyRequestedVisibilityToControl: visible=true, type=statusBars, host=Splash Screen com.gleidsonlm.threatevents
07-17 11:09:14.287 I/SurfaceControlRegistry( 5152): show, t=StartTransaction_SyncId<5474> sc=Task=1338, caller=android.view.SurfaceControl$Transaction.show:3232 P.g.a:125 P.g.o:0 P.g.n:0 com.android.systemui.animation.RemoteAnimationTargetCompat.wrap:48 com.android.systemui.animation.RemoteAnimationTargetCompat.wrapApps:10 
07-17 11:09:14.287 D/SamsungLightBarControlHelper( 4565): updateStatusBar (BLACK icon) numStacks:1, StatusBarMode:MODE_TRANSPARENT, lightBarBounds:[Rect(0, 0 - 1080, 2340)], StatusBarState:SHADE, packageName:, isWhiteKeyguardStatusBar:false
07-17 11:09:14.287 I/SurfaceFlinger( 2123): id=72417 createSurf, flag=84000, Surface(name=Task=1)/@0x2fa06a8_transition-leash#72417
07-17 11:09:14.287 D/SamsungLightBarControlHelper( 4565): onStatusBarAppearanceChanged() -  sbModeChanged:false, statusBarMode:0, barState:MODE_TRANSPARENT, isKeyguardShowing:false, navbarColorManagedByIme:false, (AppearanceRegion{LIGHT_STATUS_BARS bounds=[0,0][1080,2340]}, )
07-17 11:09:14.287 D/NavigationBar( 4565): onSystemBarAttributesChanged() -  displayId:0, appearance:24, packageName: com.gleidsonlm.threatevents (APPEARANCE_LIGHT_STATUS_BARS APPEARANCE_LIGHT_NAVIGATION_BARS ), navbarColorManagedByIme:false
07-17 11:09:14.287 D/SysUiState( 4565): SysUiState changed: old=0x10000000 new=0x10020000
07-17 11:09:14.287 I/SurfaceControlRegistry( 5152): show, t=StartTransaction_SyncId<5474> sc=Task=1, caller=android.view.SurfaceControl$Transaction.show:3232 P.g.a:125 P.g.o:0 P.g.n:0 com.android.systemui.animation.RemoteAnimationTargetCompat.wrap:48 com.android.systemui.animation.RemoteAnimationTargetCompat.wrapApps:10 
07-17 11:09:14.288 I/HoneySpace.TaskbarEventTracker( 5152): invokeEvent() called with: event = SystemUiStateChanged(stateFlags=268566528)
07-17 11:09:14.288 I/HoneySpace.SystemUiRepository( 5152): systemUiFlags: allow_gesture|awake
07-17 11:09:14.289 I/SurfaceControlRegistry( 5152): apply, t=StartTransaction_SyncId<5474>, caller=android.view.SurfaceControl$Transaction.apply:3135 android.view.SurfaceControl$Transaction.apply:3122 android.view.SurfaceControl$Transaction.apply:3078 com.android.systemui.animation.RemoteAnimationRunnerCompat$1.startAnimation:634 android.window.IRemoteTransition$Stub.onTransact:158 android.os.Binder.execTransactInternal:1541 
07-17 11:09:14.289 I/HoneySpace.ShellAnimationRunner( 5152): [onAnimationStart] appTarget(0) : taskId-1338, mode-0
07-17 11:09:14.289 I/HoneySpace.ShellAnimationRunner( 5152): cookie: 6359
07-17 11:09:14.289 I/HoneySpace.ShellAnimationRunner( 5152): [onAnimationStart] appTarget(1) : taskId-1, mode-1
07-17 11:09:14.289 I/HoneySpace.ShellAnimationRunner( 5152): this , com.honeyspace.transition.ShellAnimationRunner@eb63ca7
--------- switch to system
07-17 11:09:14.289 D/InputMethodManagerService( 2493): isImeSwitcherDisabledPackage : false
--------- switch to main
07-17 11:09:14.289 I/HoneySpace.ShellTransitionManager( 5152): open animation start
07-17 11:09:14.289 I/HoneySpace.ShellAnimationRunner( 5152): finishExistingAnimation, null
07-17 11:09:14.289 I/HoneySpace.AppLaunchAnimationDelegate( 5152): onAnimationStart
07-17 11:09:14.289 I/HoneySpace.AppLaunchAnimationDelegate( 5152): composeIconLaunchAnimator
07-17 11:09:14.289 I/HoneySpace.AppLaunchAnimationDelegate( 5152): playAnim: translucent:false, hasWallpaperFlags:false
07-17 11:09:14.289 I/HoneySpace.FloatingAnimator( 5152): playerCount : 1
07-17 11:09:14.289 I/HoneySpace.FloatingAnimator( 5152): [Player:A(14.289)] create
07-17 11:09:14.289 I/HoneySpace.AppLaunchAnimationDelegate( 5152): playFloatingIconAnim, appPlayer: 267562482
07-17 11:09:14.289 I/HoneySpace.TransitionUtils( 5152): [getRotationChange] home-0, app-0
07-17 11:09:14.289 I/HoneySpace.TransitionUtils( 5152): getWindowTargetBounds: Rect(0, 0 - 1080, 2340)
07-17 11:09:14.289 I/HoneySpace.FloatingAnimator( 5152): [Player:A(14.289)] setup. isLandscape:false, isTranslucent:false, screenSize[1080, 2340], isMultiTargets:false, useCurrentDrawable:false
07-17 11:09:14.289 I/HoneySpace.IconView( 5152): setIconVisible : visible-false, currentForceHideBadge-false
07-17 11:09:14.290 I/HoneySpace.FloatingAnimator( 5152): container x: 572.0, y: 1137.0, scale : 0.16944444
07-17 11:09:14.290 I/HoneySpace.AppTransitionAnimationAwait( 5152): prepare refCnt:1 timeout:500
07-17 11:09:14.290 I/HoneySpace.FloatingAnimator( 5152): [Player:A(14.289)] value animator:[110893471] started
07-17 11:09:14.290 I/HoneySpace.ContentsAnimator( 5152): from : 0.0
07-17 11:09:14.290 I/HoneySpace.ContentsAnimator( 5152): ContentsAnimator start [148244810]
07-17 11:09:14.290 I/HoneySpace.AnimationResult( 5152): setAnimation, animation: false
07-17 11:09:14.290 I/HoneySpace.HoneySystemControllerImpl( 5152): isRecentsActivityIdleState false
07-17 11:09:14.291 E/SurfaceFlinger( 2123): alpha changed 1.000 -> 0.000 - Surface(name=Task=1338)/@0x6e1059a_transition-leash#72416
07-17 11:09:14.291 I/SurfaceFlinger( 2123): Layer [c83aed5 Splash Screen com.gleidsonlm.threatevents#72410] hidden!! flag(0)
07-17 11:09:14.291 I/SurfaceFlinger( 2123): Layer [ActivityRecord{a24f1e2 u0 com.gleids[...]eatevents/.MainActivity t1338}#72409] hidden!! flag(0)
07-17 11:09:14.291 I/SurfaceFlinger( 2123): Layer [Transition Root: Task=1338#72412] hidden!! flag(0)
07-17 11:09:14.291 I/SurfaceFlinger( 2123): Layer [Task=1338#72408] hidden!! flag(0)
07-17 11:09:14.291 I/SurfaceFlinger( 2123): Layer [Splash Screen com.gleidsonlm.threatevents$_4565#72411] hidden!! flag(0)
07-17 11:09:14.291 I/SurfaceFlinger( 2123): [LayerHierarchy{RequestedLayerState{Task=1#52 parentId=72417} 2 children}] reparent to LayerHierarchy{RequestedLayerState{Surface(name=Task=1)/@0x2fa06a8_transition-leash#72417 parentId=72412 z=1} 1 children}
07-17 11:09:14.291 I/SurfaceFlinger( 2123): [LayerHierarchy{RequestedLayerState{4905f65 NavigationBar0#84 parentId=72413} 1 children}] reparent to LayerHierarchy{RequestedLayerState{Surface(name=4905f65 NavigationBar0)/@0xbc9624b - animation-leash of insets_animation#72413 parentId=83} 1 children}
07-17 11:09:14.291 I/SurfaceFlinger( 2123): [LayerHierarchy{RequestedLayerState{324004f StatusBar#91 parentId=72414} 1 children}] reparent to LayerHierarchy{RequestedLayerState{Surface(name=324004f StatusBar)/@0xa771ad4 - animation-leash of insets_animation#72414 parentId=90} 1 children}
07-17 11:09:14.291 I/SurfaceFlinger( 2123): [LayerHierarchy{RequestedLayerState{Surface(name=324004f StatusBar)/@0xa771ad4 - animation-leash of insets_animation#72400} no children}] reparent to OffscreenRoot
07-17 11:09:14.291 I/SurfaceFlinger( 2123): [LayerHierarchy{RequestedLayerState{Surface(name=324004f StatusBar)/@0xa771ad4 - animation-leash of insets_animation#72400} no children}] RelativeParent to null
07-17 11:09:14.291 I/SurfaceFlinger( 2123): [LayerHierarchy{RequestedLayerState{Surface(name=4905f65 NavigationBar0)/@0xbc9624b - animation-leash of insets_animation#72399} no children}] reparent to OffscreenRoot
07-17 11:09:14.291 I/SurfaceFlinger( 2123): [LayerHierarchy{RequestedLayerState{Surface(name=4905f65 NavigationBar0)/@0xbc9624b - animation-leash of insets_animation#72399} no children}] RelativeParent to null
07-17 11:09:14.291 I/SurfaceFlinger( 2123): [LayerHierarchy{RequestedLayerState{Task=1338#72408 parentId=72416} 1 children}] reparent to LayerHierarchy{RequestedLayerState{Surface(name=Task=1338)/@0x6e1059a_transition-leash#72416 parentId=72412 z=4} 1 children}
07-17 11:09:14.291 I/SurfaceFlinger( 2123): [Surface(name=324004f StatusBar)/@0xa771ad4 - animation-leash of insets_animation#72414] attach to parent LayerHierarchy{RequestedLayerState{WindowToken{5d6a298 type=2000 android.os.BinderProxy@eefcc75}#90 parentId=19} 1 children}
07-17 11:09:14.291 I/SurfaceFlinger( 2123): [9a32bc4 ActivityRecordInputSink com.gleidsonlm.threatevents/.MainActivity#72415] attach to parent LayerHierarchy{RequestedLayerState{ActivityRecord{a24f1e2 u0 com.gleidsonlm.threatevents/.MainActivity t1338}#72409 parentId=72408} 2 children}
07-17 11:09:14.291 I/SurfaceFlinger( 2123): [Surface(name=Task=1338)/@0x6e1059a_transition-leash#72416] attach to parent LayerHierarchy{RequestedLayerState{Transition Root: Task=1338#72412 parentId=11 z=3} 1 children}
07-17 11:09:14.291 I/SurfaceFlinger( 2123): [Surface(name=Task=1)/@0x2fa06a8_transition-leash#72417] attach to parent LayerHierarchy{RequestedLayerState{Transition Root: Task=1338#72412 parentId=11 z=3} 2 children}
07-17 11:09:14.291 I/HoneySpace.FloatingAnimator( 5152): add positionListener - com.honeyspace.transition.anim.floating.b@dae77a2
07-17 11:09:14.292 I/SurfaceFlinger( 2123): id=72400 Removed Surface(name=324004f StatusBar)/@0xa771ad4 - animation-leash of insets_animation#72400 (228)
07-17 11:09:14.292 I/SurfaceFlinger( 2123): id=72399 Removed Surface(name=4905f65 NavigationBar0)/@0xbc9624b - animation-leash of insets_animation#72399 (228)
07-17 11:09:14.292 I/VRI[LauncherActivity]@acb92cf( 5152): mWNT: t=0xb4000071aac62b80 mBlastBufferQueue=0xb4000070a326aa00 fn= 344 HdrRenderState mRenderHdrSdrRatio=1.0 caller= com.android.systemui.shared.launcher.ViewRootImplCompat.mergeWithNextTransaction:4 com.honeyspace.transition.utils.SurfaceTransactionApplier.scheduleApply$lambda$1:26 com.honeyspace.transition.utils.SurfaceTransactionApplier.b:0 
07-17 11:09:14.295 I/AppIconSolution( 5152): getThemeIconWithBG called with public API, pkg = com.gleidsonlm.threatevents, mode = 48
07-17 11:09:14.296 I/AppIconSolution( 5152): return adaptive icon for com.gleidsonlm.threatevents, isNight = true
07-17 11:09:14.296 I/LauncherActivityInfo( 5152): packageName: com.gleidsonlm.threatevents, useThemeIcon: false, height: 288, width: 288, density: 640
07-17 11:09:14.296 I/HoneySpace.WallpaperAnimator( 5152): createWallpaperSurface
--------- switch to system
07-17 11:09:14.296 I/WindowManager( 2493): Reparenting to leash, surface=Surface(name=RemoteWallpaperAnim:1:1)/@0xaa66b0a, syncState=0, syncCommitDepth=0, leashParent=Surface(name=OneHanded:0:14)/@0x134cf7b
--------- switch to main
07-17 11:09:14.297 I/SurfaceFlinger( 2123): id=72418 createSurf, flag=24000, Surface(name=RemoteWallpaperAnim:1:1)/@0xaa66b0a - animation-leash of remote_wallpaper#72418
07-17 11:09:14.297 I/lm.threatevents(29979): Using CollectorTypeCMC GC.
--------- switch to system
07-17 11:09:14.298 D/WindowManager( 2493): makeSurface duration=1 leash=Surface(name=Surface(name=RemoteWallpaperAnim:1:1)/@0xaa66b0a - animation-leash of remote_wallpaper)/@0x66eb895
07-17 11:09:14.298 D/WindowManager( 2493): startAnimation for remote wallpaper, leash=Surface(name=Surface(name=RemoteWallpaperAnim:1:1)/@0xaa66b0a - animation-leash of remote_wallpaper)/@0x66eb895
07-17 11:09:14.298 D/WindowManager( 2493): startRemoteWallpaperAnimation, d=0, leash=Surface(name=Surface(name=RemoteWallpaperAnim:1:1)/@0xaa66b0a - animation-leash of remote_wallpaper)/@0x66eb895
--------- switch to main
07-17 11:09:14.299 I/SurfaceFlinger( 2123): destroyed Surface(name=324004f StatusBar)/@0xa771ad4 - animation-leash of insets_animation#72400
07-17 11:09:14.299 I/SurfaceFlinger( 2123): destroyed Surface(name=4905f65 NavigationBar0)/@0xbc9624b - animation-leash of insets_animation#72399
07-17 11:09:14.299 I/SurfaceFlinger( 2123): [Surface(name=RemoteWallpaperAnim:1:1)/@0xaa66b0a - animation-leash of remote_wallpaper#72418] attach to parent LayerHierarchy{RequestedLayerState{OneHanded:0:14#4 parentId=3} 5 children}
07-17 11:09:14.300 I/HoneySpace.FloatingAnimator( 5152): container x: 570.7096, y: 1134.4349, scale : 0.17131817
07-17 11:09:14.300 E/lm.threatevents(29979): Not starting debugger since process cannot load the jdwp agent.
07-17 11:09:14.300 W/Layer   ( 2123): gatherBufferInfo: Received unknown dataspace from gralloc
07-17 11:09:14.300 I/Layer   ( 2123): id=72399 Destroyed Surface(name=4905f65 NavigationBar0)/@0xbc9624b - animation-leash of insets_animation#72399
07-17 11:09:14.300 I/SurfaceControl( 2493): apply, lowDebugName=startRemoteWallpaperAnimation_27274666, caller=android.view.SurfaceControl$Transaction.apply:3122 android.view.SurfaceControl$Transaction.apply:3078 com.android.server.wm.WindowAnimator.animate:380 com.android.server.wm.WindowAnimator$$ExternalSyntheticLambda1.doFrame:14 android.view.Choreographer$CallbackRecord.run:1749 android.view.Choreographer$CallbackRecord.run:1760 
07-17 11:09:14.300 I/Layer   ( 2123): id=72400 Destroyed Surface(name=324004f StatusBar)/@0xa771ad4 - animation-leash of insets_animation#72400
07-17 11:09:14.300 I/VRI[LauncherActivity]@acb92cf( 5152): mWNT: t=0xb4000071aac62d00 mBlastBufferQueue=0xb4000070a326aa00 fn= 345 HdrRenderState mRenderHdrSdrRatio=1.0 caller= com.android.systemui.shared.launcher.ViewRootImplCompat.mergeWithNextTransaction:4 com.honeyspace.transition.utils.SurfaceTransactionApplier.scheduleApply$lambda$1:26 com.honeyspace.transition.utils.SurfaceTransactionApplier.b:0 
07-17 11:09:14.302 D/nativeloader(29979): Load libframework-connectivity-tiramisu-jni.so using APEX ns com_android_tethering for caller /apex/com.android.tethering/javalib/framework-connectivity-t.jar: ok
07-17 11:09:14.304 D/ActivityThread(29979): setConscryptValidator
07-17 11:09:14.304 D/ActivityThread(29979): setConscryptValidator - put
07-17 11:09:14.308 I/SurfaceFlinger( 2123): [LayerHierarchy{RequestedLayerState{RemoteWallpaperAnim:1:1#7 parentId=72418 z=1} 1 children}] reparent to LayerHierarchy{RequestedLayerState{Surface(name=RemoteWallpaperAnim:1:1)/@0xaa66b0a - animation-leash of remote_wallpaper#72418 parentId=4} 1 children}
--------- switch to system
07-17 11:09:14.308 I/ActivityManager( 2493): Changes in 10396 19 to 2, 0 to 127
--------- switch to main
07-17 11:09:14.308 I/HoneySpace.FloatingAnimator( 5152): container x: 566.70917, y: 1126.483, scale : 0.17712685
07-17 11:09:14.308 W/Layer   ( 2123): gatherBufferInfo: Received unknown dataspace from gralloc
07-17 11:09:14.309 D/PkgPredictorService-SecIpmManagerServiceImpl( 2493): onForegroundActivitiesChanged pid:29979 uid:10396
07-17 11:09:14.309 E/ANDR-PERF-MPCTL( 2043): ANDR-PERF-MPCTL: internal_perf_lock_acq_verification() 385: Perflock Submit request limit reached.
07-17 11:09:14.310 I/VRI[LauncherActivity]@acb92cf( 5152): mWNT: t=0xb4000071aae23800 mBlastBufferQueue=0xb4000070a326aa00 fn= 346 HdrRenderState mRenderHdrSdrRatio=1.0 caller= com.android.systemui.shared.launcher.ViewRootImplCompat.mergeWithNextTransaction:4 com.honeyspace.transition.utils.SurfaceTransactionApplier.scheduleApply$lambda$1:26 com.honeyspace.transition.utils.SurfaceTransactionApplier.b:0 
--------- switch to system
07-17 11:09:14.311 V/NetworkPolicy( 2493): getFirewallRuleWifi UID:10396 policy:0
07-17 11:09:14.314 D/WindowManager( 2493): mRunner#onAnimationStart for remote wallpaper=[android.view.RemoteAnimationTarget@7ce654d], transaction=startRemoteWallpaperAnimation_27274666
--------- switch to main
07-17 11:09:14.315 I/HoneySpace.WallpaperAnimator( 5152): onAnimationStart, wallpapers: Surface(name=Surface(name=RemoteWallpaperAnim:1:1)/@0xaa66b0a - animation-leash of remote_wallpaper)/@0xe693f25
07-17 11:09:14.315 I/HoneySpace.WallpaperAnimator( 5152): startWallpaperAnimation, isOpen-true, from:1.0, to:1.3, duration:350
07-17 11:09:14.315 I/HoneySpace.WallpaperAnimator( 5152): wallpaper animation start [262887674]
07-17 11:09:14.315 I/Rubin   (19797): [2269] U9.g.x(Unknown Source) : Notify com.samsung.android.rubin.inferenceengine.contextanalytics.engine.loggers.AppUsageLogger's database is updated.
--------- switch to system
07-17 11:09:14.315 W/UserManagerService( 2493): Requested status bar icon for non-badged user 0
--------- switch to main
07-17 11:09:14.316 E/SurfaceFlinger( 2123): alpha changed 0.000 -> 0.006 - Surface(name=Task=1338)/@0x6e1059a_transition-leash#72416
07-17 11:09:14.316 I/HoneySpace.FloatingAnimator( 5152): container x: 559.7948, y: 1112.739, scale : 0.18716668
07-17 11:09:14.317 W/Layer   ( 2123): gatherBufferInfo: Received unknown dataspace from gralloc
07-17 11:09:14.317 I/VRI[LauncherActivity]@acb92cf( 5152): mWNT: t=0xb4000070b4813980 mBlastBufferQueue=0xb4000070a326aa00 fn= 347 HdrRenderState mRenderHdrSdrRatio=1.0 caller= com.android.systemui.shared.launcher.ViewRootImplCompat.mergeWithNextTransaction:4 com.honeyspace.transition.utils.SurfaceTransactionApplier.scheduleApply$lambda$1:26 com.honeyspace.transition.utils.SurfaceTransactionApplier.b:0 
--------- switch to system
07-17 11:09:14.318 D/SGM:GameManager( 2493): identifyGamePackage. com.gleidsonlm.threatevents, mCurrentUserId: 0, callerUserId: 0, callingMethodInfo: com.samsung.android.game.IGameManagerService$Stub.onTransact(IGameManagerService.java:228)
--------- switch to main
07-17 11:09:14.318 W/lm.threatevents(29979): Failed to find entry 'classes.dex': Entry not found
07-17 11:09:14.319 D/SurfaceFlinger( 2123): Display 4630947059332006275 HWC layers:
07-17 11:09:14.319 D/SurfaceFlinger( 2123):        CLIENT |   0xb400007759eec400 | 0000 | RGBA_8888    |    0.0    0.0 1080.0 2340.0 |    0    0 1080 2340 | Wallpaper BBQ wrapper 5_system#80 (1)
07-17 11:09:14.319 D/SurfaceFlinger( 2123):        CLIENT |   0xb40000776e87a980 | 0001 | RGBA_8888    |    0.0    0.0 1080.0 2340.0 |    0    0 1080 2340 | com.sec.android.app.launcher/com.sec[...]ivities.LauncherActivity$_5152#72376 (346)
07-17 11:09:14.319 D/SurfaceFlinger( 2123):        CLIENT |   0xb40000777c470480 | 0001 | RGBA_8888    |    0.0   80.0 1080.0 1226.0 |  567 1126  758 1329 | Splash Screen com.gleidsonlm.threatevents$_4565#72411 (1)
07-17 11:09:14.319 D/SurfaceFlinger( 2123):        DEVICE |   0xb400007758ba2400 | 0001 | RGBA_8888    |    0.0    0.0 1080.0   81.0 |    0    0 1080   81 | StatusBar$_4565#105 (91553)
07-17 11:09:14.319 D/SurfaceFlinger( 2123):        DEVICE |   0xb40000775a042b80 | 0001 | RGBA_8888    |    0.0    0.0   67.0  342.0 | 1013  443 1080  785 | com.sec.android.app.launcher/com.sam[...]l.app.CocktailBarService$_5152#72347 (1)
07-17 11:09:14.319 D/SurfaceFlinger( 2123):        DEVICE |   0xb40000775a042080 | 0001 | RGBA_8888    |    0.0    0.0 1080.0  144.0 |    0 2196 1080 2340 | NavigationBar0$
07-17 11:09:14.319 D/SurfaceFlinger( 2123): _4565#98 (131202)
07-17 11:09:14.319 D/SurfaceFlinger( 2123): 
07-17 11:09:14.319 W/lm.threatevents(29979): Failed to find entry 'classes.dex': Entry not found
07-17 11:09:14.319 W/lm.threatevents(29979): Failed to find entry 'classes.dex': Entry not found
07-17 11:09:14.319 W/lm.threatevents(29979): Failed to find entry 'classes.dex': Entry not found
07-17 11:09:14.319 W/lm.threatevents(29979): Failed to find entry 'classes.dex': Entry not found
07-17 11:09:14.320 D/nativeloader(29979): Configuring clns-7 for other apk /data/app/~~fbD4WrYW0p-1wHW3e_7UAg==/com.gleidsonlm.threatevents-9uH1vPEHcrRMyXCxnpWl5g==/base.apk:/data/app/~~fbD4WrYW0p-1wHW3e_7UAg==/com.gleidsonlm.threatevents-9uH1vPEHcrRMyXCxnpWl5g==/split_config.arm64_v8a.apk:/data/app/~~fbD4WrYW0p-1wHW3e_7UAg==/com.gleidsonlm.threatevents-9uH1vPEHcrRMyXCxnpWl5g==/split_config.en.apk:/data/app/~~fbD4WrYW0p-1wHW3e_7UAg==/com.gleidsonlm.threatevents-9uH1vPEHcrRMyXCxnpWl5g==/split_config.es.apk:/data/app/~~fbD4WrYW0p-1wHW3e_7UAg==/com.gleidsonlm.threatevents-9uH1vPEHcrRMyXCxnpWl5g==/split_config.pt.apk:/data/app/~~fbD4WrYW0p-1wHW3e_7UAg==/com.gleidsonlm.threatevents-9uH1vPEHcrRMyXCxnpWl5g==/split_config.xxhdpi.apk. target_sdk_version=35, uses_libraries=, library_path=/data/app/~~fbD4WrYW0p-1wHW3e_7UAg==/com.gleidsonlm.threatevents-9uH1vPEHcrRMyXCxnpWl5g==/lib/arm64:/data/app/~~fbD4WrYW0p-1wHW3e_7UAg==/com.gleidsonlm.threatevents-9uH1vPEHcrRMyXCxnpWl5g==/base.apk!/lib/arm64-v8a:/data/app/~~fbD4WrYW0p-1wHW3e_7UAg==/com.gleidsonlm.threateven
07-17 11:09:14.322 E/linker  (29979): "/data/app/~~fbD4WrYW0p-1wHW3e_7UAg==/com.gleidsonlm.threatevents-9uH1vPEHcrRMyXCxnpWl5g==/split_config.arm64_v8a.apk!/lib/arm64-v8a/libloader.so": ignoring DT_PREINIT_ARRAY in shared library!
07-17 11:09:14.325 I/HoneySpace.FloatingAnimator( 5152): container x: 548.70404, y: 1090.6931, scale : 0.20327064
07-17 11:09:14.325 W/Layer   ( 2123): gatherBufferInfo: Received unknown dataspace from gralloc
07-17 11:09:14.325 I/VRI[LauncherActivity]@acb92cf( 5152): mWNT: t=0xb4000070b4813b00 mBlastBufferQueue=0xb4000070a326aa00 fn= 348 HdrRenderState mRenderHdrSdrRatio=1.0 caller= com.android.systemui.shared.launcher.ViewRootImplCompat.mergeWithNextTransaction:4 com.honeyspace.transition.utils.SurfaceTransactionApplier.scheduleApply$lambda$1:26 com.honeyspace.transition.utils.SurfaceTransactionApplier.b:0 
07-17 11:09:14.327 E/[     ] (29979): [TID: 29979] [:0]  QOITXKOQ_meUce\ccSLFJPIMKTXVQX
07-17 11:09:14.327 I/[CORE]  (29979): server fused app token: f175a480-6314-11f0-8d61-7b7c9b58c0d4
07-17 11:09:14.333 I/HoneySpace.FloatingAnimator( 5152): container x: 528.3836, y: 1050.3009, scale : 0.23277633
07-17 11:09:14.333 W/Layer   ( 2123): gatherBufferInfo: Received unknown dataspace from gralloc
07-17 11:09:14.334 I/VRI[LauncherActivity]@acb92cf( 5152): mWNT: t=0xb4000070b4813e00 mBlastBufferQueue=0xb4000070a326aa00 fn= 349 HdrRenderState mRenderHdrSdrRatio=1.0 caller= com.android.systemui.shared.launcher.ViewRootImplCompat.mergeWithNextTransaction:4 com.honeyspace.transition.utils.SurfaceTransactionApplier.scheduleApply$lambda$1:26 com.honeyspace.transition.utils.SurfaceTransactionApplier.b:0 
07-17 11:09:14.341 I/HBD     ( 8223): i onCapabilityChanged  setNetworkState currentNetworkState : wifi 
07-17 11:09:14.341 I/HoneySpace.FloatingAnimator( 5152): container x: 499.68283, y: 993.2507, scale : 0.27445036
07-17 11:09:14.341 W/Layer   ( 2123): gatherBufferInfo: Received unknown dataspace from gralloc
07-17 11:09:14.342 I/VRI[LauncherActivity]@acb92cf( 5152): mWNT: t=0xb4000070b4813f80 mBlastBufferQueue=0xb4000070a326aa00 fn= 350 HdrRenderState mRenderHdrSdrRatio=1.0 caller= com.android.systemui.shared.launcher.ViewRootImplCompat.mergeWithNextTransaction:4 com.honeyspace.transition.utils.SurfaceTransactionApplier.scheduleApply$lambda$1:26 com.honeyspace.transition.utils.SurfaceTransactionApplier.b:0 
07-17 11:09:14.350 I/HoneySpace.FloatingAnimator( 5152): container x: 461.13843, y: 916.63354, scale : 0.33041766
07-17 11:09:14.350 W/Layer   ( 2123): gatherBufferInfo: Received unknown dataspace from gralloc
07-17 11:09:14.351 I/VRI[LauncherActivity]@acb92cf( 5152): mWNT: t=0xb4000070b4814100 mBlastBufferQueue=0xb4000070a326aa00 fn= 351 HdrRenderState mRenderHdrSdrRatio=1.0 caller= com.android.systemui.shared.launcher.ViewRootImplCompat.mergeWithNextTransaction:4 com.honeyspace.transition.utils.SurfaceTransactionApplier.scheduleApply$lambda$1:26 com.honeyspace.transition.utils.SurfaceTransactionApplier.b:0 
07-17 11:09:14.353 D/nativeloader(29979): Load /data/app/~~fbD4WrYW0p-1wHW3e_7UAg==/com.gleidsonlm.threatevents-9uH1vPEHcrRMyXCxnpWl5g==/split_config.arm64_v8a.apk!/lib/arm64-v8a/libloader.so using class loader ns clns-7 (caller=/data/app/~~fbD4WrYW0p-1wHW3e_7UAg==/com.gleidsonlm.threatevents-9uH1vPEHcrRMyXCxnpWl5g==/base.apk!classes4.dex): ok
07-17 11:09:14.355 D/CompatChangeReporter(29979): Compat change id reported: 202956589; UID 10396; state: ENABLED
--------- switch to system
07-17 11:09:14.356 D/ActivityManager( 2493): unpendingScheduleServiceRestart: u=10356, drop=false
07-17 11:09:14.357 D/ActivityManager( 2493): unpendingScheduleServiceRestart: u=10356, drop=false
--------- switch to main
07-17 11:09:14.358 I/HoneySpace.FloatingAnimator( 5152): container x: 405.5637, y: 806.1642, scale : 0.4111133
07-17 11:09:14.358 W/Layer   ( 2123): gatherBufferInfo: Received unknown dataspace from gralloc
07-17 11:09:14.359 I/VRI[LauncherActivity]@acb92cf( 5152): mWNT: t=0xb4000070b4814280 mBlastBufferQueue=0xb4000070a326aa00 fn= 352 HdrRenderState mRenderHdrSdrRatio=1.0 caller= com.android.systemui.shared.launcher.ViewRootImplCompat.mergeWithNextTransaction:4 com.honeyspace.transition.utils.SurfaceTransactionApplier.scheduleApply$lambda$1:26 com.honeyspace.transition.utils.SurfaceTransactionApplier.b:0 
07-17 11:09:14.360 V/GraphicsEnvironment(29979): Currently set values for:
07-17 11:09:14.360 V/GraphicsEnvironment(29979):   angle_gl_driver_selection_pkgs=[]
07-17 11:09:14.360 V/GraphicsEnvironment(29979):   angle_gl_driver_selection_values=[]
07-17 11:09:14.360 V/GraphicsEnvironment(29979): Global.Settings values are invalid: number of packages: 0, number of values: 0
07-17 11:09:14.360 V/GraphicsEnvironment(29979): App is not on the allowlist for updatable production driver.
--------- switch to system
07-17 11:09:14.362 I/SDHMS:l ( 7337): onTaskStackChanged
07-17 11:09:14.363 I/SDHMS:l ( 7337): no app is Resumed!!! mResumedPackages.size = 0
--------- switch to main
07-17 11:09:14.363 I/HoneySpace.RecentTasks( 5152): onRecentTasksChanged
07-17 11:09:14.363 I/cqtm    (17778): onPause
07-17 11:09:14.364 I/HoneySpace.HistoryViewModel@225099942@OneUI( 5152): Illegal access. Unknown type. skip load history items
--------- switch to system
07-17 11:09:14.366 D/DisplayManagerService( 2493): handleBrightnessAnimation: started=false
--------- switch to main
07-17 11:09:14.366 I/RefreshRateTokenController( 2493): Removing refreshRateToken={ RefreshRateToken[->PassiveModeToken:BrightnessAnim, acquire at 292338088 (279 ms ago)}, caller=com.android.server.display.mode.RefreshRateToken.release:5 com.android.server.display.DisplayManagerService$$ExternalSyntheticLambda8.accept:163 com.android.server.display.DisplayPowerController$3.run:24 android.os.Handler.handleCallback:959 android.os.Handler.dispatchMessage:100 
07-17 11:09:14.367 W/Layer   ( 2123): gatherBufferInfo: Received unknown dataspace from gralloc
07-17 11:09:14.367 I/HoneySpace.FloatingAnimator( 5152): container x: 353.92465, y: 703.51807, scale : 0.48609427
07-17 11:09:14.367 I/VRI[LauncherActivity]@acb92cf( 5152): mWNT: t=0xb4000070b4814400 mBlastBufferQueue=0xb4000070a326aa00 fn= 353 HdrRenderState mRenderHdrSdrRatio=1.0 caller= com.android.systemui.shared.launcher.ViewRootImplCompat.mergeWithNextTransaction:4 com.honeyspace.transition.utils.SurfaceTransactionApplier.scheduleApply$lambda$1:26 com.honeyspace.transition.utils.SurfaceTransactionApplier.b:0 
07-17 11:09:14.374 W/ParceledListSlice( 2493): Element #23 is 21024 bytes.
07-17 11:09:14.375 I/HoneySpace.FloatingAnimator( 5152): container x: 308.14062, y: 612.5103, scale : 0.5525736
07-17 11:09:14.375 W/Layer   ( 2123): gatherBufferInfo: Received unknown dataspace from gralloc
07-17 11:09:14.376 I/VRI[LauncherActivity]@acb92cf( 5152): mWNT: t=0xb4000070b4814580 mBlastBufferQueue=0xb4000070a326aa00 fn= 354 HdrRenderState mRenderHdrSdrRatio=1.0 caller= com.android.systemui.shared.launcher.ViewRootImplCompat.mergeWithNextTransaction:4 com.honeyspace.transition.utils.SurfaceTransactionApplier.scheduleApply$lambda$1:26 com.honeyspace.transition.utils.SurfaceTransactionApplier.b:0 
07-17 11:09:14.383 I/HoneySpace.FloatingAnimator( 5152): container x: 264.98938, y: 526.7359, scale : 0.6152301
07-17 11:09:14.383 W/Layer   ( 2123): gatherBufferInfo: Received unknown dataspace from gralloc
07-17 11:09:14.384 I/VRI[LauncherActivity]@acb92cf( 5152): mWNT: t=0xb4000070b4814700 mBlastBufferQueue=0xb4000070a326aa00 fn= 355 HdrRenderState mRenderHdrSdrRatio=1.0 caller= com.android.systemui.shared.launcher.ViewRootImplCompat.mergeWithNextTransaction:4 com.honeyspace.transition.utils.SurfaceTransactionApplier.scheduleApply$lambda$1:26 com.honeyspace.transition.utils.SurfaceTransactionApplier.b:0 
07-17 11:09:14.387 I/sensors-hal( 1990): set_config:61, sample_period_ns is adjusted to 200000000 based on min/max delay_ns
07-17 11:09:14.387 I/sensors-hal( 1990): batch:369, android.sensor.accelerometer/11, period=200000000, max_latency=0 request completed
07-17 11:09:14.387 I/sensors-hal( 1990): activate:285, android.sensor.accelerometer/11 en=1
07-17 11:09:14.387 I/sensors-hal( 1990): acquire_ssc_interface:114, acquire_ssc_interface with sensor_id 38 , conn_type 3 
07-17 11:09:14.388 E/minksocket( 1957): MinkIPC_QRTR_Service: client with node 1 port 76ee went down
--------- switch to system
07-17 11:09:14.390 D/ActivityManager( 2493): unpendingScheduleServiceRestart: u=10356, drop=false
--------- switch to main
07-17 11:09:14.390 E/minksocket( 1957): MinkIPC_QRTR_Service: client with node 1 port 76ef went down
07-17 11:09:14.390 E/minksocket( 1957): MinkIPC_QRTR_Service: client with node 1 port 76f0 went down
07-17 11:09:14.390 I/sensors-hal( 1990): ssc_qmi:36, ssc_qmi
07-17 11:09:14.390 I/sensors-hal( 1990): register_cb:305, register_cb start this=0xb40000706382d200x
07-17 11:09:14.390 I/sensors-hal( 1990): register_cb:321, register_cb End with succes
07-17 11:09:14.390 I/sensors-hal( 1990): send_sensor_config_request:590, resampler is used, set resampler config
07-17 11:09:14.390 I/sensors-hal( 1990): send_sync_sensor_request:521, send sync request
07-17 11:09:14.390 I/sensors-hal( 1990): send_sync_sensor_request:531, send_sync_sensor_request before send_request for accel with SUID low=11115320498015681092 high=2286538866409242278
07-17 11:09:14.390 I/sensors-hal( 1990): send_request:330, send_request start this=0xb40000706382d200x 
07-17 11:09:14.390 I/sensors-hal( 1990): send_request:415, send_request completed, this=0xb40000706382d200x
07-17 11:09:14.390 I/sensors-hal( 1990): send_sync_sensor_request:552, wait for notification of response
07-17 11:09:14.390 E/minksocket( 1957): MinkIPC_QRTR_Service: client with node 1 port 76f1 went down
07-17 11:09:14.391 E/minksocket( 1957): MinkIPC_QRTR_Service: client with node 1 port 76ee went down
07-17 11:09:14.391 E/minksocket( 1957): MinkIPC_QRTR_Service: client with node 1 port 76ef went down
07-17 11:09:14.391 E/minksocket( 1957): MinkIPC_QRTR_Service: client with node 1 port 76f0 went down
07-17 11:09:14.391 E/minksocket( 1957): MinkIPC_QRTR_Service: client with node 1 port 76f1 went down
07-17 11:09:14.391 I/sensors-hal( 1990): ssc_conn_resp_cb:941, resp_value = 0 for accel 
07-17 11:09:14.391 I/HoneySpace.FloatingAnimator( 5152): container x: 231.38274, y: 459.93387, scale : 0.66402763
07-17 11:09:14.391 I/sensors-hal( 1990): handle_resp_cb:517, handle_resp_cb Ended this=0xb40000706382d200x
07-17 11:09:14.391 I/sensors-hal( 1990): send_sync_sensor_request:558, takes 1 ms to receive the response with 0
07-17 11:09:14.391 I/sensors-hal( 1990): activate:303, android.sensor.accelerometer/11 en=1 completed
07-17 11:09:14.392 W/Layer   ( 2123): gatherBufferInfo: Received unknown dataspace from gralloc
07-17 11:09:14.392 D/SensorManager(29979): registerListener :: 11, lsm6dso LSM6DSO Accelerometer Non-wakeup, 200000, 0, 
07-17 11:09:14.392 I/VRI[LauncherActivity]@acb92cf( 5152): mWNT: t=0xb4000070b4814e80 mBlastBufferQueue=0xb4000070a326aa00 fn= 356 HdrRenderState mRenderHdrSdrRatio=1.0 caller= com.android.systemui.shared.launcher.ViewRootImplCompat.mergeWithNextTransaction:4 com.honeyspace.transition.utils.SurfaceTransactionApplier.scheduleApply$lambda$1:26 com.honeyspace.transition.utils.SurfaceTransactionApplier.b:0 
07-17 11:09:14.394 D/CompatChangeReporter(29979): Compat change id reported: 279646685; UID 10396; state: ENABLED
07-17 11:09:14.397 W/SoLoader(29979): Initializing SoLoader: 0
07-17 11:09:14.397 W/SoLoader(29979): Recording new base apk path: /data/app/~~fbD4WrYW0p-1wHW3e_7UAg==/com.gleidsonlm.threatevents-9uH1vPEHcrRMyXCxnpWl5g==/base.apk
07-17 11:09:14.397 W/SoLoader(29979): Previously recorded 0 base apk paths.
07-17 11:09:14.398 D/CompatChangeReporter(29979): Compat change id reported: 312399441; UID 10396; state: ENABLED
07-17 11:09:14.398 I/SoLoader(29979): Preparing SO source: DirectorySoSource[root = /vendor/lib64 flags = 2]
07-17 11:09:14.398 I/SoLoader(29979): Preparing SO source: DirectorySoSource[root = /system/lib64 flags = 2]
07-17 11:09:14.398 I/SoLoader(29979): Preparing SO source: DirectApkSoSource[root = [/data/app/~~fbD4WrYW0p-1wHW3e_7UAg==/com.gleidsonlm.threatevents-9uH1vPEHcrRMyXCxnpWl5g==/split_config.es.apk!/lib/arm64-v8a, /data/app/~~fbD4WrYW0p-1wHW3e_7UAg==/com.gleidsonlm.threatevents-9uH1vPEHcrRMyXCxnpWl5g==/base.apk!/lib/arm64-v8a, /data/app/~~fbD4WrYW0p-1wHW3e_7UAg==/com.gleidsonlm.threatevents-9uH1vPEHcrRMyXCxnpWl5g==/split_config.arm64_v8a.apk!/lib/arm64-v8a, /data/app/~~fbD4WrYW0p-1wHW3e_7UAg==/com.gleidsonlm.threatevents-9uH1vPEHcrRMyXCxnpWl5g==/split_config.en.apk!/lib/arm64-v8a, /data/app/~~fbD4WrYW0p-1wHW3e_7UAg==/com.gleidsonlm.threatevents-9uH1vPEHcrRMyXCxnpWl5g==/split_config.pt.apk!/lib/arm64-v8a, /data/app/~~fbD4WrYW0p-1wHW3e_7UAg==/com.gleidsonlm.threatevents-9uH1vPEHcrRMyXCxnpWl5g==/split_config.xxhdpi.apk!/lib/arm64-v8a]]
07-17 11:09:14.400 I/HoneySpace.FloatingAnimator( 5152): container x: 206.03036, y: 409.5394, scale : 0.7008398
07-17 11:09:14.400 W/Layer   ( 2123): gatherBufferInfo: Received unknown dataspace from gralloc
07-17 11:09:14.400 I/VRI[LauncherActivity]@acb92cf( 5152): mWNT: t=0xb4000070b4899000 mBlastBufferQueue=0xb4000070a326aa00 fn= 357 HdrRenderState mRenderHdrSdrRatio=1.0 caller= com.android.systemui.shared.launcher.ViewRootImplCompat.mergeWithNextTransaction:4 com.honeyspace.transition.utils.SurfaceTransactionApplier.scheduleApply$lambda$1:26 com.honeyspace.transition.utils.SurfaceTransactionApplier.b:0 
07-17 11:09:14.401 I/SoLoader(29979): Preparing SO source: ApplicationSoSource[DirectorySoSource[root = /data/app/~~fbD4WrYW0p-1wHW3e_7UAg==/com.gleidsonlm.threatevents-9uH1vPEHcrRMyXCxnpWl5g==/lib/arm64 flags = 0]]
07-17 11:09:14.401 I/SoLoader(29979): init finish: 4 SO sources prepared
07-17 11:09:14.401 W/SoLoader(29979): SoLoader initialized: 8
07-17 11:09:14.404 D/nativeloader(29979): Load /data/app/~~fbD4WrYW0p-1wHW3e_7UAg==/com.gleidsonlm.threatevents-9uH1vPEHcrRMyXCxnpWl5g==/split_config.arm64_v8a.apk!/lib/arm64-v8a/libc++_shared.so using class loader ns clns-7 (caller=/data/app/~~fbD4WrYW0p-1wHW3e_7UAg==/com.gleidsonlm.threatevents-9uH1vPEHcrRMyXCxnpWl5g==/base.apk): ok
07-17 11:09:14.406 D/nativeloader(29979): Load /data/app/~~fbD4WrYW0p-1wHW3e_7UAg==/com.gleidsonlm.threatevents-9uH1vPEHcrRMyXCxnpWl5g==/split_config.arm64_v8a.apk!/lib/arm64-v8a/libjsi.so using class loader ns clns-7 (caller=/data/app/~~fbD4WrYW0p-1wHW3e_7UAg==/com.gleidsonlm.threatevents-9uH1vPEHcrRMyXCxnpWl5g==/base.apk): ok
07-17 11:09:14.407 D/nativeloader(29979): Load /data/app/~~fbD4WrYW0p-1wHW3e_7UAg==/com.gleidsonlm.threatevents-9uH1vPEHcrRMyXCxnpWl5g==/split_config.arm64_v8a.apk!/lib/arm64-v8a/libfbjni.so using class loader ns clns-7 (caller=/data/app/~~fbD4WrYW0p-1wHW3e_7UAg==/com.gleidsonlm.threatevents-9uH1vPEHcrRMyXCxnpWl5g==/base.apk): ok
07-17 11:09:14.408 I/HoneySpace.FloatingAnimator( 5152): container x: 178.24576, y: 354.31018, scale : 0.7411836
07-17 11:09:14.408 W/Layer   ( 2123): gatherBufferInfo: Received unknown dataspace from gralloc
07-17 11:09:14.409 I/VRI[LauncherActivity]@acb92cf( 5152): mWNT: t=0xb4000070b4899180 mBlastBufferQueue=0xb4000070a326aa00 fn= 358 HdrRenderState mRenderHdrSdrRatio=1.0 caller= com.android.systemui.shared.launcher.ViewRootImplCompat.mergeWithNextTransaction:4 com.honeyspace.transition.utils.SurfaceTransactionApplier.scheduleApply$lambda$1:26 com.honeyspace.transition.utils.SurfaceTransactionApplier.b:0 
07-17 11:09:14.411 D/nativeloader(29979): Load /data/app/~~fbD4WrYW0p-1wHW3e_7UAg==/com.gleidsonlm.threatevents-9uH1vPEHcrRMyXCxnpWl5g==/split_config.arm64_v8a.apk!/lib/arm64-v8a/libreactnative.so using class loader ns clns-7 (caller=/data/app/~~fbD4WrYW0p-1wHW3e_7UAg==/com.gleidsonlm.threatevents-9uH1vPEHcrRMyXCxnpWl5g==/base.apk): ok
07-17 11:09:14.411 D/jni_lib_merge(29979): Entering merged library JNI_OnLoad.
07-17 11:09:14.411 D/jni_lib_merge(29979): Preparing 11 pre-merged libs (including stub)
07-17 11:09:14.411 D/jni_lib_merge(29979): Preparing to register libfabricjni_so.  onload_func: 0x7142ac8da0
07-17 11:09:14.411 D/jni_lib_merge(29979): Preparing to register libreact_devsupportjni_so.  onload_func: 0x7142b9a9ec
07-17 11:09:14.411 D/jni_lib_merge(29979): Preparing to register libreact_featureflagsjni_so.  onload_func: 0x7142ba2c88
07-17 11:09:14.411 D/jni_lib_merge(29979): Preparing to register libreact_newarchdefaults_so.  onload_func: 0x7142bc6c70
07-17 11:09:14.411 D/jni_lib_merge(29979): Preparing to register libreactnativeblob_so.  onload_func: 0x7142c4dac4
07-17 11:09:14.411 D/jni_lib_merge(29979): Preparing to register libreactnativejni_so.  onload_func: 0x7142c6baac
07-17 11:09:14.412 D/jni_lib_merge(29979): Preparing to register librninstance_so.  onload_func: 0x7142c85238
07-17 11:09:14.412 D/jni_lib_merge(29979): Preparing to register libturbomodulejsijni_so.  onload_func: 0x7142cffe60
07-17 11:09:14.412 D/jni_lib_merge(29979): Preparing to register libuimanagerjni_so.  onload_func: 0x7142d07378
07-17 11:09:14.412 D/jni_lib_merge(29979): Preparing to register libyoga_so.  onload_func: 0x7142d0c7cc
07-17 11:09:14.412 D/jni_lib_merge(29979): About to register 10 actual methods.
07-17 11:09:14.414 I/GestureDetector( 2493): handleMessage TAP
07-17 11:09:14.414 D/nativeloader(29979): Load /data/app/~~fbD4WrYW0p-1wHW3e_7UAg==/com.gleidsonlm.threatevents-9uH1vPEHcrRMyXCxnpWl5g==/split_config.arm64_v8a.apk!/lib/arm64-v8a/libreact_codegen_rnscreens.so using class loader ns clns-7 (caller=/data/app/~~fbD4WrYW0p-1wHW3e_7UAg==/com.gleidsonlm.threatevents-9uH1vPEHcrRMyXCxnpWl5g==/base.apk): ok
07-17 11:09:14.414 D/jni_lib_merge(29979): Entering merged library JNI_OnLoad.
07-17 11:09:14.414 D/jni_lib_merge(29979): Preparing 11 pre-merged libs (including stub)
07-17 11:09:14.414 D/jni_lib_merge(29979): Preparing to register libfabricjni_so.  onload_func: 0x7142ac8da0
07-17 11:09:14.414 D/jni_lib_merge(29979): Preparing to register libreact_devsupportjni_so.  onload_func: 0x7142b9a9ec
07-17 11:09:14.414 D/jni_lib_merge(29979): Preparing to register libreact_featureflagsjni_so.  onload_func: 0x7142ba2c88
07-17 11:09:14.414 D/jni_lib_merge(29979): Preparing to register libreact_newarchdefaults_so.  onload_func: 0x7142bc6c70
07-17 11:09:14.414 D/jni_lib_merge(29979): Preparing to register libreactnativeblob_so.  onload_func: 0x7142c4dac4
07-17 11:09:14.414 D/jni_lib_merge(29979): Preparing to register libreactnativejni_so.  onload_func: 0x7142c6baac
07-17 11:09:14.414 D/jni_lib_merge(29979): Preparing to register librninstance_so.  onload_func: 0x7142c85238
07-17 11:09:14.414 D/jni_lib_merge(29979): Preparing to register libturbomodulejsijni_so.  onload_func: 0x7142cffe60
07-17 11:09:14.414 D/jni_lib_merge(29979): Preparing to register libuimanagerjni_so.  onload_func: 0x7142d07378
07-17 11:09:14.414 D/jni_lib_merge(29979): Preparing to register libyoga_so.  onload_func: 0x7142d0c7cc
07-17 11:09:14.414 D/jni_lib_merge(29979): About to register 10 actual methods.
07-17 11:09:14.415 I/GestureDetector( 2493): handleMessage TAP
07-17 11:09:14.415 D/nativeloader(29979): Load /data/app/~~fbD4WrYW0p-1wHW3e_7UAg==/com.gleidsonlm.threatevents-9uH1vPEHcrRMyXCxnpWl5g==/split_config.arm64_v8a.apk!/lib/arm64-v8a/libreact_codegen_safeareacontext.so using class loader ns clns-7 (caller=/data/app/~~fbD4WrYW0p-1wHW3e_7UAg==/com.gleidsonlm.threatevents-9uH1vPEHcrRMyXCxnpWl5g==/base.apk): ok
07-17 11:09:14.416 I/HoneySpace.FloatingAnimator( 5152): container x: 158.26819, y: 314.59952, scale : 0.7701914
07-17 11:09:14.416 D/nativeloader(29979): Load /data/app/~~fbD4WrYW0p-1wHW3e_7UAg==/com.gleidsonlm.threatevents-9uH1vPEHcrRMyXCxnpWl5g==/split_config.arm64_v8a.apk!/lib/arm64-v8a/libappmodules.so using class loader ns clns-7 (caller=/data/app/~~fbD4WrYW0p-1wHW3e_7UAg==/com.gleidsonlm.threatevents-9uH1vPEHcrRMyXCxnpWl5g==/base.apk): ok
07-17 11:09:14.417 W/Layer   ( 2123): gatherBufferInfo: Received unknown dataspace from gralloc
07-17 11:09:14.417 E/ANDR-PERF-MPCTL( 2043): ANDR-PERF-MPCTL: internal_perf_lock_acq_verification() 385: Perflock Submit request limit reached.
--------- switch to system
07-17 11:09:14.417 V/WindowManager( 2493): Computed rotation=ROTATION_0 (0) for display id=0 based on lastOrientation=SCREEN_ORIENTATION_PORTRAIT (1) and oldRotation=ROTATION_0 (0), caller=com.android.server.wm.DisplayRotation.updateOrientation:25 com.android.server.wm.DisplayContent.updateOrientation:65 com.android.server.wm.DisplayContent.updateOrientation:11 com.android.server.wm.RootWindowContainer.ensureVisibilityAndConfig:7 com.android.server.wm.ActivityTaskSupervisor.realStartActivityLocked:213 com.android.server.wm.RootWindowContainer.attachApplication:90 
--------- switch to main
07-17 11:09:14.417 I/VRI[LauncherActivity]@acb92cf( 5152): mWNT: t=0xb4000070b4899300 mBlastBufferQueue=0xb4000070a326aa00 fn= 359 HdrRenderState mRenderHdrSdrRatio=1.0 caller= com.android.systemui.shared.launcher.ViewRootImplCompat.mergeWithNextTransaction:4 com.honeyspace.transition.utils.SurfaceTransactionApplier.scheduleApply$lambda$1:26 com.honeyspace.transition.utils.SurfaceTransactionApplier.b:0 
--------- switch to system
07-17 11:09:14.418 D/SGM:FgCheckThread( 2493): notifyAppCreated(), packageName: com.gleidsonlm.threatevents, userId: 0, sendRet: true
07-17 11:09:14.418 D/SGM:FgCheckThread( 2493): onLooperPrepared(), msg: MSG_APP_CREATE, pkgName: com.gleidsonlm.threatevents, userId: 0
07-17 11:09:14.418 D/CompatChangeReporter( 2493): Compat change id reported: 324203798; UID 10396; state: ENABLED
07-17 11:09:14.419 D/SGM:FgCheckThread( 2493): TaskStackListener.onTaskFocusChanged(), taskId=1097, focused=false
07-17 11:09:14.419 D/SGM:FgCheckThread( 2493): TaskStackListener.onTaskFocusChanged(), taskId=1338, focused=true
07-17 11:09:14.419 D/SGM:FgCheckThread( 2493):   sendRunningComponentFocus(), pkgName: com.gleidsonlm.threatevents, userId: 0
07-17 11:09:14.419 D/SGM:FgCheckThread( 2493): onLooperPrepared(), msg: MSG_TASK_FOCUSED, pkgName: com.gleidsonlm.threatevents, userId: 0
07-17 11:09:14.419 D/SGM:FgCheckThread( 2493): handleTaskFocused().
07-17 11:09:14.419 D/SGM:FgCheckThread( 2493):   handleTaskFocused(), pkgName: com.gleidsonlm.threatevents, userID:0
07-17 11:09:14.419 D/SGM:FgCheckThread( 2493): handleResume().
07-17 11:09:14.419 D/SGM:FgCheckThread( 2493): sendFocusOutConditionally() - mPrevNotiPkg: com.samsung.android.game.gamehome, userId: 0
07-17 11:09:14.419 D/SGM:FgCheckThread( 2493):   handleResume(). pkgName: com.gleidsonlm.threatevents, userId: 0, category: non-game
07-17 11:09:14.419 D/SGM:FgCheckThread( 2493): notifyFocusInOut(). of pkg: com.gleidsonlm.threatevents, type: 4, isSecGameFamily: false, userId: 0
07-17 11:09:14.419 D/SGM:FgCheckThread( 2493):   notifyFocusInOut(). do nothing
07-17 11:09:14.419 D/SGM:SystemHelper( 2493): callReleaseBlock needReleaseBlock:false
--------- switch to main
07-17 11:09:14.420 D/InputDispatcher( 2493): Focused application(0): ActivityRecord{a24f1e2 u0 com.gleidsonlm.threatevents/.MainActivity t1338}
--------- switch to system
07-17 11:09:14.420 D/ActivityTaskManager( 2493): scheduleTopResumedActivityChanged, onTop=true, r=ActivityRecord{a24f1e2 u0 com.gleidsonlm.threatevents/.MainActivity t1338}, caller=com.android.server.wm.ActivityTaskSupervisor.updateTopResumedActivityIfNeeded:62 com.android.server.wm.TaskFragment.setResumedActivity:29 com.android.server.wm.ActivityRecord.setState:104 com.android.server.wm.ActivityTaskSupervisor.realStartActivityLocked:949 com.android.server.wm.RootWindowContainer.attachApplication:90 com.android.server.wm.ActivityTaskManagerService$LocalService.attachApplication:40 
--------- switch to main
07-17 11:09:14.420 D/AS.MultiSoundManager( 2493): mForegroundUid = 10396
07-17 11:09:14.421 I/{OngoingActivityDataHelper}( 4565): setBaseActivityComponentName:ComponentInfo{com.gleidsonlm.threatevents/com.gleidsonlm.threatevents.MainActivity}
--------- switch to system
07-17 11:09:14.421 D/SGM:FgCheckThread( 2493): noteResumeComponent(), received pkgName: com.gleidsonlm.threatevents, userId: 0
07-17 11:09:14.421 D/SGM:FgCheckThread( 2493): onLooperPrepared(), msg: MSG_APP_RESUME, pkgName: com.gleidsonlm.threatevents, userid: 0
07-17 11:09:14.421 D/SGM:FgCheckThread( 2493): handleResume().
07-17 11:09:14.421 D/SGM:FgCheckThread( 2493): sendFocusOutConditionally() - mPrevNotiPkg: com.samsung.android.game.gamehome, userId: 0
07-17 11:09:14.421 D/SGM:FgCheckThread( 2493):   handleResume(). pkgName: com.gleidsonlm.threatevents, userId: 0, category: non-game
07-17 11:09:14.421 D/SGM:FgCheckThread( 2493): notifyFocusInOut(). of pkg: com.gleidsonlm.threatevents, type: 4, isSecGameFamily: false, userId: 0
07-17 11:09:14.421 D/SGM:FgCheckThread( 2493):   notifyFocusInOut(). do nothing
07-17 11:09:14.421 D/SGM:SystemHelper( 2493): callReleaseBlock needReleaseBlock:false
07-17 11:09:14.421 D/SGM:GameManager( 2493): identifyGamePackage. com.gleidsonlm.threatevents, mCurrentUserId: 0, callerUserId: 0, callingMethodInfo: com.samsung.android.game.SemGameManager.isGamePackage(SemGameManager.java:105)
07-17 11:09:14.421 D/SGM:SemGameManager( 2493): isGamePackage(), pkgName=com.gleidsonlm.threatevents, ret=false
--------- switch to main
07-17 11:09:14.422 D/GraphicsStatsService( 2493): requestRenderEngineFor(com.gleidsonlm.threatevents)
--------- switch to system
07-17 11:09:14.422 D/ActivityThread(29979): com.gleidsonlm.threatevents will use render engine as VK
--------- switch to main
07-17 11:09:14.422 D/HWUI    (29979): HWUI - treat SMPTE_170M as sRGB
--------- switch to system
07-17 11:09:14.423 I/SDHMS:l ( 7337): handleResumeComponent : put = com.gleidsonlm.threatevents, userid = 0 instanceid =193544240
--------- switch to main
07-17 11:09:14.424 D/HWUI    (29979): CacheManager constructor. deviceInfo=(1080, 1920)
07-17 11:09:14.424 I/AdrenoGLES-0(29979): QUALCOMM build                   : 0072b4b1a5, Icba6ef92d0
07-17 11:09:14.424 I/AdrenoGLES-0(29979): Build Date                       : 04/19/25
07-17 11:09:14.424 I/AdrenoGLES-0(29979): OpenGL ES Shader Compiler Version: E031.41.03.61
07-17 11:09:14.424 I/AdrenoGLES-0(29979): Local Branch                     : 
07-17 11:09:14.424 I/AdrenoGLES-0(29979): Remote Branch                    : refs/tags/AU_LINUX_ANDROID_LA.VENDOR.13.2.0.11.00.00.856.062
07-17 11:09:14.424 I/AdrenoGLES-0(29979): Remote Branch                    : NONE
07-17 11:09:14.424 I/AdrenoGLES-0(29979): Reconstruct Branch               : NOTHING
07-17 11:09:14.424 I/AdrenoGLES-0(29979): Build Config                     : S P 14.1.4 AArch64
