07-17 13:07:05.512 I/WifiConnectivityMonitor( 2493): determineMode : MODE_AGG_BY_SWITCH_TO_MOBILE_DATA_OPTION
07-17 13:07:05.512 D/OpenNetworkQos[4.00]( 2493): updateBssidNoInternet: mBssidNoInternet = false
07-17 13:07:05.513 D/OpenNetworkQos[4.00]( 2493): getOpenNetworkQosNoInternetStatus: false
07-17 13:07:05.513 D/OpenNetworkQos[4.00]( 2493): getOpenNetworkQosScores: 30 23 30 
07-17 13:07:05.513 D/SemWifiApTrafficPriority( 2493): onCapabilitiesChanged Wifi:wlan0,mGapiValue:59.556Uplink: 13.146
--------- switch to system
07-17 13:07:05.513 D/KNOX_MDM_SettingsProvider( 2493): isChangeAllowed() : name = wifi_wcm_qos_sharing_score_summary
--------- switch to main
07-17 13:07:05.513 I/WifiProfileShare( 2493): network QoS data was changed (internet), updateQoSData networkType: true, qosData: false
07-17 13:07:05.513 D/WifiConnectivityMonitor( 2493): VALIDATED_DETECTED
07-17 13:07:05.513 V/WifiProfileShare.Caster( 2493): update wips network, size: 0
07-17 13:07:05.513 D/WifiProfileShare( 2493): nearby scanning settings run
07-17 13:07:05.513 D/WifiProfileShare( 2493): network score provider settings enabled
07-17 13:07:05.513 D/OpenNetworkQos[4.00]( 2493): getOpenNetworkQosScores: 30 23 30 
07-17 13:07:05.513 D/OpenNetworkQos[4.00]( 2493): getOpenNetworkQosNoInternetStatus: false
07-17 13:07:05.513 I/WifiProfileShare.Caster( 2493): current network type: 0, score: [30, 23, 30]
07-17 13:07:05.513 V/WifiProfileShare.Cache( 2493): update network score 60:83:e7:**:**:25
07-17 13:07:05.513 D/WifiProfileShare.ScanMatcher( 2493): getMcfDataList size:2
07-17 13:07:05.513 I/WifiProfileShare.Caster( 2493): qos data was updated , before:type:QOS, pBssid:d7:b5:45, qosData:77 after:type:QOS, pBssid:d7:b5:45, qosData:77
07-17 13:07:05.514 D/Tile.WifiTile( 4565): handleUpdateState isTransient=false transientEnabling =false cb.isTransient=false state.state = 2 mStateBeforeClick.value =false enabled =true
07-17 13:07:05.516 I/BugleRcsEngine(16033): handleMessage processing message:[NOTIFY_UPTIME_IGNORE_STATE_CHANGED] with [non-null]:RcsEngineImpl reference [CONTEXT log_prefix="RcsEngineImpl[DUAL_REG]:[776a7439-e53e]>Handler" thread_id=2057 ]
07-17 13:07:05.516 I/BugleRcsEngine(16033): Connected state: [1], networkType: [WIFI] [CONTEXT thread_id=2048 ]
07-17 13:07:05.516 I/artd    (30521): GetBestInfo: odex next to the dex file (/data/app/~~sis9wgqLDpFLJqRJVQhg3w==/com.google.android.projection.gearhead-d1k6SLGZqGqWTexwbMD_4A==/oat/arm64/base.odex) is kOatUpToDate with filter 'speed-profile' executable 'false'
07-17 13:07:05.516 W/JobService( 4573): onNetworkChanged() not implemented in com.google.android.finsky.scheduler.process.mainimpl.PhoneskyJobServiceMain. Must override in a subclass.
--------- switch to system
07-17 13:07:05.517 D/ActivityManager( 2493): unpendingScheduleServiceRestart: u=10123, drop=false
--------- switch to main
07-17 13:07:05.518 I/HoneySpace.FloatingAnimator( 5152): container x: 308.14062, y: 612.5103, scale : 0.5525736
07-17 13:07:05.518 W/Layer   ( 2123): gatherBufferInfo: Received unknown dataspace from gralloc
07-17 13:07:05.518 I/VRI[LauncherActivity]@acb92cf( 5152): mWNT: t=0xb4000070b4812f00 mBlastBufferQueue=0xb4000070b4b8a080 fn= 388 HdrRenderState mRenderHdrSdrRatio=1.0 caller= com.android.systemui.shared.launcher.ViewRootImplCompat.mergeWithNextTransaction:4 com.honeyspace.transition.utils.SurfaceTransactionApplier.scheduleApply$lambda$1:26 com.honeyspace.transition.utils.SurfaceTransactionApplier.b:0 
07-17 13:07:05.518 D/WifiPickerTracker( 4565): updateWifiEntries capabilities
07-17 13:07:05.519 D/WifiPickerTracker( 4565): update AutoHotspot Entries() : bleAccessPoints -> 0
07-17 13:07:05.519 I/HBD     ( 8223): i onCapabilitiesChanged network : 388 current network state : wifi 
07-17 13:07:05.520 I/artd    (30521): GetBestInfo: vdex next to the dex file (/data/user/0/com.google.android.projection.gearhead/app_impl/oat/arm64/sdk_impl.vdex) is kOatUpToDate with filter 'verify' executable 'false'
07-17 13:07:05.521 D/WifiPickerTracker( 4565): handleNetworkCapabilitiesChanged
07-17 13:07:05.521 D/Tile.WifiTile( 4565): handleUpdateState isTransient=false transientEnabling =false cb.isTransient=false state.state = 2 mStateBeforeClick.value =false enabled =true
07-17 13:07:05.521 I/SemWifiLinkQualityMonitor( 2493): Link stat: 418 / 83 / 1.50 (9) / 137 / -58.0 || 100.0 : 137.00 / 0.5 : 0.67 / 0.55 : 0.20 / G (G) || e75452255200: 0.386 / 20.709 /  / N || N N / 0 / N 2.0 / N 0 / 298118420 0
07-17 13:07:05.521 I/[MCFSDK_android_1.2.27006]_4_McfCasterImpl( 2493): isNetworkEnabled - type : 1 ret : true
07-17 13:07:05.521 D/WifiProfileShare.McfCast( 2493): -ME--- mIsNetworkEnabled :true
07-17 13:07:05.521 D/WifiProfileShare.McfCast( 2493): updateQoSData ignored, same contents
07-17 13:07:05.521 D/WifiProfileShare.MCF( 2493): success update QosData !
07-17 13:07:05.522 D/SemWifiUsabilityStatsMonitor( 2493): onWifiUsabilityStats - seqNum 54064, isSameBssidAndFreq true
--------- switch to system
07-17 13:07:05.522 D/SemApeService( 2493): Deducted link capacity (M: R=95 T=95) RSSI=-62
07-17 13:07:05.522 D/SemApeService( 2493): Deducted link capacity (M: R=95 T=95) on (wlan0) GoogleAPI(M: R=59 T=13) RSSI=-62 isDefault=false isMlo=false
--------- switch to main
07-17 13:07:05.523 I/[MCFSDK_android_1.2.27006]_4_McfCasterImpl( 2493): isNetworkEnabled - type : 1 ret : true
07-17 13:07:05.523 D/WifiProfileShare.McfCast( 2493): -ME--- mIsNetworkEnabled :true
07-17 13:07:05.523 D/WifiProfileShare.McfCast( 2493): -ME--- updatePasswordDate pwdData size:2
07-17 13:07:05.523 I/SemWifiServiceDetector( 2493): Service det. resumed: T / T / 9069
07-17 13:07:05.524 I/BugleRcsEngine(16033): Rcs is enabled from user settings: true [CONTEXT log_prefix="ProvisioningEngineDataRetriever" thread_id=2057 ]
07-17 13:07:05.526 I/HoneySpace.FloatingAnimator( 5152): container x: 264.98938, y: 526.7359, scale : 0.6152301
07-17 13:07:05.526 W/Layer   ( 2123): gatherBufferInfo: Received unknown dataspace from gralloc
07-17 13:07:05.526 I/VRI[LauncherActivity]@acb92cf( 5152): mWNT: t=0xb4000070b4813080 mBlastBufferQueue=0xb4000070b4b8a080 fn= 389 HdrRenderState mRenderHdrSdrRatio=1.0 caller= com.android.systemui.shared.launcher.ViewRootImplCompat.mergeWithNextTransaction:4 com.honeyspace.transition.utils.SurfaceTransactionApplier.scheduleApply$lambda$1:26 com.honeyspace.transition.utils.SurfaceTransactionApplier.b:0 
07-17 13:07:05.527 W/Finsky  ( 4573): [2] STU: Failed to get storage stats for package 'com.android.profiling' (1601: Error getting stats: android.content.pm.PackageManager.NameNotFoundException)
--------- switch to system
07-17 13:07:05.529 D/ActivityManager( 2493): unpendingScheduleServiceRestart: u=10356, drop=false
--------- switch to main
07-17 13:07:05.534 I/HoneySpace.FloatingAnimator( 5152): container x: 231.38274, y: 459.93387, scale : 0.66402763
07-17 13:07:05.534 W/Layer   ( 2123): gatherBufferInfo: Received unknown dataspace from gralloc
07-17 13:07:05.534 W/Layer   ( 2123): gatherBufferInfo: Received unknown dataspace from gralloc
07-17 13:07:05.535 I/VRI[LauncherActivity]@acb92cf( 5152): mWNT: t=0xb4000070b4813200 mBlastBufferQueue=0xb4000070b4b8a080 fn= 390 HdrRenderState mRenderHdrSdrRatio=1.0 caller= com.android.systemui.shared.launcher.ViewRootImplCompat.mergeWithNextTransaction:4 com.honeyspace.transition.utils.SurfaceTransactionApplier.scheduleApply$lambda$1:26 com.honeyspace.transition.utils.SurfaceTransactionApplier.b:0 
07-17 13:07:05.539 I/artd    (30521): GetBestInfo: odex next to the dex file (/data/app/~~yPadqrVFU-MhrtSWHzaYDQ==/com.samsung.knox.securefolder-b_Y51yozCsMAxCq8OK4PxA==/oat/arm64/base.odex) is kOatCannotOpen: In oat file '/data/app/~~yPadqrVFU-MhrtSWHzaYDQ==/com.samsung.knox.securefolder-b_Y51yozCsMAxCq8OK4PxA==/oat/arm64/base.odex': invalid oat header: Invalid oat version, expected 0x32353900, got 0x32353100.
07-17 13:07:05.540 I/artd    (30521): GetBestInfo: vdex next to the dex file (/data/app/~~yPadqrVFU-MhrtSWHzaYDQ==/com.samsung.knox.securefolder-b_Y51yozCsMAxCq8OK4PxA==/oat/arm64/base.vdex) is kOatUpToDate with filter 'verify' executable 'false'
07-17 13:07:05.543 I/HoneySpace.FloatingAnimator( 5152): container x: 206.03036, y: 409.5394, scale : 0.7008398
07-17 13:07:05.543 W/Layer   ( 2123): gatherBufferInfo: Received unknown dataspace from gralloc
07-17 13:07:05.544 I/VRI[LauncherActivity]@acb92cf( 5152): mWNT: t=0xb4000070b4813500 mBlastBufferQueue=0xb4000070b4b8a080 fn= 391 HdrRenderState mRenderHdrSdrRatio=1.0 caller= com.android.systemui.shared.launcher.ViewRootImplCompat.mergeWithNextTransaction:4 com.honeyspace.transition.utils.SurfaceTransactionApplier.scheduleApply$lambda$1:26 com.honeyspace.transition.utils.SurfaceTransactionApplier.b:0 
07-17 13:07:05.547 D/nativeloader(30862): Load /data/app/~~jTEW7WjhKOu2EPYlcUDDww==/com.gleidsonlm.threatevents-1igq79XScRkA_cECqCSNzA==/split_config.arm64_v8a.apk!/lib/arm64-v8a/libloader.so using class loader ns clns-7 (caller=/data/app/~~jTEW7WjhKOu2EPYlcUDDww==/com.gleidsonlm.threatevents-1igq79XScRkA_cECqCSNzA==/base.apk!classes4.dex): ok
07-17 13:07:05.549 I/artd    (30521): GetBestInfo: odex next to the dex file (/data/app/~~j7VIx2D7DEJdyY6ZKDlnDA==/br.gov.dataprev.carteiradigital-GI01pEeM_InuSqGdmVJH_g==/oat/arm64/base.odex) is kOatCannotOpen: In oat file '/data/app/~~j7VIx2D7DEJdyY6ZKDlnDA==/br.gov.dataprev.carteiradigital-GI01pEeM_InuSqGdmVJH_g==/oat/arm64/base.odex': invalid oat header: Invalid oat version, expected 0x32353900, got 0x32353100.
07-17 13:07:05.550 D/CompatChangeReporter(30862): Compat change id reported: 202956589; UID 10399; state: ENABLED
07-17 13:07:05.551 I/HoneySpace.FloatingAnimator( 5152): container x: 178.24576, y: 354.31018, scale : 0.7411836
07-17 13:07:05.551 W/Layer   ( 2123): gatherBufferInfo: Received unknown dataspace from gralloc
07-17 13:07:05.552 I/artd    (30521): GetBestInfo: vdex next to the dex file (/data/app/~~j7VIx2D7DEJdyY6ZKDlnDA==/br.gov.dataprev.carteiradigital-GI01pEeM_InuSqGdmVJH_g==/oat/arm64/base.vdex) is kOatUpToDate with filter 'verify' executable 'false'
07-17 13:07:05.552 I/VRI[LauncherActivity]@acb92cf( 5152): mWNT: t=0xb4000070b4813680 mBlastBufferQueue=0xb4000070b4b8a080 fn= 392 HdrRenderState mRenderHdrSdrRatio=1.0 caller= com.android.systemui.shared.launcher.ViewRootImplCompat.mergeWithNextTransaction:4 com.honeyspace.transition.utils.SurfaceTransactionApplier.scheduleApply$lambda$1:26 com.honeyspace.transition.utils.SurfaceTransactionApplier.b:0 
07-17 13:07:05.556 V/GraphicsEnvironment(30862): Currently set values for:
07-17 13:07:05.556 V/GraphicsEnvironment(30862):   angle_gl_driver_selection_pkgs=[]
07-17 13:07:05.556 V/GraphicsEnvironment(30862):   angle_gl_driver_selection_values=[]
07-17 13:07:05.556 V/GraphicsEnvironment(30862): Global.Settings values are invalid: number of packages: 0, number of values: 0
07-17 13:07:05.557 V/GraphicsEnvironment(30862): App is not on the allowlist for updatable production driver.
07-17 13:07:05.559 I/HoneySpace.FloatingAnimator( 5152): container x: 158.26819, y: 314.59952, scale : 0.7701914
07-17 13:07:05.559 W/Layer   ( 2123): gatherBufferInfo: Received unknown dataspace from gralloc
07-17 13:07:05.560 I/VRI[LauncherActivity]@acb92cf( 5152): mWNT: t=0xb4000070b4813800 mBlastBufferQueue=0xb4000070b4b8a080 fn= 393 HdrRenderState mRenderHdrSdrRatio=1.0 caller= com.android.systemui.shared.launcher.ViewRootImplCompat.mergeWithNextTransaction:4 com.honeyspace.transition.utils.SurfaceTransactionApplier.scheduleApply$lambda$1:26 com.honeyspace.transition.utils.SurfaceTransactionApplier.b:0 
07-17 13:07:05.568 I/HoneySpace.FloatingAnimator( 5152): container x: 141.0931, y: 280.45953, scale : 0.79513
07-17 13:07:05.568 W/Layer   ( 2123): gatherBufferInfo: Received unknown dataspace from gralloc
07-17 13:07:05.568 W/Layer   ( 2123): gatherBufferInfo: Received unknown dataspace from gralloc
07-17 13:07:05.568 I/VRI[LauncherActivity]@acb92cf( 5152): mWNT: t=0xb4000070b4813980 mBlastBufferQueue=0xb4000070b4b8a080 fn= 394 HdrRenderState mRenderHdrSdrRatio=1.0 caller= com.android.systemui.shared.launcher.ViewRootImplCompat.mergeWithNextTransaction:4 com.honeyspace.transition.utils.SurfaceTransactionApplier.scheduleApply$lambda$1:26 com.honeyspace.transition.utils.SurfaceTransactionApplier.b:0 
--------- switch to system
07-17 13:07:05.566 D/MdnieScenarioControlService( 2493):  packageName : com.gleidsonlm.threatevents    className : com.gleidsonlm.threatevents.MainActivity
07-17 13:07:05.570 V/MdnieScenarioControlService( 2493): setUIMode from UI function(3)
--------- switch to main
07-17 13:07:05.570 W/ParceledListSlice( 2493): Element #23 is 21024 bytes.
07-17 13:07:05.575 I/artd    (30521): GetBestInfo: odex next to the dex file (/data/app/~~OBHFvgLJ1C20ZQ7EoXsPoQ==/com.google.android.apps.authenticator2-SBO_C5HnbwnOfA0v1aH9FQ==/oat/arm64/base.odex) is kOatUpToDate with filter 'speed-profile' executable 'false'
07-17 13:07:05.576 W/Layer   ( 2123): gatherBufferInfo: Received unknown dataspace from gralloc
07-17 13:07:05.576 W/Layer   ( 2123): gatherBufferInfo: Received unknown dataspace from gralloc
07-17 13:07:05.576 I/HoneySpace.FloatingAnimator( 5152): container x: 123.822205, y: 246.1291, scale : 0.82020766
07-17 13:07:05.577 I/VRI[LauncherActivity]@acb92cf( 5152): mWNT: t=0xb4000070b4813b00 mBlastBufferQueue=0xb4000070b4b8a080 fn= 395 HdrRenderState mRenderHdrSdrRatio=1.0 caller= com.android.systemui.shared.launcher.ViewRootImplCompat.mergeWithNextTransaction:4 com.honeyspace.transition.utils.SurfaceTransactionApplier.scheduleApply$lambda$1:26 com.honeyspace.transition.utils.SurfaceTransactionApplier.b:0 
07-17 13:07:05.584 I/HoneySpace.FloatingAnimator( 5152): container x: 109.7845, y: 218.2255, scale : 0.8405907
07-17 13:07:05.584 W/Layer   ( 2123): gatherBufferInfo: Received unknown dataspace from gralloc
07-17 13:07:05.584 W/Layer   ( 2123): gatherBufferInfo: Received unknown dataspace from gralloc
07-17 13:07:05.585 I/sensors-hal( 1990): set_config:61, sample_period_ns is adjusted to 200000000 based on min/max delay_ns
07-17 13:07:05.585 I/sensors-hal( 1990): batch:369, android.sensor.accelerometer/11, period=200000000, max_latency=0 request completed
07-17 13:07:05.585 I/sensors-hal( 1990): activate:285, android.sensor.accelerometer/11 en=1
07-17 13:07:05.585 I/sensors-hal( 1990): acquire_ssc_interface:114, acquire_ssc_interface with sensor_id 38 , conn_type 3 
07-17 13:07:05.586 I/VRI[LauncherActivity]@acb92cf( 5152): mWNT: t=0xb4000070b4813e00 mBlastBufferQueue=0xb4000070b4b8a080 fn= 396 HdrRenderState mRenderHdrSdrRatio=1.0 caller= com.android.systemui.shared.launcher.ViewRootImplCompat.mergeWithNextTransaction:4 com.honeyspace.transition.utils.SurfaceTransactionApplier.scheduleApply$lambda$1:26 com.honeyspace.transition.utils.SurfaceTransactionApplier.b:0 
07-17 13:07:05.586 E/minksocket( 1957): MinkIPC_QRTR_Service: client with node 1 port 476f went down
07-17 13:07:05.586 E/minksocket( 1957): MinkIPC_QRTR_Service: client with node 1 port 476f went down
07-17 13:07:05.588 I/sensors-hal( 1990): ssc_qmi:36, ssc_qmi
07-17 13:07:05.588 I/sensors-hal( 1990): register_cb:305, register_cb start this=0xb40000706382da00x
07-17 13:07:05.588 I/sensors-hal( 1990): register_cb:321, register_cb End with succes
07-17 13:07:05.588 I/sensors-hal( 1990): send_sensor_config_request:590, resampler is used, set resampler config
07-17 13:07:05.588 I/sensors-hal( 1990): send_sync_sensor_request:521, send sync request
07-17 13:07:05.588 I/sensors-hal( 1990): send_sync_sensor_request:531, send_sync_sensor_request before send_request for accel with SUID low=11115320498015681092 high=2286538866409242278
07-17 13:07:05.588 I/sensors-hal( 1990): send_request:330, send_request start this=0xb40000706382da00x 
07-17 13:07:05.588 I/sensors-hal( 1990): send_request:415, send_request completed, this=0xb40000706382da00x
07-17 13:07:05.588 I/sensors-hal( 1990): send_sync_sensor_request:552, wait for notification of response
07-17 13:07:05.589 E/minksocket( 1957): MinkIPC_QRTR_Service: client with node 1 port 4770 went down
07-17 13:07:05.589 E/minksocket( 1957): MinkIPC_QRTR_Service: client with node 1 port 4771 went down
07-17 13:07:05.589 E/minksocket( 1957): MinkIPC_QRTR_Service: client with node 1 port 4772 went down
07-17 13:07:05.589 E/minksocket( 1957): MinkIPC_QRTR_Service: client with node 1 port 4770 went down
07-17 13:07:05.589 E/minksocket( 1957): MinkIPC_QRTR_Service: client with node 1 port 4771 went down
07-17 13:07:05.589 E/minksocket( 1957): MinkIPC_QRTR_Service: client with node 1 port 4772 went down
07-17 13:07:05.590 I/sensors-hal( 1990): ssc_conn_resp_cb:941, resp_value = 0 for accel 
07-17 13:07:05.590 I/sensors-hal( 1990): handle_resp_cb:517, handle_resp_cb Ended this=0xb40000706382da00x
07-17 13:07:05.590 I/sensors-hal( 1990): send_sync_sensor_request:558, takes 1 ms to receive the response with 0
07-17 13:07:05.590 I/sensors-hal( 1990): activate:303, android.sensor.accelerometer/11 en=1 completed
07-17 13:07:05.590 D/SensorManager(30862): registerListener :: 11, lsm6dso LSM6DSO Accelerometer Non-wakeup, 200000, 0, 
07-17 13:07:05.593 I/HoneySpace.FloatingAnimator( 5152): container x: 98.03671, y: 194.87367, scale : 0.85764873
07-17 13:07:05.593 W/Layer   ( 2123): gatherBufferInfo: Received unknown dataspace from gralloc
07-17 13:07:05.593 W/Layer   ( 2123): gatherBufferInfo: Received unknown dataspace from gralloc
07-17 13:07:05.593 I/VRI[LauncherActivity]@acb92cf( 5152): mWNT: t=0xb4000070b4813f80 mBlastBufferQueue=0xb4000070b4b8a080 fn= 397 HdrRenderState mRenderHdrSdrRatio=1.0 caller= com.android.systemui.shared.launcher.ViewRootImplCompat.mergeWithNextTransaction:4 com.honeyspace.transition.utils.SurfaceTransactionApplier.scheduleApply$lambda$1:26 com.honeyspace.transition.utils.SurfaceTransactionApplier.b:0 
07-17 13:07:05.593 D/CompatChangeReporter(30862): Compat change id reported: 279646685; UID 10399; state: ENABLED
07-17 13:07:05.597 W/SoLoader(30862): Initializing SoLoader: 0
07-17 13:07:05.597 W/SoLoader(30862): Recording new base apk path: /data/app/~~jTEW7WjhKOu2EPYlcUDDww==/com.gleidsonlm.threatevents-1igq79XScRkA_cECqCSNzA==/base.apk
07-17 13:07:05.597 W/SoLoader(30862): Previously recorded 0 base apk paths.
07-17 13:07:05.597 D/CompatChangeReporter(30862): Compat change id reported: 312399441; UID 10399; state: ENABLED
07-17 13:07:05.597 I/SoLoader(30862): Preparing SO source: DirectorySoSource[root = /vendor/lib64 flags = 2]
07-17 13:07:05.597 I/SoLoader(30862): Preparing SO source: DirectorySoSource[root = /system/lib64 flags = 2]
07-17 13:07:05.597 I/SoLoader(30862): Preparing SO source: DirectApkSoSource[root = [/data/app/~~jTEW7WjhKOu2EPYlcUDDww==/com.gleidsonlm.threatevents-1igq79XScRkA_cECqCSNzA==/split_config.arm64_v8a.apk!/lib/arm64-v8a, /data/app/~~jTEW7WjhKOu2EPYlcUDDww==/com.gleidsonlm.threatevents-1igq79XScRkA_cECqCSNzA==/split_config.en.apk!/lib/arm64-v8a, /data/app/~~jTEW7WjhKOu2EPYlcUDDww==/com.gleidsonlm.threatevents-1igq79XScRkA_cECqCSNzA==/split_config.es.apk!/lib/arm64-v8a, /data/app/~~jTEW7WjhKOu2EPYlcUDDww==/com.gleidsonlm.threatevents-1igq79XScRkA_cECqCSNzA==/base.apk!/lib/arm64-v8a, /data/app/~~jTEW7WjhKOu2EPYlcUDDww==/com.gleidsonlm.threatevents-1igq79XScRkA_cECqCSNzA==/split_config.pt.apk!/lib/arm64-v8a, /data/app/~~jTEW7WjhKOu2EPYlcUDDww==/com.gleidsonlm.threatevents-1igq79XScRkA_cECqCSNzA==/split_config.xxhdpi.apk!/lib/arm64-v8a]]
07-17 13:07:05.598 I/artd    (30521): GetBestInfo: odex next to the dex file (/data/app/~~6cZBADGWFNzQW7Sc3325Ew==/com.google.android.keep-ZpHPWKUDdq352BO30-rQug==/oat/arm64/base.odex) is kOatUpToDate with filter 'speed-profile' executable 'false'
07-17 13:07:05.600 I/SoLoader(30862): Preparing SO source: ApplicationSoSource[DirectorySoSource[root = /data/app/~~jTEW7WjhKOu2EPYlcUDDww==/com.gleidsonlm.threatevents-1igq79XScRkA_cECqCSNzA==/lib/arm64 flags = 0]]
07-17 13:07:05.600 I/SoLoader(30862): init finish: 4 SO sources prepared
07-17 13:07:05.600 W/SoLoader(30862): SoLoader initialized: 8
07-17 13:07:05.601 I/HoneySpace.FloatingAnimator( 5152): container x: 85.63392, y: 170.21986, scale : 0.8756578
07-17 13:07:05.601 W/Layer   ( 2123): gatherBufferInfo: Received unknown dataspace from gralloc
07-17 13:07:05.601 W/Layer   ( 2123): gatherBufferInfo: Received unknown dataspace from gralloc
07-17 13:07:05.602 I/VRI[LauncherActivity]@acb92cf( 5152): mWNT: t=0xb4000070b4814100 mBlastBufferQueue=0xb4000070b4b8a080 fn= 398 HdrRenderState mRenderHdrSdrRatio=1.0 caller= com.android.systemui.shared.launcher.ViewRootImplCompat.mergeWithNextTransaction:4 com.honeyspace.transition.utils.SurfaceTransactionApplier.scheduleApply$lambda$1:26 com.honeyspace.transition.utils.SurfaceTransactionApplier.b:0 
07-17 13:07:05.604 D/nativeloader(30862): Load /data/app/~~jTEW7WjhKOu2EPYlcUDDww==/com.gleidsonlm.threatevents-1igq79XScRkA_cECqCSNzA==/split_config.arm64_v8a.apk!/lib/arm64-v8a/libc++_shared.so using class loader ns clns-7 (caller=/data/app/~~jTEW7WjhKOu2EPYlcUDDww==/com.gleidsonlm.threatevents-1igq79XScRkA_cECqCSNzA==/base.apk): ok
07-17 13:07:05.605 I/sensors-hal( 1990): handle_sns_std_sensor_event:436, [SSC_LIGHT] P: 8(8),m:13,c:23,b:48,c0:432,l:7,f(r):87,u(bl):100,j:5
07-17 13:07:05.605 D/nativeloader(30862): Load /data/app/~~jTEW7WjhKOu2EPYlcUDDww==/com.gleidsonlm.threatevents-1igq79XScRkA_cECqCSNzA==/split_config.arm64_v8a.apk!/lib/arm64-v8a/libjsi.so using class loader ns clns-7 (caller=/data/app/~~jTEW7WjhKOu2EPYlcUDDww==/com.gleidsonlm.threatevents-1igq79XScRkA_cECqCSNzA==/base.apk): ok
07-17 13:07:05.606 D/nativeloader(30862): Load /data/app/~~jTEW7WjhKOu2EPYlcUDDww==/com.gleidsonlm.threatevents-1igq79XScRkA_cECqCSNzA==/split_config.arm64_v8a.apk!/lib/arm64-v8a/libfbjni.so using class loader ns clns-7 (caller=/data/app/~~jTEW7WjhKOu2EPYlcUDDww==/com.gleidsonlm.threatevents-1igq79XScRkA_cECqCSNzA==/base.apk): ok
07-17 13:07:05.609 I/HoneySpace.FloatingAnimator( 5152): container x: 75.98433, y: 151.03879, scale : 0.8896693
07-17 13:07:05.609 W/Layer   ( 2123): gatherBufferInfo: Received unknown dataspace from gralloc
07-17 13:07:05.610 W/Layer   ( 2123): gatherBufferInfo: Received unknown dataspace from gralloc
07-17 13:07:05.610 D/nativeloader(30862): Load /data/app/~~jTEW7WjhKOu2EPYlcUDDww==/com.gleidsonlm.threatevents-1igq79XScRkA_cECqCSNzA==/split_config.arm64_v8a.apk!/lib/arm64-v8a/libreactnative.so using class loader ns clns-7 (caller=/data/app/~~jTEW7WjhKOu2EPYlcUDDww==/com.gleidsonlm.threatevents-1igq79XScRkA_cECqCSNzA==/base.apk): ok
07-17 13:07:05.610 D/jni_lib_merge(30862): Entering merged library JNI_OnLoad.
07-17 13:07:05.610 D/jni_lib_merge(30862): Preparing 11 pre-merged libs (including stub)
07-17 13:07:05.610 D/jni_lib_merge(30862): Preparing to register libfabricjni_so.  onload_func: 0x70b82c1da0
07-17 13:07:05.610 D/jni_lib_merge(30862): Preparing to register libreact_devsupportjni_so.  onload_func: 0x70b83939ec
07-17 13:07:05.610 D/jni_lib_merge(30862): Preparing to register libreact_featureflagsjni_so.  onload_func: 0x70b839bc88
07-17 13:07:05.610 D/jni_lib_merge(30862): Preparing to register libreact_newarchdefaults_so.  onload_func: 0x70b83bfc70
07-17 13:07:05.610 D/jni_lib_merge(30862): Preparing to register libreactnativeblob_so.  onload_func: 0x70b8446ac4
07-17 13:07:05.610 D/jni_lib_merge(30862): Preparing to register libreactnativejni_so.  onload_func: 0x70b8464aac
07-17 13:07:05.610 D/jni_lib_merge(30862): Preparing to register librninstance_so.  onload_func: 0x70b847e238
07-17 13:07:05.610 D/jni_lib_merge(30862): Preparing to register libturbomodulejsijni_so.  onload_func: 0x70b84f8e60
07-17 13:07:05.610 I/artd    (30521): GetBestInfo: dm (/data/app/~~CvEpgMW-EkEC4ctOVTZ96A==/com.amazon.dee.app-FSOFVOHkzGwUO6ixWacFNw==/base.dm) is kOatUpToDate with filter 'verify' executable 'false'
07-17 13:07:05.610 D/jni_lib_merge(30862): Preparing to register libuimanagerjni_so.  onload_func: 0x70b8500378
07-17 13:07:05.610 D/jni_lib_merge(30862): Preparing to register libyoga_so.  onload_func: 0x70b85057cc
07-17 13:07:05.610 D/jni_lib_merge(30862): About to register 10 actual methods.
07-17 13:07:05.611 I/VRI[LauncherActivity]@acb92cf( 5152): mWNT: t=0xb4000070b4814280 mBlastBufferQueue=0xb4000070b4b8a080 fn= 399 HdrRenderState mRenderHdrSdrRatio=1.0 caller= com.android.systemui.shared.launcher.ViewRootImplCompat.mergeWithNextTransaction:4 com.honeyspace.transition.utils.SurfaceTransactionApplier.scheduleApply$lambda$1:26 com.honeyspace.transition.utils.SurfaceTransactionApplier.b:0 
07-17 13:07:05.613 D/nativeloader(30862): Load /data/app/~~jTEW7WjhKOu2EPYlcUDDww==/com.gleidsonlm.threatevents-1igq79XScRkA_cECqCSNzA==/split_config.arm64_v8a.apk!/lib/arm64-v8a/libreact_codegen_rnscreens.so using class loader ns clns-7 (caller=/data/app/~~jTEW7WjhKOu2EPYlcUDDww==/com.gleidsonlm.threatevents-1igq79XScRkA_cECqCSNzA==/base.apk): ok
07-17 13:07:05.613 D/jni_lib_merge(30862): Entering merged library JNI_OnLoad.
07-17 13:07:05.613 D/jni_lib_merge(30862): Preparing 11 pre-merged libs (including stub)
07-17 13:07:05.613 D/jni_lib_merge(30862): Preparing to register libfabricjni_so.  onload_func: 0x70b82c1da0
07-17 13:07:05.613 D/jni_lib_merge(30862): Preparing to register libreact_devsupportjni_so.  onload_func: 0x70b83939ec
07-17 13:07:05.613 D/jni_lib_merge(30862): Preparing to register libreact_featureflagsjni_so.  onload_func: 0x70b839bc88
07-17 13:07:05.613 D/jni_lib_merge(30862): Preparing to register libreact_newarchdefaults_so.  onload_func: 0x70b83bfc70
07-17 13:07:05.613 D/jni_lib_merge(30862): Preparing to register libreactnativeblob_so.  onload_func: 0x70b8446ac4
07-17 13:07:05.613 D/jni_lib_merge(30862): Preparing to register libreactnativejni_so.  onload_func: 0x70b8464aac
07-17 13:07:05.613 D/jni_lib_merge(30862): Preparing to register librninstance_so.  onload_func: 0x70b847e238
07-17 13:07:05.613 D/jni_lib_merge(30862): Preparing to register libturbomodulejsijni_so.  onload_func: 0x70b84f8e60
07-17 13:07:05.613 D/jni_lib_merge(30862): Preparing to register libuimanagerjni_so.  onload_func: 0x70b8500378
07-17 13:07:05.613 D/jni_lib_merge(30862): Preparing to register libyoga_so.  onload_func: 0x70b85057cc
07-17 13:07:05.613 D/jni_lib_merge(30862): About to register 10 actual methods.
07-17 13:07:05.614 D/nativeloader(30862): Load /data/app/~~jTEW7WjhKOu2EPYlcUDDww==/com.gleidsonlm.threatevents-1igq79XScRkA_cECqCSNzA==/split_config.arm64_v8a.apk!/lib/arm64-v8a/libreact_codegen_safeareacontext.so using class loader ns clns-7 (caller=/data/app/~~jTEW7WjhKOu2EPYlcUDDww==/com.gleidsonlm.threatevents-1igq79XScRkA_cECqCSNzA==/base.apk): ok
07-17 13:07:05.615 D/nativeloader(30862): Load /data/app/~~jTEW7WjhKOu2EPYlcUDDww==/com.gleidsonlm.threatevents-1igq79XScRkA_cECqCSNzA==/split_config.arm64_v8a.apk!/lib/arm64-v8a/libappmodules.so using class loader ns clns-7 (caller=/data/app/~~jTEW7WjhKOu2EPYlcUDDww==/com.gleidsonlm.threatevents-1igq79XScRkA_cECqCSNzA==/base.apk): ok
--------- switch to system
07-17 13:07:05.616 V/WindowManager( 2493): Computed rotation=ROTATION_0 (0) for display id=0 based on lastOrientation=SCREEN_ORIENTATION_PORTRAIT (1) and oldRotation=ROTATION_0 (0), caller=com.android.server.wm.DisplayRotation.updateOrientation:25 com.android.server.wm.DisplayContent.updateOrientation:65 com.android.server.wm.DisplayContent.updateOrientation:11 com.android.server.wm.RootWindowContainer.ensureVisibilityAndConfig:7 com.android.server.wm.ActivityTaskSupervisor.realStartActivityLocked:213 com.android.server.wm.RootWindowContainer.attachApplication:90 
--------- switch to main
07-17 13:07:05.616 E/ANDR-PERF-MPCTL( 2043): ANDR-PERF-MPCTL: internal_perf_lock_acq_verification() 385: Perflock Submit request limit reached.
--------- switch to system
07-17 13:07:05.617 D/SGM:FgCheckThread( 2493): notifyAppCreated(), packageName: com.gleidsonlm.threatevents, userId: 0, sendRet: true
--------- switch to main
07-17 13:07:05.617 I/GestureDetector( 2493): handleMessage TAP
--------- switch to system
07-17 13:07:05.617 D/SGM:FgCheckThread( 2493): onLooperPrepared(), msg: MSG_APP_CREATE, pkgName: com.gleidsonlm.threatevents, userId: 0
--------- switch to main
07-17 13:07:05.617 I/GestureDetector( 2493): handleMessage TAP
--------- switch to system
07-17 13:07:05.617 D/CompatChangeReporter( 2493): Compat change id reported: 324203798; UID 10399; state: ENABLED
07-17 13:07:05.618 D/SGM:FgCheckThread( 2493): TaskStackListener.onTaskFocusChanged(), taskId=1097, focused=false
--------- switch to main
07-17 13:07:05.618 I/HoneySpace.FloatingAnimator( 5152): container x: 67.06156, y: 133.30243, scale : 0.90262526
07-17 13:07:05.618 W/Layer   ( 2123): gatherBufferInfo: Received unknown dataspace from gralloc
07-17 13:07:05.618 W/Layer   ( 2123): gatherBufferInfo: Received unknown dataspace from gralloc
07-17 13:07:05.618 I/VRI[LauncherActivity]@acb92cf( 5152): mWNT: t=0xb4000070b4814400 mBlastBufferQueue=0xb4000070b4b8a080 fn= 400 HdrRenderState mRenderHdrSdrRatio=1.0 caller= com.android.systemui.shared.launcher.ViewRootImplCompat.mergeWithNextTransaction:4 com.honeyspace.transition.utils.SurfaceTransactionApplier.scheduleApply$lambda$1:26 com.honeyspace.transition.utils.SurfaceTransactionApplier.b:0 
--------- switch to system
07-17 13:07:05.618 D/SGM:FgCheckThread( 2493): TaskStackListener.onTaskFocusChanged(), taskId=1353, focused=true
07-17 13:07:05.619 D/SGM:FgCheckThread( 2493):   sendRunningComponentFocus(), pkgName: com.gleidsonlm.threatevents, userId: 0
--------- switch to main
07-17 13:07:05.619 I/[CORE]  (30862): server fused app token: 01594f70-6327-11f0-aa92-7f15127e716d
07-17 13:07:05.619 D/InputDispatcher( 2493): Focused application(0): ActivityRecord{c123b8f u0 com.gleidsonlm.threatevents/.MainActivity t1353}
--------- switch to system
07-17 13:07:05.620 D/SGM:FgCheckThread( 2493): onLooperPrepared(), msg: MSG_TASK_FOCUSED, pkgName: com.gleidsonlm.threatevents, userId: 0
07-17 13:07:05.620 D/SGM:FgCheckThread( 2493): handleTaskFocused().
07-17 13:07:05.620 D/SGM:FgCheckThread( 2493):   handleTaskFocused(), pkgName: com.gleidsonlm.threatevents, userID:0
07-17 13:07:05.620 D/SGM:FgCheckThread( 2493): handleResume().
07-17 13:07:05.620 D/SGM:FgCheckThread( 2493): sendFocusOutConditionally() - mPrevNotiPkg: com.samsung.android.game.gamehome, userId: 0
07-17 13:07:05.620 D/SGM:FgCheckThread( 2493):   handleResume(). pkgName: com.gleidsonlm.threatevents, userId: 0, category: non-game
07-17 13:07:05.620 D/SGM:FgCheckThread( 2493): notifyFocusInOut(). of pkg: com.gleidsonlm.threatevents, type: 4, isSecGameFamily: false, userId: 0
07-17 13:07:05.620 D/SGM:FgCheckThread( 2493):   notifyFocusInOut(). do nothing
07-17 13:07:05.620 D/SGM:SystemHelper( 2493): callReleaseBlock needReleaseBlock:false
07-17 13:07:05.620 D/ActivityTaskManager( 2493): scheduleTopResumedActivityChanged, onTop=true, r=ActivityRecord{c123b8f u0 com.gleidsonlm.threatevents/.MainActivity t1353}, caller=com.android.server.wm.ActivityTaskSupervisor.updateTopResumedActivityIfNeeded:62 com.android.server.wm.TaskFragment.setResumedActivity:29 com.android.server.wm.ActivityRecord.setState:104 com.android.server.wm.ActivityTaskSupervisor.realStartActivityLocked:949 com.android.server.wm.RootWindowContainer.attachApplication:90 com.android.server.wm.ActivityTaskManagerService$LocalService.attachApplication:40 
--------- switch to main
07-17 13:07:05.620 D/AS.MultiSoundManager( 2493): mForegroundUid = 10399
--------- switch to system
07-17 13:07:05.621 D/SGM:FgCheckThread( 2493): noteResumeComponent(), received pkgName: com.gleidsonlm.threatevents, userId: 0
07-17 13:07:05.622 D/SGM:GameManager( 2493): identifyGamePackage. com.gleidsonlm.threatevents, mCurrentUserId: 0, callerUserId: 0, callingMethodInfo: com.samsung.android.game.SemGameManager.isGamePackage(SemGameManager.java:105)
07-17 13:07:05.622 D/SGM:SemGameManager( 2493): isGamePackage(), pkgName=com.gleidsonlm.threatevents, ret=false
--------- switch to main
07-17 13:07:05.622 D/GraphicsStatsService( 2493): requestRenderEngineFor(com.gleidsonlm.threatevents)
--------- switch to system
07-17 13:07:05.622 D/ActivityThread(30862): com.gleidsonlm.threatevents will use render engine as VK
--------- switch to main
07-17 13:07:05.623 D/HWUI    (30862): HWUI - treat SMPTE_170M as sRGB
--------- switch to system
07-17 13:07:05.623 I/SDHMS:l ( 7337): handleResumeComponent : put = com.gleidsonlm.threatevents, userid = 0 instanceid =142100474
07-17 13:07:05.624 D/SGM:FgCheckThread( 2493): onLooperPrepared(), msg: MSG_APP_RESUME, pkgName: com.gleidsonlm.threatevents, userid: 0
07-17 13:07:05.624 D/SGM:FgCheckThread( 2493): handleResume().
07-17 13:07:05.624 D/SGM:FgCheckThread( 2493): sendFocusOutConditionally() - mPrevNotiPkg: com.samsung.android.game.gamehome, userId: 0
07-17 13:07:05.624 D/SGM:FgCheckThread( 2493):   handleResume(). pkgName: com.gleidsonlm.threatevents, userId: 0, category: non-game
07-17 13:07:05.624 D/SGM:FgCheckThread( 2493): notifyFocusInOut(). of pkg: com.gleidsonlm.threatevents, type: 4, isSecGameFamily: false, userId: 0
07-17 13:07:05.624 D/SGM:FgCheckThread( 2493):   notifyFocusInOut(). do nothing
07-17 13:07:05.624 D/SGM:SystemHelper( 2493): callReleaseBlock needReleaseBlock:false
--------- switch to main
07-17 13:07:05.624 I/HBD     ( 8223): i onCapabilityChanged  setNetworkState currentNetworkState : wifi 
--------- switch to system
07-17 13:07:05.624 I/CocktailBarManagerServiceContainer( 2493): handleMessage: entry what = 5
07-17 13:07:05.625 D/IntervalStats( 2493): Unable to parse usage stats packages: [512]
--------- switch to main
07-17 13:07:05.625 D/HWUI    (30862): CacheManager constructor. deviceInfo=(1080, 1920)
07-17 13:07:05.626 I/AdrenoGLES-0(30862): QUALCOMM build                   : 0072b4b1a5, Icba6ef92d0
07-17 13:07:05.626 I/AdrenoGLES-0(30862): Build Date                       : 04/19/25
07-17 13:07:05.626 I/AdrenoGLES-0(30862): OpenGL ES Shader Compiler Version: E031.41.03.61
07-17 13:07:05.626 I/AdrenoGLES-0(30862): Local Branch                     : 
07-17 13:07:05.626 I/AdrenoGLES-0(30862): Remote Branch                    : refs/tags/AU_LINUX_ANDROID_LA.VENDOR.13.2.0.11.00.00.856.062
07-17 13:07:05.626 I/AdrenoGLES-0(30862): Remote Branch                    : NONE
07-17 13:07:05.626 I/AdrenoGLES-0(30862): Reconstruct Branch               : NOTHING
07-17 13:07:05.626 I/AdrenoGLES-0(30862): Build Config                     : S P 14.1.4 AArch64
07-17 13:07:05.626 I/AdrenoGLES-0(30862): Driver Path                      : /vendor/lib64/egl/libGLESv2_adreno.so
07-17 13:07:05.626 I/AdrenoGLES-0(30862): Driver Version                   : 0676.71
07-17 13:07:05.626 W/Layer   ( 2123): gatherBufferInfo: Received unknown dataspace from gralloc
07-17 13:07:05.626 W/Layer   ( 2123): gatherBufferInfo: Received unknown dataspace from gralloc
07-17 13:07:05.627 I/HoneySpace.FloatingAnimator( 5152): container x: 58.280006, y: 115.846794, scale : 0.91537625
07-17 13:07:05.628 I/HoneySpace.TopTaskSource( 5152): onTaskFocusChanged(): taskId = 1353
07-17 13:07:05.628 I/HoneySpace.EdgePanel.CocktailHostRepositoryImpl( 5152): onNoteResume
07-17 13:07:05.628 I/HoneySpace.TopTaskSource( 5152): onTaskMovedToFront : taskId = 1353, displayId = 0
07-17 13:07:05.628 I/HoneySpace.EdgePanel.EdgeContainerViewModel( 5152): cocktailHostRepository.edgePanelOperation NoteResumeComponent(componentName=ComponentInfo{com.gleidsonlm.threatevents/com.gleidsonlm.threatevents.MainActivity})
07-17 13:07:05.628 I/HoneySpace.EdgePanel.ActivityUtils( 5152): HomePackage : com.sec.android.app.launcher, resumePackageName : com.gleidsonlm.threatevents
07-17 13:07:05.629 I/VRI[LauncherActivity]@acb92cf( 5152): mWNT: t=0xb4000070b4814700 mBlastBufferQueue=0xb4000070b4b8a080 fn= 401 HdrRenderState mRenderHdrSdrRatio=1.0 caller= com.android.systemui.shared.launcher.ViewRootImplCompat.mergeWithNextTransaction:4 com.honeyspace.transition.utils.SurfaceTransactionApplier.scheduleApply$lambda$1:26 com.honeyspace.transition.utils.SurfaceTransactionApplier.b:0 
07-17 13:07:05.629 D/AppCompatDelegate(30862): Checking for metadata for AppLocalesMetadataHolderService : Service not found
07-17 13:07:05.631 I/{OngoingActivityDataHelper}( 4565): setBaseActivityComponentName:ComponentInfo{com.gleidsonlm.threatevents/com.gleidsonlm.threatevents.MainActivity}
--------- switch to system
07-17 13:07:05.631 D/IntervalStats( 2493): Unable to parse usage stats packages: [512]
--------- switch to main
07-17 13:07:05.632 I/AdrenoGLES-0(30862): PFP: 0x01740181, ME: 0x00000000
--------- switch to system
07-17 13:07:05.632 D/IntervalStats( 2493): Unable to parse usage stats packages: [512]
07-17 13:07:05.633 I/Pageboost( 2493): 64 bit checked : true for 30862
07-17 13:07:05.633 I/Pageboost( 2493): IoRecord pid : 30862, started correctly
--------- switch to main
07-17 13:07:05.633 E/pageboostd( 5394): Received HALT command code 2
07-17 13:07:05.634 I/hwservicemanager(  922): getTransport: Cannot find entry vendor.qti.qspmhal@1.0::IQspmhal/default in either framework or device VINTF manifest.
07-17 13:07:05.634 W/Adreno-AppProfiles(30862): Could not find QSPM HAL service. Skipping adreno profile processing.
07-17 13:07:05.634 I/HoneySpace.FloatingAnimator( 5152): container x: 50.95552, y: 101.28746, scale : 0.92601156
07-17 13:07:05.635 W/Layer   ( 2123): gatherBufferInfo: Received unknown dataspace from gralloc
07-17 13:07:05.635 W/Layer   ( 2123): gatherBufferInfo: Received unknown dataspace from gralloc
07-17 13:07:05.635 I/VRI[LauncherActivity]@acb92cf( 5152): mWNT: t=0xb4000070b4814e80 mBlastBufferQueue=0xb4000070b4b8a080 fn= 402 HdrRenderState mRenderHdrSdrRatio=1.0 caller= com.android.systemui.shared.launcher.ViewRootImplCompat.mergeWithNextTransaction:4 com.honeyspace.transition.utils.SurfaceTransactionApplier.scheduleApply$lambda$1:26 com.honeyspace.transition.utils.SurfaceTransactionApplier.b:0 
--------- switch to system
07-17 13:07:05.637 D/IntervalStats( 2493): Unable to parse usage stats packages: [524, 526]
--------- switch to main
07-17 13:07:05.638 I/AdrenoUtils(30862): <ReadGpuID:407>: Reading chip ID through GSL
--------- switch to system
07-17 13:07:05.639 D/IntervalStats( 2493): Unable to parse usage stats packages: [527, 530, 531, 532, 533]
07-17 13:07:05.640 D/ActivityManager( 2493): unpendingScheduleServiceRestart: u=10356, drop=false
--------- switch to main
07-17 13:07:05.643 I/HoneySpace.FloatingAnimator( 5152): container x: 44.77413, y: 89.00033, scale : 0.9349871
07-17 13:07:05.643 W/Layer   ( 2123): gatherBufferInfo: Received unknown dataspace from gralloc
07-17 13:07:05.643 W/Layer   ( 2123): gatherBufferInfo: Received unknown dataspace from gralloc
07-17 13:07:05.643 I/VRI[LauncherActivity]@acb92cf( 5152): mWNT: t=0xb4000070b4899000 mBlastBufferQueue=0xb4000070b4b8a080 fn= 403 HdrRenderState mRenderHdrSdrRatio=1.0 caller= com.android.systemui.shared.launcher.ViewRootImplCompat.mergeWithNextTransaction:4 com.honeyspace.transition.utils.SurfaceTransactionApplier.scheduleApply$lambda$1:26 com.honeyspace.transition.utils.SurfaceTransactionApplier.b:0 
07-17 13:07:05.644 D/CompatChangeReporter(30862): Compat change id reported: 309578419; UID 10399; state: ENABLED
07-17 13:07:05.646 I/DecorView(30862): setWindowBackground: isPopOver=false color=ff303030 d=android.graphics.drawable.ColorDrawable@9abd5dc
07-17 13:07:05.651 I/HoneySpace.FloatingAnimator( 5152): container x: 37.82011, y: 75.17739, scale : 0.94508433
07-17 13:07:05.651 W/Layer   ( 2123): gatherBufferInfo: Received unknown dataspace from gralloc
07-17 13:07:05.651 W/Layer   ( 2123): gatherBufferInfo: Received unknown dataspace from gralloc
07-17 13:07:05.652 I/VRI[LauncherActivity]@acb92cf( 5152): mWNT: t=0xb4000070b4899180 mBlastBufferQueue=0xb4000070b4b8a080 fn= 404 HdrRenderState mRenderHdrSdrRatio=1.0 caller= com.android.systemui.shared.launcher.ViewRootImplCompat.mergeWithNextTransaction:4 com.honeyspace.transition.utils.SurfaceTransactionApplier.scheduleApply$lambda$1:26 com.honeyspace.transition.utils.SurfaceTransactionApplier.b:0 
07-17 13:07:05.652 I/artd    (30521): GetBestInfo: odex next to the dex file (/data/app/~~ehSfbHIFam2t0tMH0Pc97Q==/com.chess-OkGSNZkb8a0oMs67kRhqNA==/oat/arm64/base.odex) is kOatUpToDate with filter 'speed-profile' executable 'false'
07-17 13:07:05.656 I/artd    (30521): GetBestInfo: vdex next to the dex file (/data/user/0/com.chess/app_pccache/5/61E3BEF53C4C6C7A8A86EA4DABAC482FCBC6B298/oat/arm64/pcam.vdex) is kOatUpToDate with filter 'verify' executable 'false'
07-17 13:07:05.659 I/HoneySpace.FloatingAnimator( 5152): container x: 33.00732, y: 65.6107, scale : 0.9520727
07-17 13:07:05.659 W/Layer   ( 2123): gatherBufferInfo: Received unknown dataspace from gralloc
07-17 13:07:05.660 W/Layer   ( 2123): gatherBufferInfo: Received unknown dataspace from gralloc
07-17 13:07:05.660 I/artd    (30521): GetBestInfo: vdex next to the dex file (/data/user/0/com.chess/app_pccache/5/F8D37BABFA2FB5F4EECDF915A29762C7B87C5376/oat/arm64/pcam.vdex) is kOatUpToDate with filter 'verify' executable 'false'
07-17 13:07:05.660 I/VRI[LauncherActivity]@acb92cf( 5152): mWNT: t=0xb4000070b4899300 mBlastBufferQueue=0xb4000070b4b8a080 fn= 405 HdrRenderState mRenderHdrSdrRatio=1.0 caller= com.android.systemui.shared.launcher.ViewRootImplCompat.mergeWithNextTransaction:4 com.honeyspace.transition.utils.SurfaceTransactionApplier.scheduleApply$lambda$1:26 com.honeyspace.transition.utils.SurfaceTransactionApplier.b:0 
07-17 13:07:05.667 W/unknown:BridgelessReact(30862): ReactHost{0}.startSurface(surfaceId = 0): Schedule
07-17 13:07:05.667 W/unknown:BridgelessReact(30862): ReactHost{0}.attachSurface(surfaceId = 0)
07-17 13:07:05.667 W/unknown:BridgelessReact(30862): ReactHost{0}.getOrCreateReactInstanceTask()
07-17 13:07:05.668 W/unknown:BridgelessReact(30862): ReactHost{0}.getOrCreateReactInstanceTask(): Start
07-17 13:07:05.668 W/unknown:BridgelessReact(30862): ReactHost{0}.getJSBundleLoader()
07-17 13:07:05.668 W/Layer   ( 2123): gatherBufferInfo: Received unknown dataspace from gralloc
07-17 13:07:05.668 W/Layer   ( 2123): gatherBufferInfo: Received unknown dataspace from gralloc
07-17 13:07:05.668 I/HoneySpace.FloatingAnimator( 5152): container x: 28.26183, y: 56.1778, scale : 0.9589632
07-17 13:07:05.669 I/VRI[LauncherActivity]@acb92cf( 5152): mWNT: t=0xb4000070b4899480 mBlastBufferQueue=0xb4000070b4b8a080 fn= 406 HdrRenderState mRenderHdrSdrRatio=1.0 caller= com.android.systemui.shared.launcher.ViewRootImplCompat.mergeWithNextTransaction:4 com.honeyspace.transition.utils.SurfaceTransactionApplier.scheduleApply$lambda$1:26 com.honeyspace.transition.utils.SurfaceTransactionApplier.b:0 
07-17 13:07:05.669 W/unknown:BridgelessReact(30862): ReactHost{0}.getOrCreateReactContext(): Creating BridgelessReactContext
07-17 13:07:05.669 W/unknown:BridgelessReact(30862): ReactHost{0}.getOrCreateReactInstanceTask(): Creating ReactInstance
--------- switch to system
07-17 13:07:05.671 V/MdnieScenarioControlService( 2493): mAclOffEnabled : false
--------- switch to main
07-17 13:07:05.672 W/unknown:BridgelessReact(30862): ReactHost{0}.onHostResume(activity)
07-17 13:07:05.672 W/unknown:BridgelessReact(30862): ReactContext.onHostResume()
07-17 13:07:05.672 D/CompatChangeReporter(30862): Compat change id reported: 352594277; UID 10399; state: ENABLED
07-17 13:07:05.673 W/System.err(30862): java.lang.reflect.InvocationTargetException
07-17 13:07:05.673 W/System.err(30862): 	at java.lang.reflect.Method.invoke(Native Method)
07-17 13:07:05.673 W/System.err(30862): 	at iHmGA2.opA5L2.d1O632(Unknown Source:28)
07-17 13:07:05.673 W/System.err(30862): Caused by: java.lang.SecurityException: Need to declare android.permission.REQUEST_INSTALL_PACKAGES to call this api
07-17 13:07:05.673 W/System.err(30862): 	at android.os.Parcel.createExceptionOrNull(Parcel.java:3257)
07-17 13:07:05.673 W/System.err(30862): 	at android.os.Parcel.createException(Parcel.java:3241)
07-17 13:07:05.673 W/System.err(30862): 	at android.os.Parcel.readException(Parcel.java:3224)
07-17 13:07:05.673 W/System.err(30862): 	at android.os.Parcel.readException(Parcel.java:3166)
07-17 13:07:05.673 W/System.err(30862): 	at android.content.pm.IPackageManager$Stub$Proxy.canRequestPackageInstalls(IPackageManager.java:8407)
07-17 13:07:05.673 W/System.err(30862): 	at android.app.ApplicationPackageManager.canRequestPackageInstalls(ApplicationPackageManager.java:4112)
07-17 13:07:05.673 W/System.err(30862): 	... 2 more
07-17 13:07:05.673 W/System.err(30862): Caused by: android.os.RemoteException: Remote stack trace:
07-17 13:07:05.673 W/System.err(30862): 	at com.android.server.pm.ComputerEngine.canRequestPackageInstalls(qb/96996599 4207cc64f8273a078ed00bb37ec66a12d547258ca33788ccc3647eb1c250b266:90)
07-17 13:07:05.673 W/System.err(30862): 	at com.android.server.pm.PackageManagerService$IPackageManagerImpl.canRequestPackageInstalls(qb/96996599 4207cc64f8273a078ed00bb37ec66a12d547258ca33788ccc3647eb1c250b266:12)
07-17 13:07:05.673 W/System.err(30862): 	at android.content.pm.IPackageManager$Stub.onTransact(IPackageManager.java:4235)
07-17 13:07:05.673 W/System.err(30862): 	at com.android.server.pm.PackageManagerService$IPackageManagerImpl.onTransact(qb/96996599 4207cc64f8273a078ed00bb37ec66a12d547258ca33788ccc3647eb1c250b266:1)
07-17 13:07:05.673 W/System.err(30862): 	at android.os.Binder.execTransactInternal(Binder.java:1536)
07-17 13:07:05.675 D/nativeloader(30862): Load /data/app/~~jTEW7WjhKOu2EPYlcUDDww==/com.gleidsonlm.threatevents-1igq79XScRkA_cECqCSNzA==/split_config.arm64_v8a.apk!/lib/arm64-v8a/libhermes.so using class loader ns clns-7 (caller=/data/app/~~jTEW7WjhKOu2EPYlcUDDww==/com.gleidsonlm.threatevents-1igq79XScRkA_cECqCSNzA==/base.apk): ok
07-17 13:07:05.676 I/ViewRootImpl(30862): dVRR is disabled
07-17 13:07:05.676 D/HardwareRenderer(30862): onDisplayChanged. displayId=0 current wxh=1080x2340 mLargest wxh=0x0
07-17 13:07:05.676 I/HoneySpace.FloatingAnimator( 5152): container x: 23.367249, y: 46.448532, scale : 0.96607035
07-17 13:07:05.676 D/HardwareRenderer(30862): Set largestWidth and largestHeight as logical resolution. (1080x2340)
07-17 13:07:05.676 D/HWUI    (30862): setMaxSurfaceArea requested wxh=(1080,2340) requestedSurfaceArea(2527200) mMaxSurfaceArea(2073600)
07-17 13:07:05.676 W/Layer   ( 2123): gatherBufferInfo: Received unknown dataspace from gralloc
07-17 13:07:05.676 W/Layer   ( 2123): gatherBufferInfo: Received unknown dataspace from gralloc
07-17 13:07:05.677 D/NativeCustomFrequencyManager(30862): [NativeCFMS] BpCustomFrequencyManager::BpCustomFrequencyManager()
07-17 13:07:05.677 I/VRI[LauncherActivity]@acb92cf( 5152): mWNT: t=0xb4000070b4899780 mBlastBufferQueue=0xb4000070b4b8a080 fn= 407 HdrRenderState mRenderHdrSdrRatio=1.0 caller= com.android.systemui.shared.launcher.ViewRootImplCompat.mergeWithNextTransaction:4 com.honeyspace.transition.utils.SurfaceTransactionApplier.scheduleApply$lambda$1:26 com.honeyspace.transition.utils.SurfaceTransactionApplier.b:0 
07-17 13:07:05.677 D/nativeloader(30862): Load /data/app/~~jTEW7WjhKOu2EPYlcUDDww==/com.gleidsonlm.threatevents-1igq79XScRkA_cECqCSNzA==/split_config.arm64_v8a.apk!/lib/arm64-v8a/libhermestooling.so using class loader ns clns-7 (caller=/data/app/~~jTEW7WjhKOu2EPYlcUDDww==/com.gleidsonlm.threatevents-1igq79XScRkA_cECqCSNzA==/base.apk): ok
07-17 13:07:05.677 D/jni_lib_merge(30862): Entering merged library JNI_OnLoad.
07-17 13:07:05.677 D/jni_lib_merge(30862): Preparing 4 pre-merged libs (including stub)
07-17 13:07:05.677 D/jni_lib_merge(30862): Preparing to register libhermes_executor_so.  onload_func: 0x71e196311c
07-17 13:07:05.677 D/jni_lib_merge(30862): Preparing to register libhermesinstancejni_so.  onload_func: 0x71e196aa58
07-17 13:07:05.677 D/jni_lib_merge(30862): Preparing to register libjsijniprofiler_so.  onload_func: 0x71e196b114
07-17 13:07:05.677 D/jni_lib_merge(30862): About to register 3 actual methods.
07-17 13:07:05.679 D/InputTransport( 2493): Input channel constructed: '4b2a30f', fd=1251
07-17 13:07:05.680 D/InputTransport( 2493): Input channel constructed: '4b2a30f', fd=1252
07-17 13:07:05.680 D/InputTransport( 2493): Input channel constructed: '4b2a30f', fd=1253
07-17 13:07:05.680 I/SurfaceFlinger( 2123): id=73359 createSurf, flag=84004, 4b2a30f com.gleidsonlm.threatevents/com.gleidsonlm.threatevents.MainActivity#73359
--------- switch to system
07-17 13:07:05.680 D/RestrictionPolicy( 2493): isScreenCaptureEnabled : ret=true userId=0
07-17 13:07:05.680 D/RestrictionPolicy( 2493): isScreenCaptureEnabled : ret=true userId=0
--------- switch to main
07-17 13:07:05.681 D/InputTransport( 2493): Input channel destroyed: '4b2a30f', fd=1253
07-17 13:07:05.681 D/InputTransport(30862): Input channel constructed: '4b2a30f', fd=150
