07-17 12:01:38.330 W/Layer   ( 2123): gatherBufferInfo: Received unknown dataspace from gralloc
07-17 12:01:38.331 I/ReactNativeJS(17435): Native threat event listening setup complete
07-17 12:01:38.339 W/Layer   ( 2123): gatherBufferInfo: Received unknown dataspace from gralloc
07-17 12:01:38.343 D/ConnectivityManager(17435): StackLog: [android.net.ConnectivityManager.sendRequestForNetwork(ConnectivityManager.java:4736)] [android.net.ConnectivityManager.registerDefaultNetworkCallbackForUid(ConnectivityManager.java:5461)] [android.net.ConnectivityManager.registerDefaultNetworkCallback(ConnectivityManager.java:5428)] [android.net.ConnectivityManager.registerDefaultNetworkCallback(ConnectivityManager.java:5402)] [com.bumptech.glide.manager.SingletonConnectivityReceiver$FrameworkConnectivityMonitorPostApi24.register(SingletonConnectivityReceiver.java:191)] [com.bumptech.glide.manager.SingletonConnectivityReceiver.maybeRegisterReceiver(SingletonConnectivityReceiver.java:113)] [com.bumptech.glide.manager.SingletonConnectivityReceiver.register(SingletonConnectivityReceiver.java:94)] [com.bumptech.glide.manager.DefaultConnectivityMonitor.register(DefaultConnectivityMonitor.java:25)] [com.bumptech.glide.manager.DefaultConnectivityMonitor.onStart(DefaultConnectivityMonitor.java:34)] [com.bumptech.glide.manager.ApplicationLifecycle.addListener(ApplicationLifecycle.java:15)] [com.bumptech.glide.RequestManager.<init>(RequestManager.java:147)] [com.bumptech.glide.RequestManager.<init>(RequestManager.java:105)] [expo.modules.image.GlideRequests.<init>(GlideRequests.java:32)] [com.bumptech.glide.GeneratedRequestManagerFactory.build(GeneratedRequestManagerFactory.java:18)] [com.bumptech.glide.manager.RequestManagerRetriever.getApplicationManager(RequestManagerRetriever.java:74)] [com.bumptech.glide.manager.RequestManagerRetriever.get(RequestManagerRetriever.java:102)] [com.bumptech.glide.Glide.with(Glide.java:545)] [com.bumptech.glide.Glide.with(Glide.java:561)] [expo.modules.image.ExpoImageViewWrapper$Companion.createNewRequestManager(ExpoImageViewWrapper.kt:626)] [expo.modules.image.ExpoImageViewWrapper$Companion.getOrCreateRequestManager(ExpoImageViewWrapper.kt:608)] [expo.modules.image.ExpoImageViewWrapper.<init>(ExpoImageViewWrapper.kt:50)] [java.lang.reflect.Constructor.newInstance0(Native Method)] [java.lang.reflect.Constructor.newInstance(Constructor.java:343)] [expo.modules.kotlin.views.ViewDefinitionBuilder.createViewFactory$lambda$25(ViewDefinitionBuilder.kt:437)] [expo.modules.kotlin.views.ViewDefinitionBuilder.$r8$lambda$eQYJwRB3MVGcIOXh-nJjRgeln-s(Unknown Source:0)] [expo.modules.kotlin.views.ViewDefinitionBuilder$$ExternalSyntheticLambda0.invoke(D8$$SyntheticClass:0)] [expo.modules.kotlin.views.ViewManagerDefinition.createView(ViewManagerDefinition.kt:24)] [expo.modules.kotlin.views.ViewManagerWrapperDelegate.createView(ViewManagerWrapperDelegate.kt:25)] [expo.modules.kotlin.views.GroupViewManagerWrapper.createViewInstance(GroupViewManagerWrapper.kt:18)] [expo.modules.kotlin.views.GroupViewManagerWrapper.createViewInstance(GroupViewManagerWrapper.kt:12)] [com.facebook.react.uimanager.ViewManager.createViewInstance(ViewManager.java:213)] [com.facebook.react.uimanager.ViewManager.createView(ViewManager.java:145)] [com.facebook.react.fabric.mounting.SurfaceMountingManager.createViewUnsafe(SurfaceMountingManager.java:674)] [com.facebook.react.fabric.mounting.SurfaceMountingManager.preallocateView(SurfaceMountingManager.java:1078)] [com.facebook.react.fabric.mounting.mountitems.PreAllocateViewMountItem.execute(PreAllocateViewMountItem.kt:38)] [com.facebook.react.fabric.mounting.MountItemDispatcher.executeOrEnqueue(MountItemDispatcher.java:370)] [com.facebook.react.fabric.mounting.MountItemDispatcher.dispatchPreMountItemsImpl(MountItemDispatcher.java:349)] [com.facebook.react.fabric.mounting.MountItemDispatcher.dispatchPreMountItems(MountItemDispatcher.java:322)] [com.facebook.react.fabric.FabricUIManager$DispatchUIFrameCallback.doFrameGuarded(FabricUIManager.java:1395)] [com.facebook.react.uimanager.GuardedFrameCallback.doFrame(GuardedFrameCallback.kt:25)] [com.facebook.react.modules.core.ReactChoreographer.frameCallback$lambda$1(ReactChoreographer.kt:59)] [com.facebook.react.modules.core.ReactChoreographer.$r8$lambda$nSkFhrr5T7rop_XKwzlLov4NLLw(Unknown Source:0)] [com.facebook.react.modules.core.Rea
07-17 12:01:38.345 D/ConnectivityService( 2493): requestNetwork for uid/pid:10397/17435 activeRequest: null callbackRequest: 31096 [NetworkRequest [ REQUEST id=31097, [ Capabilities: INTERNET&NOT_RESTRICTED&TRUSTED&NOT_VCN_MANAGED&NOT_BANDWIDTH_CONSTRAINED Uid: 10397 RequestorUid: 10397 RequestorPkg: com.gleidsonlm.threatevents UnderlyingNetworks: Null] ]] callback flags: 0 order: 2147483647 isUidTracked: false declaredMethods: AVAIL|LOST
07-17 12:01:38.345 D/ConnectivityService( 2493):    accepting network in place of null for NetworkRequest [ REQUEST id=31097, [ Capabilities: INTERNET&NOT_RESTRICTED&TRUSTED&NOT_VCN_MANAGED&NOT_BANDWIDTH_CONSTRAINED Uid: 10397 RequestorUid: 10397 RequestorPkg: com.gleidsonlm.threatevents UnderlyingNetworks: Null] ]
07-17 12:01:38.346 D/OemPaidWifiNetworkFactory( 2493): got request NetworkRequest [ REQUEST id=31097, [ Capabilities: INTERNET&NOT_RESTRICTED&TRUSTED&NOT_VCN_MANAGED&NOT_BANDWIDTH_CONSTRAINED Uid: 10397 RequestorUid: 10397 RequestorPkg: com.gleidsonlm.threatevents UnderlyingNetworks: Null] ]
07-17 12:01:38.346 D/MultiInternetWifiNetworkFactory( 2493): got request NetworkRequest [ REQUEST id=31097, [ Capabilities: INTERNET&NOT_RESTRICTED&TRUSTED&NOT_VCN_MANAGED&NOT_BANDWIDTH_CONSTRAINED Uid: 10397 RequestorUid: 10397 RequestorPkg: com.gleidsonlm.threatevents UnderlyingNetworks: Null] ]
07-17 12:01:38.346 D/ConnectivityService( 2493): Rematched networks [computed 0ms] [applied 1ms] [issued 1]
07-17 12:01:38.346 D/ConnectivityService( 2493): NetworkReassignment :
07-17 12:01:38.346 D/ConnectivityService( 2493):   31097 : null → 388
07-17 12:01:38.346 D/WifiNetworkFactory( 2493): got request NetworkRequest [ REQUEST id=31097, [ Capabilities: INTERNET&NOT_RESTRICTED&TRUSTED&NOT_VCN_MANAGED&NOT_BANDWIDTH_CONSTRAINED Uid: 10397 RequestorUid: 10397 RequestorPkg: com.gleidsonlm.threatevents UnderlyingNetworks: Null] ]
07-17 12:01:38.346 D/UntrustedWifiNetworkFactory( 2493): got request NetworkRequest [ REQUEST id=31097, [ Capabilities: INTERNET&NOT_RESTRICTED&TRUSTED&NOT_VCN_MANAGED&NOT_BANDWIDTH_CONSTRAINED Uid: 10397 RequestorUid: 10397 RequestorPkg: com.gleidsonlm.threatevents UnderlyingNetworks: Null] ]
07-17 12:01:38.347 W/Layer   ( 2123): gatherBufferInfo: Received unknown dataspace from gralloc
--------- switch to system
07-17 12:01:38.351 W/AccessibilityManagerService( 2493):  wait for adding window timeout: 6872
--------- switch to main
07-17 12:01:38.354 I/ReactNativeJS(17435): Initializing Appdome SDK bridge...
07-17 12:01:38.354 W/ReactNativeJS(17435): AppdomeSDK native module not found. Using mock implementation.
07-17 12:01:38.356 W/Layer   ( 2123): gatherBufferInfo: Received unknown dataspace from gralloc
07-17 12:01:38.358 W/ReactNativeJS(17435): Appdome protection not detected - running in demo mode
07-17 12:01:38.358 W/ReactNativeJS(17435): Appdome protection not active - threat events will not be received
07-17 12:01:38.364 W/Layer   ( 2123): gatherBufferInfo: Received unknown dataspace from gralloc
07-17 12:01:38.372 W/Layer   ( 2123): gatherBufferInfo: Received unknown dataspace from gralloc
07-17 12:01:38.375 I/HoneySpace.EdgePanel.EdgeVisibilityRepository( 5152): getComputedTrayVisible : keyguardState = 1
07-17 12:01:38.375 I/HoneySpace.EdgePanel.EdgeVisibilityRepository( 5152): updateTrayVisible: State = 0x1 , visible = true , current containerState = 0 , specificMode = 0
07-17 12:01:38.375 I/HoneySpace.EdgePanel.EdgeVisibilityRepository( 5152): Same container state 0
07-17 12:01:38.380 W/Layer   ( 2123): gatherBufferInfo: Received unknown dataspace from gralloc
07-17 12:01:38.389 W/Layer   ( 2123): gatherBufferInfo: Received unknown dataspace from gralloc
07-17 12:01:38.394 D/ScrollView(17435): initGoToTop
07-17 12:01:38.395 D/ScrollView(17435): initGoToTop
07-17 12:01:38.397 W/Layer   ( 2123): gatherBufferInfo: Received unknown dataspace from gralloc
07-17 12:01:38.397 W/[RNScreens](17435): backTitleVisible prop is not available on Android
07-17 12:01:38.397 W/[RNScreens](17435): backTitleFontFamily prop is not available on Android
07-17 12:01:38.397 W/[RNScreens](17435): disableBackButtonMenu prop is not available on Android
07-17 12:01:38.397 W/[RNScreens](17435): largeTitleFontFamily prop is not available on Android
07-17 12:01:38.397 W/[RNScreens](17435): largeTitleFontWeight prop is not available on Android
07-17 12:01:38.397 W/[RNScreens](17435): largeTitleHideShadow prop is not available on Android
--------- switch to system
07-17 12:01:38.403 D/ActivityManager( 2493): unpendingScheduleServiceRestart: u=10312, drop=false
07-17 12:01:38.404 D/ActivityManager( 2493): unpendingScheduleServiceRestart: u=10312, drop=false
07-17 12:01:38.404 D/ActivityManager( 2493): unpendingScheduleServiceRestart: u=10312, drop=false
07-17 12:01:38.404 D/ActivityManager( 2493): unpendingScheduleServiceRestart: u=10312, drop=false
07-17 12:01:38.404 D/ActivityManager( 2493): unpendingScheduleServiceRestart: u=10312, drop=false
07-17 12:01:38.404 D/ActivityManager( 2493): unpendingScheduleServiceRestart: u=10312, drop=false
--------- switch to main
07-17 12:01:38.405 W/Layer   ( 2123): gatherBufferInfo: Received unknown dataspace from gralloc
--------- switch to system
07-17 12:01:38.407 D/ActivityManager( 2493): unpendingScheduleServiceRestart: u=10356, drop=false
--------- switch to main
07-17 12:01:38.411 D/nativeloader(17435): Load /data/app/~~-xxlXhE7_6qPFJ3L3PFsLQ==/com.gleidsonlm.threatevents-hxtjPy1EfhKdvNosZVZsgA==/split_config.arm64_v8a.apk!/lib/arm64-v8a/libavif_android.so using class loader ns clns-7 (caller=/data/app/~~-xxlXhE7_6qPFJ3L3PFsLQ==/com.gleidsonlm.threatevents-hxtjPy1EfhKdvNosZVZsgA==/base.apk!classes3.dex): ok
07-17 12:01:38.414 W/Layer   ( 2123): gatherBufferInfo: Received unknown dataspace from gralloc
07-17 12:01:38.414 D/VRI[MainActivity]@c215b70(17435): Setup new sync=wmsSync-VRI[MainActivity]@c215b70#0
07-17 12:01:38.414 I/VRI[MainActivity]@c215b70(17435): Creating new active sync group VRI[MainActivity]@c215b70#1
07-17 12:01:38.415 D/VRI[MainActivity]@c215b70(17435): Draw frame after cancel
07-17 12:01:38.415 D/VRI[MainActivity]@c215b70(17435): registerCallbacksForSync syncBuffer=false
07-17 12:01:38.420 D/VRI[MainActivity]@c215b70(17435): Received frameDrawingCallback syncResult=0 frameNum=1.
07-17 12:01:38.420 I/VRI[MainActivity]@c215b70(17435): mWNT: t=0xb4000070b7365d00 mBlastBufferQueue=0xb40000714d78be00 fn= 1 HdrRenderState mRenderHdrSdrRatio=1.0 caller= android.view.ViewRootImpl$11.onFrameDraw:15016 android.view.ThreadedRenderer$1.onFrameDraw:761 <bottom of call stack> 
07-17 12:01:38.420 I/VRI[MainActivity]@c215b70(17435): Setting up sync and frameCommitCallback
07-17 12:01:38.422 W/Layer   ( 2123): gatherBufferInfo: Received unknown dataspace from gralloc
07-17 12:01:38.431 W/Layer   ( 2123): gatherBufferInfo: Received unknown dataspace from gralloc
07-17 12:01:38.439 W/Layer   ( 2123): gatherBufferInfo: Received unknown dataspace from gralloc
07-17 12:01:38.447 W/Layer   ( 2123): gatherBufferInfo: Received unknown dataspace from gralloc
--------- switch to system
07-17 12:01:38.451 D/ActivityManager( 2493): unpendingScheduleServiceRestart: u=10356, drop=false
--------- switch to main
07-17 12:01:38.456 W/Layer   ( 2123): gatherBufferInfo: Received unknown dataspace from gralloc
07-17 12:01:38.464 W/Layer   ( 2123): gatherBufferInfo: Received unknown dataspace from gralloc
07-17 12:01:38.472 W/Layer   ( 2123): gatherBufferInfo: Received unknown dataspace from gralloc
07-17 12:01:38.481 W/Layer   ( 2123): gatherBufferInfo: Received unknown dataspace from gralloc
07-17 12:01:38.489 I/BLASTBufferQueue(17435): [VRI[MainActivity]@c215b70#0](f:0,a:0,s:0) onFrameAvailable the first frame is available
07-17 12:01:38.489 I/SurfaceComposerClient(17435): apply transaction with the first frame. layerId: 73140, bufferData(ID: 74882754805763, frameNumber: 1)
07-17 12:01:38.489 I/VRI[MainActivity]@c215b70(17435): Received frameCommittedCallback lastAttemptedDrawFrameNum=1 didProduceBuffer=true
07-17 12:01:38.489 I/SurfaceFlinger( 2123): [com.gleidsonlm.threatevents/com.gleidsonlm.threatevents.MainActivity$_17435#73140] setTransactionState with the first frame. bufferData(ID: 74882754805763, frameNumber: 1)
07-17 12:01:38.489 D/HWUI    (17435): CFMS:: SetUp Pid : 17435    Tid : 17495
07-17 12:01:38.489 D/VRI[MainActivity]@c215b70(17435): reportDrawFinished seqId=0
07-17 12:01:38.490 W/ServiceManagerCppClient( 2493): Permission failure: android.permission.ACCESS_SURFACE_FLINGER from uid=10397 pid=0
07-17 12:01:38.490 D/PermissionCache( 2493): checking android.permission.ACCESS_SURFACE_FLINGER for uid=10397 => denied (98 us)
07-17 12:01:38.490 W/ServiceManagerCppClient( 2493): Permission failure: android.permission.ROTATE_SURFACE_FLINGER from uid=10397 pid=0
07-17 12:01:38.490 D/PermissionCache( 2493): checking android.permission.ROTATE_SURFACE_FLINGER for uid=10397 => denied (28 us)
07-17 12:01:38.490 W/ServiceManagerCppClient( 2493): Permission failure: android.permission.INTERNAL_SYSTEM_WINDOW from uid=10397 pid=0
07-17 12:01:38.490 D/PermissionCache( 2493): checking android.permission.INTERNAL_SYSTEM_WINDOW for uid=10397 => denied (38 us)
--------- switch to system
07-17 12:01:38.490 D/WindowManager( 2493): finishDrawingWindow: Window{d1f93ec u0 com.gleidsonlm.threatevents/com.gleidsonlm.threatevents.MainActivity} mDrawState=DRAW_PENDING seqId=0
07-17 12:01:38.491 V/WindowManager( 2493): Finish starting ActivityRecord{5f30579 u0 com.gleidsonlm.threatevents/.MainActivity t1348}: first real window is shown, no animation
--------- switch to main
07-17 12:01:38.491 D/SemWifiSwitchForIndividualAppsService( 2493): isSkipNetworkCondition - result:2
07-17 12:01:38.491 I/SemDvfsHyPerManager( 2493): acquire hyper - AMS_RESUME_TAIL/2493@21, type = -999
07-17 12:01:38.491 I/SemDvfsHyPerManager( 2493): acquire hyper - AMS_ACT_LAZY/2493@22, type = -999
--------- switch to system
07-17 12:01:38.491 D/ActivityManagerPerformance( 2493): AMP_acquire() TAIL
07-17 12:01:38.492 D/ActivityManagerPerformance( 2493): AMP_release() APP_SWITCH
07-17 12:01:38.492 V/WindowManager( 2493): performShowLocked: mDrawState=HAS_DRAWN in Window{d1f93ec u0 com.gleidsonlm.threatevents/com.gleidsonlm.threatevents.MainActivity}
--------- switch to main
07-17 12:01:38.492 I/HYPER-HAL( 1995): [RequestManager.cpp]acquire(): Acquired ID : 3161376  [2493 / 21]    HINT : AMS_RESUME_TAIL    list : 
07-17 12:01:38.492 E/ANDR-PERF-MPCTL( 2043): ANDR-PERF-MPCTL: internal_perf_lock_acq_verification() 385: Perflock Submit request limit reached.
07-17 12:01:38.493 E/ANDR-PERF-MPCTL( 2043): ANDR-PERF-MPCTL: internal_perf_lock_acq_verification() 385: Perflock Submit request limit reached.
07-17 12:01:38.493 E/ANDR-PERF-MPCTL( 2043): ANDR-PERF-MPCTL: internal_perf_lock_acq_verification() 385: Perflock Submit request limit reached.
07-17 12:01:38.493 I/SearchHoneyPot( 5152): onViewCreated: onStop
07-17 12:01:38.493 I/HoneySpace.ContentsAnimator( 5152): end call
07-17 12:01:38.493 I/HoneySpace.HoneyAppWidgetHost( 5152): stopListening, host: @18b4457
07-17 12:01:38.493 I/VRI[LauncherActivity]@acb92cf( 5152): stopped(true) old = false
07-17 12:01:38.493 I/HYPER-HAL( 1995): [RequestManager.cpp]acquire(): Acquired ID : 3163892  [2493 / 22]    HINT : AMS_ACT_LAZY    list : 
07-17 12:01:38.493 I/HoneySpace.Launcher( 5152): !@Boot_EBS_D: Launcher.onStop()
07-17 12:01:38.494 E/ANDR-PERF-MPCTL( 2043): ANDR-PERF-MPCTL: internal_perf_lock_acq_verification() 385: Perflock Submit request limit reached.
07-17 12:01:38.494 I/HoneySpace.Memory-Monitor( 5152): scheduleTrim
07-17 12:01:38.494 E/ANDR-PERF-MPCTL( 2043): ANDR-PERF-MPCTL: internal_perf_lock_acq_verification() 385: Perflock Submit request limit reached.
07-17 12:01:38.494 I/AppWidgetServiceImpl( 2493): stopListening callbacks : null
07-17 12:01:38.494 E/ANDR-PERF-MPCTL( 2043): ANDR-PERF-MPCTL: internal_perf_lock_acq_verification() 385: Perflock Submit request limit reached.
07-17 12:01:38.495 I/HoneySpace.OneUiSpace( 5152): onSaveInstanceState honeyScreen=J2.M@125bb28
07-17 12:01:38.495 E/ANDR-PERF-MPCTL( 2043): ANDR-PERF-MPCTL: internal_perf_lock_acq_verification() 385: Perflock Submit request limit reached.
07-17 12:01:38.495 E/ANDR-PERF-MPCTL( 2043): ANDR-PERF-MPCTL: internal_perf_lock_acq_verification() 385: Perflock Submit request limit reached.
--------- switch to system
07-17 12:01:38.495 D/FreecessController( 2493): BG freezed, skip OLAF unfreeze for (com.samsung.android.game.gamehome, 10083)
--------- switch to main
07-17 12:01:38.496 E/ANDR-PERF-MPCTL( 2043): ANDR-PERF-MPCTL: internal_perf_lock_acq_verification() 385: Perflock Submit request limit reached.
07-17 12:01:38.496 E/ANDR-PERF-MPCTL( 2043): ANDR-PERF-MPCTL: internal_perf_lock_acq_verification() 385: Perflock Submit request limit reached.
07-17 12:01:38.497 I/HYPER-HAL( 1995): [RequestManager.cpp]releaseLocked(): Released ID : 3166409
--------- switch to system
07-17 12:01:38.497 E/WindowManager( 2493): win=Window{d3c7c69 u0 (1-1)-Window{2ab0a39 alpha=1.0 fl=}} destroySurfaces: appStopped=true cleanupOnResume=false win.mWindowRemovalAllowed=false win.mRemoveOnExit=false win.mViewVisibility=8 caller=com.android.server.wm.ActivityRecord.destroySurfaces:25 com.android.server.wm.ActivityRecord.activityStopped:204 com.android.server.wm.ActivityClientController.activityStopped:95 android.app.IActivityClientController$Stub.onTransact:722 com.android.server.wm.ActivityClientController.onTransact:1 android.os.Binder.execTransactInternal:1541 android.os.Binder.execTransact:1480 
07-17 12:01:38.498 I/WindowManager( 2493): Destroying surface Surface(name=(1-1)-Window{2ab0a39 alpha=1.0 fl=}$_17778)/@0x7a36077 called by com.android.server.wm.WindowStateAnimator.destroySurface:11 com.android.server.wm.WindowStateAnimator.destroySurfaceLocked:54 com.android.server.wm.WindowState.destroySurfaceUnchecked:5 com.android.server.wm.WindowState.destroySurface:126 com.android.server.wm.ActivityRecord.destroySurfaces:25 com.android.server.wm.ActivityRecord.activityStopped:204 com.android.server.wm.ActivityClientController.activityStopped:95 android.app.IActivityClientController$Stub.onTransact:722 
--------- switch to main
07-17 12:01:38.498 W/Layer   ( 2123): gatherBufferInfo: Received unknown dataspace from gralloc
07-17 12:01:38.498 W/Layer   ( 2123): gatherBufferInfo: Received unknown dataspace from gralloc
--------- switch to system
07-17 12:01:38.498 E/WindowManager( 2493): win=Window{88897ff u0 com.sec.android.app.launcher/com.sec.android.app.launcher.activities.LauncherActivity} destroySurfaces: appStopped=true cleanupOnResume=false win.mWindowRemovalAllowed=false win.mRemoveOnExit=false win.mViewVisibility=8 caller=com.android.server.wm.ActivityRecord.destroySurfaces:25 com.android.server.wm.ActivityRecord.activityStopped:204 com.android.server.wm.ActivityClientController.activityStopped:95 android.app.IActivityClientController$Stub.onTransact:722 com.android.server.wm.ActivityClientController.onTransact:1 android.os.Binder.execTransactInternal:1541 android.os.Binder.execTransact:1480 
07-17 12:01:38.498 I/WindowManager( 2493): Destroying surface Surface(name=com.sec.android.app.launcher/com.sec.android.app.launcher.activities.LauncherActivity$_5152)/@0xafe84e4 called by com.android.server.wm.WindowStateAnimator.destroySurface:11 com.android.server.wm.WindowStateAnimator.destroySurfaceLocked:54 com.android.server.wm.WindowState.destroySurfaceUnchecked:5 com.android.server.wm.WindowState.destroySurface:126 com.android.server.wm.ActivityRecord.destroySurfaces:25 com.android.server.wm.ActivityRecord.activityStopped:204 com.android.server.wm.ActivityClientController.activityStopped:95 android.app.IActivityClientController$Stub.onTransact:722 
07-17 12:01:38.499 D/SGM:FgCheckThread( 2493): getForegroundApp(), foregroundPkgName=com.gleidsonlm.threatevents
07-17 12:01:38.499 D/SGM:FgCheckThread( 2493): pkgName: com.sec.android.app.launcher is in foreground
--------- switch to main
07-17 12:01:38.501 D/Glide   (17435): Finished loading BitmapDrawable from LOCAL for android.resource://com.gleidsonlm.threatevents/2131165303 with size [518x316] in 95.95875 ms
--------- switch to system
07-17 12:01:38.501 W/PresentationStatsEventLogger( 2493): Shouldn't be logging AutofillPresentationEventReported again for same event
07-17 12:01:38.503 I/ActivityManager( 2493): Changes in 10151 2 to 5, 127 to 56
--------- switch to main
07-17 12:01:38.503 I/cqtm    (17778): onStop
07-17 12:01:38.506 I/SurfaceFlinger( 2123): Layer [com.gleidsonlm.threatevents/com.glei[...]reatevents.MainActivity$_17435#73140] hidden!! flag(0)
07-17 12:01:38.506 I/SurfaceFlinger( 2123): [LayerHierarchy{RequestedLayerState{com.sec.android.app.launcher/com.sec.android.app.launcher.activities.LauncherActivity$_5152#73100} no children}] reparent to OffscreenRoot
07-17 12:01:38.506 I/SurfaceFlinger( 2123): [LayerHierarchy{RequestedLayerState{com.sec.android.app.launcher/com.sec.android.app.launcher.activities.LauncherActivity$_5152#73100} no children}] RelativeParent to null
07-17 12:01:38.506 I/SurfaceFlinger( 2123): [LayerHierarchy{RequestedLayerState{(1-1)-Window{2ab0a39 alpha=1.0 fl=}$_17778#73099} no children}] reparent to OffscreenRoot
07-17 12:01:38.506 I/SurfaceFlinger( 2123): [LayerHierarchy{RequestedLayerState{(1-1)-Window{2ab0a39 alpha=1.0 fl=}$_17778#73099} no children}] RelativeParent to null
07-17 12:01:38.506 W/Layer   ( 2123): gatherBufferInfo: Received unknown dataspace from gralloc
07-17 12:01:38.506 W/Layer   ( 2123): gatherBufferInfo: Received unknown dataspace from gralloc
07-17 12:01:38.506 W/Layer   ( 2123): gatherBufferInfo: Received unknown dataspace from gralloc
07-17 12:01:38.506 W/Layer   ( 2123): gatherBufferInfo: Received unknown dataspace from gralloc
07-17 12:01:38.506 I/SurfaceFlinger( 2123): id=73100 Removed com.sec.android.app.launcher/com.sec.android.app.launcher.activities.LauncherActivity$_5152#73100 (255)
07-17 12:01:38.506 I/SurfaceFlinger( 2123): id=73099 Removed (1-1)-Window{2ab0a39 alpha=1.0 fl=}$_17778#73099 (255)
07-17 12:01:38.507 D/SurfaceFlinger( 2123): Display 4630947059332006275 HWC layers:
07-17 12:01:38.507 D/SurfaceFlinger( 2123):        DEVICE |   0xb40000777c470800 | 0001 | RGBA_8888    |    0.0    0.0 1080.0 2340.0 |    0    0 1080 2340 | com.gleidsonlm.threatevents/com.glei[...]reatevents.MainActivity$_17435#73140 (2)
07-17 12:01:38.507 D/SurfaceFlinger( 2123):        DEVICE |   0xb40000777c462000 | 0001 | RGBA_8888    |    0.0    0.0 1080.0 2340.0 |    0    0 1080 2340 | Splash Screen com.gleidsonlm.threatevents$_4565#73131 (1)
07-17 12:01:38.507 D/SurfaceFlinger( 2123):        DEVICE |   0xb40000777c462300 | 0001 | RGBA_8888    |    0.0    0.0 1080.0   81.0 |    0    0 1080   81 | StatusBar$_4565#105 (92076)
07-17 12:01:38.507 D/SurfaceFlinger( 2123):        DEVICE |   0xb40000777e0e6880 | 0001 | RGBA_8888    |    0.0    0.0   67.0  342.0 | 1013  443 1080  785 | com.sec.android.app.launcher/com.sam[...]l.app.CocktailBarService$_5152#73106 (1)
07-17 12:01:38.507 D/SurfaceFlinger( 2123):        DEVICE |   0xb40000777e0e6400 | 0001 | RGBA_8888    |    0.0    0.0 1080.0  144.0 |    0 2196 1080 2340 | NavigationBar0$_4565#98 (132302)
07-17 12:01:38.507 D/SurfaceFlinger( 2123): 
07-17 12:01:38.508 I/CameraService( 2482): onUidStateChanged: uid=10271, procState is changed. (3 -> 5)
07-17 12:01:38.509 D/InputDispatcher( 2493): Focus entered window (0): d1f93ec com.gleidsonlm.threatevents/com.gleidsonlm.threatevents.MainActivity
--------- switch to system
07-17 12:01:38.509 D/TaskOrganizerController( 2493): applyStartingWindowAnimation, window=Window{42cc0d2 u0 Splash Screen com.gleidsonlm.threatevents}, caller=com.android.server.wm.ActivityRecord.onCopySplashScreenFinish:30 com.android.server.wm.ActivityTaskManagerService.onSplashScreenViewCopyFinished:39 android.app.IActivityTaskManager$Stub.onTransact:2445 
07-17 12:01:38.509 I/WindowManager( 2493): Reparenting to leash, surface=Surface(name=42cc0d2 Splash Screen com.gleidsonlm.threatevents)/@0xccb4d5a, syncState=0, syncCommitDepth=0, leashParent=Surface(name=ActivityRecord{5f30579 u0 com.gleidsonlm.threatevents/.MainActivity t1348})/@0x1bd8b8b
--------- switch to main
07-17 12:01:38.510 I/SurfaceFlinger( 2123): id=73143 createSurf, flag=24000, Surface(name=42cc0d2 Splash Screen com.gleidsonlm.threatevents)/@0xccb4d5a - animation-leash of starting_reveal#73143
--------- switch to system
07-17 12:01:38.510 D/WindowManager( 2493): makeSurface duration=0 leash=Surface(name=Surface(name=42cc0d2 Splash Screen com.gleidsonlm.threatevents)/@0xccb4d5a - animation-leash of starting_reveal)/@0x481f081
07-17 12:01:38.512 D/FreecessController( 2493): BG freezed, skip OLAF unfreeze for (com.facebook.katana, 10323)
07-17 12:01:38.512 D/FreecessController( 2493): BG freezed, skip OLAF unfreeze for (com.linkedin.android, 10331)
07-17 12:01:38.512 D/FreecessController( 2493): BG freezed, skip OLAF unfreeze for (com.microsoft.office.outlook, 10333)
07-17 12:01:38.512 D/[secipm]( 2493): mSecIpmManager report to nap
--------- switch to main
07-17 12:01:38.512 I/PkgPredictorService-SecIpmManagerServiceImpl( 2493): reportToNAP uid:10397 com.gleidsonlm.threatevents/com.gleidsonlm.threatevents.MainActivity thisTime:669
07-17 12:01:38.512 D/PkgPredictorService-SecIpmManagerServiceImpl( 2493): reportToNAP: mHeavyLaunchCounter is false
07-17 12:01:38.514 I/SurfaceFlinger( 2123): destroyed com.sec.android.app.launcher/com.sec.android.app.launcher.activities.LauncherActivity$_5152#73100
07-17 12:01:38.514 I/SurfaceFlinger( 2123): destroyed (1-1)-Window{2ab0a39 alpha=1.0 fl=}$_17778#73099
07-17 12:01:38.514 I/SurfaceFlinger( 2123): [Surface(name=42cc0d2 Splash Screen com.gleidsonlm.threatevents)/@0xccb4d5a - animation-leash of starting_reveal#73143] attach to parent LayerHierarchy{RequestedLayerState{ActivityRecord{5f30579 u0 com.gleidsonlm.threatevents/.MainActivity t1348}#73129 parentId=73128} 4 children}
07-17 12:01:38.514 W/Layer   ( 2123): gatherBufferInfo: Received unknown dataspace from gralloc
07-17 12:01:38.515 I/Layer   ( 2123): id=73100 Destroyed com.sec.android.app.launcher/com.sec.android.app.launcher.activities.LauncherActivity$_5152#73100
07-17 12:01:38.515 I/Layer   ( 2123): id=73099 Destroyed (1-1)-Window{2ab0a39 alpha=1.0 fl=}$_17778#73099
--------- switch to system
07-17 12:01:38.515 D/FreecessController( 2493): BG freezed, skip OLAF unfreeze for (com.microsoft.teams, 10353)
07-17 12:01:38.516 D/ActivityManager( 2493): freezing 17106 com.samsung.android.provider.filterprovider
--------- switch to main
07-17 12:01:38.517 I/CameraService( 2482): onUidStateChanged: uid=10270, procState is changed. (3 -> 5)
--------- switch to system
07-17 12:01:38.518 D/ActivityManager( 2493): FCA:FCA recordedFileRss = 0, and changeinRss = 42672
07-17 12:01:38.519 I/ActivityManager( 2493): Killing 15678:com.sec.android.app.samsungapps/u0a86 (adj 995): empty #33
--------- switch to main
07-17 12:01:38.520 I/ActivityTaskManager( 2493): Displayed com.gleidsonlm.threatevents/.MainActivity for user 0: +669ms
--------- switch to system
07-17 12:01:38.520 I/Pageboost( 2493): Launch time gathered : pid 17435 com.gleidsonlm.threatevents 669
--------- switch to main
07-17 12:01:38.521 E/pageboostd( 5394): Received HALT command code 2
07-17 12:01:38.521 E/ANDR-PERF-MPCTL( 2043): ANDR-PERF-MPCTL: internal_perf_lock_acq_verification() 385: Perflock Submit request limit reached.
07-17 12:01:38.521 E/ANDR-PERF-MPCTL( 2043): ANDR-PERF-MPCTL: internal_perf_lock_acq_verification() 385: Perflock Submit request limit reached.
07-17 12:01:38.521 E/ANDR-PERF-MPCTL( 2043): ANDR-PERF-MPCTL: internal_perf_lock_acq_verification() 385: Perflock Submit request limit reached.
07-17 12:01:38.522 D/PkgPredictorService-SecIpmManagerServiceImpl( 2493): bg information pid:5152 uid:10151 pkgName:com.sec.android.app.launcher
07-17 12:01:38.522 W/Layer   ( 2123): gatherBufferInfo: Received unknown dataspace from gralloc
--------- switch to system
07-17 12:01:38.523 D/FreecessController( 2493): BG freezed, skip OLAF unfreeze for (com.nu.production, 10363)
07-17 12:01:38.523 I/WALLPAPER_SVC:SemWallpaperManagerService( 2493): isHomeActivityVisible : false 
07-17 12:01:38.523 D/WALLPAPER_SVC:WallpaperData( 2493): getWallpaperFile: file = /data/system/users/0/wallpaper_orig 
07-17 12:01:38.523 D/WALLPAPER_SVC:WallpaperData( 2493): getWallpaperFile: file = /data/system/users/0/wallpaper_orig 
--------- switch to main
07-17 12:01:38.523 D/VRI[MainActivity]@c215b70(17435): mThreadedRenderer.initializeIfNeeded()#2 mSurface={isValid=true 0xb4000070b7054000}
--------- switch to system
07-17 12:01:38.523 D/WALLPAPER_SVC:WallpaperManagerService( 2493): dispatchHomeVisibilityChanged: visible = false, connection = com.android.server.wallpaper.WallpaperManagerService$WallpaperConnection@205aadd, systemWallpaper = WallpaperData@797b038, id: 2, which: 5, file mod: 0, info: null, engine(s): Proxy@c271c08, type = 0, userId = 0, uri= android.resource://com.samsung.android.wallpaper.res/drawable/Wallpaper_003.png, allowBackup= true, wallpaperComponent = ComponentInfo{com.android.systemui/com.android.systemui.wallpapers.ImageWallpaper}, nextWallpaperComponent = ComponentInfo{com.android.systemui/com.android.systemui.wallpapers.ImageWallpaper} 
--------- switch to main
07-17 12:01:38.523 E/ANDR-PERF-MPCTL( 2043): ANDR-PERF-MPCTL: internal_perf_lock_acq_verification() 385: Perflock Submit request limit reached.
--------- switch to system
07-17 12:01:38.523 D/FreecessController( 2493): BG freezed, skip OLAF unfreeze for (zombie.survival.craft.z, 10369)
07-17 12:01:38.523 D/FreecessController( 2493): BG freezed, skip OLAF unfreeze for (com.github.android, 10372)
07-17 12:01:38.523 D/FreecessController( 2493): BG freezed, skip OLAF unfreeze for (com.amazon.mShop.android.shopping, 10375)
--------- switch to main
07-17 12:01:38.524 D/InputMethodManagerUtils(17435): startInputInner - Id : 0
07-17 12:01:38.524 E/ANDR-PERF-MPCTL( 2043): ANDR-PERF-MPCTL: internal_perf_lock_acq_verification() 385: Perflock Submit request limit reached.
07-17 12:01:38.524 I/InputMethodManager(17435): startInputInner - IInputMethodManagerGlobalInvoker.startInputOrWindowGainedFocus
07-17 12:01:38.524 I/HYPER-HAL( 1995): [RequestManager.cpp]releaseLocked(): Released ID : 13284437
--------- switch to system
07-17 12:01:38.525 D/InputMethodManagerService( 2493): setWindowStateInner, windowToken=android.os.BinderProxy@442a69f, state=ImeTargetWindowState{ imeToken null imeFocusChanged true hasEditorFocused false requestedImeVisible false imeDisplayId 0 softInputModeState STATE_UNSPECIFIED|ADJUST_RESIZE|IS_FORWARD_NAVIGATION isStartInputByGainFocus true}
07-17 12:01:38.525 V/InputMethodManagerService( 2493): Unspecified window will hide input
--------- switch to main
07-17 12:01:38.525 I/ImeTracker( 2493): com.gleidsonlm.threatevents:77360e35: onRequestHide at ORIGIN_SERVER reason HIDE_UNSPECIFIED_WINDOW fromUser false
--------- switch to system
07-17 12:01:38.525 V/InputMethodManagerService( 2493): applyImeVisibility state=6
07-17 12:01:38.526 D/InputMethodManagerService( 2493): setWindowStateInner, windowToken=android.os.BinderProxy@442a69f, state=ImeTargetWindowState{ imeToken android.os.Binder@dcf8a5f imeFocusChanged true hasEditorFocused false requestedImeVisible false imeDisplayId 0 softInputModeState STATE_UNSPECIFIED|ADJUST_RESIZE|IS_FORWARD_NAVIGATION isStartInputByGainFocus true}
--------- switch to main
07-17 12:01:38.526 I/ImeTracker( 2493): com.gleidsonlm.threatevents:77360e35: onCancelled at PHASE_SERVER_SHOULD_HIDE
--------- switch to system
07-17 12:01:38.526 V/InputMethodManagerService( 2493): hideCurrentInputLocked : canceled, shouldHideSoftInput=false, mInputShown=false, mImeWindowVis=0
07-17 12:01:38.526 D/InputMethodManagerService( 2493): DESKTOP MODE! : 2
07-17 12:01:38.526 D/InputMethodManagerService( 2493): NOT IN KNOX DESKTOP MODE!
07-17 12:01:38.526 V/InputMethodManagerService( 2493): semComputeImeDisplayIdForTarget: displayId=0
--------- switch to main
07-17 12:01:38.526 I/VRI[MainActivity]@c215b70(17435): registerCallbackForPendingTransactions
--------- switch to system
07-17 12:01:38.526 V/InputMethodManagerService( 2493): Creating new session for client ClientState{2010cac mUid=10397 mPid=17435 mSelfReportedDisplayId=0}
--------- switch to main
07-17 12:01:38.526 D/InputTransport( 2493): Input channel constructed: 'ClientS', fd=1322
07-17 12:01:38.526 D/InputTransport( 2493): Input channel constructed: 'ClientS', fd=1324
07-17 12:01:38.526 D/InputTransport( 2493): Input channel destroyed: 'ClientS', fd=1324
--------- switch to system
07-17 12:01:38.529 D/InputMethodManagerService( 2493): isImeSwitcherDisabledPackage : false
07-17 12:01:38.529 D/InputMethodManagerService( 2493): checkDisplayOfStartInputAndUpdateKeyboard: displayId=0, mFocusedDisplayId=0
--------- switch to main
07-17 12:01:38.530 D/InputTransport( 2493): Input channel constructed: 'ClientS', fd=1324
07-17 12:01:38.530 D/InputTransport( 2493): Input channel destroyed: 'ClientS', fd=1324
07-17 12:01:38.530 D/InputTransport(17435): Input channel constructed: 'ClientS', fd=181
07-17 12:01:38.530 E/AccessibilityService(14288): bindInput must be paired with unbindInput.
07-17 12:01:38.531 W/Layer   ( 2123): gatherBufferInfo: Received unknown dataspace from gralloc
--------- switch to system
07-17 12:01:38.532 D/FreecessController( 2493): restrictJobsByOlaf: restrict=false, uid=-1
07-17 12:01:38.533 D/FreecessController( 2493): com.cloudflare.onedotonedotonedotone(state: Initial -> Frozen, Reason: uidIdle)
07-17 12:01:38.533 W/UserManagerService( 2493): Requested status bar icon for non-badged user 0
07-17 12:01:38.534 D/RestrictionPolicy( 2493): isScreenCaptureEnabled : ret=true userId=0
07-17 12:01:38.535 I/WindowManager( 2493): Cancelling animation restarting=true, leash=Surface(name=Surface(name=aadeef6 InputMethod)/@0xa9f1564 - animation-leash of insets_animation)/@0x6020682
07-17 12:01:38.535 I/WindowManager( 2493): Reparenting to original parent: Surface(name=WindowToken{86224a4 type=2011 android.os.Binder@556a737})/@0xd98c3cd, destroy=false, syncState=0, syncCommitDepth=0, surface=Surface(name=aadeef6 InputMethod)/@0xa9f1564
07-17 12:01:38.535 I/WindowManager( 2493): Reparenting to leash, surface=Surface(name=aadeef6 InputMethod)/@0xa9f1564, syncState=0, syncCommitDepth=0, leashParent=Surface(name=WindowToken{86224a4 type=2011 android.os.Binder@556a737})/@0xd98c3cd
--------- switch to main
07-17 12:01:38.535 I/SurfaceFlinger( 2123): id=73144 createSurf, flag=24004, Surface(name=aadeef6 InputMethod)/@0xa9f1564 - animation-leash of insets_animation#73144
--------- switch to system
07-17 12:01:38.536 D/WindowManager( 2493): makeSurface duration=1 leash=Surface(name=Surface(name=aadeef6 InputMethod)/@0xa9f1564 - animation-leash of insets_animation)/@0xfa6fbf1
--------- switch to main
07-17 12:01:38.536 I/HBD     ( 8223): HoneyBoardService onFinishInput 
--------- switch to system
07-17 12:01:38.537 D/OlafRestriction( 2493):  olaf state update: state=false
07-17 12:01:38.537 D/OlafRestriction( 2493):  trigger onRestrictionStateChanged.
07-17 12:01:38.537 D/InsetsSourceProvider( 2493): updateControlForTarget: control=InsetsSourceControl: {3 mType=ime mSurfacePosition=Point(0, 81) mInsetsHint=Insets{left=0, top=0, right=0, bottom=1026}}, target=Window{d1f93ec u0 com.gleidsonlm.threatevents/com.gleidsonlm.threatevents.MainActivity}, from=com.android.server.wm.ImeInsetsSourceProvider.updateControlForTarget:17 com.android.server.wm.InsetsStateController.onControlTargetChanged:81 com.android.server.wm.DisplayContent.updateImeControlTarget:21 com.android.server.wm.DisplayContent.updateImeInputAndControlTarget:81 com.android.server.wm.WindowManagerService$LocalService.updateInputMethodTargetWindow:21 
07-17 12:01:38.537 I/WindowManager( 2493): Cancelling animation restarting=false, leash=Surface(name=Surface(name=42cc0d2 Splash Screen com.gleidsonlm.threatevents)/@0xccb4d5a - animation-leash of starting_reveal)/@0x481f081
07-17 12:01:38.537 I/WindowManager( 2493): Reparenting to original parent: Surface(name=ActivityRecord{5f30579 u0 com.gleidsonlm.threatevents/.MainActivity t1348})/@0x1bd8b8b, destroy=false, syncState=0, syncCommitDepth=0, surface=Surface(name=42cc0d2 Splash Screen com.gleidsonlm.threatevents)/@0xccb4d5a
07-17 12:01:38.538 V/WindowManager( 2493): Schedule remove starting ActivityRecord{5f30579 u0 com.gleidsonlm.threatevents/.MainActivity t1348} startingWindow=Window{42cc0d2 u0 Splash Screen com.gleidsonlm.threatevents} animate=false Callers=com.android.server.wm.ActivityClientController.splashScreenAttached:51 android.app.IActivityClientController$Stub.onTransact:1373 com.android.server.wm.ActivityClientController.onTransact:1 android.os.Binder.execTransactInternal:1541 android.os.Binder.execTransact:1480 
--------- switch to main
07-17 12:01:38.538 D/ShellTaskOrganizer( 4565): removeStartingWindow, removalInfo=StartingWindowRemovalInfo{taskId=1348 frame=null playRevealAnimation=false roundedCornerRadius=0.0 deferRemoveMode=0 windowlessSurface=false removeImmediately=false}
--------- switch to system
07-17 12:01:38.538 D/WindowManager( 2493): updateSystemBarAttributes: displayId=0, focusedCanBeNavColorWin=false, win=Window{d1f93ec u0 com.gleidsonlm.threatevents/com.gleidsonlm.threatevents.MainActivity}, navColorWin=Window{d1f93ec u0 com.gleidsonlm.threatevents/com.gleidsonlm.threatevents.MainActivity}, caller=com.android.server.wm.DisplayPolicy.finishPostLayoutPolicyLw:17 com.android.server.wm.RootWindowContainer.applySurfaceChangesTransaction$1:194 com.android.server.wm.RootWindowContainer.performSurfacePlacementNoTrace:61 
07-17 12:01:38.538 D/WindowManager( 2493): updateSystemBarAttributes, bhv=2, apr=0, statusBarAprRegions=[AppearanceRegion{LIGHT_STATUS_BARS bounds=[0,0][1080,2340]}], requestedVisibilities=-9
--------- switch to main
07-17 12:01:38.539 I/SurfaceFlinger( 2123): [Surface(name=aadeef6 InputMethod)/@0xa9f1564 - animation-leash of insets_animation#73144] attach to parent LayerHierarchy{RequestedLayerState{WindowToken{86224a4 type=2011 android.os.Binder@556a737}#18647 parentId=16} 2 children}
07-17 12:01:38.539 W/Layer   ( 2123): gatherBufferInfo: Received unknown dataspace from gralloc
07-17 12:01:38.539 W/Layer   ( 2123): gatherBufferInfo: Received unknown dataspace from gralloc
--------- switch to system
07-17 12:01:38.540 D/ActivityManager( 2493): FCA:FCA recordedFileRss = 0, and changeinRss = 69608
07-17 12:01:38.540 D/FreecessController( 2493): FZ : com.cloudflare.onedotonedotonedotone(10351) [16632] reason: Bg
--------- switch to main
07-17 12:01:38.540 I/VRI[MainActivity]@c215b70(17435): mWNT: t=0xb4000070b73d4e00 mBlastBufferQueue=0xb40000714d78be00 fn= 4 HdrRenderState mRenderHdrSdrRatio=1.0 caller= android.view.ViewRootImpl$9.onFrameDraw:6276 android.view.ViewRootImpl$3.onFrameDraw:2440 android.view.ThreadedRenderer$1.onFrameDraw:761 
07-17 12:01:38.540 W/LocationManagerService( 2493): onFreezeStateChanged, uid[10351]=true
07-17 12:01:38.540 I/CameraService( 2482): onUidStateChanged: uid=10047, procState is changed. (1 -> 0)
07-17 12:01:38.541 I/HBD     ( 8223): a IC have been unbinding,  RemoteInputConnection{idHash=#8f4c439}
07-17 12:01:38.541 I/HBD     ( 8223): HoneyBoardService [PF_CL][onFinishInput]  5 ms 
07-17 12:01:38.541 I/HBD     ( 8223): HoneyBoardService [IMI] onStartInput - caller pid : 17435 , caller uid : 10397 
07-17 12:01:38.541 I/HBD     ( 8223): t updateConfigs 
07-17 12:01:38.541 D/SystemUIService( 4565): SYSUI_RAM_OPTIMIZATION onTrimMemory=20
07-17 12:01:38.541 I/HBD     ( 8223): t isEnabledNightMode : true 
07-17 12:01:38.541 D/CentralSurfaces( 4565): SYSUI_RAM_OPTIMIZATION onTrimMemory=20
07-17 12:01:38.541 I/HBD     ( 8223): a IC have been binding, RemoteInputConnection{idHash=#7b22da9} 
07-17 12:01:38.542 I/HBD     ( 8223): g [EditorInputType]setPrivateImeOptionsToTable privateImeOptions ( null )
07-17 12:01:38.542 I/HBD     ( 8223): b incognitoMode : false 
07-17 12:01:38.542 I/HBD     ( 8223): b needOff = true , isForceOff = false, isNullInputClass : true 
07-17 12:01:38.542 I/HBD     ( 8223): g getDefaultInputRange : UNKNOWN 
07-17 12:01:38.542 I/HBD     ( 8223): g getDefaultInputRange : UNKNOWN 
07-17 12:01:38.542 I/HBD     ( 8223): g getDefaultInputRange : UNKNOWN 
07-17 12:01:38.542 I/HBD     ( 8223): i [AiWriter] isChildBlockCase:
07-17 12:01:38.542 D/NavigationBar( 4565): onSystemBarAttributesChanged() -  displayId:0, appearance:0, packageName: com.gleidsonlm.threatevents, navbarColorManagedByIme:false
--------- switch to system
07-17 12:01:38.542 I/PowerManagerService( 2493): [PWL] SetWakeLockEnableDisable uid = 10351 , disable= true
07-17 12:01:38.542 I/PowerManagerService( 2493): [PWL] can not change uid =  10351
--------- switch to main
07-17 12:01:38.543 V/WindowManager( 2493): Relayout Window{42cc0d2 u0 Splash Screen com.gleidsonlm.threatevents}: viewVisibility=8 req=1080x2340 ty=3 d0
07-17 12:01:38.543 D/HWUI    ( 4565): CacheManager::trimMemory(20)
07-17 12:01:38.543 V/WindowManager( 2493): Relayout hash=42cc0d2, pid=4565, syncId=-1: mAttrs={(0,0)(fillxfill) sim={adjust=pan} layoutInDisplayCutoutMode=always ty=APPLICATION_STARTING fmt=TRANSLUCENT wanim=0x1030301
07-17 12:01:38.543 V/WindowManager( 2493):   fl=81030118
07-17 12:01:38.543 V/WindowManager( 2493):   pfl=10000810
07-17 12:01:38.543 V/WindowManager( 2493):   apr=18
07-17 12:01:38.543 V/WindowManager( 2493):   bhv=1
07-17 12:01:38.543 V/WindowManager( 2493):   fitSides=0
07-17 12:01:38.543 V/WindowManager( 2493):   frameRateBoostOnTouch=true
07-17 12:01:38.543 V/WindowManager( 2493):   dvrrWindowFrameRateHint=true naviIconColor=0}
07-17 12:01:38.544 I/VRI[threatevents]@1a7d6e5( 4565): Relayout returned: old=(0,0,1080,2340) new=(0,0,1080,2340) relayoutAsync=false req=(1080,2340)8 dur=2 res=0x2 s={false 0x0} ch=true seqId=0
07-17 12:01:38.544 D/VRI[threatevents]@1a7d6e5( 4565): Not drawing due to not visible. Reason=View.GONE
07-17 12:01:38.544 I/SurfaceControl( 2493): apply, lowDebugName=CreateStartingRevealAnim RemoveStartingRevealAnim, caller=android.view.SurfaceControl$Transaction.apply:3122 android.view.SurfaceControl$Transaction.apply:3078 com.android.server.wm.WindowAnimator.animate:380 com.android.server.wm.WindowAnimator$$ExternalSyntheticLambda1.doFrame:14 android.view.Choreographer$CallbackRecord.run:1749 android.view.Choreographer$CallbackRecord.run:1760 
07-17 12:01:38.544 W/WindowOnBackDispatcher( 4565): sendCancelIfRunning: isInProgress=false callback=android.view.ViewRootImpl$$ExternalSyntheticLambda15@583fc61
--------- switch to system
07-17 12:01:38.545 D/CoreBackPreview( 2493): Window{42cc0d2 u0 Splash Screen com.gleidsonlm.threatevents}: Setting back callback null
--------- switch to main
07-17 12:01:38.546 I/VRI[threatevents]@1a7d6e5( 4565): dispatchDetachedFromWindow
--------- switch to system
07-17 12:01:38.546 D/WindowManager( 2493): Starting window removed Window{42cc0d2 u0 Splash Screen com.gleidsonlm.threatevents}
--------- switch to main
07-17 12:01:38.546 D/InputTransport( 2493): Input channel destroyed: '42cc0d2', fd=1030
07-17 12:01:38.546 W/InputManager-JNI( 2493): Input channel object '42cc0d2 Splash Screen com.gleidsonlm.threatevents (client)' was disposed without first being removed with the input manager!
07-17 12:01:38.546 D/InputTransport( 2493): Input channel destroyed: '42cc0d2', fd=1062
--------- switch to system
07-17 12:01:38.546 V/WindowManager( 2493): Remove Window{42cc0d2 u0 Splash Screen com.gleidsonlm.threatevents}: mSurfaceController=Surface(name=Splash Screen com.gleidsonlm.threatevents$_4565)/@0x36a6657 mAnimatingExit=false mRemoveOnExit=false mHasSurface=true surfaceShowing=false animating=false app-animation=false mDisplayFrozen=false callers=com.android.server.wm.Session.remove:16 android.view.IWindowSession$Stub.onTransact:794 com.android.server.wm.Session.onTransact:1 android.os.Binder.execTransactInternal:1536 android.os.Binder.execTransact:1480 <bottom of call stack> 
07-17 12:01:38.546 I/WindowManager( 2493): Destroying surface Surface(name=Splash Screen com.gleidsonlm.threatevents$_4565)/@0x36a6657 called by com.android.server.wm.WindowStateAnimator.destroySurface:11 com.android.server.wm.WindowStateAnimator.destroySurfaceLocked:54 com.android.server.wm.WindowState.removeImmediately:43 com.android.server.wm.WindowState.removeIfPossible:638 com.android.server.wm.Session.remove:16 android.view.IWindowSession$Stub.onTransact:794 com.android.server.wm.Session.onTransact:1 android.os.Binder.execTransactInternal:1536 
07-17 12:01:38.547 D/WindowManager( 2493): updateSystemBarAttributes: displayId=0, focusedCanBeNavColorWin=false, win=Window{d1f93ec u0 com.gleidsonlm.threatevents/com.gleidsonlm.threatevents.MainActivity}, navColorWin=Window{d1f93ec u0 com.gleidsonlm.threatevents/com.gleidsonlm.threatevents.MainActivity}, caller=com.android.server.wm.DisplayPolicy.finishPostLayoutPolicyLw:17 com.android.server.wm.RootWindowContainer.applySurfaceChangesTransaction$1:194 com.android.server.wm.RootWindowContainer.performSurfacePlacementNoTrace:61 
07-17 12:01:38.547 D/WindowManager( 2493): updateSystemBarAttributes, bhv=2, apr=0, statusBarAprRegions=[AppearanceRegion{ bounds=[0,0][1080,2340]}], requestedVisibilities=-9
--------- switch to main
07-17 12:01:38.547 I/SurfaceFlinger( 2123): Layer [Surface(name=42cc0d2 Splash Screen c[...]ation-leash of starting_reveal#73143] hidden!! flag(1)
07-17 12:01:38.547 I/SurfaceFlinger( 2123): Layer [Surface(name=42cc0d2 Splash Screen c[...]ation-leash of starting_reveal#73143] hidden!! flag(0)
07-17 12:01:38.547 I/SurfaceFlinger( 2123): Layer [Splash Screen com.gleidsonlm.threatevents$_4565#73131] hidden!! flag(1)
07-17 12:01:38.547 I/SurfaceFlinger( 2123): [LayerHierarchy{RequestedLayerState{ImeContainer#16 parentId=73129 relativeParentId=73129 z=3} 1 children}] reparent to LayerHierarchy{RequestedLayerState{ActivityRecord{5f30579 u0 com.gleidsonlm.threatevents/.MainActivity t1348}#73129 parentId=73128} 5 children}
07-17 12:01:38.547 I/SurfaceFlinger( 2123): [LayerHierarchy{RequestedLayerState{ImeContainer#16 parentId=73129 relativeParentId=73129 z=3} 1 children}] RelativeParent to null
07-17 12:01:38.547 I/SurfaceFlinger( 2123): [LayerHierarchy{RequestedLayerState{aadeef6 InputMethod#18650 parentId=73144} no children}] reparent to LayerHierarchy{RequestedLayerState{Surface(name=aadeef6 InputMethod)/@0xa9f1564 - animation-leash of insets_animation#73144 parentId=18647} 1 children}
07-17 12:01:38.547 I/SurfaceFlinger( 2123): [LayerHierarchy{RequestedLayerState{Surface(name=42cc0d2 Splash Screen com.gleidsonlm.threatevents)/@0xccb4d5a - animation-leash of starting_reveal#73143} no children}] reparent to OffscreenRoot
07-17 12:01:38.547 I/SurfaceFlinger( 2123): [LayerHierarchy{RequestedLayerState{Surface(name=42cc0d2 Splash Screen com.gleidsonlm.threatevents)/@0xccb4d5a - animation-leash of starting_reveal#73143} no children}] RelativeParent to null
07-17 12:01:38.547 I/SurfaceFlinger( 2123): [LayerHierarchy{RequestedLayerState{Surface(name=aadeef6 InputMethod)/@0xa9f1564 - animation-leash of insets_animation#73088} no children}] reparent to OffscreenRoot
07-17 12:01:38.547 I/SurfaceFlinger( 2123): [LayerHierarchy{RequestedLayerState{Surface(name=aadeef6 InputMethod)/@0xa9f1564 - animation-leash of insets_animation#73088} no children}] RelativeParent to null
07-17 12:01:38.547 I/SurfaceFlinger( 2123): [LayerHierarchy{RequestedLayerState{42cc0d2 Splash Screen com.gleidsonlm.threatevents#73130 parentId=73129 z=2147483647} 1 children}] reparent to LayerHierarchy{RequestedLayerState{ActivityRecord{5f30579 u0 com.gleidsonlm.threatevents/.MainActivity t1348}#73129 parentId=73128} 4 children}
07-17 12:01:38.548 D/InputTransport( 4565): Input channel destroyed: '42cc0d2', fd=731
07-17 12:01:38.548 W/Layer   ( 2123): gatherBufferInfo: Received unknown dataspace from gralloc
07-17 12:01:38.548 W/Layer   ( 2123): gatherBufferInfo: Received unknown dataspace from gralloc
07-17 12:01:38.549 I/SamsungAccount( 1840): [AccountManagerProvider] isChildAccount
07-17 12:01:38.549 D/SurfaceFlinger( 2123): Display 4630947059332006275 HWC layers:
07-17 12:01:38.549 D/SurfaceFlinger( 2123):        DEVICE |   0xb40000776e798700 | 0001 | RGBA_8888    |    0.0    0.0 1080.0 2340.0 |    0    0 1080 2340 | com.gleidsonlm.threatevents/com.glei[...]reatevents.MainActivity$_17435#73140 (4)
07-17 12:01:38.549 D/SurfaceFlinger( 2123):        DEVICE |   0xb40000777c462300 | 0001 | RGBA_8888    |    0.0    0.0 1080.0   81.0 |    0    0 1080   81 | StatusBar$_4565#105 (92076)
07-17 12:01:38.549 D/SurfaceFlinger( 2123):        DEVICE |   0xb40000777e0e6880 | 0001 | RGBA_8888    |    0.0    0.0   67.0  342.0 | 1013  443 1080  785 | com.sec.android.app.launcher/com.sam[...]l.app.CocktailBarService$_5152#73106 (1)
07-17 12:01:38.549 D/SurfaceFlinger( 2123):        DEVICE |   0xb40000777c49a900 | 0001 | RGBA_8888    |    0.0    0.0 1080.0  144.0 |    0 2196 1080 2340 | NavigationBar0$_4565#98 (132307)
07-17 12:01:38.549 D/SurfaceFlinger( 2123): 
07-17 12:01:38.549 I/SurfaceFlinger( 2123): id=73088 Removed Surface(name=aadeef6 InputMethod)/@0xa9f1564 - animation-leash of insets_animation#73088 (255)
07-17 12:01:38.550 I/SamsungAccount( 1840): [AccountManagerProvider] Calling package : android.honeyboard.
07-17 12:01:38.551 D/SamsungLightBarControlHelper( 4565): updateStatusBar (WHITE icon) numStacks:1, StatusBarMode:MODE_TRANSPARENT, lightBarBounds:[], StatusBarState:SHADE, packageName:, isWhiteKeyguardStatusBar:false
