07-17 13:07:04.794 I/SimModel(25913): [C] CompleteActiveSubscriptionInfoList : 1
07-17 13:07:04.794 I/SimDataSource(25913): [C] getSimIconIndex() iccTypeSlot : 0,2
07-17 13:07:04.794 I/SimDataSource(25913): [C] getSimIconIndex() [1] nIndex : 0
07-17 13:07:04.794 I/SimDataSource(25913): [C] getSimIcon(1) simIcon: 2131232327, iconIdx: 0
07-17 13:07:04.795 D/SecContentProvider2( 2493): query(), uri = 18 selection = isCopyContactToSimAllowed
07-17 13:07:04.795 D/SecContentProvider2( 2493): isCopyContactToSimAllowed = true
07-17 13:07:04.795 I/artd    (30521): GetBestInfo: odex next to the dex file (/data/app/~~t2X1-YAeV7GIXqb8Pkl1hw==/com.sec.android.app.samsungapps-ESma7BroBNM4gtC1TFyJWw==/oat/arm64/base.odex) is kOatCannotOpen: In oat file '/data/app/~~t2X1-YAeV7GIXqb8Pkl1hw==/com.sec.android.app.samsungapps-ESma7BroBNM4gtC1TFyJWw==/oat/arm64/base.odex': invalid oat header: Invalid oat version, expected 0x32353900, got 0x32353100.
07-17 13:07:04.796 I/AccountTypeLoader(25913): [C] add syncable account types
07-17 13:07:04.796 I/artd    (30521): GetBestInfo: vdex next to the dex file (/data/app/~~t2X1-YAeV7GIXqb8Pkl1hw==/com.sec.android.app.samsungapps-ESma7BroBNM4gtC1TFyJWw==/oat/arm64/base.vdex) is kOatUpToDate with filter 'verify' executable 'false'
07-17 13:07:04.797 I/Routine@Core[4.8.02.21]: SleepScheduleInfoRequester(23317): getMigrationDataAboutSleepSchedule
--------- switch to system
07-17 13:07:04.798 E/ActivityThread(23317): Failed to find provider info for com.samsung.sec.android.clockpackage
--------- switch to main
07-17 13:07:04.798 E/Routine@Core[4.8.02.21]: SleepScheduleInfoRequester(23317): getMigrationDataAboutSleepSchedule: Exception in calling content provider method - getMigrationDataAboutSleepSchedule, exception(java.lang.IllegalArgumentException: Unknown authority com.samsung.sec.android.clockpackage)
07-17 13:07:04.798 I/Routine@Core[4.8.02.21]: SleepScheduleMigrator(23317): migrateSleepMode: MigrationResultState is NOT YET, try migration
07-17 13:07:04.798 I/Routine@Core[4.8.02.21]: SleepScheduleMigrator(23317): migrateSleepMode: try migration dwb data is separate thread
07-17 13:07:04.799 I/Routine@Core[4.8.02.21]: SleepScheduleMigrator(23317): migrateDWBData
07-17 13:07:04.801 I/AccountTypeLoader(25913): [C]  > added: accountType : com.google, dataSet : null
07-17 13:07:04.801 I/ExternalAccountType(25913): [C] loadContactsXml : com.google.android.apps.tachyon
07-17 13:07:04.802 I/ExternalAccountType(25913): [C] Metadata loaded from: com.google.android.apps.tachyon, com.google.android.apps.tachyon.contacts.sync.SyncService, android.provider.CONTACTS_STRUCTURE
07-17 13:07:04.802 I/AccountTypeLoader(25913): [C]  > added: accountType : com.google.android.apps.tachyon, dataSet : null, resource : com.google.android.apps.tachyon, adapter : com.google.android.apps.tachyon, isExtension : false
07-17 13:07:04.802 I/ExternalAccountType(25913): [C] loadContactsXml : com.whatsapp
07-17 13:07:04.803 I/ExternalAccountType(25913): [C] Metadata loaded from: com.whatsapp, com.whatsapp.contact.ui.sync.ContactsSyncAdapterService, android.provider.CONTACTS_STRUCTURE
07-17 13:07:04.803 I/AccountTypeLoader(25913): [C]  > added: accountType : com.whatsapp, dataSet : null, resource : com.whatsapp, adapter : com.whatsapp, isExtension : false
07-17 13:07:04.804 I/AccountTypeLoader(25913): [C]  > added: accountType : com.google.android.gm.exchange, dataSet : null
07-17 13:07:04.805 I/Routine@Core[4.8.02.21]: SleepScheduleMigrator(23317): migrateDWBData: do not have Migration data about DWB
07-17 13:07:04.805 I/AccountTypeLoader(25913): [C]  > added: accountType : com.osp.app.signin, dataSet : null
07-17 13:07:04.806 I/Routine@Core[4.8.02.21]: SmartThingsMetadataUpdater(23317): calculate: isEnabled=false
07-17 13:07:04.806 I/AccountTypeLoader(25913): [C]  > added: accountType : com.samsung.android.coreapps, dataSet : null
07-17 13:07:04.806 I/ExternalAccountType(25913): [C] loadContactsXml : com.microsoft.teams
07-17 13:07:04.806 I/Routine@Core[4.8.02.21]: LifestyleModeMigrator(23317): migrate
07-17 13:07:04.806 I/artd    (30521): GetBestInfo: odex next to the dex file (/data/app/~~her6ozWEWQfdxFNdbKk8HA==/com.samsung.android.bixbyvision.framework-5FbrNdxPACNZ1pdviCoe6g==/oat/arm64/base.odex) is kOatCannotOpen: In oat file '/data/app/~~her6ozWEWQfdxFNdbKk8HA==/com.samsung.android.bixbyvision.framework-5FbrNdxPACNZ1pdviCoe6g==/oat/arm64/base.odex': invalid oat header: Invalid oat version, expected 0x32353900, got 0x32353100.
07-17 13:07:04.806 I/artd    (30521): GetBestInfo: vdex next to the dex file (/data/app/~~her6ozWEWQfdxFNdbKk8HA==/com.samsung.android.bixbyvision.framework-5FbrNdxPACNZ1pdviCoe6g==/oat/arm64/base.vdex) is kOatUpToDate with filter 'verify' executable 'false'
07-17 13:07:04.810 I/ExternalAccountType(25913): [C] Metadata loaded from: com.microsoft.teams, com.microsoft.skype.teams.calling.nativephonebookintegration.AccountService, android.provider.CONTACTS_STRUCTURE
07-17 13:07:04.810 I/AccountTypeLoader(25913): [C]  > added: accountType : com.microsoft.teams, dataSet : null, resource : com.microsoft.teams, adapter : com.microsoft.teams, isExtension : false
07-17 13:07:04.810 I/ExternalAccountType(25913): [C] loadContactsXml : com.microsoft.office.outlook
07-17 13:07:04.811 I/ExternalAccountType(25913): [C] Metadata loaded from: com.microsoft.office.outlook, com.microsoft.office.outlook.contactsync.adapter.ContactSyncAdapterService, android.provider.CONTACTS_STRUCTURE
07-17 13:07:04.812 I/artd    (30521): GetBestInfo: odex next to the dex file (/data/app/~~GNhufwb5DI-fGY-DW0935w==/com.google.android.dialer-oLbS_OUBva2mWlE-RL1ncA==/oat/arm64/base.odex) is kOatUpToDate with filter 'speed-profile' executable 'false'
07-17 13:07:04.813 I/Routine@Core[4.8.02.21]: InstanceCleaner(23317): clean() - begin
07-17 13:07:04.813 I/AccountTypeLoader(25913): [C]  > added: accountType : com.microsoft.office.outlook.USER_ACCOUNT, dataSet : null, resource : com.microsoft.office.outlook, adapter : com.microsoft.office.outlook, isExtension : false
07-17 13:07:04.813 I/ExternalAccountType(25913): [C] loadContactsXml : com.google.android.apps.plus
07-17 13:07:04.814 I/ExternalAccountType(25913): [C] Package was found, but that doesn't contain the CONTACTS_STRUCTURE metadata
07-17 13:07:04.815 I/AccountTypeLoader(25913): [C] add syncable accounts (table:false, UIM:false, Samsung:false)
07-17 13:07:04.815 W/Finsky  ( 4573): [2] STU: Failed to get storage stats for package 'com.google.android.mediaprovider' (1601: Error getting stats: android.content.pm.PackageManager.NameNotFoundException)
07-17 13:07:04.819 I/AccountTypeLoader(25913): [C]  > added account: com.whatsapp
07-17 13:07:04.819 W/Finsky  ( 4573): [2] STU: Failed to get storage stats for package 'com.samsung.android.camera.qciq' (1601: Error getting stats: android.content.pm.PackageManager.NameNotFoundException)
07-17 13:07:04.819 I/AccountTypeLoader(25913): [C]  > added account: com.google
07-17 13:07:04.820 I/AccountTypeLoader(25913): [C]  > added account: com.google.android.apps.tachyon
07-17 13:07:04.820 I/artd    (30521): GetBestInfo: odex next to the dex file (/data/app/~~31Ol00RDNq6UmDtCUbtpAw==/com.samsung.android.kmxservice-B2etSnP013vuZlIeGEQGsQ==/oat/arm64/base.odex) is kOatCannotOpen: In oat file '/data/app/~~31Ol00RDNq6UmDtCUbtpAw==/com.samsung.android.kmxservice-B2etSnP013vuZlIeGEQGsQ==/oat/arm64/base.odex': invalid oat header: Invalid oat version, expected 0x32353900, got 0x32353100.
07-17 13:07:04.821 I/artd    (30521): GetBestInfo: vdex next to the dex file (/data/app/~~31Ol00RDNq6UmDtCUbtpAw==/com.samsung.android.kmxservice-B2etSnP013vuZlIeGEQGsQ==/oat/arm64/base.vdex) is kOatUpToDate with filter 'verify' executable 'false'
07-17 13:07:04.821 I/AccountTypeLoader(25913): [C]  > added account: com.osp.app.signin
07-17 13:07:04.825 I/Routine@Core[4.8.02.21]: InstanceCleaner(23317): clean() - listToDelete is Empty !
07-17 13:07:04.825 I/Routine@Core[4.8.02.21]: InstanceCleaner(23317): clean() - end
07-17 13:07:04.828 W/Finsky  ( 4573): [2] STU: Failed to get storage stats for package 'com.android.virt' (1601: Error getting stats: android.content.pm.PackageManager.NameNotFoundException)
07-17 13:07:04.829 E/ANDR-PERF-MPCTL( 2043): ANDR-PERF-MPCTL: internal_perf_lock_acq_verification() 385: Perflock Submit request limit reached.
07-17 13:07:04.829 W/Finsky  ( 4573): [2] STU: Failed to get storage stats for package 'com.android.btservices' (1601: Error getting stats: android.content.pm.PackageManager.NameNotFoundException)
07-17 13:07:04.829 I/LayerHistory( 2123): com.sec.android.app.launcher/com.sec.android.app.launcher.activities.LauncherActivity$_5152#73316 Max (can't resolve refresh rate)
07-17 13:07:04.829 I/SurfaceFlinger( 2123): Idle - choose 24.00 Hz
07-17 13:07:04.829 I/HWComposer( 2123): [4630947059332006275] ActiveConfigToHWC, ID : 8
07-17 13:07:04.830 I/SDM     ( 2027): HWDeviceDRM::SetDisplaySwitchMode: [DispConfigs] check hs_mode 3
07-17 13:07:04.830 W/SDM     ( 2027): HWDeviceDRM::GetSupportedBitClkRate: Requested rate not supported: 951080000
07-17 13:07:04.830 W/SDM     ( 2027): HWDeviceDRM::GetSupportedBitClkRate: Requested rate not supported: 951080000
07-17 13:07:04.830 I/SDM     ( 2027): HWDeviceDRM::SetDisplaySwitchMode: [DispConfigs] Set mode index:9 1080x2340x24xcmdPHS, hs_mode(3), found_mode(1)
07-17 13:07:04.830 I/SDM     ( 2027): HWDeviceDRM::UpdateMixerAttributes: Mixer WxH 1080x2340-1 for Peripheral
07-17 13:07:04.830 I/SDM     ( 2027): HWCDisplay::SubmitDisplayConfig: Active configuration changed from config 0 to 8
07-17 13:07:04.832 W/Finsky  ( 4573): [2] STU: Failed to get storage stats for package 'com.google.android.resolv' (1601: Error getting stats: android.content.pm.PackageManager.NameNotFoundException)
07-17 13:07:04.832 I/Routine@Core[4.8.02.21]: Pref(23317): putSharedPrefsData: key=pref_metaloader_status, data.size=9
07-17 13:07:04.832 I/AccountTypeModel(25913): [C] Accounts and types are same. loaded = true
07-17 13:07:04.832 I/AccountTypeModel(25913): [C] account reload finish: 3
07-17 13:07:04.833 I/VSyncReactor( 2123): Current= 120, Period= 24, hwcPeriod= 24
07-17 13:07:04.834 E/Routine@Core[4.8.02.21]: WearNodeHelper(23317): getConnectedNearlyNodes: ExecutionException - java.util.concurrent.ExecutionException: com.google.android.gms.common.api.ApiException: 17: API: Wearable.API is not available on this device. Connection failed with: ConnectionResult{statusCode=API_UNAVAILABLE, resolution=null, message=null}
07-17 13:07:04.838 I/artd    (30521): GetBestInfo: odex next to the dex file (/data/app/~~edox2eKYhJym56Doql8seA==/com.google.android.apps.bard-wqYdi90w3qMyh8vTYsUQpA==/oat/arm64/base.odex) is kOatCannotOpen: In oat file '/data/app/~~edox2eKYhJym56Doql8seA==/com.google.android.apps.bard-wqYdi90w3qMyh8vTYsUQpA==/oat/arm64/base.odex': invalid oat header: Invalid oat version, expected 0x32353900, got 0x32353100.
07-17 13:07:04.838 I/artd    (30521): GetBestInfo: vdex next to the dex file (/data/app/~~edox2eKYhJym56Doql8seA==/com.google.android.apps.bard-wqYdi90w3qMyh8vTYsUQpA==/oat/arm64/base.vdex) is kOatUpToDate with filter 'verify' executable 'false'
07-17 13:07:04.842 I/Routine@Core[4.8.02.21]: MetadataLoaderJobService(23317): onDestroy
07-17 13:07:04.843 I/Routine@Core[4.8.02.21]: Pref(23317): putSharedPrefsData: key=routine_meta_data_loading_statue, data.size=8
07-17 13:07:04.843 W/WearableService(32561): onGetService: Wear is not available on this device.
07-17 13:07:04.845 E/Routine@Core[4.8.02.21]: WearNodeManagerImpl(23317): getNodeId: exception - com.google.android.gms.common.api.ApiException: 17: API: Wearable.API is not available on this device. Connection failed with: ConnectionResult{statusCode=API_UNAVAILABLE, resolution=null, message=null}
07-17 13:07:04.846 I/Routine@Core[4.8.02.21]: WearNodeManagerImpl(23317): getConnectedNodeIdByCapability nodeId:null
07-17 13:07:04.846 I/Routine@Core[4.8.02.21]: WearCommonDataStore(23317): getLastConnectedNodeId: null
07-17 13:07:04.846 I/Routine@Core[4.8.02.21]: WEAR/WearRoutineHostSenderImpl(23317): requestToUpdateMetas: nodeId is null
07-17 13:07:04.847 I/Routine@Core[4.8.02.21]: DatabaseJobIntentService(23317): Stop no more task
07-17 13:07:04.848 I/Routine@Core[4.8.02.21]: RoutineService(23317): onDestroy
07-17 13:07:04.850 I/Routine@Core[4.8.02.21]: MetadataSyncHistory(23317): isMetaDataSyncedWithVersion: latest=41ff201f2fe09e9dede9808f7133caa2f03620cb, currentVersion=41ff201f2fe09e9dede9808f7133caa2f03620cb
07-17 13:07:04.853 W/Finsky  ( 4573): [2] STU: Failed to get storage stats for package 'com.google.android.configinfrastructure' (1601: Error getting stats: android.content.pm.PackageManager.NameNotFoundException)
07-17 13:07:04.854 W/Finsky  ( 4573): [2] STU: Failed to get storage stats for package 'com.google.android.media' (1601: Error getting stats: android.content.pm.PackageManager.NameNotFoundException)
--------- switch to system
07-17 13:07:04.854 D/PerProcessNandswap$NandswapHandler( 2493): nandswap start for non-activity com.samsung.android.forest(pid 29505) action:1 adj:800 type:3
--------- switch to main
07-17 13:07:04.857 I/artd    (30521): GetBestInfo: odex next to the dex file (/data/app/~~d_4W6HXhpkG_gNosyi0bHw==/com.google.android.apps.maps-2srn4sj2ieNy8Ae94QuTOg==/oat/arm64/base.odex) is kOatUpToDate with filter 'speed-profile' executable 'false'
07-17 13:07:04.862 I/artd    (30521): GetBestInfo: odex next to the dex file (/data/app/~~DQG6DWJiL2hLEZoUHfpJuQ==/com.cloudflare.onedotonedotonedotone-KyRPKziDOPuJM6paMswT_Q==/oat/arm64/base.odex) is kOatUpToDate with filter 'speed-profile' executable 'false'
07-17 13:07:04.876 I/artd    (30521): GetBestInfo: odex next to the dex file (/data/app/~~rTbswYJqEIXH3GTrV-oFRA==/com.google.android.apps.messaging-K0DycuIL9cOkcQEK4RsQ1w==/oat/arm64/base.odex) is kOatUpToDate with filter 'speed-profile' executable 'false'
--------- switch to system
07-17 13:07:04.891 D/PackageSettings( 2493): ++ writeStateForUserSyncLPr(0)
07-17 13:07:04.891 W/PackageSettings( 2493): -- writeStateForUserSyncLPr(0)
--------- switch to main
07-17 13:07:04.891 I/artd    (30521): GetBestInfo: odex next to the dex file (/data/app/~~a8-xoeBdHTNknuVfLOYvoQ==/com.google.android.googlequicksearchbox-rhGxPU4AM5FEXY_VFxQVMg==/oat/arm64/base.odex) is kOatUpToDate with filter 'speed-profile' executable 'false'
07-17 13:07:04.897 I/artd    (30521): GetBestInfo: odex next to the dex file (/data/app/~~a8-xoeBdHTNknuVfLOYvoQ==/com.google.android.googlequicksearchbox-rhGxPU4AM5FEXY_VFxQVMg==/oat/arm/base.odex) is kOatUpToDate with filter 'speed-profile' executable 'false'
07-17 13:07:04.912 W/Finsky  ( 4573): [2] STU: Failed to get storage stats for package 'com.android.vndk.v33' (1601: Error getting stats: android.content.pm.PackageManager.NameNotFoundException)
07-17 13:07:04.920 D/PerProcessNandswapNative( 2493): enable WriteBooster
07-17 13:07:04.931 I/artd    (30521): GetBestInfo: odex next to the dex file (/data/app/~~aR9XupgPE_viZsAEC4o0ag==/com.google.android.documentsui-msmKEaCU-SWOzDzIFbtxxQ==/oat/arm64/base.odex) is kOatUpToDate with filter 'speed-profile' executable 'false'
--------- switch to system
07-17 13:07:04.933 D/PerProcessNandswap$NandswapHandler( 2493): nandswap end for non-activity com.samsung.android.forest(pid 29505) ret:8119152640 adj:800
07-17 13:07:04.945 D/KNOX_MDM_SettingsProvider( 2493): isChangeAllowed() : name = enabled_notification_listeners
--------- switch to main
07-17 13:07:04.948 I/artd    (30521): GetBestInfo: odex next to the dex file (/data/app/~~T3ebcD8LGCIUBgA4hz6CNg==/com.osp.app.signin-h0HRPeGCFyBePd4lEvAPwg==/oat/arm64/base.odex) is kOatCannotOpen: In oat file '/data/app/~~T3ebcD8LGCIUBgA4hz6CNg==/com.osp.app.signin-h0HRPeGCFyBePd4lEvAPwg==/oat/arm64/base.odex': invalid oat header: Invalid oat version, expected 0x32353900, got 0x32353100.
07-17 13:07:04.949 I/artd    (30521): GetBestInfo: vdex next to the dex file (/data/app/~~T3ebcD8LGCIUBgA4hz6CNg==/com.osp.app.signin-h0HRPeGCFyBePd4lEvAPwg==/oat/arm64/base.vdex) is kOatUpToDate with filter 'verify' executable 'false'
07-17 13:07:04.960 I/SearchEngineAppSuggestion( 5152): packageUpdateEvent: com.honeyspace.sdk.source.entity.PackageOperation$Changed@49ba7e4
07-17 13:07:04.960 I/SearchEngineAppSuggestion( 5152): package changed: com.gleidsonlm.threatevents
07-17 13:07:04.962 I/SearchEngine( 5152): isComponentInApps() packageName : com.santander.app / className : com.santander.app.splash.AppStartActivity / userId : 0 / enable true / enabledSetting 0
07-17 13:07:04.962 I/SearchEngine( 5152): isComponentInApps() packageName : zombie.survival.craft.z / className : ru.kv3dunityext.permissions.MainActivity / userId : 0 / enable true / enabledSetting 0
07-17 13:07:04.963 I/SearchEngine( 5152): isComponentInApps() packageName : com.x8bit.bitwarden / className : com.x8bit.bitwarden.MainActivity / userId : 0 / enable true / enabledSetting 0
07-17 13:07:04.963 I/SearchEngine( 5152): isComponentInApps() packageName : zombie.survival.craft.z / className : ru.kv3dunityext.permissions.MainActivity / userId : 0 / enable true / enabledSetting 0
07-17 13:07:04.964 I/SearchEngine( 5152): isComponentInApps() packageName : zombie.survival.craft.z / className : ru.kv3dunityext.permissions.MainActivity / userId : 0 / enable true / enabledSetting 0
07-17 13:07:04.965 I/SearchEngine( 5152): isComponentInApps() packageName : com.gleidsonlm.businesscard / className : com.gleidsonlm.businesscard.MainActivity / userId : 0 / enable true / enabledSetting 0
07-17 13:07:04.965 I/SearchEngine( 5152): isComponentInApps() packageName : com.chess / className : com.chess.splash.SplashActivity / userId : 0 / enable true / enabledSetting 0
07-17 13:07:04.966 I/SearchEngine( 5152): isComponentInApps() packageName : com.chess / className : com.chess.splash.SplashActivity / userId : 0 / enable true / enabledSetting 0
07-17 13:07:04.966 I/SearchEngine( 5152): isComponentInApps() packageName : com.chess / className : com.chess.splash.SplashActivity / userId : 0 / enable true / enabledSetting 0
07-17 13:07:04.967 I/SearchEngine( 5152): isComponentInApps() packageName : com.x8bit.bitwarden / className : com.x8bit.bitwarden.MainActivity / userId : 0 / enable true / enabledSetting 0
07-17 13:07:04.967 I/SearchEngine( 5152): isComponentInApps() packageName : com.nu.production / className : br.com.nubank.app.LegacySplashActivity / userId : 0 / enable true / enabledSetting 0
07-17 13:07:04.968 I/SearchEngine( 5152): isComponentInApps() packageName : com.chess / className : com.chess.splash.SplashActivity / userId : 0 / enable true / enabledSetting 0
07-17 13:07:04.968 I/SearchEngine( 5152): isComponentInApps() packageName : com.chess / className : com.chess.splash.SplashActivity / userId : 0 / enable true / enabledSetting 0
07-17 13:07:04.968 I/HoneySpace.SuggestAppDecor( 5152): cellX : 4
07-17 13:07:04.969 I/HoneySpace.SuggestAppDecor( 5152): getInstaller: com.gleidsonlm.threatevents [null]
07-17 13:07:04.969 I/HoneySpace.SuggestAppDecor( 5152): getInstaller: com.microsoft.teams [com.android.vending]
07-17 13:07:04.969 I/ResultDataManager( 5152): Results: keys=SUGGESTED_APPS, SUGGESTED_TAG, SUGGESTED_DIRECTORY, HISTORY_KEYWORD
07-17 13:07:04.969 I/SearchEngine( 5152): query: reTriggered: [emit] 10 SUGGESTED_APPS takes 8 contents=[8]
07-17 13:07:04.970 I/HoneySpace.ContentsViewModel( 5152): observed com.honeyspace.search.ui.honeypot.presentation.content.ContentsViewModel@eb04868
07-17 13:07:04.970 I/HoneySpace.ContentsViewModel( 5152): result onUpdated: SUGGESTED_APPS_
07-17 13:07:04.970 I/HoneySpace.ContentsViewModel( 5152): result onRemoved: SUGGESTED_APPS_
07-17 13:07:04.970 I/HoneySpace.ContentsViewModel( 5152): result onAdded: SUGGESTED_APPS_
07-17 13:07:04.971 I/HoneySpace.AppTimerDataSourceImpl( 5152): items: 0
07-17 13:07:04.971 I/HoneySpace.AppTimerDataSourceImpl( 5152): items: 0
07-17 13:07:04.971 I/HoneySpace.AppTimerDataSourceImpl( 5152): items: 0
07-17 13:07:04.971 I/HoneySpace.AppTimerDataSourceImpl( 5152): items: 0
07-17 13:07:04.971 I/HoneySpace.AppTimerDataSourceImpl( 5152): items: 0
07-17 13:07:04.971 I/HoneySpace.AppTimerDataSourceImpl( 5152): items: 0
07-17 13:07:04.971 I/HoneySpace.AppTimerDataSourceImpl( 5152): items: 0
07-17 13:07:04.971 I/HoneySpace.AppTimerDataSourceImpl( 5152): items: 0
07-17 13:07:04.971 I/ContentsUI( 5152): onUpdate: with 150 [l2.a@2b14c13, l2.a@d03edf7, l2.a@82d6279, l2.a@1e9fbbe]
07-17 13:07:04.971 I/ContentsUI( 5152): before Latch : Normal
07-17 13:07:04.971 I/ContentsUI( 5152): request post
07-17 13:07:04.971 I/HoneySpace.ContentsViewModel( 5152): handleResults com.honeyspace.search.ui.honeypot.presentation.content.ContentsViewModel@eb04868
07-17 13:07:04.987 I/artd    (30521): GetBestInfo: dm (/data/app/~~41apXbSAeuDtLbeKW1UZJw==/br.gov.pb.precodahora--WqXMMZtSRzIA59SRgGUXA==/base.dm) is kOatUpToDate with filter 'verify' executable 'false'
07-17 13:07:04.991 D/SemWifiSwitchForIndividualAppsService( 2493): isSkipNetworkCondition - result:2
07-17 13:07:04.997 I/artd    (30521): GetBestInfo: odex next to the dex file (/data/app/~~jTEW7WjhKOu2EPYlcUDDww==/com.gleidsonlm.threatevents-1igq79XScRkA_cECqCSNzA==/oat/arm64/base.odex) is kOatUpToDate with filter 'verify' executable 'false'
07-17 13:07:05.001 I/artd    (30521): GetBestInfo: odex next to the dex file (/data/app/~~X9mW-eyeSMNf22du1P76lg==/com.google.android.contactkeys-8n5XZF-RtJUNFL9MWRE46w==/oat/arm64/base.odex) is kOatCannotOpen: In oat file '/data/app/~~X9mW-eyeSMNf22du1P76lg==/com.google.android.contactkeys-8n5XZF-RtJUNFL9MWRE46w==/oat/arm64/base.odex': invalid oat header: Invalid oat version, expected 0x32353900, got 0x32353100.
07-17 13:07:05.001 I/artd    (30521): GetBestInfo: vdex next to the dex file (/data/app/~~X9mW-eyeSMNf22du1P76lg==/com.google.android.contactkeys-8n5XZF-RtJUNFL9MWRE46w==/oat/arm64/base.vdex) is kOatUpToDate with filter 'verify' executable 'false'
07-17 13:07:05.006 I/artd    (30521): GetBestInfo: odex next to the dex file (/data/app/~~AZEm2dH8gMamQW5nHgyDIA==/br.gov.serpro.cnhe-7hMoyD0aWhRTH40gj7xZWg==/oat/arm64/base.odex) is kOatCannotOpen: In oat file '/data/app/~~AZEm2dH8gMamQW5nHgyDIA==/br.gov.serpro.cnhe-7hMoyD0aWhRTH40gj7xZWg==/oat/arm64/base.odex': invalid oat header: Invalid oat version, expected 0x32353900, got 0x32353100.
07-17 13:07:05.007 I/artd    (30521): GetBestInfo: vdex next to the dex file (/data/app/~~AZEm2dH8gMamQW5nHgyDIA==/br.gov.serpro.cnhe-7hMoyD0aWhRTH40gj7xZWg==/oat/arm64/base.vdex) is kOatUpToDate with filter 'verify' executable 'false'
07-17 13:07:05.019 I/artd    (30521): GetBestInfo: odex next to the dex file (/data/app/~~ZhthiXe5foRbLiHG42eMlg==/com.microsoft.appmanager-YBEWzXtKsnJ-p4NHkpFNQw==/oat/arm64/base.odex) is kOatUpToDate with filter 'speed-profile' executable 'false'
07-17 13:07:05.025 I/artd    (30521): GetBestInfo: odex next to the dex file (/data/app/~~w2ARnKRgfp7xh8IWQkd9TQ==/com.microsoft.teams-tiAAiEgld6K2z9xYVMF-Ng==/oat/arm64/base.odex) is kOatUpToDate with filter 'speed-profile' executable 'false'
07-17 13:07:05.029 W/Finsky  ( 4573): [2] STU: Failed to get storage stats for package 'com.google.android.sdkext' (1601: Error getting stats: android.content.pm.PackageManager.NameNotFoundException)
07-17 13:07:05.035 I/artd    (30521): GetBestInfo: odex next to the dex file (/data/app/~~-Xdtq5x3j6pxuznK8hqRyw==/com.samsung.android.app.parentalcare-XnVi8sMBR3ARcsIDoLa5kg==/oat/arm64/base.odex) is kOatCannotOpen: In oat file '/data/app/~~-Xdtq5x3j6pxuznK8hqRyw==/com.samsung.android.app.parentalcare-XnVi8sMBR3ARcsIDoLa5kg==/oat/arm64/base.odex': invalid oat header: Invalid oat version, expected 0x32353900, got 0x32353100.
07-17 13:07:05.035 I/artd    (30521): GetBestInfo: vdex next to the dex file (/data/app/~~-Xdtq5x3j6pxuznK8hqRyw==/com.samsung.android.app.parentalcare-XnVi8sMBR3ARcsIDoLa5kg==/oat/arm64/base.vdex) is kOatUpToDate with filter 'verify' executable 'false'
07-17 13:07:05.042 I/artd    (30521): GetBestInfo: odex next to the dex file (/data/app/~~l9C27FhO3PYFOmDeigi8Uw==/com.instagram.android-wzpT3Tu32tXxBBKsuvIl2w==/oat/arm64/base.odex) is kOatUpToDate with filter 'speed-profile' executable 'false'
07-17 13:07:05.052 W/Finsky  ( 4573): [2] STU: Failed to get storage stats for package 'com.samsung.android.biometrics.face' (1601: Error getting stats: android.content.pm.PackageManager.NameNotFoundException)
07-17 13:07:05.053 W/Finsky  ( 4573): [2] STU: Failed to get storage stats for package 'com.google.android.adservices' (1601: Error getting stats: android.content.pm.PackageManager.NameNotFoundException)
07-17 13:07:05.054 I/artd    (30521): GetBestInfo: odex next to the dex file (/data/app/~~bBcEAfwDbwBdg6AFf4vIUw==/com.samsung.android.authfw-DoBgEQULa9bnHM4wEBs21A==/oat/arm64/base.odex) is kOatCannotOpen: In oat file '/data/app/~~bBcEAfwDbwBdg6AFf4vIUw==/com.samsung.android.authfw-DoBgEQULa9bnHM4wEBs21A==/oat/arm64/base.odex': invalid oat header: Invalid oat version, expected 0x32353900, got 0x32353100.
07-17 13:07:05.055 I/artd    (30521): GetBestInfo: vdex next to the dex file (/data/app/~~bBcEAfwDbwBdg6AFf4vIUw==/com.samsung.android.authfw-DoBgEQULa9bnHM4wEBs21A==/oat/arm64/base.vdex) is kOatUpToDate with filter 'verify' executable 'false'
07-17 13:07:05.061 W/Finsky  ( 4573): [2] STU: Failed to get storage stats for package 'com.google.android.tethering' (1601: Error getting stats: android.content.pm.PackageManager.NameNotFoundException)
07-17 13:07:05.064 I/artd    (30521): GetBestInfo: odex next to the dex file (/data/app/~~iycFAhCrKV36KTtoDR8FwA==/com.sec.android.easyMover-AcvOrX_zi_PcujLtjNub4Q==/oat/arm64/base.odex) is kOatUpToDate with filter 'speed-profile' executable 'false'
07-17 13:07:05.070 I/artd    (30521): GetBestInfo: odex next to the dex file (/data/app/~~ppVPCuIpSYkLT9O5ZfeUyA==/com.google.android.captiveportallogin-9R8YN8GXXn4DQtwfzR9xKw==/oat/arm64/base.odex) is kOatUpToDate with filter 'speed-profile' executable 'false'
07-17 13:07:05.075 I/artd    (30521): GetBestInfo: odex next to the dex file (/data/app/~~O3w1fKBkbIkur8zlV_CwDQ==/com.github.android-oGt0BzmHaFA7H2leDA6ycQ==/oat/arm64/base.odex) is kOatUpToDate with filter 'speed-profile' executable 'false'
07-17 13:07:05.077 I/EPDG -- SIM0 [EpdgIntfCont]( 4800): Not Mobile Interface. Ignoring Event
07-17 13:07:05.077 I/EPDG -- SIM1 [EpdgIntfCont]( 4800): Not Mobile Interface. Ignoring Event
07-17 13:07:05.078 I/EPDG -- SIM0 [EpdgIntfCont]( 4800): Not Mobile Interface. Ignoring Event
07-17 13:07:05.078 I/EPDG -- SIM1 [EpdgIntfCont]( 4800): Not Mobile Interface. Ignoring Event
07-17 13:07:05.078 D/ApfFilter( 4714): (wlan0): Ignoring RA RA fe80::6283:e7ff:fe54:5223 -> ff02::1 30s 2804:29b8:509e:2ebb::/64 172800s/172800s DNS 10s 2804:29b8:1000:1::17 2804:29b8:1000:1::18  which matches RA fe80::6283:e7ff:fe54:5223 -> ff02::1 30s 2804:29b8:509e:2ebb::/64 172800s/172800s DNS 10s 2804:29b8:1000:1::17 2804:29b8:1000:1::18 
07-17 13:07:05.078 I/artd    (30521): GetBestInfo: odex next to the dex file (/data/app/~~drN5ljILr0sODeTBoxIxnA==/com.android.chrome-InBxW7uhTCrPeVcFgwdywg==/oat/arm64/base.odex) is kOatUpToDate with filter 'speed-profile' executable 'false'
07-17 13:07:05.079 I/artd    (30521): GetBestInfo: odex next to the dex file (/data/app/~~drN5ljILr0sODeTBoxIxnA==/com.android.chrome-InBxW7uhTCrPeVcFgwdywg==/oat/arm/base.odex) is kOatUpToDate with filter 'speed-profile' executable 'false'
07-17 13:07:05.080 I/artd    (30521): GetBestInfo: odex next to the dex file (/data/app/~~drN5ljILr0sODeTBoxIxnA==/com.android.chrome-InBxW7uhTCrPeVcFgwdywg==/oat/arm64/split_chrome.odex) is kOatUpToDate with filter 'speed-profile' executable 'false'
07-17 13:07:05.081 I/artd    (30521): GetBestInfo: odex next to the dex file (/data/app/~~drN5ljILr0sODeTBoxIxnA==/com.android.chrome-InBxW7uhTCrPeVcFgwdywg==/oat/arm/split_chrome.odex) is kOatUpToDate with filter 'speed-profile' executable 'false'
07-17 13:07:05.082 I/artd    (30521): GetBestInfo: odex next to the dex file (/data/app/~~drN5ljILr0sODeTBoxIxnA==/com.android.chrome-InBxW7uhTCrPeVcFgwdywg==/oat/arm64/split_dev_ui.odex) is kOatUpToDate with filter 'verify' executable 'false'
07-17 13:07:05.082 I/artd    (30521): GetBestInfo: odex next to the dex file (/data/app/~~drN5ljILr0sODeTBoxIxnA==/com.android.chrome-InBxW7uhTCrPeVcFgwdywg==/oat/arm/split_dev_ui.odex) is kOatUpToDate with filter 'verify' executable 'false'
07-17 13:07:05.083 I/artd    (30521): GetBestInfo: odex next to the dex file (/data/app/~~drN5ljILr0sODeTBoxIxnA==/com.android.chrome-InBxW7uhTCrPeVcFgwdywg==/oat/arm64/split_google3.odex) is kOatUpToDate with filter 'verify' executable 'false'
07-17 13:07:05.084 I/artd    (30521): GetBestInfo: odex next to the dex file (/data/app/~~drN5ljILr0sODeTBoxIxnA==/com.android.chrome-InBxW7uhTCrPeVcFgwdywg==/oat/arm/split_google3.odex) is kOatUpToDate with filter 'verify' executable 'false'
07-17 13:07:05.085 I/artd    (30521): GetBestInfo: odex next to the dex file (/data/app/~~drN5ljILr0sODeTBoxIxnA==/com.android.chrome-InBxW7uhTCrPeVcFgwdywg==/oat/arm64/split_stack_unwinder.odex) is kOatUpToDate with filter 'verify' executable 'false'
07-17 13:07:05.086 I/artd    (30521): GetBestInfo: odex next to the dex file (/data/app/~~drN5ljILr0sODeTBoxIxnA==/com.android.chrome-InBxW7uhTCrPeVcFgwdywg==/oat/arm/split_stack_unwinder.odex) is kOatUpToDate with filter 'verify' executable 'false'
07-17 13:07:05.087 I/artd    (30521): GetBestInfo: odex next to the dex file (/data/app/~~drN5ljILr0sODeTBoxIxnA==/com.android.chrome-InBxW7uhTCrPeVcFgwdywg==/oat/arm64/split_test_dummy.odex) is kOatUpToDate with filter 'verify' executable 'false'
07-17 13:07:05.087 I/artd    (30521): GetBestInfo: odex next to the dex file (/data/app/~~drN5ljILr0sODeTBoxIxnA==/com.android.chrome-InBxW7uhTCrPeVcFgwdywg==/oat/arm/split_test_dummy.odex) is kOatUpToDate with filter 'verify' executable 'false'
07-17 13:07:05.118 I/artd    (30521): GetBestInfo: odex next to the dex file (/data/app/~~_ZUZwM7VjeOprtB9m3Oz0Q==/com.samsung.android.inputshare-HHjQmSxyoDfI2qc1dYL65w==/oat/arm64/base.odex) is kOatCannotOpen: In oat file '/data/app/~~_ZUZwM7VjeOprtB9m3Oz0Q==/com.samsung.android.inputshare-HHjQmSxyoDfI2qc1dYL65w==/oat/arm64/base.odex': invalid oat header: Invalid oat version, expected 0x32353900, got 0x32353100.
07-17 13:07:05.119 I/artd    (30521): GetBestInfo: vdex next to the dex file (/data/app/~~_ZUZwM7VjeOprtB9m3Oz0Q==/com.samsung.android.inputshare-HHjQmSxyoDfI2qc1dYL65w==/oat/arm64/base.vdex) is kOatUpToDate with filter 'verify' executable 'false'
07-17 13:07:05.122 I/CardAdapter( 5152): setCards: SUGGESTED_APPS, SUGGESTED_TAG, SUGGESTED_DIRECTORY, HISTORY_KEYWORD, DUMMY
07-17 13:07:05.123 I/artd    (30521): GetBestInfo: odex next to the dex file (/data/app/~~uyNFc3CVyHkvAmZBhJN03w==/com.facebook.services-_6accOJPRI6ze1HnDV8crA==/oat/arm64/base.odex) is kOatCannotOpen: In oat file '/data/app/~~uyNFc3CVyHkvAmZBhJN03w==/com.facebook.services-_6accOJPRI6ze1HnDV8crA==/oat/arm64/base.odex': invalid oat header: Invalid oat version, expected 0x32353900, got 0x32353100.
07-17 13:07:05.123 I/artd    (30521): GetBestInfo: vdex next to the dex file (/data/app/~~uyNFc3CVyHkvAmZBhJN03w==/com.facebook.services-_6accOJPRI6ze1HnDV8crA==/oat/arm64/base.vdex) is kOatUpToDate with filter 'verify' executable 'false'
07-17 13:07:05.132 W/Finsky  ( 4573): [2] STU: Failed to get storage stats for package 'com.android.runtime' (1601: Error getting stats: android.content.pm.PackageManager.NameNotFoundException)
07-17 13:07:05.137 I/artd    (30521): GetBestInfo: odex next to the dex file (/data/app/~~xK-9v4pcX14FXXEu-eGmZA==/com.google.android.apps.subscriptions.red-Si6PmuZkk5Aad5i-PLfZYA==/oat/arm64/base.odex) is kOatUpToDate with filter 'speed-profile' executable 'false'
07-17 13:07:05.143 I/artd    (30521): GetBestInfo: odex next to the dex file (/data/app/~~YbNJvCYP7mEeOeggLsV7fg==/com.netflix.mediaclient-4r8HbQOSy6shRgzlJQ3AdQ==/oat/arm64/base.odex) is kOatUpToDate with filter 'speed-profile' executable 'false'
07-17 13:07:05.144 I/artd    (30521): GetBestInfo: odex next to the dex file (/data/app/~~YbNJvCYP7mEeOeggLsV7fg==/com.netflix.mediaclient-4r8HbQOSy6shRgzlJQ3AdQ==/oat/arm64/split_partnermodule.odex) is kOatUpToDate with filter 'verify' executable 'false'
07-17 13:07:05.152 I/Routine@Core[4.8.02.21]: RunningNotificationUpdater(23317): update
07-17 13:07:05.161 I/Routine@Core[4.8.02.21]: RunningNotificationUpdater(23317): updateNotificationImpl: no running routines, then noti cancel
07-17 13:07:05.161 I/Routine@Core[4.8.02.21]: NotificationUpdateService(23317): Stop no more task
07-17 13:07:05.165 W/Finsky  ( 4573): [2] STU: Failed to get storage stats for package 'com.google.android.cellbroadcast' (1601: Error getting stats: android.content.pm.PackageManager.NameNotFoundException)
07-17 13:07:05.168 I/artd    (30521): GetBestInfo: odex next to the dex file (/data/app/~~sNs25swsCO2yUkVtki_6mg==/com.caju.employeeApp-G9BN5CNxhQfuCBIUo6eVow==/oat/arm64/base.odex) is kOatUpToDate with filter 'speed-profile' executable 'false'
07-17 13:07:05.183 I/artd    (30521): GetBestInfo: odex next to the dex file (/data/app/~~Ew2aiPommGsyw4MmWvtQgQ==/com.samsung.android.mdx-Irl_7yCiJVYOYdWRY-CqGg==/oat/arm64/base.odex) is kOatCannotOpen: In oat file '/data/app/~~Ew2aiPommGsyw4MmWvtQgQ==/com.samsung.android.mdx-Irl_7yCiJVYOYdWRY-CqGg==/oat/arm64/base.odex': invalid oat header: Invalid oat version, expected 0x32353900, got 0x32353100.
07-17 13:07:05.183 I/artd    (30521): GetBestInfo: vdex next to the dex file (/data/app/~~Ew2aiPommGsyw4MmWvtQgQ==/com.samsung.android.mdx-Irl_7yCiJVYOYdWRY-CqGg==/oat/arm64/base.vdex) is kOatUpToDate with filter 'verify' executable 'false'
07-17 13:07:05.194 I/artd    (30521): GetBestInfo: odex next to the dex file (/data/app/~~Dr_pT5WMmoFB_GKrlRN8aw==/com.samsung.android.rampart-qMVLIEP2XCDWDcTtsAzAUQ==/oat/arm64/base.odex) is kOatCannotOpen: In oat file '/data/app/~~Dr_pT5WMmoFB_GKrlRN8aw==/com.samsung.android.rampart-qMVLIEP2XCDWDcTtsAzAUQ==/oat/arm64/base.odex': invalid oat header: Invalid oat version, expected 0x32353900, got 0x32353100.
07-17 13:07:05.194 I/artd    (30521): GetBestInfo: vdex next to the dex file (/data/app/~~Dr_pT5WMmoFB_GKrlRN8aw==/com.samsung.android.rampart-qMVLIEP2XCDWDcTtsAzAUQ==/oat/arm64/base.vdex) is kOatUpToDate with filter 'verify' executable 'false'
07-17 13:07:05.200 D/SemStrongRssiRoaming( 2493): set Dynamic Min RSSI: -55
07-17 13:07:05.200 V/SemStrongRssiRoaming( 2493): EVENT_GET_WIFI_INFO_POLL (-62)
07-17 13:07:05.202 I/artd    (30521): GetBestInfo: odex next to the dex file (/data/app/~~63lrCPh1h1-XPqYPXur4sw==/com.google.android.apps.carrier.carrierwifi-xRFaKwvICPtEdD4fDxqiwg==/oat/arm64/base.odex) is kOatCannotOpen: In oat file '/data/app/~~63lrCPh1h1-XPqYPXur4sw==/com.google.android.apps.carrier.carrierwifi-xRFaKwvICPtEdD4fDxqiwg==/oat/arm64/base.odex': invalid oat header: Invalid oat version, expected 0x32353900, got 0x32353100.
07-17 13:07:05.202 I/artd    (30521): GetBestInfo: vdex next to the dex file (/data/app/~~63lrCPh1h1-XPqYPXur4sw==/com.google.android.apps.carrier.carrierwifi-xRFaKwvICPtEdD4fDxqiwg==/oat/arm64/base.vdex) is kOatUpToDate with filter 'verify' executable 'false'
07-17 13:07:05.207 I/artd    (30521): GetBestInfo: odex next to the dex file (/data/app/~~Q7PMKasC5dqNmygqRVImng==/com.sec.android.app.myfiles-eQx3qxUnqU4S-VDN7-bgvg==/oat/arm64/base.odex) is kOatUpToDate with filter 'speed-profile' executable 'false'
07-17 13:07:05.209 I/WifiConnectivityMonitor.NetworkStatsAnalyzer( 2493): pull out the line???
07-17 13:07:05.216 I/artd    (30521): GetBestInfo: odex next to the dex file (/data/app/~~0s6qMyDiBL7ZuH7u4Na3Vg==/com.samsung.android.app.interpreter-cyLjl74d5h1EltotLNWiEg==/oat/arm64/base.odex) is kOatCannotOpen: In oat file '/data/app/~~0s6qMyDiBL7ZuH7u4Na3Vg==/com.samsung.android.app.interpreter-cyLjl74d5h1EltotLNWiEg==/oat/arm64/base.odex': invalid oat header: Invalid oat version, expected 0x32353900, got 0x32353100.
07-17 13:07:05.216 I/artd    (30521): GetBestInfo: vdex next to the dex file (/data/app/~~0s6qMyDiBL7ZuH7u4Na3Vg==/com.samsung.android.app.interpreter-cyLjl74d5h1EltotLNWiEg==/oat/arm64/base.vdex) is kOatUpToDate with filter 'verify' executable 'false'
07-17 13:07:05.226 I/artd    (30521): GetBestInfo: odex next to the dex file (/data/app/~~o42s35L4TX4xQnE2NY5VTw==/com.google.android.apps.restore-s_wVdIZ15qe8Npaix5eoZA==/oat/arm64/base.odex) is kOatCannotOpen: In oat file '/data/app/~~o42s35L4TX4xQnE2NY5VTw==/com.google.android.apps.restore-s_wVdIZ15qe8Npaix5eoZA==/oat/arm64/base.odex': invalid oat header: Invalid oat version, expected 0x32353900, got 0x32353100.
07-17 13:07:05.226 I/artd    (30521): GetBestInfo: vdex next to the dex file (/data/app/~~o42s35L4TX4xQnE2NY5VTw==/com.google.android.apps.restore-s_wVdIZ15qe8Npaix5eoZA==/oat/arm64/base.vdex) is kOatUpToDate with filter 'verify' executable 'false'
07-17 13:07:05.238 I/artd    (30521): GetBestInfo: odex next to the dex file (/data/app/~~EjsTNnpAmec5PcOIhPPIdQ==/com.google.android.apps.photos-pXeQPbMMFwer4zu5XAudnw==/oat/arm64/base.odex) is kOatUpToDate with filter 'speed-profile' executable 'false'
07-17 13:07:05.241 I/artd    (30521): GetBestInfo: odex next to the dex file (/data/app/~~s4oESwYCBoncXkVqFW33_Q==/com.samsung.SMT.lang_es_es_g01-t52LduZpqgOsx3d74PUa5w==/oat/arm64/base.odex) is kOatUpToDate with filter 'verify' executable 'false'
07-17 13:07:05.245 I/artd    (30521): GetBestInfo: odex next to the dex file (/data/app/~~LdEKHy3Gxk_HJr8uRd55yg==/com.google.android.apps.accessibility.voiceaccess-yDjWkRlWEgl-OU8L24uRNw==/oat/arm64/base.odex) is kOatUpToDate with filter 'speed-profile' executable 'false'
07-17 13:07:05.248 I/artd    (30521): GetBestInfo: odex next to the dex file (/data/app/~~70AECZN1UFXo2_OXfWkrvQ==/com.samsung.android.app.tips-E6YWfha4sJ3_v9JyaNx2Yg==/oat/arm64/base.odex) is kOatCannotOpen: In oat file '/data/app/~~70AECZN1UFXo2_OXfWkrvQ==/com.samsung.android.app.tips-E6YWfha4sJ3_v9JyaNx2Yg==/oat/arm64/base.odex': invalid oat header: Invalid oat version, expected 0x32353900, got 0x32353100.
07-17 13:07:05.248 I/artd    (30521): GetBestInfo: vdex next to the dex file (/data/app/~~70AECZN1UFXo2_OXfWkrvQ==/com.samsung.android.app.tips-E6YWfha4sJ3_v9JyaNx2Yg==/oat/arm64/base.vdex) is kOatUpToDate with filter 'verify' executable 'false'
07-17 13:07:05.257 W/Finsky  ( 4573): [2] STU: Failed to get storage stats for package 'com.google.android.tzdata6' (1601: Error getting stats: android.content.pm.PackageManager.NameNotFoundException)
07-17 13:07:05.261 I/artd    (30521): GetBestInfo: odex next to the dex file (/data/app/~~UAT8U-ASr0jwRhj4S-L1Ww==/com.samsung.android.nmt.apps.t2t.languagepack.enes-tFBq3fCb8XnaAFZolLMn5A==/oat/arm64/base.odex) is kOatUpToDate with filter 'verify' executable 'false'
07-17 13:07:05.265 I/artd    (30521): GetBestInfo: odex next to the dex file (/data/app/~~pTQqlbE-udeZuq6moyOVDw==/br.gov.dataprev.meuinss-r3mu3Mn_JH3eHHX4P7mLvA==/oat/arm64/base.odex) is kOatCannotOpen: In oat file '/data/app/~~pTQqlbE-udeZuq6moyOVDw==/br.gov.dataprev.meuinss-r3mu3Mn_JH3eHHX4P7mLvA==/oat/arm64/base.odex': invalid oat header: Invalid oat version, expected 0x32353900, got 0x32353100.
07-17 13:07:05.266 I/artd    (30521): GetBestInfo: vdex next to the dex file (/data/app/~~pTQqlbE-udeZuq6moyOVDw==/br.gov.dataprev.meuinss-r3mu3Mn_JH3eHHX4P7mLvA==/oat/arm64/base.vdex) is kOatUpToDate with filter 'verify' executable 'false'
07-17 13:07:05.273 D/BoundBrokerSvc(32561): onRebind: Intent { act=com.google.android.gms.libs.gmscorelogger.service.START dat=chimera-action:/... cmp=com.google.android.gms/.chimera.PersistentDirectBootAwareApiService }
07-17 13:07:05.279 W/Finsky  ( 4573): [2] STU: Failed to get storage stats for package 'com.google.android.permission' (1601: Error getting stats: android.content.pm.PackageManager.NameNotFoundException)
07-17 13:07:05.283 I/artd    (30521): GetBestInfo: odex next to the dex file (/data/app/~~SL0sriPQm19XqZ67HY4hqg==/ai.x.grok-etzduyxRR-zzpQHdJdgtlw==/oat/arm64/base.odex) is kOatUpToDate with filter 'speed-profile' executable 'false'
07-17 13:07:05.284 I/TileConfigurationStore( 4565): updatePackageDataChange : com.gleidsonlm.threatevents, type = 1, tileType = 1
07-17 13:07:05.284 I/GlanceAppWidget:API( 4565): getInstalledProviders at LockAndAOD
--------- switch to system
07-17 13:07:05.285 I/AppWidgetServiceImpl( 2493): getInstalledProvidersForProfiles() 
07-17 13:07:05.285 I/AppWidgetServiceImpl( 2493): getInstalledProvidersForProfiles lock in
--------- switch to main
07-17 13:07:05.285 I/artd    (30521): GetBestInfo: odex next to the dex file (/data/app/~~YTmDMuqfL8W5lh7m-Z-yNA==/com.facebook.system-Z05dlxS_aIYnHoB__onxMg==/oat/arm64/base.odex) is kOatCannotOpen: In oat file '/data/app/~~YTmDMuqfL8W5lh7m-Z-yNA==/com.facebook.system-Z05dlxS_aIYnHoB__onxMg==/oat/arm64/base.odex': invalid oat header: Invalid oat version, expected 0x32353900, got 0x32353100.
07-17 13:07:05.285 I/artd    (30521): GetBestInfo: vdex next to the dex file (/data/app/~~YTmDMuqfL8W5lh7m-Z-yNA==/com.facebook.system-Z05dlxS_aIYnHoB__onxMg==/oat/arm64/base.vdex) is kOatUpToDate with filter 'verify' executable 'false'
--------- switch to system
07-17 13:07:05.285 I/AppWidgetServiceImpl( 2493): getInstalledProvidersForProfiles lock exit
--------- switch to main
07-17 13:07:05.290 I/artd    (30521): GetBestInfo: odex next to the dex file (/data/app/~~S2KwBNcLa9dkhnoZZ-6riw==/br.gov.caixa.fgts.trabalhador-SR0SdaFOe_n67BGDFhw4Wg==/oat/arm64/base.odex) is kOatUpToDate with filter 'speed-profile' executable 'false'
07-17 13:07:05.290 W/ParceledListSlice( 2493): Element #24 is 22264 bytes.
07-17 13:07:05.291 W/ParceledListSlice( 2493): Element #27 is 22532 bytes.
07-17 13:07:05.294 I/artd    (30521): GetBestInfo: odex next to the dex file (/data/app/~~_yJN1i6RcXurYuv7muDHPQ==/com.facebook.katana-Kgu1LzzgUevRulHXadTYew==/oat/arm64/base.odex) is kOatUpToDate with filter 'speed-profile' executable 'false'
07-17 13:07:05.295 I/SearchableManager( 5152): invalidate: com.gleidsonlm.threatevents
07-17 13:07:05.296 W/ParceledListSlice( 2493): Element #52 is 22444 bytes.
07-17 13:07:05.297 I/artd    (30521): GetBestInfo: odex next to the dex file (/data/app/~~l4aWhZUTM684pn_OpxiiFw==/com.samsung.android.app.reminder-MiUgAM-3WvRL5UBnv1kSBA==/oat/arm64/base.odex) is kOatCannotOpen: In oat file '/data/app/~~l4aWhZUTM684pn_OpxiiFw==/com.samsung.android.app.reminder-MiUgAM-3WvRL5UBnv1kSBA==/oat/arm64/base.odex': invalid oat header: Invalid oat version, expected 0x32353900, got 0x32353100.
07-17 13:07:05.297 I/artd    (30521): GetBestInfo: vdex next to the dex file (/data/app/~~l4aWhZUTM684pn_OpxiiFw==/com.samsung.android.app.reminder-MiUgAM-3WvRL5UBnv1kSBA==/oat/arm64/base.vdex) is kOatUpToDate with filter 'verify' executable 'false'
07-17 13:07:05.302 W/ParceledListSlice( 2493): Element #85 is 17000 bytes.
07-17 13:07:05.305 W/ParceledListSlice( 2493): Element #105 is 21200 bytes.
07-17 13:07:05.310 I/artd    (30521): GetBestInfo: odex next to the dex file (/data/app/~~YVC2GT476ELPFuc-hnhL6A==/com.santander.app-tijophtL_4sRgxS-bDdKPg==/oat/arm64/base.odex) is kOatUpToDate with filter 'speed-profile' executable 'false'
07-17 13:07:05.311 D/AttributeParser( 4565): ComponentInfo{com.android.settings.intelligence/com.samsung.android.settings.intelligence.widget.CoverListWidgetReceiver} [small]
07-17 13:07:05.311 D/AppWidgetProviderInfoKt( 4565): filtering widgetSize : [small] / previewSize : []
07-17 13:07:05.311 I/GlanceAppWidget:Filter( 4565): filterAppWidgetAccess: provider=ComponentInfo{com.android.settings.intelligence/com.samsung.android.settings.intelligence.widget.CoverListWidgetReceiver}
07-17 13:07:05.311 I/GlanceAppWidget:Filter( 4565): [false][Widget-HostType] host[LockAndAOD] / provider[Cover]
07-17 13:07:05.312 D/AttributeParser( 4565): ComponentInfo{com.android.settings.intelligence/com.samsung.android.settings.intelligence.widget.GlanceListWidgetReceiver} [small]
07-17 13:07:05.312 D/AppWidgetProviderInfoKt( 4565): filtering widgetSize : [small] / previewSize : []
07-17 13:07:05.312 I/GlanceAppWidget:Filter( 4565): filterAppWidgetAccess: provider=ComponentInfo{com.android.settings.intelligence/com.samsung.android.settings.intelligence.widget.GlanceListWidgetReceiver}
07-17 13:07:05.312 I/GlanceAppWidget:Filter( 4565): [true][Widget-HostType] host[LockAndAOD] / provider[LockAndAOD]
07-17 13:07:05.313 D/InputReader( 2493): Btn_touch(3): value=1 when=298118.212272
07-17 13:07:05.313 I/InputReader( 2493): Touch event's action is 0x0 (id=6, t=0) [pCnt=1, s=0.31179 ] when=298118.212272
--------- switch to system
07-17 13:07:05.314 D/PowerManagerService( 2493): [api] userActivity : other (uid: 1000 pid: 2493) <- onInputEvent() in com.android.server.accessibility.AccessibilityInputFilter:335 displayId=0 eventTime=298118212
--------- switch to main
07-17 13:07:05.314 D/InputDispatcher( 2493): Inject motion (0/0): action=0x0, time=298118212272000, f=0x0, d=0 dsdx=1.000000 dtdx=0.000000
07-17 13:07:05.315 I/InputDispatcher( 2493): Delivering touch to (4565): action: 0x4, f=0x800, d=0, '4905f65', t=1 
07-17 13:07:05.315 I/InputDispatcher( 2493): Delivering touch to (17778): action: 0x4, f=0x800, d=0, 'd3c7c69', t=1 
07-17 13:07:05.315 I/InputDispatcher( 2493): Delivering touch to (5152): action: 0x0, f=0x800, d=0, '88897ff', t=1 
07-17 13:07:05.315 I/VRI[LauncherActivity]@acb92cf( 5152): ViewPostIme pointer 0
07-17 13:07:05.316 I/HoneySpace.IconHoney( 5152): call activeLaunch 6491
07-17 13:07:05.316 I/HoneySpace.AppscreenContainerView( 5152): findActiveTouchController ev = 0
--------- switch to system
07-17 13:07:05.316 I/Pageboost( 2493): start alp : com.gleidsonlm.threatevents
--------- switch to main
07-17 13:07:05.316 I/HoneySpace.AppscreenHomeTouchController( 5152): onControllerInterceptTouchEvent ev = 0
07-17 13:07:05.316 I/HoneySpace.AppscreenHomeTouchController( 5152): canIntercept = true
07-17 13:07:05.316 I/HoneySpace.ApplistFastRecyclerView( 5152): resetTouchState
07-17 13:07:05.316 I/HoneySpace.ApplistFastRecyclerView( 5152): dispatchTouchEvent() event.action=0
07-17 13:07:05.316 I/HoneySpace.ApplistFastRecyclerView( 5152): processDownMotionEvent, index = 0, id = 0
07-17 13:07:05.316 I/HoneySpace.ApplistFastRecyclerView( 5152): initTouchPoint, index = 0, id = 0
--------- switch to system
07-17 13:07:05.316 I/Pageboost( 2493): alp for : com.gleidsonlm.threatevents , 0
07-17 13:07:05.316 W/ContextImpl( 2493): Calling a method in the system process without a qualified user: android.app.ContextImpl.startActivity:1189 com.android.server.am.ActivityManagerService.doActiveLaunch:99 android.app.IActivityManager$Stub.onTransact:4999 com.android.server.am.ActivityManagerService.onTransact:466 android.os.Binder.execTransactInternal:1541 
--------- switch to main
07-17 13:07:05.316 I/HoneySpace.IconView( 5152): start dim animation : Threat-Events
--------- switch to system
07-17 13:07:05.316 D/ActivityTaskManager( 2493): startActivityAsUser: callingPid=2493, callingUid=1000, caller=com.android.server.wm.ActivityTaskManagerService.startActivity:120 android.app.Instrumentation.execStartActivity:2000 android.app.ContextImpl.startActivity:1207 com.android.server.am.ActivityManagerService.doActiveLaunch:99 android.app.IActivityManager$Stub.onTransact:4999 com.android.server.am.ActivityManagerService.onTransact:466 android.os.Binder.execTransactInternal:1541 
07-17 13:07:05.317 E/ActivityTaskManager( 2493): Checking for the Active launch isPkgEverLaunched :false, isPkgStopped : true, isPkgSuspended : false
07-17 13:07:05.317 D/ActivityTaskManager( 2493): request preloading for newly launching app
--------- switch to main
07-17 13:07:05.317 I/VRI[LauncherActivity]@acb92cf( 5152): call setFrameRateCategory for touch hint category=high hint, reason=touch, vri=VRI[LauncherActivity]@acb92cf
07-17 13:07:05.317 E/pageboostd( 5394): alp start : app comgleidsonlmthreatevents
--------- switch to system
07-17 13:07:05.317 I/ActivityManager( 2493): No activity to handle assist action.
07-17 13:07:05.317 I/ActivityManager( 2493): android.util.AndroidRuntimeException: Activity could not be started for Intent { act=android.intent.action.MAIN cat=[android.intent.category.LAUNCHER] flg=0x10000000 pkg=com.gleidsonlm.threatevents cmp=com.gleidsonlm.threatevents/.MainActivity }
07-17 13:07:05.317 I/ActivityManager( 2493): 	at android.app.Instrumentation.checkStartActivityResult(Instrumentation.java:2470)
07-17 13:07:05.317 I/ActivityManager( 2493): 	at android.app.Instrumentation.execStartActivity(Instrumentation.java:2005)
07-17 13:07:05.317 I/ActivityManager( 2493): 	at android.app.ContextImpl.startActivity(ContextImpl.java:1207)
07-17 13:07:05.317 I/ActivityManager( 2493): 	at com.android.server.am.ActivityManagerService.doActiveLaunch(qb/96996599 4207cc64f8273a078ed00bb37ec66a12d547258ca33788ccc3647eb1c250b266:99)
07-17 13:07:05.317 I/ActivityManager( 2493): 	at android.app.IActivityManager$Stub.onTransact(IActivityManager.java:4999)
07-17 13:07:05.317 I/ActivityManager( 2493): 	at com.android.server.am.ActivityManagerService.onTransact(qb/96996599 4207cc64f8273a078ed00bb37ec66a12d547258ca33788ccc3647eb1c250b266:466)
07-17 13:07:05.317 I/ActivityManager( 2493): 	at android.os.Binder.execTransactInternal(Binder.java:1541)
07-17 13:07:05.317 I/ActivityManager( 2493): 	at android.os.Binder.execTransact(Binder.java:1480)
07-17 13:07:05.317 D/ActivityManager( 2493): starting Active launch
--------- switch to main
07-17 13:07:05.317 I/GestureDetector( 2493): obtain mCurrentDownEvent. id: 255744942 caller: com.android.server.wm.SystemGesturesPointerEventListener.onPointerEvent:17 com.android.server.wm.PointerEventDispatcher.onInputEvent:51 android.view.InputEventReceiver.dispatchInputEvent:385 
07-17 13:07:05.317 I/HoneySpace.GestureInputHandler( 5152): inputConsumers = [com.honeyspace.gesture.inputconsumer.InputConsumer$Companion$NO_OP$1@4745339]
